2026-03-01T10:47:08.5646816Z Current runner version: '2.331.0'
2026-03-01T10:47:08.5671163Z ##[group]Runner Image Provisioner
2026-03-01T10:47:08.5672059Z Hosted Compute Agent
2026-03-01T10:47:08.5672618Z Version: 20260213.493
2026-03-01T10:47:08.5673238Z Commit: 5c115507f6dd24b8de37d8bbe0bb4509d0cc0fa3
2026-03-01T10:47:08.5673915Z Build Date: 2026-02-13T00:28:41Z
2026-03-01T10:47:08.5675061Z Worker ID: {a6710446-ad49-456f-8976-a54a141b4a2e}
2026-03-01T10:47:08.5675747Z Azure Region: westus
2026-03-01T10:47:08.5676226Z ##[endgroup]
2026-03-01T10:47:08.5678033Z ##[group]Operating System
2026-03-01T10:47:08.5678678Z Ubuntu
2026-03-01T10:47:08.5679100Z 24.04.3
2026-03-01T10:47:08.5679672Z LTS
2026-03-01T10:47:08.5680099Z ##[endgroup]
2026-03-01T10:47:08.5680585Z ##[group]Runner Image
2026-03-01T10:47:08.5681219Z Image: ubuntu-24.04
2026-03-01T10:47:08.5681731Z Version: 20260224.36.1
2026-03-01T10:47:08.5682973Z Included Software: https://github.com/actions/runner-images/blob/ubuntu24/20260224.36/images/ubuntu/Ubuntu2404-Readme.md
2026-03-01T10:47:08.5684591Z Image Release: https://github.com/actions/runner-images/releases/tag/ubuntu24%2F20260224.36
2026-03-01T10:47:08.5685544Z ##[endgroup]
2026-03-01T10:47:08.5686581Z ##[group]GITHUB_TOKEN Permissions
2026-03-01T10:47:08.5688632Z Contents: read
2026-03-01T10:47:08.5689251Z Metadata: read
2026-03-01T10:47:08.5689768Z ##[endgroup]
2026-03-01T10:47:08.5691720Z Secret source: Actions
2026-03-01T10:47:08.5692544Z Prepare workflow directory
2026-03-01T10:47:08.6015951Z Prepare all required actions
2026-03-01T10:47:08.6073361Z Getting action download info
2026-03-01T10:47:09.0547508Z Download action repository 'actions/checkout@692973e3d937129bcbf40652eb9f2f61becf3332' (SHA:692973e3d937129bcbf40652eb9f2f61becf3332)
2026-03-01T10:47:09.2376997Z Download action repository 'actions/setup-dotnet@3e891b0cb619bf60e2c25674b222b8940e2c1c25' (SHA:3e891b0cb619bf60e2c25674b222b8940e2c1c25)
2026-03-01T10:47:09.8597488Z Download action repository 'codecov/codecov-action@18283e04ce6e62d37312384ff67231eb8fd56d24' (SHA:18283e04ce6e62d37312384ff67231eb8fd56d24)
2026-03-01T10:47:10.3889758Z Download action repository 'actions/upload-artifact@330a01c490aca151604b8cf639adc76d48f6c5d4' (SHA:330a01c490aca151604b8cf639adc76d48f6c5d4)
2026-03-01T10:47:10.7181564Z Getting action download info
2026-03-01T10:47:10.8869734Z Download action repository 'actions/github-script@v7' (SHA:f28e40c7f34bde8b3046d885e986cb6290c5673b)
2026-03-01T10:47:11.4148836Z Getting action download info
2026-03-01T10:47:11.6327941Z Complete job name: Build & Test
2026-03-01T10:47:11.7022374Z ##[group]Run actions/checkout@692973e3d937129bcbf40652eb9f2f61becf3332
2026-03-01T10:47:11.7023107Z with:
2026-03-01T10:47:11.7023363Z   repository: pkinerd/hpoll
2026-03-01T10:47:11.7023799Z   token: ***
2026-03-01T10:47:11.7024285Z   ssh-strict: true
2026-03-01T10:47:11.7024523Z   ssh-user: git
2026-03-01T10:47:11.7024777Z   persist-credentials: true
2026-03-01T10:47:11.7025055Z   clean: true
2026-03-01T10:47:11.7025306Z   sparse-checkout-cone-mode: true
2026-03-01T10:47:11.7025624Z   fetch-depth: 1
2026-03-01T10:47:11.7025851Z   fetch-tags: false
2026-03-01T10:47:11.7026097Z   show-progress: true
2026-03-01T10:47:11.7026338Z   lfs: false
2026-03-01T10:47:11.7026549Z   submodules: false
2026-03-01T10:47:11.7026798Z   set-safe-directory: true
2026-03-01T10:47:11.7027310Z ##[endgroup]
2026-03-01T10:47:11.8101710Z Syncing repository: pkinerd/hpoll
2026-03-01T10:47:11.8103028Z ##[group]Getting Git version info
2026-03-01T10:47:11.8103501Z Working directory is '/home/runner/work/hpoll/hpoll'
2026-03-01T10:47:11.8104435Z [command]/usr/bin/git version
2026-03-01T10:47:11.8189497Z git version 2.53.0
2026-03-01T10:47:11.8215277Z ##[endgroup]
2026-03-01T10:47:11.8229433Z Temporarily overriding HOME='/home/runner/work/_temp/cacec6db-1f43-474b-8d86-4863b9445f43' before making global git config changes
2026-03-01T10:47:11.8230249Z Adding repository directory to the temporary git global config as a safe directory
2026-03-01T10:47:11.8234720Z [command]/usr/bin/git config --global --add safe.directory /home/runner/work/hpoll/hpoll
2026-03-01T10:47:11.8274626Z Deleting the contents of '/home/runner/work/hpoll/hpoll'
2026-03-01T10:47:11.8278279Z ##[group]Initializing the repository
2026-03-01T10:47:11.8282247Z [command]/usr/bin/git init /home/runner/work/hpoll/hpoll
2026-03-01T10:47:11.8419858Z hint: Using 'master' as the name for the initial branch. This default branch name
2026-03-01T10:47:11.8421273Z hint: will change to "main" in Git 3.0. To configure the initial branch name
2026-03-01T10:47:11.8422091Z hint: to use in all of your new repositories, which will suppress this warning,
2026-03-01T10:47:11.8423096Z hint: call:
2026-03-01T10:47:11.8423628Z hint:
2026-03-01T10:47:11.8424656Z hint: 	git config --global init.defaultBranch <name>
2026-03-01T10:47:11.8425367Z hint:
2026-03-01T10:47:11.8426011Z hint: Names commonly chosen instead of 'master' are 'main', 'trunk' and
2026-03-01T10:47:11.8427100Z hint: 'development'. The just-created branch can be renamed via this command:
2026-03-01T10:47:11.8427953Z hint:
2026-03-01T10:47:11.8428410Z hint: 	git branch -m <name>
2026-03-01T10:47:11.8428947Z hint:
2026-03-01T10:47:11.8429628Z hint: Disable this message with "git config set advice.defaultBranchName false"
2026-03-01T10:47:11.8430774Z Initialized empty Git repository in /home/runner/work/hpoll/hpoll/.git/
2026-03-01T10:47:11.8437384Z [command]/usr/bin/git remote add origin https://github.com/pkinerd/hpoll
2026-03-01T10:47:11.8472772Z ##[endgroup]
2026-03-01T10:47:11.8473548Z ##[group]Disabling automatic garbage collection
2026-03-01T10:47:11.8478375Z [command]/usr/bin/git config --local gc.auto 0
2026-03-01T10:47:11.8508000Z ##[endgroup]
2026-03-01T10:47:11.8508779Z ##[group]Setting up auth
2026-03-01T10:47:11.8516169Z [command]/usr/bin/git config --local --name-only --get-regexp core\.sshCommand
2026-03-01T10:47:11.8548333Z [command]/usr/bin/git submodule foreach --recursive sh -c "git config --local --name-only --get-regexp 'core\.sshCommand' && git config --local --unset-all 'core.sshCommand' || :"
2026-03-01T10:47:11.8915976Z [command]/usr/bin/git config --local --name-only --get-regexp http\.https\:\/\/github\.com\/\.extraheader
2026-03-01T10:47:11.8947831Z [command]/usr/bin/git submodule foreach --recursive sh -c "git config --local --name-only --get-regexp 'http\.https\:\/\/github\.com\/\.extraheader' && git config --local --unset-all 'http.https://github.com/.extraheader' || :"
2026-03-01T10:47:11.9184983Z [command]/usr/bin/git config --local http.https://github.com/.extraheader AUTHORIZATION: basic ***
2026-03-01T10:47:11.9219617Z ##[endgroup]
2026-03-01T10:47:11.9220384Z ##[group]Fetching the repository
2026-03-01T10:47:11.9228740Z [command]/usr/bin/git -c protocol.version=2 fetch --no-tags --prune --no-recurse-submodules --depth=1 origin +b1b345bc9c70069fdc1869b3fd129b25ac48bf9f:refs/remotes/pull/31/merge
2026-03-01T10:47:12.3781486Z From https://github.com/pkinerd/hpoll
2026-03-01T10:47:12.3782827Z  * [new ref]         b1b345bc9c70069fdc1869b3fd129b25ac48bf9f -> pull/31/merge
2026-03-01T10:47:12.3825694Z ##[endgroup]
2026-03-01T10:47:12.3826314Z ##[group]Determining the checkout info
2026-03-01T10:47:12.3829127Z ##[endgroup]
2026-03-01T10:47:12.3835853Z [command]/usr/bin/git sparse-checkout disable
2026-03-01T10:47:12.3880475Z [command]/usr/bin/git config --local --unset-all extensions.worktreeConfig
2026-03-01T10:47:12.3908718Z ##[group]Checking out the ref
2026-03-01T10:47:12.3913926Z [command]/usr/bin/git checkout --progress --force refs/remotes/pull/31/merge
2026-03-01T10:47:12.4023143Z Note: switching to 'refs/remotes/pull/31/merge'.
2026-03-01T10:47:12.4023541Z 
2026-03-01T10:47:12.4023912Z You are in 'detached HEAD' state. You can look around, make experimental
2026-03-01T10:47:12.4024925Z changes and commit them, and you can discard any commits you make in this
2026-03-01T10:47:12.4025745Z state without impacting any branches by switching back to a branch.
2026-03-01T10:47:12.4026215Z 
2026-03-01T10:47:12.4026542Z If you want to create a new branch to retain commits you create, you may
2026-03-01T10:47:12.4027426Z do so (now or later) by using -c with the switch command. Example:
2026-03-01T10:47:12.4027689Z 
2026-03-01T10:47:12.4027795Z   git switch -c <new-branch-name>
2026-03-01T10:47:12.4027962Z 
2026-03-01T10:47:12.4028065Z Or undo this operation with:
2026-03-01T10:47:12.4028220Z 
2026-03-01T10:47:12.4028297Z   git switch -
2026-03-01T10:47:12.4028438Z 
2026-03-01T10:47:12.4028672Z Turn off this advice by setting config variable advice.detachedHead to false
2026-03-01T10:47:12.4028972Z 
2026-03-01T10:47:12.4029321Z HEAD is now at b1b345b Merge e62cd111752add694d69c5d88a4369eb038f1a80 into 4733c7b90d1845db2d4934f1a8ed3ee4e7cc68fa
2026-03-01T10:47:12.4031086Z ##[endgroup]
2026-03-01T10:47:12.4065511Z [command]/usr/bin/git log -1 --format='%H'
2026-03-01T10:47:12.4087908Z 'b1b345bc9c70069fdc1869b3fd129b25ac48bf9f'
2026-03-01T10:47:12.4313249Z ##[group]Run actions/setup-dotnet@3e891b0cb619bf60e2c25674b222b8940e2c1c25
2026-03-01T10:47:12.4313656Z with:
2026-03-01T10:47:12.4313836Z   dotnet-version: 8.0.x
2026-03-01T10:47:12.4314217Z   cache: false
2026-03-01T10:47:12.4314402Z ##[endgroup]
2026-03-01T10:47:12.6006850Z [command]/home/runner/work/_actions/actions/setup-dotnet/3e891b0cb619bf60e2c25674b222b8940e2c1c25/externals/install-dotnet.sh --skip-non-versioned-files --runtime dotnet --channel LTS
2026-03-01T10:47:12.7943269Z dotnet-install: Attempting to download using aka.ms link https://builds.dotnet.microsoft.com/dotnet/Runtime/10.0.3/dotnet-runtime-10.0.3-linux-x64.tar.gz
2026-03-01T10:47:12.9860344Z dotnet-install: Remote file https://builds.dotnet.microsoft.com/dotnet/Runtime/10.0.3/dotnet-runtime-10.0.3-linux-x64.tar.gz size is 36636310 bytes.
2026-03-01T10:47:12.9863248Z dotnet-install: Extracting archive from https://builds.dotnet.microsoft.com/dotnet/Runtime/10.0.3/dotnet-runtime-10.0.3-linux-x64.tar.gz
2026-03-01T10:47:13.8412853Z dotnet-install: Downloaded file size is 36636310 bytes.
2026-03-01T10:47:13.8414506Z dotnet-install: The remote and local file sizes are equal.
2026-03-01T10:47:13.8742578Z dotnet-install: Installed version is 10.0.3
2026-03-01T10:47:13.8811316Z dotnet-install: Adding to current process PATH: `/usr/share/dotnet`. Note: This change will be visible only when sourcing script.
2026-03-01T10:47:13.8815760Z dotnet-install: Note that the script does not resolve dependencies during installation.
2026-03-01T10:47:13.8817262Z dotnet-install: To check the list of dependencies, go to https://learn.microsoft.com/dotnet/core/install, select your operating system and check the "Dependencies" section.
2026-03-01T10:47:13.8818682Z dotnet-install: Installation finished successfully.
2026-03-01T10:47:13.8847011Z [command]/home/runner/work/_actions/actions/setup-dotnet/3e891b0cb619bf60e2c25674b222b8940e2c1c25/externals/install-dotnet.sh --skip-non-versioned-files --channel 8.0
2026-03-01T10:47:14.1520474Z dotnet-install: .NET Core SDK with version '8.0.418' is already installed.
2026-03-01T10:47:14.1663238Z ##[group]Run dotnet restore
2026-03-01T10:47:14.1663562Z [36;1mdotnet restore[0m
2026-03-01T10:47:14.1717863Z shell: /usr/bin/bash -e {0}
2026-03-01T10:47:14.1718112Z env:
2026-03-01T10:47:14.1718299Z   DOTNET_ROOT: /usr/share/dotnet
2026-03-01T10:47:14.1718563Z ##[endgroup]
2026-03-01T10:47:19.3347718Z   Determining projects to restore...
2026-03-01T10:47:25.0958894Z   Restored /home/runner/work/hpoll/hpoll/src/Hpoll.Worker/Hpoll.Worker.csproj (in 4.53 sec).
2026-03-01T10:47:25.0960133Z   Restored /home/runner/work/hpoll/hpoll/src/Hpoll.Data/Hpoll.Data.csproj (in 4.53 sec).
2026-03-01T10:47:25.0961234Z   Restored /home/runner/work/hpoll/hpoll/src/Hpoll.Admin/Hpoll.Admin.csproj (in 4.53 sec).
2026-03-01T10:47:25.1117804Z   Restored /home/runner/work/hpoll/hpoll/src/Hpoll.Core/Hpoll.Core.csproj (in 11 ms).
2026-03-01T10:47:25.1144681Z   Restored /home/runner/work/hpoll/hpoll/src/Hpoll.Email/Hpoll.Email.csproj (in 13 ms).
2026-03-01T10:47:25.2103800Z   Restored /home/runner/work/hpoll/hpoll/tests/Hpoll.Admin.Tests/Hpoll.Admin.Tests.csproj (in 4.65 sec).
2026-03-01T10:47:25.2145657Z   Restored /home/runner/work/hpoll/hpoll/tests/Hpoll.Core.Tests/Hpoll.Core.Tests.csproj (in 78 ms).
2026-03-01T10:47:25.2157196Z   Restored /home/runner/work/hpoll/hpoll/tests/Hpoll.Worker.Tests/Hpoll.Worker.Tests.csproj (in 93 ms).
2026-03-01T10:47:25.2605071Z ##[group]Run dotnet build --no-restore -c Release
2026-03-01T10:47:25.2605485Z [36;1mdotnet build --no-restore -c Release[0m
2026-03-01T10:47:25.2655394Z shell: /usr/bin/bash -e {0}
2026-03-01T10:47:25.2655646Z env:
2026-03-01T10:47:25.2655842Z   DOTNET_ROOT: /usr/share/dotnet
2026-03-01T10:47:25.2656107Z ##[endgroup]
2026-03-01T10:47:31.8206784Z   Hpoll.Core -> /home/runner/work/hpoll/hpoll/src/Hpoll.Core/bin/Release/net8.0/Hpoll.Core.dll
2026-03-01T10:47:32.6406025Z   Hpoll.Data -> /home/runner/work/hpoll/hpoll/src/Hpoll.Data/bin/Release/net8.0/Hpoll.Data.dll
2026-03-01T10:47:35.9692588Z   Hpoll.Email -> /home/runner/work/hpoll/hpoll/src/Hpoll.Email/bin/Release/net8.0/Hpoll.Email.dll
2026-03-01T10:47:36.1054638Z   Hpoll.Admin -> /home/runner/work/hpoll/hpoll/src/Hpoll.Admin/bin/Release/net8.0/Hpoll.Admin.dll
2026-03-01T10:47:36.9868052Z   Hpoll.Core.Tests -> /home/runner/work/hpoll/hpoll/tests/Hpoll.Core.Tests/bin/Release/net8.0/Hpoll.Core.Tests.dll
2026-03-01T10:47:37.1892833Z   Hpoll.Worker -> /home/runner/work/hpoll/hpoll/src/Hpoll.Worker/bin/Release/net8.0/Hpoll.Worker.dll
2026-03-01T10:47:37.4387511Z   Hpoll.Admin.Tests -> /home/runner/work/hpoll/hpoll/tests/Hpoll.Admin.Tests/bin/Release/net8.0/Hpoll.Admin.Tests.dll
2026-03-01T10:47:38.1592263Z   Hpoll.Worker.Tests -> /home/runner/work/hpoll/hpoll/tests/Hpoll.Worker.Tests/bin/Release/net8.0/Hpoll.Worker.Tests.dll
2026-03-01T10:47:38.1753843Z 
2026-03-01T10:47:38.1762722Z Build succeeded.
2026-03-01T10:47:38.1772313Z     0 Warning(s)
2026-03-01T10:47:38.1772805Z     0 Error(s)
2026-03-01T10:47:38.1773068Z 
2026-03-01T10:47:38.1773435Z Time Elapsed 00:00:12.62
2026-03-01T10:47:38.2033276Z ##[group]Run dotnet test --no-build -c Release \
2026-03-01T10:47:38.2033659Z [36;1mdotnet test --no-build -c Release \[0m
2026-03-01T10:47:38.2034267Z [36;1m  --settings coverlet.runsettings \[0m
2026-03-01T10:47:38.2034613Z [36;1m  --collect:"XPlat Code Coverage" \[0m
2026-03-01T10:47:38.2034964Z [36;1m  --logger "junit;LogFilePath=TestResults/{assembly}.junit.xml" \[0m
2026-03-01T10:47:38.2035335Z [36;1m  --results-directory TestResults[0m
2026-03-01T10:47:38.2085261Z shell: /usr/bin/bash -e {0}
2026-03-01T10:47:38.2085489Z env:
2026-03-01T10:47:38.2085671Z   DOTNET_ROOT: /usr/share/dotnet
2026-03-01T10:47:38.2085905Z ##[endgroup]
2026-03-01T10:47:39.2656444Z Test run for /home/runner/work/hpoll/hpoll/tests/Hpoll.Core.Tests/bin/Release/net8.0/Hpoll.Core.Tests.dll (.NETCoreApp,Version=v8.0)
2026-03-01T10:47:39.4054521Z Test run for /home/runner/work/hpoll/hpoll/tests/Hpoll.Worker.Tests/bin/Release/net8.0/Hpoll.Worker.Tests.dll (.NETCoreApp,Version=v8.0)
2026-03-01T10:47:39.4325674Z Test run for /home/runner/work/hpoll/hpoll/tests/Hpoll.Admin.Tests/bin/Release/net8.0/Hpoll.Admin.Tests.dll (.NETCoreApp,Version=v8.0)
2026-03-01T10:47:39.4915225Z VSTest version 18.0.1 (x64)
2026-03-01T10:47:39.4945411Z 
2026-03-01T10:47:39.4961604Z VSTest version 18.0.1 (x64)VSTest version 18.0.1 (x64)
2026-03-01T10:47:39.4964957Z 
2026-03-01T10:47:39.5004226Z 
2026-03-01T10:47:39.5004536Z 
2026-03-01T10:47:39.7956953Z Starting test execution, please wait...
2026-03-01T10:47:39.7979041Z Starting test execution, please wait...Starting test execution, please wait...
2026-03-01T10:47:39.7981747Z 
2026-03-01T10:47:39.8533463Z A total of 1 test files matched the specified pattern.
2026-03-01T10:47:39.8616959Z A total of 1 test files matched the specified pattern.
2026-03-01T10:47:39.8617903Z A total of 1 test files matched the specified pattern.
2026-03-01T10:47:48.2958037Z Results File: TestResults/Hpoll.Core.Tests.junit.xml
2026-03-01T10:47:48.2968124Z 
2026-03-01T10:47:48.3031885Z Passed!  - Failed:     0, Passed:    79, Skipped:     0, Total:    79, Duration: 1 s - Hpoll.Core.Tests.dll (net8.0)
2026-03-01T10:47:50.4189683Z Results File: TestResults/Hpoll.Admin.Tests.junit.xml
2026-03-01T10:47:50.4191671Z 
2026-03-01T10:47:50.4229628Z Passed!  - Failed:     0, Passed:    55, Skipped:     0, Total:    55, Duration: 1 s - Hpoll.Admin.Tests.dll (net8.0)
2026-03-01T10:48:36.1421427Z Results File: TestResults/Hpoll.Worker.Tests.junit.xml
2026-03-01T10:48:36.1423479Z 
2026-03-01T10:48:36.1460559Z Passed!  - Failed:     0, Passed:    50, Skipped:     0, Total:    50, Duration: 49 s - Hpoll.Worker.Tests.dll (net8.0)
2026-03-01T10:48:36.3490080Z 
2026-03-01T10:48:36.3495419Z Attachments:
2026-03-01T10:48:36.3497144Z   /home/runner/work/hpoll/hpoll/TestResults/b99d3a19-cbb7-4dae-bd79-ece763e2a2a9/coverage.cobertura.xml
2026-03-01T10:48:36.3498613Z   /home/runner/work/hpoll/hpoll/TestResults/012159a8-d668-4e61-bde1-b3ccca253c92/coverage.cobertura.xml
2026-03-01T10:48:36.3499918Z   /home/runner/work/hpoll/hpoll/TestResults/0980a29f-f6c4-4557-9712-c7202ba92cab/coverage.cobertura.xml
2026-03-01T10:48:36.4328721Z ##[group]Run codecov/codecov-action@18283e04ce6e62d37312384ff67231eb8fd56d24
2026-03-01T10:48:36.4329131Z with:
2026-03-01T10:48:36.4329582Z   token: ***
2026-03-01T10:48:36.4329765Z   directory: TestResults
2026-03-01T10:48:36.4329968Z   fail_ci_if_error: false
2026-03-01T10:48:36.4330173Z   disable_file_fixes: false
2026-03-01T10:48:36.4330377Z   disable_search: false
2026-03-01T10:48:36.4330575Z   disable_safe_directory: false
2026-03-01T10:48:36.4330789Z   disable_telem: false
2026-03-01T10:48:36.4330973Z   dry_run: false
2026-03-01T10:48:36.4331142Z   git_service: github
2026-03-01T10:48:36.4331334Z   gcov_executable: gcov
2026-03-01T10:48:36.4331531Z   handle_no_reports_found: false
2026-03-01T10:48:36.4331758Z   recurse_submodules: false
2026-03-01T10:48:36.4331973Z   run_command: upload-coverage
2026-03-01T10:48:36.4332184Z   skip_validation: false
2026-03-01T10:48:36.4332397Z   use_legacy_upload_endpoint: false
2026-03-01T10:48:36.4332613Z   use_oidc: false
2026-03-01T10:48:36.4332815Z   use_pypi: false
2026-03-01T10:48:36.4332987Z   verbose: false
2026-03-01T10:48:36.4333153Z   version: latest
2026-03-01T10:48:36.4333316Z env:
2026-03-01T10:48:36.4333477Z   DOTNET_ROOT: /usr/share/dotnet
2026-03-01T10:48:36.4333692Z ##[endgroup]
2026-03-01T10:48:36.4411229Z ##[group]Run CC_ACTION_VERSION=$(cat ${GITHUB_ACTION_PATH}/src/version)
2026-03-01T10:48:36.4411680Z [36;1mCC_ACTION_VERSION=$(cat ${GITHUB_ACTION_PATH}/src/version)[0m
2026-03-01T10:48:36.4412106Z [36;1mecho -e "\033[0;32m==>\033[0m Running Action version $CC_ACTION_VERSION"[0m
2026-03-01T10:48:36.4461642Z shell: /usr/bin/bash --noprofile --norc -e -o pipefail {0}
2026-03-01T10:48:36.4461949Z env:
2026-03-01T10:48:36.4462123Z   DOTNET_ROOT: /usr/share/dotnet
2026-03-01T10:48:36.4462335Z ##[endgroup]
2026-03-01T10:48:36.4548402Z [0;32m==>[0m Running Action version 5.4.3
2026-03-01T10:48:36.4627278Z ##[group]Run git config --global --add safe.directory "/home/runner/work/hpoll/hpoll"
2026-03-01T10:48:36.4627845Z [36;1mgit config --global --add safe.directory "/home/runner/work/hpoll/hpoll"[0m
2026-03-01T10:48:36.4628319Z [36;1mgit config --global --add safe.directory "$GITHUB_WORKSPACE"[0m
2026-03-01T10:48:36.4673441Z shell: /usr/bin/bash --noprofile --norc -e -o pipefail {0}
2026-03-01T10:48:36.4673756Z env:
2026-03-01T10:48:36.4674133Z   DOTNET_ROOT: /usr/share/dotnet
2026-03-01T10:48:36.4674438Z ##[endgroup]
2026-03-01T10:48:36.4792961Z ##[group]Run CC_FORK="false"
2026-03-01T10:48:36.4793195Z [36;1mCC_FORK="false"[0m
2026-03-01T10:48:36.4793718Z [36;1mif [ -n "$GITHUB_EVENT_PULL_REQUEST_HEAD_REPO_FULL_NAME" ] && [ "$GITHUB_EVENT_PULL_REQUEST_HEAD_REPO_FULL_NAME" != "$GITHUB_REPOSITORY" ];[0m
2026-03-01T10:48:36.4794503Z [36;1mthen[0m
2026-03-01T10:48:36.4794743Z [36;1m  echo -e "\033[0;32m==>\033[0m Fork detected"[0m
2026-03-01T10:48:36.4795030Z [36;1m  CC_FORK="true"[0m
2026-03-01T10:48:36.4795227Z [36;1mfi[0m
2026-03-01T10:48:36.4795421Z [36;1mecho "CC_FORK=$CC_FORK" >> "$GITHUB_ENV"[0m
2026-03-01T10:48:36.4839372Z shell: /usr/bin/bash --noprofile --norc -e -o pipefail {0}
2026-03-01T10:48:36.4839843Z env:
2026-03-01T10:48:36.4840022Z   DOTNET_ROOT: /usr/share/dotnet
2026-03-01T10:48:36.4840390Z   GITHUB_EVENT_PULL_REQUEST_HEAD_LABEL: pkinerd:claude/explore-devices-table-ga0Rs
2026-03-01T10:48:36.4840851Z   GITHUB_EVENT_PULL_REQUEST_HEAD_REPO_FULL_NAME: pkinerd/hpoll
2026-03-01T10:48:36.4841171Z   GITHUB_REPOSITORY: pkinerd/hpoll
2026-03-01T10:48:36.4841391Z ##[endgroup]
2026-03-01T10:48:36.4972291Z ##[group]Run actions/github-script@v7
2026-03-01T10:48:36.4972526Z with:
2026-03-01T10:48:36.4973088Z   script: if (process.env.CC_USE_OIDC === 'true' && process.env.CC_FORK != 'true') {
  const id_token = await core.getIDToken(process.env.CC_OIDC_AUDIENCE)
  return id_token
}

2026-03-01T10:48:36.4973868Z   github-token: ***
2026-03-01T10:48:36.4974281Z   debug: false
2026-03-01T10:48:36.4974469Z   user-agent: actions/github-script
2026-03-01T10:48:36.4974711Z   result-encoding: json
2026-03-01T10:48:36.4975171Z   retries: 0
2026-03-01T10:48:36.4975414Z   retry-exempt-status-codes: 400,401,403,404,422
2026-03-01T10:48:36.4975686Z env:
2026-03-01T10:48:36.4975855Z   DOTNET_ROOT: /usr/share/dotnet
2026-03-01T10:48:36.4976068Z   CC_FORK: false
2026-03-01T10:48:36.4976277Z   CC_OIDC_AUDIENCE: https://codecov.io
2026-03-01T10:48:36.4976527Z   CC_USE_OIDC: false
2026-03-01T10:48:36.4976710Z ##[endgroup]
2026-03-01T10:48:36.5935816Z ##[group]Run if [ "false" == 'true' ] && [ "$CC_FORK" != 'true' ];
2026-03-01T10:48:36.5936223Z [36;1mif [ "false" == 'true' ] && [ "$CC_FORK" != 'true' ];[0m
2026-03-01T10:48:36.5936513Z [36;1mthen[0m
2026-03-01T10:48:36.5936735Z [36;1m  echo "CC_TOKEN=$CC_OIDC_TOKEN" >> "$GITHUB_ENV"[0m
2026-03-01T10:48:36.5937027Z [36;1melif [ -n "" ];[0m
2026-03-01T10:48:36.5937223Z [36;1mthen[0m
2026-03-01T10:48:36.5937452Z [36;1m  echo -e "\033[0;32m==>\033[0m Token set from env"[0m
2026-03-01T10:48:36.5937774Z [36;1m    echo "CC_TOKEN=" >> "$GITHUB_ENV"[0m
2026-03-01T10:48:36.5938027Z [36;1melse[0m
2026-03-01T10:48:36.5938345Z [36;1m  if [ -n "***" ];[0m
2026-03-01T10:48:36.5938559Z [36;1m  then[0m
2026-03-01T10:48:36.5938785Z [36;1m    echo -e "\033[0;32m==>\033[0m Token set from input"[0m
2026-03-01T10:48:36.5939193Z [36;1m    CC_TOKEN=$(echo "***" | tr -d '\n')[0m
2026-03-01T10:48:36.5939502Z [36;1m    echo "CC_TOKEN=$CC_TOKEN" >> "$GITHUB_ENV"[0m
2026-03-01T10:48:36.5939770Z [36;1m  fi[0m
2026-03-01T10:48:36.5939935Z [36;1mfi[0m
2026-03-01T10:48:36.5987698Z shell: /usr/bin/bash --noprofile --norc -e -o pipefail {0}
2026-03-01T10:48:36.5988009Z env:
2026-03-01T10:48:36.5988183Z   DOTNET_ROOT: /usr/share/dotnet
2026-03-01T10:48:36.5988402Z   CC_FORK: false
2026-03-01T10:48:36.5988568Z   CC_OIDC_TOKEN: 
2026-03-01T10:48:36.5988776Z   CC_OIDC_AUDIENCE: https://codecov.io
2026-03-01T10:48:36.5989022Z ##[endgroup]
2026-03-01T10:48:36.6055448Z [0;32m==>[0m Token set from input
2026-03-01T10:48:36.6094256Z ##[group]Run if [ -z "$CC_BRANCH" ] && [ -z "$CC_TOKEN" ] && [ "$CC_FORK" == 'true' ]
2026-03-01T10:48:36.6094748Z [36;1mif [ -z "$CC_BRANCH" ] && [ -z "$CC_TOKEN" ] && [ "$CC_FORK" == 'true' ][0m
2026-03-01T10:48:36.6095085Z [36;1mthen[0m
2026-03-01T10:48:36.6095452Z [36;1m  echo -e "\033[0;32m==>\033[0m Fork detected, setting branch to $GITHUB_EVENT_PULL_REQUEST_HEAD_LABEL"[0m
2026-03-01T10:48:36.6095945Z [36;1m  TOKENLESS="$GITHUB_EVENT_PULL_REQUEST_HEAD_LABEL"[0m
2026-03-01T10:48:36.6096282Z [36;1m  CC_BRANCH="$GITHUB_EVENT_PULL_REQUEST_HEAD_LABEL"[0m
2026-03-01T10:48:36.6096597Z [36;1m  echo "TOKENLESS=$TOKENLESS" >> "$GITHUB_ENV"[0m
2026-03-01T10:48:36.6096857Z [36;1mfi[0m
2026-03-01T10:48:36.6097018Z [36;1m[0m
2026-03-01T10:48:36.6097219Z [36;1mecho "CC_BRANCH=$CC_BRANCH" >> "$GITHUB_ENV"[0m
2026-03-01T10:48:36.6139906Z shell: /usr/bin/bash --noprofile --norc -e -o pipefail {0}
2026-03-01T10:48:36.6140216Z env:
2026-03-01T10:48:36.6140385Z   DOTNET_ROOT: /usr/share/dotnet
2026-03-01T10:48:36.6140604Z   CC_FORK: false
2026-03-01T10:48:36.6140864Z   CC_TOKEN: ***
2026-03-01T10:48:36.6141028Z   CC_BRANCH: 
2026-03-01T10:48:36.6141491Z   GITHUB_EVENT_PULL_REQUEST_HEAD_LABEL: pkinerd:claude/explore-devices-table-ga0Rs
2026-03-01T10:48:36.6141959Z   GITHUB_EVENT_PULL_REQUEST_HEAD_REPO_FULL_NAME: pkinerd/hpoll
2026-03-01T10:48:36.6142281Z   GITHUB_REPOSITORY: pkinerd/hpoll
2026-03-01T10:48:36.6142510Z ##[endgroup]
2026-03-01T10:48:36.6227777Z ##[group]Run if [ -z "$CC_SHA" ];
2026-03-01T10:48:36.6228036Z [36;1mif [ -z "$CC_SHA" ];[0m
2026-03-01T10:48:36.6228244Z [36;1mthen[0m
2026-03-01T10:48:36.6228463Z [36;1m  CC_SHA="$GITHUB_EVENT_PULL_REQUEST_HEAD_SHA"[0m
2026-03-01T10:48:36.6228736Z [36;1mfi[0m
2026-03-01T10:48:36.6228996Z [36;1mif [ -z "$CC_PR" ] && [ "${GITHUB_EVENT_NAME}" == "pull_request_target" ];[0m
2026-03-01T10:48:36.6229328Z [36;1mthen[0m
2026-03-01T10:48:36.6229513Z [36;1m  CC_PR="$GITHUB_EVENT_NUMBER"[0m
2026-03-01T10:48:36.6229739Z [36;1mfi[0m
2026-03-01T10:48:36.6229893Z [36;1m[0m
2026-03-01T10:48:36.6230241Z [36;1mecho "CC_SHA=$CC_SHA" >> "$GITHUB_ENV"[0m
2026-03-01T10:48:36.6230525Z [36;1mecho "CC_PR=$CC_PR" >> "$GITHUB_ENV"[0m
2026-03-01T10:48:36.6273608Z shell: /usr/bin/bash --noprofile --norc -e -o pipefail {0}
2026-03-01T10:48:36.6273919Z env:
2026-03-01T10:48:36.6274273Z   DOTNET_ROOT: /usr/share/dotnet
2026-03-01T10:48:36.6274498Z   CC_FORK: false
2026-03-01T10:48:36.6274764Z   CC_TOKEN: ***
2026-03-01T10:48:36.6274927Z   CC_BRANCH: 
2026-03-01T10:48:36.6275088Z   CC_PR: 
2026-03-01T10:48:36.6275233Z   CC_SHA: 
2026-03-01T10:48:36.6275405Z   GITHUB_EVENT_NAME: pull_request
2026-03-01T10:48:36.6275636Z   GITHUB_EVENT_NUMBER: 31
2026-03-01T10:48:36.6275963Z   GITHUB_EVENT_PULL_REQUEST_HEAD_SHA: e62cd111752add694d69c5d88a4369eb038f1a80
2026-03-01T10:48:36.6276315Z ##[endgroup]
2026-03-01T10:48:36.6366734Z ##[group]Run ${GITHUB_ACTION_PATH}/dist/codecov.sh
2026-03-01T10:48:36.6367067Z [36;1m${GITHUB_ACTION_PATH}/dist/codecov.sh[0m
2026-03-01T10:48:36.6410010Z shell: /usr/bin/bash --noprofile --norc -e -o pipefail {0}
2026-03-01T10:48:36.6410329Z env:
2026-03-01T10:48:36.6410512Z   DOTNET_ROOT: /usr/share/dotnet
2026-03-01T10:48:36.6410730Z   CC_FORK: false
2026-03-01T10:48:36.6410999Z   CC_TOKEN: ***
2026-03-01T10:48:36.6411178Z   CC_BRANCH: 
2026-03-01T10:48:36.6411386Z   CC_SHA: e62cd111752add694d69c5d88a4369eb038f1a80
2026-03-01T10:48:36.6411647Z   CC_PR: 
2026-03-01T10:48:36.6411797Z   CC_BASE_SHA: 
2026-03-01T10:48:36.6411960Z   CC_BINARY: 
2026-03-01T10:48:36.6412114Z   CC_BUILD: 
2026-03-01T10:48:36.6412272Z   CC_BUILD_URL: 
2026-03-01T10:48:36.6412439Z   CC_CODE: 
2026-03-01T10:48:36.6412592Z   CC_DIR: TestResults
2026-03-01T10:48:36.6412798Z   CC_DISABLE_FILE_FIXES: false
2026-03-01T10:48:36.6413014Z   CC_DISABLE_SEARCH: false
2026-03-01T10:48:36.6413215Z   CC_DISABLE_TELEM: false
2026-03-01T10:48:36.6413409Z   CC_DRY_RUN: false
2026-03-01T10:48:36.6413585Z   CC_ENTERPRISE_URL: 
2026-03-01T10:48:36.6413762Z   CC_ENV: 
2026-03-01T10:48:36.6413917Z   CC_EXCLUDES: 
2026-03-01T10:48:36.6414297Z   CC_FAIL_ON_ERROR: false
2026-03-01T10:48:36.6414488Z   CC_FILES: 
2026-03-01T10:48:36.6414642Z   CC_FLAGS: 
2026-03-01T10:48:36.6414793Z   CC_FORCE: 
2026-03-01T10:48:36.6414948Z   CC_GCOV_ARGS: 
2026-03-01T10:48:36.6415121Z   CC_GCOV_EXECUTABLE: gcov
2026-03-01T10:48:36.6415314Z   CC_GCOV_IGNORE: 
2026-03-01T10:48:36.6415479Z   CC_GCOV_INCLUDE: 
2026-03-01T10:48:36.6415656Z   CC_GIT_SERVICE: github
2026-03-01T10:48:36.6415866Z   CC_HANDLE_NO_REPORTS_FOUND: false
2026-03-01T10:48:36.6416080Z   CC_JOB_CODE: 
2026-03-01T10:48:36.6416244Z   CC_LEGACY: false
2026-03-01T10:48:36.6416407Z   CC_NAME: 
2026-03-01T10:48:36.6416562Z   CC_NETWORK_FILTER: 
2026-03-01T10:48:36.6416744Z   CC_NETWORK_PREFIX: 
2026-03-01T10:48:36.6416924Z   CC_NETWORK_ROOT_FOLDER: 
2026-03-01T10:48:36.6417122Z   CC_OS: 
2026-03-01T10:48:36.6417274Z   CC_PARENT_SHA: 
2026-03-01T10:48:36.6417449Z   CC_PLUGINS: 
2026-03-01T10:48:36.6417631Z   CC_RECURSE_SUBMODULES: false
2026-03-01T10:48:36.6417836Z   CC_REPORT_TYPE: 
2026-03-01T10:48:36.6418023Z   CC_RUN_CMD: upload-coverage
2026-03-01T10:48:36.6418224Z   CC_SERVICE: github
2026-03-01T10:48:36.6418582Z   CC_SKIP_VALIDATION: false
2026-03-01T10:48:36.6418776Z   CC_SLUG: 
2026-03-01T10:48:36.6418928Z   CC_SWIFT_PROJECT: 
2026-03-01T10:48:36.6419107Z   CC_USE_PYPI: false
2026-03-01T10:48:36.6419277Z   CC_VERBOSE: false
2026-03-01T10:48:36.6419449Z   CC_VERSION: latest
2026-03-01T10:48:36.6419653Z   CC_YML_PATH: 
2026-03-01T10:48:36.6419822Z ##[endgroup]
2026-03-01T10:48:36.6506023Z      _____          _
2026-03-01T10:48:36.6506356Z     / ____|        | |
2026-03-01T10:48:36.6506685Z    | |     ___   __| | ___  ___ _____   __
2026-03-01T10:48:36.6507081Z    | |    / _ \ / _` |/ _ \/ __/ _ \ \ / /
2026-03-01T10:48:36.6507334Z    | |___| (_) | (_| |  __/ (_| (_) \ V /
2026-03-01T10:48:36.6507570Z     \_____\___/ \__,_|\___|\___\___/ \_/
2026-03-01T10:48:36.6507989Z                            [0;31m Wrapper-0.2.1[0m
2026-03-01T10:48:36.6508248Z                                   
2026-03-01T10:48:36.6565743Z [0;32m==>[0m Detected [0;36mlinux[0m
2026-03-01T10:48:36.6566656Z [0;32m ->[0m Downloading [0;36mhttps://cli.codecov.io/latest/linux/codecov[0m
2026-03-01T10:48:36.6621573Z   % Total    % Received % Xferd  Average Speed   Time    Time     Time  Current
2026-03-01T10:48:36.6622515Z                                  Dload  Upload   Total   Spent    Left  Speed
2026-03-01T10:48:36.6622915Z 
2026-03-01T10:48:36.7347305Z   0     0    0     0    0     0      0      0 --:--:-- --:--:-- --:--:--     0
2026-03-01T10:48:36.7347919Z 100 10.6M  100 10.6M    0     0   146M      0 --:--:-- --:--:-- --:--:--  147M
2026-03-01T10:48:36.7373904Z [0;32m==>[0m Finishing downloading [0;36mlinux:latest[0m
2026-03-01T10:48:36.7835680Z       Version: [0;36mv11.2.6[0m
2026-03-01T10:48:36.7836096Z  
2026-03-01T10:48:37.0516314Z gpg: directory '/home/runner/.gnupg' created
2026-03-01T10:48:37.0521096Z gpg: keybox '/home/runner/.gnupg/pubring.kbx' created
2026-03-01T10:48:37.0851418Z gpg: /home/runner/.gnupg/trustdb.gpg: trustdb created
2026-03-01T10:48:37.0852647Z gpg: key 806BB28AED779869: public key "Codecov Uploader (Codecov Uploader Verification Key) <security@codecov.io>" imported
2026-03-01T10:48:37.1405694Z gpg: Total number processed: 1
2026-03-01T10:48:37.1406281Z gpg:               imported: 1
2026-03-01T10:48:37.1412716Z [0;32m==>[0m Verifying GPG signature integrity
2026-03-01T10:48:37.1414345Z [0;32m ->[0m Downloading [0;36mhttps://cli.codecov.io/latest/linux/codecov.SHA256SUM[0m
2026-03-01T10:48:37.1415978Z [0;32m ->[0m Downloading [0;36mhttps://cli.codecov.io/latest/linux/codecov.SHA256SUM.sig[0m
2026-03-01T10:48:37.1416931Z  
2026-03-01T10:48:37.2390261Z gpg: Signature made Fri Dec  5 15:31:48 2025 UTC
2026-03-01T10:48:37.2390974Z gpg:                using RSA key 27034E7FDB850E0BBC2C62FF806BB28AED779869
2026-03-01T10:48:37.2393393Z gpg: Good signature from "Codecov Uploader (Codecov Uploader Verification Key) <security@codecov.io>" [unknown]
2026-03-01T10:48:37.2394517Z gpg: WARNING: This key is not certified with a trusted signature!
2026-03-01T10:48:37.2394985Z gpg:          There is no indication that the signature belongs to the owner.
2026-03-01T10:48:37.2395489Z Primary key fingerprint: 2703 4E7F DB85 0E0B BC2C  62FF 806B B28A ED77 9869
2026-03-01T10:48:37.3236402Z codecov: OK
2026-03-01T10:48:37.3247067Z [0;32m==>[0m CLI integrity verified
2026-03-01T10:48:37.3247396Z 
2026-03-01T10:48:37.3336968Z [0;32m ->[0m Token of length 36 detected
2026-03-01T10:48:37.3982290Z [0;32m==>[0m Running upload-coverage
2026-03-01T10:48:37.3993473Z       [0;36m./codecov  upload-coverage -t <redacted> --git-service github --sha e62cd111752add694d69c5d88a4369eb038f1a80 --dir TestResults --gcov-executable gcov[0m
2026-03-01T10:48:37.7479013Z info - 2026-03-01 10:48:37,747 -- ci service found: github-actions
2026-03-01T10:48:37.7904791Z warning - 2026-03-01 10:48:37,790 -- xcrun is not installed or can't be found.
2026-03-01T10:48:37.7914699Z warning - 2026-03-01 10:48:37,791 -- No gcov data found.
2026-03-01T10:48:37.7918551Z warning - 2026-03-01 10:48:37,791 -- coverage.py is not installed or can't be found.
2026-03-01T10:48:37.8085374Z info - 2026-03-01 10:48:37,808 -- Found 3 coverage files to report
2026-03-01T10:48:37.8086817Z info - 2026-03-01 10:48:37,808 -- > TestResults/0980a29f-f6c4-4557-9712-c7202ba92cab/coverage.cobertura.xml
2026-03-01T10:48:37.8088379Z info - 2026-03-01 10:48:37,808 -- > TestResults/b99d3a19-cbb7-4dae-bd79-ece763e2a2a9/coverage.cobertura.xml
2026-03-01T10:48:37.8090529Z info - 2026-03-01 10:48:37,808 -- > TestResults/012159a8-d668-4e61-bde1-b3ccca253c92/coverage.cobertura.xml
2026-03-01T10:48:38.3783405Z info - 2026-03-01 10:48:38,377 -- Your upload is now processing. When finished, results will be available at: https://app.codecov.io/github/pkinerd/hpoll/commit/e62cd111752add694d69c5d88a4369eb038f1a80
2026-03-01T10:48:38.5324276Z info - 2026-03-01 10:48:38,532 -- Process Upload complete
2026-03-01T10:48:38.7416103Z ##[group]Run codecov/codecov-action@18283e04ce6e62d37312384ff67231eb8fd56d24
2026-03-01T10:48:38.7416489Z with:
2026-03-01T10:48:38.7416798Z   token: ***
2026-03-01T10:48:38.7416994Z   files: TestResults/*.junit.xml
2026-03-01T10:48:38.7417220Z   report_type: test_results
2026-03-01T10:48:38.7417430Z   fail_ci_if_error: false
2026-03-01T10:48:38.7417629Z   disable_file_fixes: false
2026-03-01T10:48:38.7417829Z   disable_search: false
2026-03-01T10:48:38.7418023Z   disable_safe_directory: false
2026-03-01T10:48:38.7418236Z   disable_telem: false
2026-03-01T10:48:38.7418421Z   dry_run: false
2026-03-01T10:48:38.7418590Z   git_service: github
2026-03-01T10:48:38.7418783Z   gcov_executable: gcov
2026-03-01T10:48:38.7418976Z   handle_no_reports_found: false
2026-03-01T10:48:38.7419201Z   recurse_submodules: false
2026-03-01T10:48:38.7419416Z   run_command: upload-coverage
2026-03-01T10:48:38.7419630Z   skip_validation: false
2026-03-01T10:48:38.7419863Z   use_legacy_upload_endpoint: false
2026-03-01T10:48:38.7420082Z   use_oidc: false
2026-03-01T10:48:38.7420254Z   use_pypi: false
2026-03-01T10:48:38.7420416Z   verbose: false
2026-03-01T10:48:38.7420584Z   version: latest
2026-03-01T10:48:38.7420756Z env:
2026-03-01T10:48:38.7420916Z   DOTNET_ROOT: /usr/share/dotnet
2026-03-01T10:48:38.7421128Z   CC_FORK: false
2026-03-01T10:48:38.7421343Z   CC_TOKEN: ***
2026-03-01T10:48:38.7421506Z   CC_BRANCH: 
2026-03-01T10:48:38.7421705Z   CC_SHA: e62cd111752add694d69c5d88a4369eb038f1a80
2026-03-01T10:48:38.7421954Z   CC_PR: 
2026-03-01T10:48:38.7422107Z ##[endgroup]
2026-03-01T10:48:38.7439624Z ##[group]Run CC_ACTION_VERSION=$(cat ${GITHUB_ACTION_PATH}/src/version)
2026-03-01T10:48:38.7440052Z [36;1mCC_ACTION_VERSION=$(cat ${GITHUB_ACTION_PATH}/src/version)[0m
2026-03-01T10:48:38.7440481Z [36;1mecho -e "\033[0;32m==>\033[0m Running Action version $CC_ACTION_VERSION"[0m
2026-03-01T10:48:38.7489137Z shell: /usr/bin/bash --noprofile --norc -e -o pipefail {0}
2026-03-01T10:48:38.7489447Z env:
2026-03-01T10:48:38.7489627Z   DOTNET_ROOT: /usr/share/dotnet
2026-03-01T10:48:38.7489845Z   CC_FORK: false
2026-03-01T10:48:38.7490089Z   CC_TOKEN: ***
2026-03-01T10:48:38.7490268Z   CC_BRANCH: 
2026-03-01T10:48:38.7490467Z   CC_SHA: e62cd111752add694d69c5d88a4369eb038f1a80
2026-03-01T10:48:38.7490732Z   CC_PR: 
2026-03-01T10:48:38.7490887Z ##[endgroup]
2026-03-01T10:48:38.7570460Z [0;32m==>[0m Running Action version 5.4.3
2026-03-01T10:48:38.7590727Z ##[group]Run git config --global --add safe.directory "/home/runner/work/hpoll/hpoll"
2026-03-01T10:48:38.7591261Z [36;1mgit config --global --add safe.directory "/home/runner/work/hpoll/hpoll"[0m
2026-03-01T10:48:38.7591720Z [36;1mgit config --global --add safe.directory "$GITHUB_WORKSPACE"[0m
2026-03-01T10:48:38.7634812Z shell: /usr/bin/bash --noprofile --norc -e -o pipefail {0}
2026-03-01T10:48:38.7635116Z env:
2026-03-01T10:48:38.7635284Z   DOTNET_ROOT: /usr/share/dotnet
2026-03-01T10:48:38.7635500Z   CC_FORK: false
2026-03-01T10:48:38.7635754Z   CC_TOKEN: ***
2026-03-01T10:48:38.7635920Z   CC_BRANCH: 
2026-03-01T10:48:38.7636117Z   CC_SHA: e62cd111752add694d69c5d88a4369eb038f1a80
2026-03-01T10:48:38.7636371Z   CC_PR: 
2026-03-01T10:48:38.7636687Z ##[endgroup]
2026-03-01T10:48:38.7750459Z ##[group]Run CC_FORK="false"
2026-03-01T10:48:38.7750697Z [36;1mCC_FORK="false"[0m
2026-03-01T10:48:38.7751219Z [36;1mif [ -n "$GITHUB_EVENT_PULL_REQUEST_HEAD_REPO_FULL_NAME" ] && [ "$GITHUB_EVENT_PULL_REQUEST_HEAD_REPO_FULL_NAME" != "$GITHUB_REPOSITORY" ];[0m
2026-03-01T10:48:38.7751764Z [36;1mthen[0m
2026-03-01T10:48:38.7751981Z [36;1m  echo -e "\033[0;32m==>\033[0m Fork detected"[0m
2026-03-01T10:48:38.7752254Z [36;1m  CC_FORK="true"[0m
2026-03-01T10:48:38.7752440Z [36;1mfi[0m
2026-03-01T10:48:38.7752634Z [36;1mecho "CC_FORK=$CC_FORK" >> "$GITHUB_ENV"[0m
2026-03-01T10:48:38.7795797Z shell: /usr/bin/bash --noprofile --norc -e -o pipefail {0}
2026-03-01T10:48:38.7796098Z env:
2026-03-01T10:48:38.7796266Z   DOTNET_ROOT: /usr/share/dotnet
2026-03-01T10:48:38.7796657Z   CC_FORK: false
2026-03-01T10:48:38.7796923Z   CC_TOKEN: ***
2026-03-01T10:48:38.7797101Z   CC_BRANCH: 
2026-03-01T10:48:38.7797307Z   CC_SHA: e62cd111752add694d69c5d88a4369eb038f1a80
2026-03-01T10:48:38.7797570Z   CC_PR: 
2026-03-01T10:48:38.7797872Z   GITHUB_EVENT_PULL_REQUEST_HEAD_LABEL: pkinerd:claude/explore-devices-table-ga0Rs
2026-03-01T10:48:38.7798332Z   GITHUB_EVENT_PULL_REQUEST_HEAD_REPO_FULL_NAME: pkinerd/hpoll
2026-03-01T10:48:38.7798667Z   GITHUB_REPOSITORY: pkinerd/hpoll
2026-03-01T10:48:38.7798891Z ##[endgroup]
2026-03-01T10:48:38.7899983Z ##[group]Run actions/github-script@v7
2026-03-01T10:48:38.7900222Z with:
2026-03-01T10:48:38.7900774Z   script: if (process.env.CC_USE_OIDC === 'true' && process.env.CC_FORK != 'true') {
  const id_token = await core.getIDToken(process.env.CC_OIDC_AUDIENCE)
  return id_token
}

2026-03-01T10:48:38.7901513Z   github-token: ***
2026-03-01T10:48:38.7901700Z   debug: false
2026-03-01T10:48:38.7901890Z   user-agent: actions/github-script
2026-03-01T10:48:38.7902134Z   result-encoding: json
2026-03-01T10:48:38.7902317Z   retries: 0
2026-03-01T10:48:38.7902517Z   retry-exempt-status-codes: 400,401,403,404,422
2026-03-01T10:48:38.7902767Z env:
2026-03-01T10:48:38.7902932Z   DOTNET_ROOT: /usr/share/dotnet
2026-03-01T10:48:38.7903143Z   CC_FORK: false
2026-03-01T10:48:38.7903347Z   CC_TOKEN: ***
2026-03-01T10:48:38.7903511Z   CC_BRANCH: 
2026-03-01T10:48:38.7903704Z   CC_SHA: e62cd111752add694d69c5d88a4369eb038f1a80
2026-03-01T10:48:38.7904137Z   CC_PR: 
2026-03-01T10:48:38.7904327Z   CC_OIDC_AUDIENCE: https://codecov.io
2026-03-01T10:48:38.7904559Z   CC_USE_OIDC: false
2026-03-01T10:48:38.7904737Z ##[endgroup]
2026-03-01T10:48:38.8840528Z ##[group]Run if [ "false" == 'true' ] && [ "$CC_FORK" != 'true' ];
2026-03-01T10:48:38.8840939Z [36;1mif [ "false" == 'true' ] && [ "$CC_FORK" != 'true' ];[0m
2026-03-01T10:48:38.8841217Z [36;1mthen[0m
2026-03-01T10:48:38.8841452Z [36;1m  echo "CC_TOKEN=$CC_OIDC_TOKEN" >> "$GITHUB_ENV"[0m
2026-03-01T10:48:38.8841759Z [36;1melif [ -n "" ];[0m
2026-03-01T10:48:38.8841953Z [36;1mthen[0m
2026-03-01T10:48:38.8842180Z [36;1m  echo -e "\033[0;32m==>\033[0m Token set from env"[0m
2026-03-01T10:48:38.8842492Z [36;1m    echo "CC_TOKEN=" >> "$GITHUB_ENV"[0m
2026-03-01T10:48:38.8842732Z [36;1melse[0m
2026-03-01T10:48:38.8843022Z [36;1m  if [ -n "***" ];[0m
2026-03-01T10:48:38.8843224Z [36;1m  then[0m
2026-03-01T10:48:38.8843458Z [36;1m    echo -e "\033[0;32m==>\033[0m Token set from input"[0m
2026-03-01T10:48:38.8843865Z [36;1m    CC_TOKEN=$(echo "***" | tr -d '\n')[0m
2026-03-01T10:48:38.8844382Z [36;1m    echo "CC_TOKEN=$CC_TOKEN" >> "$GITHUB_ENV"[0m
2026-03-01T10:48:38.8844648Z [36;1m  fi[0m
2026-03-01T10:48:38.8844810Z [36;1mfi[0m
2026-03-01T10:48:38.8893294Z shell: /usr/bin/bash --noprofile --norc -e -o pipefail {0}
2026-03-01T10:48:38.8893599Z env:
2026-03-01T10:48:38.8893775Z   DOTNET_ROOT: /usr/share/dotnet
2026-03-01T10:48:38.8894101Z   CC_FORK: false
2026-03-01T10:48:38.8894337Z   CC_TOKEN: ***
2026-03-01T10:48:38.8894522Z   CC_BRANCH: 
2026-03-01T10:48:38.8894723Z   CC_SHA: e62cd111752add694d69c5d88a4369eb038f1a80
2026-03-01T10:48:38.8894987Z   CC_PR: 
2026-03-01T10:48:38.8895315Z   CC_OIDC_TOKEN: 
2026-03-01T10:48:38.8895516Z   CC_OIDC_AUDIENCE: https://codecov.io
2026-03-01T10:48:38.8895764Z ##[endgroup]
2026-03-01T10:48:38.8962299Z [0;32m==>[0m Token set from input
2026-03-01T10:48:38.9000659Z ##[group]Run if [ -z "$CC_BRANCH" ] && [ -z "$CC_TOKEN" ] && [ "$CC_FORK" == 'true' ]
2026-03-01T10:48:38.9001123Z [36;1mif [ -z "$CC_BRANCH" ] && [ -z "$CC_TOKEN" ] && [ "$CC_FORK" == 'true' ][0m
2026-03-01T10:48:38.9001444Z [36;1mthen[0m
2026-03-01T10:48:38.9001815Z [36;1m  echo -e "\033[0;32m==>\033[0m Fork detected, setting branch to $GITHUB_EVENT_PULL_REQUEST_HEAD_LABEL"[0m
2026-03-01T10:48:38.9002307Z [36;1m  TOKENLESS="$GITHUB_EVENT_PULL_REQUEST_HEAD_LABEL"[0m
2026-03-01T10:48:38.9002647Z [36;1m  CC_BRANCH="$GITHUB_EVENT_PULL_REQUEST_HEAD_LABEL"[0m
2026-03-01T10:48:38.9003124Z [36;1m  echo "TOKENLESS=$TOKENLESS" >> "$GITHUB_ENV"[0m
2026-03-01T10:48:38.9003394Z [36;1mfi[0m
2026-03-01T10:48:38.9003551Z [36;1m[0m
2026-03-01T10:48:38.9003745Z [36;1mecho "CC_BRANCH=$CC_BRANCH" >> "$GITHUB_ENV"[0m
2026-03-01T10:48:38.9047602Z shell: /usr/bin/bash --noprofile --norc -e -o pipefail {0}
2026-03-01T10:48:38.9047935Z env:
2026-03-01T10:48:38.9048108Z   DOTNET_ROOT: /usr/share/dotnet
2026-03-01T10:48:38.9048335Z   CC_FORK: false
2026-03-01T10:48:38.9048576Z   CC_TOKEN: ***
2026-03-01T10:48:38.9048752Z   CC_BRANCH: 
2026-03-01T10:48:38.9048956Z   CC_SHA: e62cd111752add694d69c5d88a4369eb038f1a80
2026-03-01T10:48:38.9049210Z   CC_PR: 
2026-03-01T10:48:38.9049521Z   GITHUB_EVENT_PULL_REQUEST_HEAD_LABEL: pkinerd:claude/explore-devices-table-ga0Rs
2026-03-01T10:48:38.9049983Z   GITHUB_EVENT_PULL_REQUEST_HEAD_REPO_FULL_NAME: pkinerd/hpoll
2026-03-01T10:48:38.9050297Z   GITHUB_REPOSITORY: pkinerd/hpoll
2026-03-01T10:48:38.9050523Z ##[endgroup]
2026-03-01T10:48:38.9156139Z ##[group]Run if [ -z "$CC_SHA" ];
2026-03-01T10:48:38.9156405Z [36;1mif [ -z "$CC_SHA" ];[0m
2026-03-01T10:48:38.9156612Z [36;1mthen[0m
2026-03-01T10:48:38.9156829Z [36;1m  CC_SHA="$GITHUB_EVENT_PULL_REQUEST_HEAD_SHA"[0m
2026-03-01T10:48:38.9157105Z [36;1mfi[0m
2026-03-01T10:48:38.9157363Z [36;1mif [ -z "$CC_PR" ] && [ "${GITHUB_EVENT_NAME}" == "pull_request_target" ];[0m
2026-03-01T10:48:38.9157682Z [36;1mthen[0m
2026-03-01T10:48:38.9157864Z [36;1m  CC_PR="$GITHUB_EVENT_NUMBER"[0m
2026-03-01T10:48:38.9158086Z [36;1mfi[0m
2026-03-01T10:48:38.9158241Z [36;1m[0m
2026-03-01T10:48:38.9158424Z [36;1mecho "CC_SHA=$CC_SHA" >> "$GITHUB_ENV"[0m
2026-03-01T10:48:38.9158693Z [36;1mecho "CC_PR=$CC_PR" >> "$GITHUB_ENV"[0m
2026-03-01T10:48:38.9201526Z shell: /usr/bin/bash --noprofile --norc -e -o pipefail {0}
2026-03-01T10:48:38.9201835Z env:
2026-03-01T10:48:38.9202007Z   DOTNET_ROOT: /usr/share/dotnet
2026-03-01T10:48:38.9202233Z   CC_FORK: false
2026-03-01T10:48:38.9202519Z   CC_TOKEN: ***
2026-03-01T10:48:38.9202682Z   CC_BRANCH: 
2026-03-01T10:48:38.9202848Z   CC_SHA: 
2026-03-01T10:48:38.9202999Z   CC_PR: 
2026-03-01T10:48:38.9203162Z   GITHUB_EVENT_NAME: pull_request
2026-03-01T10:48:38.9203387Z   GITHUB_EVENT_NUMBER: 31
2026-03-01T10:48:38.9203710Z   GITHUB_EVENT_PULL_REQUEST_HEAD_SHA: e62cd111752add694d69c5d88a4369eb038f1a80
2026-03-01T10:48:38.9204349Z ##[endgroup]
2026-03-01T10:48:38.9291825Z ##[group]Run ${GITHUB_ACTION_PATH}/dist/codecov.sh
2026-03-01T10:48:38.9292139Z [36;1m${GITHUB_ACTION_PATH}/dist/codecov.sh[0m
2026-03-01T10:48:38.9335112Z shell: /usr/bin/bash --noprofile --norc -e -o pipefail {0}
2026-03-01T10:48:38.9335415Z env:
2026-03-01T10:48:38.9335588Z   DOTNET_ROOT: /usr/share/dotnet
2026-03-01T10:48:38.9335804Z   CC_FORK: false
2026-03-01T10:48:38.9336049Z   CC_TOKEN: ***
2026-03-01T10:48:38.9336213Z   CC_BRANCH: 
2026-03-01T10:48:38.9336416Z   CC_SHA: e62cd111752add694d69c5d88a4369eb038f1a80
2026-03-01T10:48:38.9336674Z   CC_PR: 
2026-03-01T10:48:38.9336823Z   CC_BASE_SHA: 
2026-03-01T10:48:38.9336982Z   CC_BINARY: 
2026-03-01T10:48:38.9337140Z   CC_BUILD: 
2026-03-01T10:48:38.9337311Z   CC_BUILD_URL: 
2026-03-01T10:48:38.9337470Z   CC_CODE: 
2026-03-01T10:48:38.9337619Z   CC_DIR: 
2026-03-01T10:48:38.9337944Z   CC_DISABLE_FILE_FIXES: false
2026-03-01T10:48:38.9338158Z   CC_DISABLE_SEARCH: false
2026-03-01T10:48:38.9338359Z   CC_DISABLE_TELEM: false
2026-03-01T10:48:38.9338548Z   CC_DRY_RUN: false
2026-03-01T10:48:38.9338728Z   CC_ENTERPRISE_URL: 
2026-03-01T10:48:38.9338900Z   CC_ENV: 
2026-03-01T10:48:38.9339054Z   CC_EXCLUDES: 
2026-03-01T10:48:38.9339225Z   CC_FAIL_ON_ERROR: false
2026-03-01T10:48:38.9339424Z   CC_FILES: TestResults/*.junit.xml
2026-03-01T10:48:38.9339641Z   CC_FLAGS: 
2026-03-01T10:48:38.9339790Z   CC_FORCE: 
2026-03-01T10:48:38.9339944Z   CC_GCOV_ARGS: 
2026-03-01T10:48:38.9340115Z   CC_GCOV_EXECUTABLE: gcov
2026-03-01T10:48:38.9340303Z   CC_GCOV_IGNORE: 
2026-03-01T10:48:38.9340471Z   CC_GCOV_INCLUDE: 
2026-03-01T10:48:38.9340640Z   CC_GIT_SERVICE: github
2026-03-01T10:48:38.9340972Z   CC_HANDLE_NO_REPORTS_FOUND: false
2026-03-01T10:48:38.9341194Z   CC_JOB_CODE: 
2026-03-01T10:48:38.9341350Z   CC_LEGACY: false
2026-03-01T10:48:38.9341512Z   CC_NAME: 
2026-03-01T10:48:38.9341669Z   CC_NETWORK_FILTER: 
2026-03-01T10:48:38.9341860Z   CC_NETWORK_PREFIX: 
2026-03-01T10:48:38.9342046Z   CC_NETWORK_ROOT_FOLDER: 
2026-03-01T10:48:38.9342232Z   CC_OS: 
2026-03-01T10:48:38.9342388Z   CC_PARENT_SHA: 
2026-03-01T10:48:38.9342552Z   CC_PLUGINS: 
2026-03-01T10:48:38.9342727Z   CC_RECURSE_SUBMODULES: false
2026-03-01T10:48:38.9342944Z   CC_REPORT_TYPE: test_results
2026-03-01T10:48:38.9343152Z   CC_RUN_CMD: upload-coverage
2026-03-01T10:48:38.9343359Z   CC_SERVICE: github
2026-03-01T10:48:38.9343548Z   CC_SKIP_VALIDATION: false
2026-03-01T10:48:38.9343735Z   CC_SLUG: 
2026-03-01T10:48:38.9343895Z   CC_SWIFT_PROJECT: 
2026-03-01T10:48:38.9344397Z   CC_USE_PYPI: false
2026-03-01T10:48:38.9344581Z   CC_VERBOSE: false
2026-03-01T10:48:38.9344751Z   CC_VERSION: latest
2026-03-01T10:48:38.9344917Z   CC_YML_PATH: 
2026-03-01T10:48:38.9345089Z ##[endgroup]
2026-03-01T10:48:38.9430766Z      _____          _
2026-03-01T10:48:38.9431355Z     / ____|        | |
2026-03-01T10:48:38.9431676Z    | |     ___   __| | ___  ___ _____   __
2026-03-01T10:48:38.9432124Z    | |    / _ \ / _` |/ _ \/ __/ _ \ \ / /
2026-03-01T10:48:38.9432563Z    | |___| (_) | (_| |  __/ (_| (_) \ V /
2026-03-01T10:48:38.9432977Z     \_____\___/ \__,_|\___|\___\___/ \_/
2026-03-01T10:48:38.9433710Z                            [0;31m Wrapper-0.2.1[0m
2026-03-01T10:48:38.9434340Z                                   
2026-03-01T10:48:38.9493407Z [0;32m==>[0m Detected [0;36mlinux[0m
2026-03-01T10:48:38.9494808Z [0;32m ->[0m Downloading [0;36mhttps://cli.codecov.io/latest/linux/codecov[0m
2026-03-01T10:48:38.9551182Z   % Total    % Received % Xferd  Average Speed   Time    Time     Time  Current
2026-03-01T10:48:38.9552298Z                                  Dload  Upload   Total   Spent    Left  Speed
2026-03-01T10:48:38.9552706Z 
2026-03-01T10:48:39.0269230Z   0     0    0     0    0     0      0      0 --:--:-- --:--:-- --:--:--     0
2026-03-01T10:48:39.0270328Z 100 10.6M  100 10.6M    0     0   147M      0 --:--:-- --:--:-- --:--:--  147M
2026-03-01T10:48:39.0320652Z [0;32m==>[0m Finishing downloading [0;36mlinux:latest[0m
2026-03-01T10:48:39.0786889Z       Version: [0;36mv11.2.6[0m
2026-03-01T10:48:39.0787329Z  
2026-03-01T10:48:39.3390617Z gpg: key 806BB28AED779869: "Codecov Uploader (Codecov Uploader Verification Key) <security@codecov.io>" not changed
2026-03-01T10:48:39.3391411Z gpg: Total number processed: 1
2026-03-01T10:48:39.3391676Z gpg:              unchanged: 1
2026-03-01T10:48:39.3395040Z [0;32m==>[0m Verifying GPG signature integrity
2026-03-01T10:48:39.3396045Z [0;32m ->[0m Downloading [0;36mhttps://cli.codecov.io/latest/linux/codecov.SHA256SUM[0m
2026-03-01T10:48:39.3397065Z [0;32m ->[0m Downloading [0;36mhttps://cli.codecov.io/latest/linux/codecov.SHA256SUM.sig[0m
2026-03-01T10:48:39.3397593Z  
2026-03-01T10:48:39.4218755Z gpg: Signature made Fri Dec  5 15:31:48 2025 UTC
2026-03-01T10:48:39.4219218Z gpg:                using RSA key 27034E7FDB850E0BBC2C62FF806BB28AED779869
2026-03-01T10:48:39.4222134Z gpg: Good signature from "Codecov Uploader (Codecov Uploader Verification Key) <security@codecov.io>" [unknown]
2026-03-01T10:48:39.4222888Z gpg: WARNING: This key is not certified with a trusted signature!
2026-03-01T10:48:39.4223448Z gpg:          There is no indication that the signature belongs to the owner.
2026-03-01T10:48:39.4224265Z Primary key fingerprint: 2703 4E7F DB85 0E0B BC2C  62FF 806B B28A ED77 9869
2026-03-01T10:48:39.4854261Z codecov: OK
2026-03-01T10:48:39.4864455Z [0;32m==>[0m CLI integrity verified
2026-03-01T10:48:39.4864795Z 
2026-03-01T10:48:39.4954575Z [0;32m ->[0m Token of length 36 detected
2026-03-01T10:48:39.5585276Z [0;32m==>[0m Running upload-coverage
2026-03-01T10:48:39.5596925Z       [0;36m./codecov  upload-coverage -t <redacted> --git-service github --sha e62cd111752add694d69c5d88a4369eb038f1a80 --file TestResults/*.junit.xml --gcov-executable gcov --report-type test_results[0m
2026-03-01T10:48:39.9099809Z info - 2026-03-01 10:48:39,909 -- ci service found: github-actions
2026-03-01T10:48:39.9534333Z info - 2026-03-01 10:48:39,953 -- Using token to create a commit for protected branch `claude/explore-devices-table-ga0Rs`
2026-03-01T10:48:40.3114699Z info - 2026-03-01 10:48:40,311 -- Process Commit creating complete
2026-03-01T10:48:40.3516439Z warning - 2026-03-01 10:48:40,351 -- Some files were not found --- {"not_found_files": ["TestResults/*.junit.xml"]}
2026-03-01T10:48:40.3821498Z info - 2026-03-01 10:48:40,381 -- Found 3 test_results files to report
2026-03-01T10:48:40.3822736Z info - 2026-03-01 10:48:40,382 -- > /home/runner/work/hpoll/hpoll/tests/Hpoll.Worker.Tests/TestResults/Hpoll.Worker.Tests.junit.xml
2026-03-01T10:48:40.3824527Z info - 2026-03-01 10:48:40,382 -- > /home/runner/work/hpoll/hpoll/tests/Hpoll.Admin.Tests/TestResults/Hpoll.Admin.Tests.junit.xml
2026-03-01T10:48:40.3825859Z info - 2026-03-01 10:48:40,382 -- > /home/runner/work/hpoll/hpoll/tests/Hpoll.Core.Tests/TestResults/Hpoll.Core.Tests.junit.xml
2026-03-01T10:48:41.1226718Z info - 2026-03-01 10:48:41,122 -- Process Upload complete
2026-03-01T10:48:41.2429144Z ##[group]Run actions/upload-artifact@330a01c490aca151604b8cf639adc76d48f6c5d4
2026-03-01T10:48:41.2429554Z with:
2026-03-01T10:48:41.2429722Z   name: test-reports
2026-03-01T10:48:41.2429918Z   path: TestResults/

2026-03-01T10:48:41.2430118Z   if-no-files-found: warn
2026-03-01T10:48:41.2430324Z   compression-level: 6
2026-03-01T10:48:41.2430507Z   overwrite: false
2026-03-01T10:48:41.2430693Z   include-hidden-files: false
2026-03-01T10:48:41.2430900Z env:
2026-03-01T10:48:41.2431059Z   DOTNET_ROOT: /usr/share/dotnet
2026-03-01T10:48:41.2431277Z   CC_FORK: false
2026-03-01T10:48:41.2431541Z   CC_TOKEN: ***
2026-03-01T10:48:41.2431721Z   CC_BRANCH: 
2026-03-01T10:48:41.2431924Z   CC_SHA: e62cd111752add694d69c5d88a4369eb038f1a80
2026-03-01T10:48:41.2432175Z   CC_PR: 
2026-03-01T10:48:41.2432330Z ##[endgroup]
2026-03-01T10:48:41.4559396Z With the provided path, there will be 3 files uploaded
2026-03-01T10:48:41.4567234Z Artifact name is valid!
2026-03-01T10:48:41.4568704Z Root directory input is valid!
2026-03-01T10:48:41.7186185Z Beginning upload of artifact content to blob storage
2026-03-01T10:48:42.0961039Z Uploaded bytes 33155
2026-03-01T10:48:42.1812955Z Finished uploading artifact content to blob storage!
2026-03-01T10:48:42.1816913Z SHA256 digest of uploaded artifact zip is 874b193c41324b7e7cf9dcd03038bd2130bdab1aac0335bd417fa3d90af21c4d
2026-03-01T10:48:42.1818722Z Finalizing artifact upload
2026-03-01T10:48:42.3168870Z Artifact test-reports.zip successfully finalized. Artifact ID 5709390780
2026-03-01T10:48:42.3170171Z Artifact test-reports has been successfully uploaded! Final size is 33155 bytes. Artifact ID is 5709390780
2026-03-01T10:48:42.3177979Z Artifact download URL: https://github.com/pkinerd/hpoll/actions/runs/22541789804/artifacts/5709390780
2026-03-01T10:48:42.3288609Z Post job cleanup.
2026-03-01T10:48:42.4835729Z Post job cleanup.
2026-03-01T10:48:42.5811317Z [command]/usr/bin/git version
2026-03-01T10:48:42.5856114Z git version 2.53.0
2026-03-01T10:48:42.5894707Z Copying '/home/runner/.gitconfig' to '/home/runner/work/_temp/7b2b3451-10e6-4e8f-b5c4-f6a3042f344e/.gitconfig'
2026-03-01T10:48:42.5905850Z Temporarily overriding HOME='/home/runner/work/_temp/7b2b3451-10e6-4e8f-b5c4-f6a3042f344e' before making global git config changes
2026-03-01T10:48:42.5907253Z Adding repository directory to the temporary git global config as a safe directory
2026-03-01T10:48:42.5912471Z [command]/usr/bin/git config --global --add safe.directory /home/runner/work/hpoll/hpoll
2026-03-01T10:48:42.5950984Z [command]/usr/bin/git config --local --name-only --get-regexp core\.sshCommand
2026-03-01T10:48:42.5984603Z [command]/usr/bin/git submodule foreach --recursive sh -c "git config --local --name-only --get-regexp 'core\.sshCommand' && git config --local --unset-all 'core.sshCommand' || :"
2026-03-01T10:48:42.6223125Z [command]/usr/bin/git config --local --name-only --get-regexp http\.https\:\/\/github\.com\/\.extraheader
2026-03-01T10:48:42.6244438Z http.https://github.com/.extraheader
2026-03-01T10:48:42.6257810Z [command]/usr/bin/git config --local --unset-all http.https://github.com/.extraheader
2026-03-01T10:48:42.6288779Z [command]/usr/bin/git submodule foreach --recursive sh -c "git config --local --name-only --get-regexp 'http\.https\:\/\/github\.com\/\.extraheader' && git config --local --unset-all 'http.https://github.com/.extraheader' || :"
2026-03-01T10:48:42.6654518Z Cleaning up orphan processes
2026-03-01T10:48:42.6983070Z Terminate orphan process: pid (2535) (dotnet)
2026-03-01T10:48:42.7003035Z Terminate orphan process: pid (2536) (dotnet)
2026-03-01T10:48:42.7034280Z Terminate orphan process: pid (2537) (dotnet)
2026-03-01T10:48:42.7101921Z Terminate orphan process: pid (2672) (VBCSCompiler)
