2026-03-01T10:36:08.5375488Z Current runner version: '2.331.0'
2026-03-01T10:36:08.5398365Z ##[group]Runner Image Provisioner
2026-03-01T10:36:08.5399191Z Hosted Compute Agent
2026-03-01T10:36:08.5399759Z Version: 20260213.493
2026-03-01T10:36:08.5400477Z Commit: 5c115507f6dd24b8de37d8bbe0bb4509d0cc0fa3
2026-03-01T10:36:08.5401149Z Build Date: 2026-02-13T00:28:41Z
2026-03-01T10:36:08.5401786Z Worker ID: {6f2407e2-46f8-4e0a-9400-d519114b9824}
2026-03-01T10:36:08.5402512Z Azure Region: westus
2026-03-01T10:36:08.5403095Z ##[endgroup]
2026-03-01T10:36:08.5404455Z ##[group]Operating System
2026-03-01T10:36:08.5405174Z Ubuntu
2026-03-01T10:36:08.5405659Z 24.04.3
2026-03-01T10:36:08.5406115Z LTS
2026-03-01T10:36:08.5406833Z ##[endgroup]
2026-03-01T10:36:08.5407395Z ##[group]Runner Image
2026-03-01T10:36:08.5407911Z Image: ubuntu-24.04
2026-03-01T10:36:08.5408478Z Version: 20260224.36.1
2026-03-01T10:36:08.5409659Z Included Software: https://github.com/actions/runner-images/blob/ubuntu24/20260224.36/images/ubuntu/Ubuntu2404-Readme.md
2026-03-01T10:36:08.5411215Z Image Release: https://github.com/actions/runner-images/releases/tag/ubuntu24%2F20260224.36
2026-03-01T10:36:08.5412114Z ##[endgroup]
2026-03-01T10:36:08.5413084Z ##[group]GITHUB_TOKEN Permissions
2026-03-01T10:36:08.5414864Z Contents: read
2026-03-01T10:36:08.5415437Z Metadata: read
2026-03-01T10:36:08.5416077Z ##[endgroup]
2026-03-01T10:36:08.5418296Z Secret source: Actions
2026-03-01T10:36:08.5419013Z Prepare workflow directory
2026-03-01T10:36:08.5751697Z Prepare all required actions
2026-03-01T10:36:08.5809024Z Getting action download info
2026-03-01T10:36:09.0522494Z Download action repository 'actions/checkout@692973e3d937129bcbf40652eb9f2f61becf3332' (SHA:692973e3d937129bcbf40652eb9f2f61becf3332)
2026-03-01T10:36:09.2437208Z Download action repository 'actions/setup-dotnet@3e891b0cb619bf60e2c25674b222b8940e2c1c25' (SHA:3e891b0cb619bf60e2c25674b222b8940e2c1c25)
2026-03-01T10:36:09.9047438Z Download action repository 'codecov/codecov-action@18283e04ce6e62d37312384ff67231eb8fd56d24' (SHA:18283e04ce6e62d37312384ff67231eb8fd56d24)
2026-03-01T10:36:10.3082852Z Download action repository 'actions/upload-artifact@330a01c490aca151604b8cf639adc76d48f6c5d4' (SHA:330a01c490aca151604b8cf639adc76d48f6c5d4)
2026-03-01T10:36:10.6010885Z Getting action download info
2026-03-01T10:36:10.7547050Z Download action repository 'actions/github-script@v7' (SHA:f28e40c7f34bde8b3046d885e986cb6290c5673b)
2026-03-01T10:36:11.3208361Z Getting action download info
2026-03-01T10:36:11.5410991Z Complete job name: Build & Test
2026-03-01T10:36:11.6273954Z ##[group]Run actions/checkout@692973e3d937129bcbf40652eb9f2f61becf3332
2026-03-01T10:36:11.6274635Z with:
2026-03-01T10:36:11.6274857Z   repository: pkinerd/hpoll
2026-03-01T10:36:11.6275258Z   token: ***
2026-03-01T10:36:11.6275459Z   ssh-strict: true
2026-03-01T10:36:11.6275662Z   ssh-user: git
2026-03-01T10:36:11.6275858Z   persist-credentials: true
2026-03-01T10:36:11.6276091Z   clean: true
2026-03-01T10:36:11.6276516Z   sparse-checkout-cone-mode: true
2026-03-01T10:36:11.6276800Z   fetch-depth: 1
2026-03-01T10:36:11.6276993Z   fetch-tags: false
2026-03-01T10:36:11.6277187Z   show-progress: true
2026-03-01T10:36:11.6277383Z   lfs: false
2026-03-01T10:36:11.6277550Z   submodules: false
2026-03-01T10:36:11.6277749Z   set-safe-directory: true
2026-03-01T10:36:11.6278210Z ##[endgroup]
2026-03-01T10:36:11.7432782Z Syncing repository: pkinerd/hpoll
2026-03-01T10:36:11.7434089Z ##[group]Getting Git version info
2026-03-01T10:36:11.7434508Z Working directory is '/home/runner/work/hpoll/hpoll'
2026-03-01T10:36:11.7435020Z [command]/usr/bin/git version
2026-03-01T10:36:11.8251839Z git version 2.53.0
2026-03-01T10:36:11.8287611Z ##[endgroup]
2026-03-01T10:36:11.8303083Z Temporarily overriding HOME='/home/runner/work/_temp/ca36792e-f68c-4ba5-a5cc-0e9cc4ad7c59' before making global git config changes
2026-03-01T10:36:11.8304366Z Adding repository directory to the temporary git global config as a safe directory
2026-03-01T10:36:11.8310006Z [command]/usr/bin/git config --global --add safe.directory /home/runner/work/hpoll/hpoll
2026-03-01T10:36:11.8614779Z Deleting the contents of '/home/runner/work/hpoll/hpoll'
2026-03-01T10:36:11.8621346Z ##[group]Initializing the repository
2026-03-01T10:36:11.8624758Z [command]/usr/bin/git init /home/runner/work/hpoll/hpoll
2026-03-01T10:36:12.0196542Z hint: Using 'master' as the name for the initial branch. This default branch name
2026-03-01T10:36:12.0197687Z hint: will change to "main" in Git 3.0. To configure the initial branch name
2026-03-01T10:36:12.0200670Z hint: to use in all of your new repositories, which will suppress this warning,
2026-03-01T10:36:12.0201331Z hint: call:
2026-03-01T10:36:12.0201616Z hint:
2026-03-01T10:36:12.0202062Z hint: 	git config --global init.defaultBranch <name>
2026-03-01T10:36:12.0202566Z hint:
2026-03-01T10:36:12.0203054Z hint: Names commonly chosen instead of 'master' are 'main', 'trunk' and
2026-03-01T10:36:12.0203899Z hint: 'development'. The just-created branch can be renamed via this command:
2026-03-01T10:36:12.0204540Z hint:
2026-03-01T10:36:12.0204860Z hint: 	git branch -m <name>
2026-03-01T10:36:12.0205212Z hint:
2026-03-01T10:36:12.0205735Z hint: Disable this message with "git config set advice.defaultBranchName false"
2026-03-01T10:36:12.0209982Z Initialized empty Git repository in /home/runner/work/hpoll/hpoll/.git/
2026-03-01T10:36:12.0225369Z [command]/usr/bin/git remote add origin https://github.com/pkinerd/hpoll
2026-03-01T10:36:12.0280239Z ##[endgroup]
2026-03-01T10:36:12.0280905Z ##[group]Disabling automatic garbage collection
2026-03-01T10:36:12.0287796Z [command]/usr/bin/git config --local gc.auto 0
2026-03-01T10:36:12.0334203Z ##[endgroup]
2026-03-01T10:36:12.0335393Z ##[group]Setting up auth
2026-03-01T10:36:12.0341457Z [command]/usr/bin/git config --local --name-only --get-regexp core\.sshCommand
2026-03-01T10:36:12.0382503Z [command]/usr/bin/git submodule foreach --recursive sh -c "git config --local --name-only --get-regexp 'core\.sshCommand' && git config --local --unset-all 'core.sshCommand' || :"
2026-03-01T10:36:12.1771360Z [command]/usr/bin/git config --local --name-only --get-regexp http\.https\:\/\/github\.com\/\.extraheader
2026-03-01T10:36:12.1810884Z [command]/usr/bin/git submodule foreach --recursive sh -c "git config --local --name-only --get-regexp 'http\.https\:\/\/github\.com\/\.extraheader' && git config --local --unset-all 'http.https://github.com/.extraheader' || :"
2026-03-01T10:36:12.2095364Z [command]/usr/bin/git config --local http.https://github.com/.extraheader AUTHORIZATION: basic ***
2026-03-01T10:36:12.3235494Z ##[endgroup]
2026-03-01T10:36:12.3236649Z ##[group]Fetching the repository
2026-03-01T10:36:12.3246916Z [command]/usr/bin/git -c protocol.version=2 fetch --no-tags --prune --no-recurse-submodules --depth=1 origin +a03f12ae681ac82f0d0f99b1be70c3cfeee5a153:refs/remotes/pull/30/merge
2026-03-01T10:36:13.4695336Z From https://github.com/pkinerd/hpoll
2026-03-01T10:36:13.4696744Z  * [new ref]         a03f12ae681ac82f0d0f99b1be70c3cfeee5a153 -> pull/30/merge
2026-03-01T10:36:13.5629767Z ##[endgroup]
2026-03-01T10:36:13.5630262Z ##[group]Determining the checkout info
2026-03-01T10:36:13.5632809Z ##[endgroup]
2026-03-01T10:36:13.5640693Z [command]/usr/bin/git sparse-checkout disable
2026-03-01T10:36:13.7251474Z [command]/usr/bin/git config --local --unset-all extensions.worktreeConfig
2026-03-01T10:36:13.7284643Z ##[group]Checking out the ref
2026-03-01T10:36:13.7289687Z [command]/usr/bin/git checkout --progress --force refs/remotes/pull/30/merge
2026-03-01T10:36:13.7402704Z Note: switching to 'refs/remotes/pull/30/merge'.
2026-03-01T10:36:13.7403393Z 
2026-03-01T10:36:13.7403857Z You are in 'detached HEAD' state. You can look around, make experimental
2026-03-01T10:36:13.7404678Z changes and commit them, and you can discard any commits you make in this
2026-03-01T10:36:13.7405515Z state without impacting any branches by switching back to a branch.
2026-03-01T10:36:13.7406042Z 
2026-03-01T10:36:13.7406685Z If you want to create a new branch to retain commits you create, you may
2026-03-01T10:36:13.7407781Z do so (now or later) by using -c with the switch command. Example:
2026-03-01T10:36:13.7408245Z 
2026-03-01T10:36:13.7408415Z   git switch -c <new-branch-name>
2026-03-01T10:36:13.7408718Z 
2026-03-01T10:36:13.7408929Z Or undo this operation with:
2026-03-01T10:36:13.7409215Z 
2026-03-01T10:36:13.7409353Z   git switch -
2026-03-01T10:36:13.7409588Z 
2026-03-01T10:36:13.7409948Z Turn off this advice by setting config variable advice.detachedHead to false
2026-03-01T10:36:13.7410514Z 
2026-03-01T10:36:13.7411169Z HEAD is now at a03f12a Merge caf9aa157a743f2b69ea16fbb8d0477056d8979c into 5ef2f7ecde3b3066981171ff873cf3560ff3ff76
2026-03-01T10:36:13.7412993Z ##[endgroup]
2026-03-01T10:36:13.7453111Z [command]/usr/bin/git log -1 --format='%H'
2026-03-01T10:36:13.7477036Z 'a03f12ae681ac82f0d0f99b1be70c3cfeee5a153'
2026-03-01T10:36:13.7703126Z ##[group]Run actions/setup-dotnet@3e891b0cb619bf60e2c25674b222b8940e2c1c25
2026-03-01T10:36:13.7703522Z with:
2026-03-01T10:36:13.7703713Z   dotnet-version: 8.0.x
2026-03-01T10:36:13.7703929Z   cache: false
2026-03-01T10:36:13.7704106Z ##[endgroup]
2026-03-01T10:36:13.9395011Z [command]/home/runner/work/_actions/actions/setup-dotnet/3e891b0cb619bf60e2c25674b222b8940e2c1c25/externals/install-dotnet.sh --skip-non-versioned-files --runtime dotnet --channel LTS
2026-03-01T10:36:14.3341252Z dotnet-install: Attempting to download using aka.ms link https://builds.dotnet.microsoft.com/dotnet/Runtime/10.0.3/dotnet-runtime-10.0.3-linux-x64.tar.gz
2026-03-01T10:36:14.5714799Z dotnet-install: Remote file https://builds.dotnet.microsoft.com/dotnet/Runtime/10.0.3/dotnet-runtime-10.0.3-linux-x64.tar.gz size is 36636310 bytes.
2026-03-01T10:36:14.5718933Z dotnet-install: Extracting archive from https://builds.dotnet.microsoft.com/dotnet/Runtime/10.0.3/dotnet-runtime-10.0.3-linux-x64.tar.gz
2026-03-01T10:36:15.2336001Z dotnet-install: Downloaded file size is 36636310 bytes.
2026-03-01T10:36:15.2338389Z dotnet-install: The remote and local file sizes are equal.
2026-03-01T10:36:15.2660744Z dotnet-install: Installed version is 10.0.3
2026-03-01T10:36:15.2724083Z dotnet-install: Adding to current process PATH: `/usr/share/dotnet`. Note: This change will be visible only when sourcing script.
2026-03-01T10:36:15.2726012Z dotnet-install: Note that the script does not resolve dependencies during installation.
2026-03-01T10:36:15.2728074Z dotnet-install: To check the list of dependencies, go to https://learn.microsoft.com/dotnet/core/install, select your operating system and check the "Dependencies" section.
2026-03-01T10:36:15.2729685Z dotnet-install: Installation finished successfully.
2026-03-01T10:36:15.2757514Z [command]/home/runner/work/_actions/actions/setup-dotnet/3e891b0cb619bf60e2c25674b222b8940e2c1c25/externals/install-dotnet.sh --skip-non-versioned-files --channel 8.0
2026-03-01T10:36:15.4635097Z dotnet-install: .NET Core SDK with version '8.0.418' is already installed.
2026-03-01T10:36:15.4781713Z ##[group]Run dotnet restore
2026-03-01T10:36:15.4782019Z [36;1mdotnet restore[0m
2026-03-01T10:36:15.4834977Z shell: /usr/bin/bash -e {0}
2026-03-01T10:36:15.4835229Z env:
2026-03-01T10:36:15.4835410Z   DOTNET_ROOT: /usr/share/dotnet
2026-03-01T10:36:15.4835655Z ##[endgroup]
2026-03-01T10:36:22.6962882Z   Determining projects to restore...
2026-03-01T10:36:29.4470542Z   Restored /home/runner/work/hpoll/hpoll/src/Hpoll.Data/Hpoll.Data.csproj (in 4.57 sec).
2026-03-01T10:36:29.4477468Z   Restored /home/runner/work/hpoll/hpoll/src/Hpoll.Worker/Hpoll.Worker.csproj (in 4.57 sec).
2026-03-01T10:36:29.4489949Z   Restored /home/runner/work/hpoll/hpoll/src/Hpoll.Admin/Hpoll.Admin.csproj (in 4.57 sec).
2026-03-01T10:36:29.6297863Z   Restored /home/runner/work/hpoll/hpoll/src/Hpoll.Core/Hpoll.Core.csproj (in 13 ms).
2026-03-01T10:36:29.6557459Z   Restored /home/runner/work/hpoll/hpoll/src/Hpoll.Email/Hpoll.Email.csproj (in 34 ms).
2026-03-01T10:36:30.2217909Z   Restored /home/runner/work/hpoll/hpoll/tests/Hpoll.Worker.Tests/Hpoll.Worker.Tests.csproj (in 612 ms).
2026-03-01T10:36:30.2290156Z   Restored /home/runner/work/hpoll/hpoll/tests/Hpoll.Admin.Tests/Hpoll.Admin.Tests.csproj (in 5.36 sec).
2026-03-01T10:36:30.2293624Z   Restored /home/runner/work/hpoll/hpoll/tests/Hpoll.Core.Tests/Hpoll.Core.Tests.csproj (in 579 ms).
2026-03-01T10:36:30.2760093Z ##[group]Run dotnet build --no-restore -c Release
2026-03-01T10:36:30.2760696Z [36;1mdotnet build --no-restore -c Release[0m
2026-03-01T10:36:30.2810414Z shell: /usr/bin/bash -e {0}
2026-03-01T10:36:30.2810656Z env:
2026-03-01T10:36:30.2810855Z   DOTNET_ROOT: /usr/share/dotnet
2026-03-01T10:36:30.2811086Z ##[endgroup]
2026-03-01T10:36:39.4984644Z   Hpoll.Core -> /home/runner/work/hpoll/hpoll/src/Hpoll.Core/bin/Release/net8.0/Hpoll.Core.dll
2026-03-01T10:36:40.3156684Z   Hpoll.Data -> /home/runner/work/hpoll/hpoll/src/Hpoll.Data/bin/Release/net8.0/Hpoll.Data.dll
2026-03-01T10:36:43.9706400Z   Hpoll.Email -> /home/runner/work/hpoll/hpoll/src/Hpoll.Email/bin/Release/net8.0/Hpoll.Email.dll
2026-03-01T10:36:44.1413708Z   Hpoll.Admin -> /home/runner/work/hpoll/hpoll/src/Hpoll.Admin/bin/Release/net8.0/Hpoll.Admin.dll
2026-03-01T10:36:44.9287713Z   Hpoll.Worker -> /home/runner/work/hpoll/hpoll/src/Hpoll.Worker/bin/Release/net8.0/Hpoll.Worker.dll
2026-03-01T10:36:45.4481586Z   Hpoll.Core.Tests -> /home/runner/work/hpoll/hpoll/tests/Hpoll.Core.Tests/bin/Release/net8.0/Hpoll.Core.Tests.dll
2026-03-01T10:36:45.4753074Z   Hpoll.Admin.Tests -> /home/runner/work/hpoll/hpoll/tests/Hpoll.Admin.Tests/bin/Release/net8.0/Hpoll.Admin.Tests.dll
2026-03-01T10:36:46.1787517Z   Hpoll.Worker.Tests -> /home/runner/work/hpoll/hpoll/tests/Hpoll.Worker.Tests/bin/Release/net8.0/Hpoll.Worker.Tests.dll
2026-03-01T10:36:46.1975430Z 
2026-03-01T10:36:46.1987116Z Build succeeded.
2026-03-01T10:36:46.1987684Z     0 Warning(s)
2026-03-01T10:36:46.1988143Z     0 Error(s)
2026-03-01T10:36:46.1989833Z 
2026-03-01T10:36:46.1990351Z Time Elapsed 00:00:15.50
2026-03-01T10:36:46.2261756Z ##[group]Run dotnet test --no-build -c Release \
2026-03-01T10:36:46.2262154Z [36;1mdotnet test --no-build -c Release \[0m
2026-03-01T10:36:46.2262493Z [36;1m  --settings coverlet.runsettings \[0m
2026-03-01T10:36:46.2262782Z [36;1m  --collect:"XPlat Code Coverage" \[0m
2026-03-01T10:36:46.2263157Z [36;1m  --logger "junit;LogFilePath=TestResults/{assembly}.junit.xml" \[0m
2026-03-01T10:36:46.2263542Z [36;1m  --results-directory TestResults[0m
2026-03-01T10:36:46.2313535Z shell: /usr/bin/bash -e {0}
2026-03-01T10:36:46.2313782Z env:
2026-03-01T10:36:46.2313967Z   DOTNET_ROOT: /usr/share/dotnet
2026-03-01T10:36:46.2314221Z ##[endgroup]
2026-03-01T10:36:47.2354142Z Test run for /home/runner/work/hpoll/hpoll/tests/Hpoll.Core.Tests/bin/Release/net8.0/Hpoll.Core.Tests.dll (.NETCoreApp,Version=v8.0)
2026-03-01T10:36:47.3614593Z Test run for /home/runner/work/hpoll/hpoll/tests/Hpoll.Worker.Tests/bin/Release/net8.0/Hpoll.Worker.Tests.dll (.NETCoreApp,Version=v8.0)
2026-03-01T10:36:47.3813510Z Test run for /home/runner/work/hpoll/hpoll/tests/Hpoll.Admin.Tests/bin/Release/net8.0/Hpoll.Admin.Tests.dll (.NETCoreApp,Version=v8.0)
2026-03-01T10:36:47.6872506Z VSTest version 18.0.1 (x64)
2026-03-01T10:36:47.6898560Z 
2026-03-01T10:36:47.6912731Z VSTest version 18.0.1 (x64)VSTest version 18.0.1 (x64)
2026-03-01T10:36:47.6913678Z 
2026-03-01T10:36:47.6954041Z 
2026-03-01T10:36:47.6954203Z 
2026-03-01T10:36:48.3325661Z Starting test execution, please wait...
2026-03-01T10:36:48.3349613Z Starting test execution, please wait...Starting test execution, please wait...
2026-03-01T10:36:48.3352018Z 
2026-03-01T10:36:48.4378843Z A total of 1 test files matched the specified pattern.
2026-03-01T10:36:48.4448130Z A total of 1 test files matched the specified pattern.
2026-03-01T10:36:48.4451965Z A total of 1 test files matched the specified pattern.
2026-03-01T10:36:56.6379952Z Results File: TestResults/Hpoll.Core.Tests.junit.xml
2026-03-01T10:36:56.6396610Z 
2026-03-01T10:36:56.6461240Z Passed!  - Failed:     0, Passed:    79, Skipped:     0, Total:    79, Duration: 1 s - Hpoll.Core.Tests.dll (net8.0)
2026-03-01T10:36:58.5996859Z Results File: TestResults/Hpoll.Admin.Tests.junit.xml
2026-03-01T10:36:58.5999144Z 
2026-03-01T10:36:58.6033809Z Passed!  - Failed:     0, Passed:    51, Skipped:     0, Total:    51, Duration: 1 s - Hpoll.Admin.Tests.dll (net8.0)
2026-03-01T10:37:44.4164166Z Results File: TestResults/Hpoll.Worker.Tests.junit.xml
2026-03-01T10:37:44.4165801Z 
2026-03-01T10:37:44.4202083Z Passed!  - Failed:     0, Passed:    50, Skipped:     0, Total:    50, Duration: 49 s - Hpoll.Worker.Tests.dll (net8.0)
2026-03-01T10:37:44.6156004Z 
2026-03-01T10:37:44.6160991Z Attachments:
2026-03-01T10:37:44.6163032Z   /home/runner/work/hpoll/hpoll/TestResults/78e0754e-4662-4c2d-bcd6-a3f30e0d7dff/coverage.cobertura.xml
2026-03-01T10:37:44.6164371Z   /home/runner/work/hpoll/hpoll/TestResults/5f198632-ff37-4705-9564-0a38c18799f1/coverage.cobertura.xml
2026-03-01T10:37:44.6165656Z   /home/runner/work/hpoll/hpoll/TestResults/e6dfa0f1-49b7-43ce-a394-ee0598359045/coverage.cobertura.xml
2026-03-01T10:37:44.6877990Z ##[group]Run codecov/codecov-action@18283e04ce6e62d37312384ff67231eb8fd56d24
2026-03-01T10:37:44.6878403Z with:
2026-03-01T10:37:44.6878825Z   token: ***
2026-03-01T10:37:44.6879017Z   directory: TestResults
2026-03-01T10:37:44.6879223Z   fail_ci_if_error: false
2026-03-01T10:37:44.6879436Z   disable_file_fixes: false
2026-03-01T10:37:44.6879644Z   disable_search: false
2026-03-01T10:37:44.6879841Z   disable_safe_directory: false
2026-03-01T10:37:44.6880062Z   disable_telem: false
2026-03-01T10:37:44.6880250Z   dry_run: false
2026-03-01T10:37:44.6880424Z   git_service: github
2026-03-01T10:37:44.6880614Z   gcov_executable: gcov
2026-03-01T10:37:44.6880810Z   handle_no_reports_found: false
2026-03-01T10:37:44.6881039Z   recurse_submodules: false
2026-03-01T10:37:44.6881255Z   run_command: upload-coverage
2026-03-01T10:37:44.6881469Z   skip_validation: false
2026-03-01T10:37:44.6881685Z   use_legacy_upload_endpoint: false
2026-03-01T10:37:44.6881914Z   use_oidc: false
2026-03-01T10:37:44.6882121Z   use_pypi: false
2026-03-01T10:37:44.6882293Z   verbose: false
2026-03-01T10:37:44.6882464Z   version: latest
2026-03-01T10:37:44.6882629Z env:
2026-03-01T10:37:44.6882789Z   DOTNET_ROOT: /usr/share/dotnet
2026-03-01T10:37:44.6883008Z ##[endgroup]
2026-03-01T10:37:44.6958614Z ##[group]Run CC_ACTION_VERSION=$(cat ${GITHUB_ACTION_PATH}/src/version)
2026-03-01T10:37:44.6959054Z [36;1mCC_ACTION_VERSION=$(cat ${GITHUB_ACTION_PATH}/src/version)[0m
2026-03-01T10:37:44.6959488Z [36;1mecho -e "\033[0;32m==>\033[0m Running Action version $CC_ACTION_VERSION"[0m
2026-03-01T10:37:44.7009668Z shell: /usr/bin/bash --noprofile --norc -e -o pipefail {0}
2026-03-01T10:37:44.7010016Z env:
2026-03-01T10:37:44.7010190Z   DOTNET_ROOT: /usr/share/dotnet
2026-03-01T10:37:44.7010413Z ##[endgroup]
2026-03-01T10:37:44.7090969Z [0;32m==>[0m Running Action version 5.4.3
2026-03-01T10:37:44.7159870Z ##[group]Run git config --global --add safe.directory "/home/runner/work/hpoll/hpoll"
2026-03-01T10:37:44.7160421Z [36;1mgit config --global --add safe.directory "/home/runner/work/hpoll/hpoll"[0m
2026-03-01T10:37:44.7160901Z [36;1mgit config --global --add safe.directory "$GITHUB_WORKSPACE"[0m
2026-03-01T10:37:44.7203900Z shell: /usr/bin/bash --noprofile --norc -e -o pipefail {0}
2026-03-01T10:37:44.7204214Z env:
2026-03-01T10:37:44.7204387Z   DOTNET_ROOT: /usr/share/dotnet
2026-03-01T10:37:44.7204602Z ##[endgroup]
2026-03-01T10:37:44.7321362Z ##[group]Run CC_FORK="false"
2026-03-01T10:37:44.7321630Z [36;1mCC_FORK="false"[0m
2026-03-01T10:37:44.7322193Z [36;1mif [ -n "$GITHUB_EVENT_PULL_REQUEST_HEAD_REPO_FULL_NAME" ] && [ "$GITHUB_EVENT_PULL_REQUEST_HEAD_REPO_FULL_NAME" != "$GITHUB_REPOSITORY" ];[0m
2026-03-01T10:37:44.7322764Z [36;1mthen[0m
2026-03-01T10:37:44.7322989Z [36;1m  echo -e "\033[0;32m==>\033[0m Fork detected"[0m
2026-03-01T10:37:44.7323262Z [36;1m  CC_FORK="true"[0m
2026-03-01T10:37:44.7323461Z [36;1mfi[0m
2026-03-01T10:37:44.7323667Z [36;1mecho "CC_FORK=$CC_FORK" >> "$GITHUB_ENV"[0m
2026-03-01T10:37:44.7366936Z shell: /usr/bin/bash --noprofile --norc -e -o pipefail {0}
2026-03-01T10:37:44.7367413Z env:
2026-03-01T10:37:44.7367590Z   DOTNET_ROOT: /usr/share/dotnet
2026-03-01T10:37:44.7368014Z   GITHUB_EVENT_PULL_REQUEST_HEAD_LABEL: pkinerd:claude/review-retention-poll-intervals-AoiB2
2026-03-01T10:37:44.7368521Z   GITHUB_EVENT_PULL_REQUEST_HEAD_REPO_FULL_NAME: pkinerd/hpoll
2026-03-01T10:37:44.7368844Z   GITHUB_REPOSITORY: pkinerd/hpoll
2026-03-01T10:37:44.7369067Z ##[endgroup]
2026-03-01T10:37:44.7487468Z ##[group]Run actions/github-script@v7
2026-03-01T10:37:44.7487709Z with:
2026-03-01T10:37:44.7488280Z   script: if (process.env.CC_USE_OIDC === 'true' && process.env.CC_FORK != 'true') {
  const id_token = await core.getIDToken(process.env.CC_OIDC_AUDIENCE)
  return id_token
}

2026-03-01T10:37:44.7489060Z   github-token: ***
2026-03-01T10:37:44.7489248Z   debug: false
2026-03-01T10:37:44.7489431Z   user-agent: actions/github-script
2026-03-01T10:37:44.7489670Z   result-encoding: json
2026-03-01T10:37:44.7490040Z   retries: 0
2026-03-01T10:37:44.7490263Z   retry-exempt-status-codes: 400,401,403,404,422
2026-03-01T10:37:44.7490522Z env:
2026-03-01T10:37:44.7490684Z   DOTNET_ROOT: /usr/share/dotnet
2026-03-01T10:37:44.7490902Z   CC_FORK: false
2026-03-01T10:37:44.7491092Z   CC_OIDC_AUDIENCE: https://codecov.io
2026-03-01T10:37:44.7491338Z   CC_USE_OIDC: false
2026-03-01T10:37:44.7491523Z ##[endgroup]
2026-03-01T10:37:44.8453739Z ##[group]Run if [ "false" == 'true' ] && [ "$CC_FORK" != 'true' ];
2026-03-01T10:37:44.8454146Z [36;1mif [ "false" == 'true' ] && [ "$CC_FORK" != 'true' ];[0m
2026-03-01T10:37:44.8454431Z [36;1mthen[0m
2026-03-01T10:37:44.8454654Z [36;1m  echo "CC_TOKEN=$CC_OIDC_TOKEN" >> "$GITHUB_ENV"[0m
2026-03-01T10:37:44.8454942Z [36;1melif [ -n "" ];[0m
2026-03-01T10:37:44.8455131Z [36;1mthen[0m
2026-03-01T10:37:44.8455351Z [36;1m  echo -e "\033[0;32m==>\033[0m Token set from env"[0m
2026-03-01T10:37:44.8455655Z [36;1m    echo "CC_TOKEN=" >> "$GITHUB_ENV"[0m
2026-03-01T10:37:44.8455910Z [36;1melse[0m
2026-03-01T10:37:44.8456441Z [36;1m  if [ -n "***" ];[0m
2026-03-01T10:37:44.8456818Z [36;1m  then[0m
2026-03-01T10:37:44.8457084Z [36;1m    echo -e "\033[0;32m==>\033[0m Token set from input"[0m
2026-03-01T10:37:44.8457512Z [36;1m    CC_TOKEN=$(echo "***" | tr -d '\n')[0m
2026-03-01T10:37:44.8457812Z [36;1m    echo "CC_TOKEN=$CC_TOKEN" >> "$GITHUB_ENV"[0m
2026-03-01T10:37:44.8458071Z [36;1m  fi[0m
2026-03-01T10:37:44.8458234Z [36;1mfi[0m
2026-03-01T10:37:44.8507298Z shell: /usr/bin/bash --noprofile --norc -e -o pipefail {0}
2026-03-01T10:37:44.8507615Z env:
2026-03-01T10:37:44.8507795Z   DOTNET_ROOT: /usr/share/dotnet
2026-03-01T10:37:44.8508021Z   CC_FORK: false
2026-03-01T10:37:44.8508190Z   CC_OIDC_TOKEN: 
2026-03-01T10:37:44.8508394Z   CC_OIDC_AUDIENCE: https://codecov.io
2026-03-01T10:37:44.8508639Z ##[endgroup]
2026-03-01T10:37:44.8578521Z [0;32m==>[0m Token set from input
2026-03-01T10:37:44.8618594Z ##[group]Run if [ -z "$CC_BRANCH" ] && [ -z "$CC_TOKEN" ] && [ "$CC_FORK" == 'true' ]
2026-03-01T10:37:44.8619085Z [36;1mif [ -z "$CC_BRANCH" ] && [ -z "$CC_TOKEN" ] && [ "$CC_FORK" == 'true' ][0m
2026-03-01T10:37:44.8619432Z [36;1mthen[0m
2026-03-01T10:37:44.8619810Z [36;1m  echo -e "\033[0;32m==>\033[0m Fork detected, setting branch to $GITHUB_EVENT_PULL_REQUEST_HEAD_LABEL"[0m
2026-03-01T10:37:44.8620320Z [36;1m  TOKENLESS="$GITHUB_EVENT_PULL_REQUEST_HEAD_LABEL"[0m
2026-03-01T10:37:44.8620669Z [36;1m  CC_BRANCH="$GITHUB_EVENT_PULL_REQUEST_HEAD_LABEL"[0m
2026-03-01T10:37:44.8620993Z [36;1m  echo "TOKENLESS=$TOKENLESS" >> "$GITHUB_ENV"[0m
2026-03-01T10:37:44.8621261Z [36;1mfi[0m
2026-03-01T10:37:44.8621418Z [36;1m[0m
2026-03-01T10:37:44.8621618Z [36;1mecho "CC_BRANCH=$CC_BRANCH" >> "$GITHUB_ENV"[0m
2026-03-01T10:37:44.8667325Z shell: /usr/bin/bash --noprofile --norc -e -o pipefail {0}
2026-03-01T10:37:44.8667642Z env:
2026-03-01T10:37:44.8667818Z   DOTNET_ROOT: /usr/share/dotnet
2026-03-01T10:37:44.8668044Z   CC_FORK: false
2026-03-01T10:37:44.8668310Z   CC_TOKEN: ***
2026-03-01T10:37:44.8668477Z   CC_BRANCH: 
2026-03-01T10:37:44.8669003Z   GITHUB_EVENT_PULL_REQUEST_HEAD_LABEL: pkinerd:claude/review-retention-poll-intervals-AoiB2
2026-03-01T10:37:44.8669511Z   GITHUB_EVENT_PULL_REQUEST_HEAD_REPO_FULL_NAME: pkinerd/hpoll
2026-03-01T10:37:44.8669829Z   GITHUB_REPOSITORY: pkinerd/hpoll
2026-03-01T10:37:44.8670057Z ##[endgroup]
2026-03-01T10:37:44.8757149Z ##[group]Run if [ -z "$CC_SHA" ];
2026-03-01T10:37:44.8757406Z [36;1mif [ -z "$CC_SHA" ];[0m
2026-03-01T10:37:44.8757612Z [36;1mthen[0m
2026-03-01T10:37:44.8757842Z [36;1m  CC_SHA="$GITHUB_EVENT_PULL_REQUEST_HEAD_SHA"[0m
2026-03-01T10:37:44.8758110Z [36;1mfi[0m
2026-03-01T10:37:44.8758380Z [36;1mif [ -z "$CC_PR" ] && [ "${GITHUB_EVENT_NAME}" == "pull_request_target" ];[0m
2026-03-01T10:37:44.8758739Z [36;1mthen[0m
2026-03-01T10:37:44.8758934Z [36;1m  CC_PR="$GITHUB_EVENT_NUMBER"[0m
2026-03-01T10:37:44.8759162Z [36;1mfi[0m
2026-03-01T10:37:44.8759318Z [36;1m[0m
2026-03-01T10:37:44.8759670Z [36;1mecho "CC_SHA=$CC_SHA" >> "$GITHUB_ENV"[0m
2026-03-01T10:37:44.8759974Z [36;1mecho "CC_PR=$CC_PR" >> "$GITHUB_ENV"[0m
2026-03-01T10:37:44.8803850Z shell: /usr/bin/bash --noprofile --norc -e -o pipefail {0}
2026-03-01T10:37:44.8804171Z env:
2026-03-01T10:37:44.8804349Z   DOTNET_ROOT: /usr/share/dotnet
2026-03-01T10:37:44.8804565Z   CC_FORK: false
2026-03-01T10:37:44.8804818Z   CC_TOKEN: ***
2026-03-01T10:37:44.8804987Z   CC_BRANCH: 
2026-03-01T10:37:44.8805147Z   CC_PR: 
2026-03-01T10:37:44.8805302Z   CC_SHA: 
2026-03-01T10:37:44.8805469Z   GITHUB_EVENT_NAME: pull_request
2026-03-01T10:37:44.8805708Z   GITHUB_EVENT_NUMBER: 30
2026-03-01T10:37:44.8806036Z   GITHUB_EVENT_PULL_REQUEST_HEAD_SHA: caf9aa157a743f2b69ea16fbb8d0477056d8979c
2026-03-01T10:37:44.8806686Z ##[endgroup]
2026-03-01T10:37:44.8901422Z ##[group]Run ${GITHUB_ACTION_PATH}/dist/codecov.sh
2026-03-01T10:37:44.8901760Z [36;1m${GITHUB_ACTION_PATH}/dist/codecov.sh[0m
2026-03-01T10:37:44.8945270Z shell: /usr/bin/bash --noprofile --norc -e -o pipefail {0}
2026-03-01T10:37:44.8945588Z env:
2026-03-01T10:37:44.8945772Z   DOTNET_ROOT: /usr/share/dotnet
2026-03-01T10:37:44.8945984Z   CC_FORK: false
2026-03-01T10:37:44.8946499Z   CC_TOKEN: ***
2026-03-01T10:37:44.8946678Z   CC_BRANCH: 
2026-03-01T10:37:44.8946882Z   CC_SHA: caf9aa157a743f2b69ea16fbb8d0477056d8979c
2026-03-01T10:37:44.8947147Z   CC_PR: 
2026-03-01T10:37:44.8947298Z   CC_BASE_SHA: 
2026-03-01T10:37:44.8947465Z   CC_BINARY: 
2026-03-01T10:37:44.8947616Z   CC_BUILD: 
2026-03-01T10:37:44.8947778Z   CC_BUILD_URL: 
2026-03-01T10:37:44.8947943Z   CC_CODE: 
2026-03-01T10:37:44.8948099Z   CC_DIR: TestResults
2026-03-01T10:37:44.8948298Z   CC_DISABLE_FILE_FIXES: false
2026-03-01T10:37:44.8948509Z   CC_DISABLE_SEARCH: false
2026-03-01T10:37:44.8948715Z   CC_DISABLE_TELEM: false
2026-03-01T10:37:44.8948908Z   CC_DRY_RUN: false
2026-03-01T10:37:44.8949082Z   CC_ENTERPRISE_URL: 
2026-03-01T10:37:44.8949260Z   CC_ENV: 
2026-03-01T10:37:44.8949415Z   CC_EXCLUDES: 
2026-03-01T10:37:44.8949584Z   CC_FAIL_ON_ERROR: false
2026-03-01T10:37:44.8949775Z   CC_FILES: 
2026-03-01T10:37:44.8949928Z   CC_FLAGS: 
2026-03-01T10:37:44.8950080Z   CC_FORCE: 
2026-03-01T10:37:44.8950235Z   CC_GCOV_ARGS: 
2026-03-01T10:37:44.8950404Z   CC_GCOV_EXECUTABLE: gcov
2026-03-01T10:37:44.8950599Z   CC_GCOV_IGNORE: 
2026-03-01T10:37:44.8950767Z   CC_GCOV_INCLUDE: 
2026-03-01T10:37:44.8950943Z   CC_GIT_SERVICE: github
2026-03-01T10:37:44.8951149Z   CC_HANDLE_NO_REPORTS_FOUND: false
2026-03-01T10:37:44.8951366Z   CC_JOB_CODE: 
2026-03-01T10:37:44.8951531Z   CC_LEGACY: false
2026-03-01T10:37:44.8951689Z   CC_NAME: 
2026-03-01T10:37:44.8951847Z   CC_NETWORK_FILTER: 
2026-03-01T10:37:44.8952027Z   CC_NETWORK_PREFIX: 
2026-03-01T10:37:44.8952206Z   CC_NETWORK_ROOT_FOLDER: 
2026-03-01T10:37:44.8952394Z   CC_OS: 
2026-03-01T10:37:44.8952543Z   CC_PARENT_SHA: 
2026-03-01T10:37:44.8952712Z   CC_PLUGINS: 
2026-03-01T10:37:44.8952885Z   CC_RECURSE_SUBMODULES: false
2026-03-01T10:37:44.8953089Z   CC_REPORT_TYPE: 
2026-03-01T10:37:44.8953276Z   CC_RUN_CMD: upload-coverage
2026-03-01T10:37:44.8953645Z   CC_SERVICE: github
2026-03-01T10:37:44.8953834Z   CC_SKIP_VALIDATION: false
2026-03-01T10:37:44.8954032Z   CC_SLUG: 
2026-03-01T10:37:44.8954184Z   CC_SWIFT_PROJECT: 
2026-03-01T10:37:44.8954364Z   CC_USE_PYPI: false
2026-03-01T10:37:44.8954541Z   CC_VERBOSE: false
2026-03-01T10:37:44.8954711Z   CC_VERSION: latest
2026-03-01T10:37:44.8954884Z   CC_YML_PATH: 
2026-03-01T10:37:44.8955047Z ##[endgroup]
2026-03-01T10:37:44.9042787Z      _____          _
2026-03-01T10:37:44.9043198Z     / ____|        | |
2026-03-01T10:37:44.9043586Z    | |     ___   __| | ___  ___ _____   __
2026-03-01T10:37:44.9044060Z    | |    / _ \ / _` |/ _ \/ __/ _ \ \ / /
2026-03-01T10:37:44.9044519Z    | |___| (_) | (_| |  __/ (_| (_) \ V /
2026-03-01T10:37:44.9045044Z     \_____\___/ \__,_|\___|\___\___/ \_/
2026-03-01T10:37:44.9045746Z                            [0;31m Wrapper-0.2.1[0m
2026-03-01T10:37:44.9046384Z                                   
2026-03-01T10:37:44.9104216Z [0;32m==>[0m Detected [0;36mlinux[0m
2026-03-01T10:37:44.9105223Z [0;32m ->[0m Downloading [0;36mhttps://cli.codecov.io/latest/linux/codecov[0m
2026-03-01T10:37:44.9158712Z   % Total    % Received % Xferd  Average Speed   Time    Time     Time  Current
2026-03-01T10:37:44.9159434Z                                  Dload  Upload   Total   Spent    Left  Speed
2026-03-01T10:37:44.9162523Z 
2026-03-01T10:37:45.0075865Z   0     0    0     0    0     0      0      0 --:--:-- --:--:-- --:--:--     0
2026-03-01T10:37:45.0076880Z 100 10.6M  100 10.6M    0     0   115M      0 --:--:-- --:--:-- --:--:--  117M
2026-03-01T10:37:45.0097442Z [0;32m==>[0m Finishing downloading [0;36mlinux:latest[0m
2026-03-01T10:37:45.0526420Z       Version: [0;36mv11.2.6[0m
2026-03-01T10:37:45.0526957Z  
2026-03-01T10:37:45.3322169Z gpg: directory '/home/runner/.gnupg' created
2026-03-01T10:37:45.3327265Z gpg: keybox '/home/runner/.gnupg/pubring.kbx' created
2026-03-01T10:37:45.4480290Z gpg: /home/runner/.gnupg/trustdb.gpg: trustdb created
2026-03-01T10:37:45.4481479Z gpg: key 806BB28AED779869: public key "Codecov Uploader (Codecov Uploader Verification Key) <security@codecov.io>" imported
2026-03-01T10:37:45.5416747Z gpg: Total number processed: 1
2026-03-01T10:37:45.5417294Z gpg:               imported: 1
2026-03-01T10:37:45.5422966Z [0;32m==>[0m Verifying GPG signature integrity
2026-03-01T10:37:45.5423748Z [0;32m ->[0m Downloading [0;36mhttps://cli.codecov.io/latest/linux/codecov.SHA256SUM[0m
2026-03-01T10:37:45.5424674Z [0;32m ->[0m Downloading [0;36mhttps://cli.codecov.io/latest/linux/codecov.SHA256SUM.sig[0m
2026-03-01T10:37:45.5425267Z  
2026-03-01T10:37:45.6259091Z gpg: Signature made Fri Dec  5 15:31:48 2025 UTC
2026-03-01T10:37:45.6259876Z gpg:                using RSA key 27034E7FDB850E0BBC2C62FF806BB28AED779869
2026-03-01T10:37:45.6263102Z gpg: Good signature from "Codecov Uploader (Codecov Uploader Verification Key) <security@codecov.io>" [unknown]
2026-03-01T10:37:45.6264187Z gpg: WARNING: This key is not certified with a trusted signature!
2026-03-01T10:37:45.6264979Z gpg:          There is no indication that the signature belongs to the owner.
2026-03-01T10:37:45.6265797Z Primary key fingerprint: 2703 4E7F DB85 0E0B BC2C  62FF 806B B28A ED77 9869
2026-03-01T10:37:45.7276008Z codecov: OK
2026-03-01T10:37:45.7284857Z [0;32m==>[0m CLI integrity verified
2026-03-01T10:37:45.7285121Z 
2026-03-01T10:37:45.7371023Z [0;32m ->[0m Token of length 36 detected
2026-03-01T10:37:45.8005218Z [0;32m==>[0m Running upload-coverage
2026-03-01T10:37:45.8017618Z       [0;36m./codecov  upload-coverage -t <redacted> --git-service github --sha caf9aa157a743f2b69ea16fbb8d0477056d8979c --dir TestResults --gcov-executable gcov[0m
2026-03-01T10:37:46.1528048Z info - 2026-03-01 10:37:46,152 -- ci service found: github-actions
2026-03-01T10:37:46.1959316Z warning - 2026-03-01 10:37:46,195 -- xcrun is not installed or can't be found.
2026-03-01T10:37:46.1968470Z warning - 2026-03-01 10:37:46,196 -- No gcov data found.
2026-03-01T10:37:46.1971911Z warning - 2026-03-01 10:37:46,197 -- coverage.py is not installed or can't be found.
2026-03-01T10:37:46.2135364Z info - 2026-03-01 10:37:46,213 -- Found 3 coverage files to report
2026-03-01T10:37:46.2137052Z info - 2026-03-01 10:37:46,213 -- > TestResults/e6dfa0f1-49b7-43ce-a394-ee0598359045/coverage.cobertura.xml
2026-03-01T10:37:46.2138348Z info - 2026-03-01 10:37:46,213 -- > TestResults/78e0754e-4662-4c2d-bcd6-a3f30e0d7dff/coverage.cobertura.xml
2026-03-01T10:37:46.2139581Z info - 2026-03-01 10:37:46,213 -- > TestResults/5f198632-ff37-4705-9564-0a38c18799f1/coverage.cobertura.xml
2026-03-01T10:37:46.6335091Z info - 2026-03-01 10:37:46,633 -- Your upload is now processing. When finished, results will be available at: https://app.codecov.io/github/pkinerd/hpoll/commit/caf9aa157a743f2b69ea16fbb8d0477056d8979c
2026-03-01T10:37:46.8810910Z info - 2026-03-01 10:37:46,880 -- Process Upload complete
2026-03-01T10:37:47.0916777Z ##[group]Run codecov/codecov-action@18283e04ce6e62d37312384ff67231eb8fd56d24
2026-03-01T10:37:47.0917179Z with:
2026-03-01T10:37:47.0917496Z   token: ***
2026-03-01T10:37:47.0917686Z   files: TestResults/*.junit.xml
2026-03-01T10:37:47.0917916Z   report_type: test_results
2026-03-01T10:37:47.0918128Z   fail_ci_if_error: false
2026-03-01T10:37:47.0918334Z   disable_file_fixes: false
2026-03-01T10:37:47.0918531Z   disable_search: false
2026-03-01T10:37:47.0918734Z   disable_safe_directory: false
2026-03-01T10:37:47.0918942Z   disable_telem: false
2026-03-01T10:37:47.0919130Z   dry_run: false
2026-03-01T10:37:47.0919304Z   git_service: github
2026-03-01T10:37:47.0919487Z   gcov_executable: gcov
2026-03-01T10:37:47.0919689Z   handle_no_reports_found: false
2026-03-01T10:37:47.0919913Z   recurse_submodules: false
2026-03-01T10:37:47.0920124Z   run_command: upload-coverage
2026-03-01T10:37:47.0920339Z   skip_validation: false
2026-03-01T10:37:47.0920577Z   use_legacy_upload_endpoint: false
2026-03-01T10:37:47.0920808Z   use_oidc: false
2026-03-01T10:37:47.0920983Z   use_pypi: false
2026-03-01T10:37:47.0921155Z   verbose: false
2026-03-01T10:37:47.0921325Z   version: latest
2026-03-01T10:37:47.0921491Z env:
2026-03-01T10:37:47.0921654Z   DOTNET_ROOT: /usr/share/dotnet
2026-03-01T10:37:47.0921868Z   CC_FORK: false
2026-03-01T10:37:47.0922081Z   CC_TOKEN: ***
2026-03-01T10:37:47.0922245Z   CC_BRANCH: 
2026-03-01T10:37:47.0922447Z   CC_SHA: caf9aa157a743f2b69ea16fbb8d0477056d8979c
2026-03-01T10:37:47.0922706Z   CC_PR: 
2026-03-01T10:37:47.0922857Z ##[endgroup]
2026-03-01T10:37:47.0939929Z ##[group]Run CC_ACTION_VERSION=$(cat ${GITHUB_ACTION_PATH}/src/version)
2026-03-01T10:37:47.0940366Z [36;1mCC_ACTION_VERSION=$(cat ${GITHUB_ACTION_PATH}/src/version)[0m
2026-03-01T10:37:47.0940792Z [36;1mecho -e "\033[0;32m==>\033[0m Running Action version $CC_ACTION_VERSION"[0m
2026-03-01T10:37:47.0989327Z shell: /usr/bin/bash --noprofile --norc -e -o pipefail {0}
2026-03-01T10:37:47.0989627Z env:
2026-03-01T10:37:47.0989808Z   DOTNET_ROOT: /usr/share/dotnet
2026-03-01T10:37:47.0990023Z   CC_FORK: false
2026-03-01T10:37:47.0990265Z   CC_TOKEN: ***
2026-03-01T10:37:47.0990442Z   CC_BRANCH: 
2026-03-01T10:37:47.0990634Z   CC_SHA: caf9aa157a743f2b69ea16fbb8d0477056d8979c
2026-03-01T10:37:47.0990892Z   CC_PR: 
2026-03-01T10:37:47.0991049Z ##[endgroup]
2026-03-01T10:37:47.1069660Z [0;32m==>[0m Running Action version 5.4.3
2026-03-01T10:37:47.1090271Z ##[group]Run git config --global --add safe.directory "/home/runner/work/hpoll/hpoll"
2026-03-01T10:37:47.1090806Z [36;1mgit config --global --add safe.directory "/home/runner/work/hpoll/hpoll"[0m
2026-03-01T10:37:47.1091296Z [36;1mgit config --global --add safe.directory "$GITHUB_WORKSPACE"[0m
2026-03-01T10:37:47.1134375Z shell: /usr/bin/bash --noprofile --norc -e -o pipefail {0}
2026-03-01T10:37:47.1134681Z env:
2026-03-01T10:37:47.1134859Z   DOTNET_ROOT: /usr/share/dotnet
2026-03-01T10:37:47.1135082Z   CC_FORK: false
2026-03-01T10:37:47.1135332Z   CC_TOKEN: ***
2026-03-01T10:37:47.1135501Z   CC_BRANCH: 
2026-03-01T10:37:47.1135699Z   CC_SHA: caf9aa157a743f2b69ea16fbb8d0477056d8979c
2026-03-01T10:37:47.1136331Z   CC_PR: 
2026-03-01T10:37:47.1136510Z ##[endgroup]
2026-03-01T10:37:47.1251197Z ##[group]Run CC_FORK="false"
2026-03-01T10:37:47.1251433Z [36;1mCC_FORK="false"[0m
2026-03-01T10:37:47.1251966Z [36;1mif [ -n "$GITHUB_EVENT_PULL_REQUEST_HEAD_REPO_FULL_NAME" ] && [ "$GITHUB_EVENT_PULL_REQUEST_HEAD_REPO_FULL_NAME" != "$GITHUB_REPOSITORY" ];[0m
2026-03-01T10:37:47.1252519Z [36;1mthen[0m
2026-03-01T10:37:47.1252734Z [36;1m  echo -e "\033[0;32m==>\033[0m Fork detected"[0m
2026-03-01T10:37:47.1253020Z [36;1m  CC_FORK="true"[0m
2026-03-01T10:37:47.1253212Z [36;1mfi[0m
2026-03-01T10:37:47.1253413Z [36;1mecho "CC_FORK=$CC_FORK" >> "$GITHUB_ENV"[0m
2026-03-01T10:37:47.1296663Z shell: /usr/bin/bash --noprofile --norc -e -o pipefail {0}
2026-03-01T10:37:47.1296970Z env:
2026-03-01T10:37:47.1297146Z   DOTNET_ROOT: /usr/share/dotnet
2026-03-01T10:37:47.1297547Z   CC_FORK: false
2026-03-01T10:37:47.1297792Z   CC_TOKEN: ***
2026-03-01T10:37:47.1297960Z   CC_BRANCH: 
2026-03-01T10:37:47.1298167Z   CC_SHA: caf9aa157a743f2b69ea16fbb8d0477056d8979c
2026-03-01T10:37:47.1298432Z   CC_PR: 
2026-03-01T10:37:47.1298776Z   GITHUB_EVENT_PULL_REQUEST_HEAD_LABEL: pkinerd:claude/review-retention-poll-intervals-AoiB2
2026-03-01T10:37:47.1299270Z   GITHUB_EVENT_PULL_REQUEST_HEAD_REPO_FULL_NAME: pkinerd/hpoll
2026-03-01T10:37:47.1299589Z   GITHUB_REPOSITORY: pkinerd/hpoll
2026-03-01T10:37:47.1299816Z ##[endgroup]
2026-03-01T10:37:47.1399994Z ##[group]Run actions/github-script@v7
2026-03-01T10:37:47.1400236Z with:
2026-03-01T10:37:47.1400800Z   script: if (process.env.CC_USE_OIDC === 'true' && process.env.CC_FORK != 'true') {
  const id_token = await core.getIDToken(process.env.CC_OIDC_AUDIENCE)
  return id_token
}

2026-03-01T10:37:47.1401558Z   github-token: ***
2026-03-01T10:37:47.1401758Z   debug: false
2026-03-01T10:37:47.1401957Z   user-agent: actions/github-script
2026-03-01T10:37:47.1402214Z   result-encoding: json
2026-03-01T10:37:47.1402403Z   retries: 0
2026-03-01T10:37:47.1402611Z   retry-exempt-status-codes: 400,401,403,404,422
2026-03-01T10:37:47.1402883Z env:
2026-03-01T10:37:47.1403046Z   DOTNET_ROOT: /usr/share/dotnet
2026-03-01T10:37:47.1403260Z   CC_FORK: false
2026-03-01T10:37:47.1403472Z   CC_TOKEN: ***
2026-03-01T10:37:47.1403638Z   CC_BRANCH: 
2026-03-01T10:37:47.1403841Z   CC_SHA: caf9aa157a743f2b69ea16fbb8d0477056d8979c
2026-03-01T10:37:47.1404099Z   CC_PR: 
2026-03-01T10:37:47.1404285Z   CC_OIDC_AUDIENCE: https://codecov.io
2026-03-01T10:37:47.1404534Z   CC_USE_OIDC: false
2026-03-01T10:37:47.1404719Z ##[endgroup]
2026-03-01T10:37:47.2333189Z ##[group]Run if [ "false" == 'true' ] && [ "$CC_FORK" != 'true' ];
2026-03-01T10:37:47.2333609Z [36;1mif [ "false" == 'true' ] && [ "$CC_FORK" != 'true' ];[0m
2026-03-01T10:37:47.2333894Z [36;1mthen[0m
2026-03-01T10:37:47.2334113Z [36;1m  echo "CC_TOKEN=$CC_OIDC_TOKEN" >> "$GITHUB_ENV"[0m
2026-03-01T10:37:47.2334410Z [36;1melif [ -n "" ];[0m
2026-03-01T10:37:47.2334600Z [36;1mthen[0m
2026-03-01T10:37:47.2334819Z [36;1m  echo -e "\033[0;32m==>\033[0m Token set from env"[0m
2026-03-01T10:37:47.2335146Z [36;1m    echo "CC_TOKEN=" >> "$GITHUB_ENV"[0m
2026-03-01T10:37:47.2335389Z [36;1melse[0m
2026-03-01T10:37:47.2335678Z [36;1m  if [ -n "***" ];[0m
2026-03-01T10:37:47.2335883Z [36;1m  then[0m
2026-03-01T10:37:47.2336112Z [36;1m    echo -e "\033[0;32m==>\033[0m Token set from input"[0m
2026-03-01T10:37:47.2336887Z [36;1m    CC_TOKEN=$(echo "***" | tr -d '\n')[0m
2026-03-01T10:37:47.2337194Z [36;1m    echo "CC_TOKEN=$CC_TOKEN" >> "$GITHUB_ENV"[0m
2026-03-01T10:37:47.2337457Z [36;1m  fi[0m
2026-03-01T10:37:47.2337625Z [36;1mfi[0m
2026-03-01T10:37:47.2385882Z shell: /usr/bin/bash --noprofile --norc -e -o pipefail {0}
2026-03-01T10:37:47.2386512Z env:
2026-03-01T10:37:47.2386702Z   DOTNET_ROOT: /usr/share/dotnet
2026-03-01T10:37:47.2386924Z   CC_FORK: false
2026-03-01T10:37:47.2387156Z   CC_TOKEN: ***
2026-03-01T10:37:47.2387348Z   CC_BRANCH: 
2026-03-01T10:37:47.2387557Z   CC_SHA: caf9aa157a743f2b69ea16fbb8d0477056d8979c
2026-03-01T10:37:47.2387814Z   CC_PR: 
2026-03-01T10:37:47.2388157Z   CC_OIDC_TOKEN: 
2026-03-01T10:37:47.2388370Z   CC_OIDC_AUDIENCE: https://codecov.io
2026-03-01T10:37:47.2388612Z ##[endgroup]
2026-03-01T10:37:47.2459823Z [0;32m==>[0m Token set from input
2026-03-01T10:37:47.2498909Z ##[group]Run if [ -z "$CC_BRANCH" ] && [ -z "$CC_TOKEN" ] && [ "$CC_FORK" == 'true' ]
2026-03-01T10:37:47.2499482Z [36;1mif [ -z "$CC_BRANCH" ] && [ -z "$CC_TOKEN" ] && [ "$CC_FORK" == 'true' ][0m
2026-03-01T10:37:47.2499817Z [36;1mthen[0m
2026-03-01T10:37:47.2500193Z [36;1m  echo -e "\033[0;32m==>\033[0m Fork detected, setting branch to $GITHUB_EVENT_PULL_REQUEST_HEAD_LABEL"[0m
2026-03-01T10:37:47.2500702Z [36;1m  TOKENLESS="$GITHUB_EVENT_PULL_REQUEST_HEAD_LABEL"[0m
2026-03-01T10:37:47.2501048Z [36;1m  CC_BRANCH="$GITHUB_EVENT_PULL_REQUEST_HEAD_LABEL"[0m
2026-03-01T10:37:47.2501536Z [36;1m  echo "TOKENLESS=$TOKENLESS" >> "$GITHUB_ENV"[0m
2026-03-01T10:37:47.2501808Z [36;1mfi[0m
2026-03-01T10:37:47.2501969Z [36;1m[0m
2026-03-01T10:37:47.2502176Z [36;1mecho "CC_BRANCH=$CC_BRANCH" >> "$GITHUB_ENV"[0m
2026-03-01T10:37:47.2547829Z shell: /usr/bin/bash --noprofile --norc -e -o pipefail {0}
2026-03-01T10:37:47.2548138Z env:
2026-03-01T10:37:47.2548307Z   DOTNET_ROOT: /usr/share/dotnet
2026-03-01T10:37:47.2548529Z   CC_FORK: false
2026-03-01T10:37:47.2548778Z   CC_TOKEN: ***
2026-03-01T10:37:47.2548958Z   CC_BRANCH: 
2026-03-01T10:37:47.2549167Z   CC_SHA: caf9aa157a743f2b69ea16fbb8d0477056d8979c
2026-03-01T10:37:47.2549432Z   CC_PR: 
2026-03-01T10:37:47.2549779Z   GITHUB_EVENT_PULL_REQUEST_HEAD_LABEL: pkinerd:claude/review-retention-poll-intervals-AoiB2
2026-03-01T10:37:47.2550290Z   GITHUB_EVENT_PULL_REQUEST_HEAD_REPO_FULL_NAME: pkinerd/hpoll
2026-03-01T10:37:47.2550608Z   GITHUB_REPOSITORY: pkinerd/hpoll
2026-03-01T10:37:47.2550838Z ##[endgroup]
2026-03-01T10:37:47.2653044Z ##[group]Run if [ -z "$CC_SHA" ];
2026-03-01T10:37:47.2653365Z [36;1mif [ -z "$CC_SHA" ];[0m
2026-03-01T10:37:47.2653598Z [36;1mthen[0m
2026-03-01T10:37:47.2653837Z [36;1m  CC_SHA="$GITHUB_EVENT_PULL_REQUEST_HEAD_SHA"[0m
2026-03-01T10:37:47.2654191Z [36;1mfi[0m
2026-03-01T10:37:47.2658275Z [36;1mif [ -z "$CC_PR" ] && [ "${GITHUB_EVENT_NAME}" == "pull_request_target" ];[0m
2026-03-01T10:37:47.2658853Z [36;1mthen[0m
2026-03-01T10:37:47.2659158Z [36;1m  CC_PR="$GITHUB_EVENT_NUMBER"[0m
2026-03-01T10:37:47.2659523Z [36;1mfi[0m
2026-03-01T10:37:47.2659770Z [36;1m[0m
2026-03-01T10:37:47.2660065Z [36;1mecho "CC_SHA=$CC_SHA" >> "$GITHUB_ENV"[0m
2026-03-01T10:37:47.2660503Z [36;1mecho "CC_PR=$CC_PR" >> "$GITHUB_ENV"[0m
2026-03-01T10:37:47.2704419Z shell: /usr/bin/bash --noprofile --norc -e -o pipefail {0}
2026-03-01T10:37:47.2704724Z env:
2026-03-01T10:37:47.2704892Z   DOTNET_ROOT: /usr/share/dotnet
2026-03-01T10:37:47.2705106Z   CC_FORK: false
2026-03-01T10:37:47.2705377Z   CC_TOKEN: ***
2026-03-01T10:37:47.2705554Z   CC_BRANCH: 
2026-03-01T10:37:47.2705713Z   CC_SHA: 
2026-03-01T10:37:47.2705854Z   CC_PR: 
2026-03-01T10:37:47.2706017Z   GITHUB_EVENT_NAME: pull_request
2026-03-01T10:37:47.2706487Z   GITHUB_EVENT_NUMBER: 30
2026-03-01T10:37:47.2706805Z   GITHUB_EVENT_PULL_REQUEST_HEAD_SHA: caf9aa157a743f2b69ea16fbb8d0477056d8979c
2026-03-01T10:37:47.2707154Z ##[endgroup]
2026-03-01T10:37:47.2795263Z ##[group]Run ${GITHUB_ACTION_PATH}/dist/codecov.sh
2026-03-01T10:37:47.2795579Z [36;1m${GITHUB_ACTION_PATH}/dist/codecov.sh[0m
2026-03-01T10:37:47.2838614Z shell: /usr/bin/bash --noprofile --norc -e -o pipefail {0}
2026-03-01T10:37:47.2838917Z env:
2026-03-01T10:37:47.2839093Z   DOTNET_ROOT: /usr/share/dotnet
2026-03-01T10:37:47.2839307Z   CC_FORK: false
2026-03-01T10:37:47.2839548Z   CC_TOKEN: ***
2026-03-01T10:37:47.2839714Z   CC_BRANCH: 
2026-03-01T10:37:47.2839911Z   CC_SHA: caf9aa157a743f2b69ea16fbb8d0477056d8979c
2026-03-01T10:37:47.2840169Z   CC_PR: 
2026-03-01T10:37:47.2840319Z   CC_BASE_SHA: 
2026-03-01T10:37:47.2840490Z   CC_BINARY: 
2026-03-01T10:37:47.2840649Z   CC_BUILD: 
2026-03-01T10:37:47.2840803Z   CC_BUILD_URL: 
2026-03-01T10:37:47.2840965Z   CC_CODE: 
2026-03-01T10:37:47.2841279Z   CC_DIR: 
2026-03-01T10:37:47.2841448Z   CC_DISABLE_FILE_FIXES: false
2026-03-01T10:37:47.2841671Z   CC_DISABLE_SEARCH: false
2026-03-01T10:37:47.2841871Z   CC_DISABLE_TELEM: false
2026-03-01T10:37:47.2842066Z   CC_DRY_RUN: false
2026-03-01T10:37:47.2842243Z   CC_ENTERPRISE_URL: 
2026-03-01T10:37:47.2842421Z   CC_ENV: 
2026-03-01T10:37:47.2842576Z   CC_EXCLUDES: 
2026-03-01T10:37:47.2842744Z   CC_FAIL_ON_ERROR: false
2026-03-01T10:37:47.2842953Z   CC_FILES: TestResults/*.junit.xml
2026-03-01T10:37:47.2843189Z   CC_FLAGS: 
2026-03-01T10:37:47.2843341Z   CC_FORCE: 
2026-03-01T10:37:47.2843494Z   CC_GCOV_ARGS: 
2026-03-01T10:37:47.2843664Z   CC_GCOV_EXECUTABLE: gcov
2026-03-01T10:37:47.2843862Z   CC_GCOV_IGNORE: 
2026-03-01T10:37:47.2844036Z   CC_GCOV_INCLUDE: 
2026-03-01T10:37:47.2844208Z   CC_GIT_SERVICE: github
2026-03-01T10:37:47.2844542Z   CC_HANDLE_NO_REPORTS_FOUND: false
2026-03-01T10:37:47.2844760Z   CC_JOB_CODE: 
2026-03-01T10:37:47.2844924Z   CC_LEGACY: false
2026-03-01T10:37:47.2845097Z   CC_NAME: 
2026-03-01T10:37:47.2845251Z   CC_NETWORK_FILTER: 
2026-03-01T10:37:47.2845433Z   CC_NETWORK_PREFIX: 
2026-03-01T10:37:47.2845611Z   CC_NETWORK_ROOT_FOLDER: 
2026-03-01T10:37:47.2845799Z   CC_OS: 
2026-03-01T10:37:47.2845953Z   CC_PARENT_SHA: 
2026-03-01T10:37:47.2846120Z   CC_PLUGINS: 
2026-03-01T10:37:47.2846417Z   CC_RECURSE_SUBMODULES: false
2026-03-01T10:37:47.2846628Z   CC_REPORT_TYPE: test_results
2026-03-01T10:37:47.2846844Z   CC_RUN_CMD: upload-coverage
2026-03-01T10:37:47.2847051Z   CC_SERVICE: github
2026-03-01T10:37:47.2847233Z   CC_SKIP_VALIDATION: false
2026-03-01T10:37:47.2847426Z   CC_SLUG: 
2026-03-01T10:37:47.2847578Z   CC_SWIFT_PROJECT: 
2026-03-01T10:37:47.2847755Z   CC_USE_PYPI: false
2026-03-01T10:37:47.2847926Z   CC_VERBOSE: false
2026-03-01T10:37:47.2848093Z   CC_VERSION: latest
2026-03-01T10:37:47.2848268Z   CC_YML_PATH: 
2026-03-01T10:37:47.2848436Z ##[endgroup]
2026-03-01T10:37:47.2934098Z      _____          _
2026-03-01T10:37:47.2934451Z     / ____|        | |
2026-03-01T10:37:47.2934822Z    | |     ___   __| | ___  ___ _____   __
2026-03-01T10:37:47.2935250Z    | |    / _ \ / _` |/ _ \/ __/ _ \ \ / /
2026-03-01T10:37:47.2935675Z    | |___| (_) | (_| |  __/ (_| (_) \ V /
2026-03-01T10:37:47.2936100Z     \_____\___/ \__,_|\___|\___\___/ \_/
2026-03-01T10:37:47.2937018Z                            [0;31m Wrapper-0.2.1[0m
2026-03-01T10:37:47.2937498Z                                   
2026-03-01T10:37:47.2987379Z [0;32m==>[0m Detected [0;36mlinux[0m
2026-03-01T10:37:47.2987981Z [0;32m ->[0m Downloading [0;36mhttps://cli.codecov.io/latest/linux/codecov[0m
2026-03-01T10:37:47.3042360Z   % Total    % Received % Xferd  Average Speed   Time    Time     Time  Current
2026-03-01T10:37:47.3043083Z                                  Dload  Upload   Total   Spent    Left  Speed
2026-03-01T10:37:47.3043469Z 
2026-03-01T10:37:47.3845732Z   0     0    0     0    0     0      0      0 --:--:-- --:--:-- --:--:--     0
2026-03-01T10:37:47.3846910Z 100 10.6M  100 10.6M    0     0   132M      0 --:--:-- --:--:-- --:--:--  133M
2026-03-01T10:37:47.3895268Z [0;32m==>[0m Finishing downloading [0;36mlinux:latest[0m
2026-03-01T10:37:47.4341786Z       Version: [0;36mv11.2.6[0m
2026-03-01T10:37:47.4342220Z  
2026-03-01T10:37:47.6842168Z gpg: key 806BB28AED779869: "Codecov Uploader (Codecov Uploader Verification Key) <security@codecov.io>" not changed
2026-03-01T10:37:47.6842841Z gpg: Total number processed: 1
2026-03-01T10:37:47.6843129Z gpg:              unchanged: 1
2026-03-01T10:37:47.6847126Z [0;32m==>[0m Verifying GPG signature integrity
2026-03-01T10:37:47.6848175Z [0;32m ->[0m Downloading [0;36mhttps://cli.codecov.io/latest/linux/codecov.SHA256SUM[0m
2026-03-01T10:37:47.6849875Z [0;32m ->[0m Downloading [0;36mhttps://cli.codecov.io/latest/linux/codecov.SHA256SUM.sig[0m
2026-03-01T10:37:47.6850754Z  
2026-03-01T10:37:47.7665918Z gpg: Signature made Fri Dec  5 15:31:48 2025 UTC
2026-03-01T10:37:47.7666794Z gpg:                using RSA key 27034E7FDB850E0BBC2C62FF806BB28AED779869
2026-03-01T10:37:47.7669955Z gpg: Good signature from "Codecov Uploader (Codecov Uploader Verification Key) <security@codecov.io>" [unknown]
2026-03-01T10:37:47.7671027Z gpg: WARNING: This key is not certified with a trusted signature!
2026-03-01T10:37:47.7671812Z gpg:          There is no indication that the signature belongs to the owner.
2026-03-01T10:37:47.7672637Z Primary key fingerprint: 2703 4E7F DB85 0E0B BC2C  62FF 806B B28A ED77 9869
2026-03-01T10:37:47.8294306Z codecov: OK
2026-03-01T10:37:47.8304145Z [0;32m==>[0m CLI integrity verified
2026-03-01T10:37:47.8304464Z 
2026-03-01T10:37:47.8393633Z [0;32m ->[0m Token of length 36 detected
2026-03-01T10:37:47.9037673Z [0;32m==>[0m Running upload-coverage
2026-03-01T10:37:47.9049161Z       [0;36m./codecov  upload-coverage -t <redacted> --git-service github --sha caf9aa157a743f2b69ea16fbb8d0477056d8979c --file TestResults/*.junit.xml --gcov-executable gcov --report-type test_results[0m
2026-03-01T10:37:48.2548241Z info - 2026-03-01 10:37:48,254 -- ci service found: github-actions
2026-03-01T10:37:48.2980300Z info - 2026-03-01 10:37:48,297 -- Using token to create a commit for protected branch `claude/review-retention-poll-intervals-AoiB2`
2026-03-01T10:37:48.6789503Z info - 2026-03-01 10:37:48,678 -- Process Commit creating complete
2026-03-01T10:37:48.7224383Z warning - 2026-03-01 10:37:48,722 -- Some files were not found --- {"not_found_files": ["TestResults/*.junit.xml"]}
2026-03-01T10:37:48.7531057Z info - 2026-03-01 10:37:48,752 -- Found 3 test_results files to report
2026-03-01T10:37:48.7532497Z info - 2026-03-01 10:37:48,753 -- > /home/runner/work/hpoll/hpoll/tests/Hpoll.Admin.Tests/TestResults/Hpoll.Admin.Tests.junit.xml
2026-03-01T10:37:48.7534295Z info - 2026-03-01 10:37:48,753 -- > /home/runner/work/hpoll/hpoll/tests/Hpoll.Core.Tests/TestResults/Hpoll.Core.Tests.junit.xml
2026-03-01T10:37:48.7536378Z info - 2026-03-01 10:37:48,753 -- > /home/runner/work/hpoll/hpoll/tests/Hpoll.Worker.Tests/TestResults/Hpoll.Worker.Tests.junit.xml
2026-03-01T10:37:49.2907239Z info - 2026-03-01 10:37:49,290 -- Process Upload complete
2026-03-01T10:37:49.4101514Z ##[group]Run actions/upload-artifact@330a01c490aca151604b8cf639adc76d48f6c5d4
2026-03-01T10:37:49.4101902Z with:
2026-03-01T10:37:49.4102065Z   name: test-reports
2026-03-01T10:37:49.4102262Z   path: TestResults/

2026-03-01T10:37:49.4102465Z   if-no-files-found: warn
2026-03-01T10:37:49.4102665Z   compression-level: 6
2026-03-01T10:37:49.4102856Z   overwrite: false
2026-03-01T10:37:49.4103058Z   include-hidden-files: false
2026-03-01T10:37:49.4103264Z env:
2026-03-01T10:37:49.4103430Z   DOTNET_ROOT: /usr/share/dotnet
2026-03-01T10:37:49.4103643Z   CC_FORK: false
2026-03-01T10:37:49.4103908Z   CC_TOKEN: ***
2026-03-01T10:37:49.4104071Z   CC_BRANCH: 
2026-03-01T10:37:49.4104274Z   CC_SHA: caf9aa157a743f2b69ea16fbb8d0477056d8979c
2026-03-01T10:37:49.4104534Z   CC_PR: 
2026-03-01T10:37:49.4104682Z ##[endgroup]
2026-03-01T10:37:49.6259472Z With the provided path, there will be 3 files uploaded
2026-03-01T10:37:49.6265370Z Artifact name is valid!
2026-03-01T10:37:49.6266749Z Root directory input is valid!
2026-03-01T10:37:49.8904214Z Beginning upload of artifact content to blob storage
2026-03-01T10:37:50.2628574Z Uploaded bytes 32021
2026-03-01T10:37:50.3379616Z Finished uploading artifact content to blob storage!
2026-03-01T10:37:50.3383197Z SHA256 digest of uploaded artifact zip is 3abb6950a4c6d5f7eda44bc87bb394b441281848113dc61ab6a6722e8167cf08
2026-03-01T10:37:50.3384726Z Finalizing artifact upload
2026-03-01T10:37:50.4664588Z Artifact test-reports.zip successfully finalized. Artifact ID 5709345418
2026-03-01T10:37:50.4666099Z Artifact test-reports has been successfully uploaded! Final size is 32021 bytes. Artifact ID is 5709345418
2026-03-01T10:37:50.4673654Z Artifact download URL: https://github.com/pkinerd/hpoll/actions/runs/22541617007/artifacts/5709345418
2026-03-01T10:37:50.4811179Z Post job cleanup.
2026-03-01T10:37:50.6360349Z Post job cleanup.
2026-03-01T10:37:50.7316909Z [command]/usr/bin/git version
2026-03-01T10:37:50.7353268Z git version 2.53.0
2026-03-01T10:37:50.7398075Z Copying '/home/runner/.gitconfig' to '/home/runner/work/_temp/ef8b3dbf-eaec-4d73-aafe-68a439be0187/.gitconfig'
2026-03-01T10:37:50.7407915Z Temporarily overriding HOME='/home/runner/work/_temp/ef8b3dbf-eaec-4d73-aafe-68a439be0187' before making global git config changes
2026-03-01T10:37:50.7409308Z Adding repository directory to the temporary git global config as a safe directory
2026-03-01T10:37:50.7413607Z [command]/usr/bin/git config --global --add safe.directory /home/runner/work/hpoll/hpoll
2026-03-01T10:37:50.7449136Z [command]/usr/bin/git config --local --name-only --get-regexp core\.sshCommand
2026-03-01T10:37:50.7482849Z [command]/usr/bin/git submodule foreach --recursive sh -c "git config --local --name-only --get-regexp 'core\.sshCommand' && git config --local --unset-all 'core.sshCommand' || :"
2026-03-01T10:37:50.7725114Z [command]/usr/bin/git config --local --name-only --get-regexp http\.https\:\/\/github\.com\/\.extraheader
2026-03-01T10:37:50.7747073Z http.https://github.com/.extraheader
2026-03-01T10:37:50.7760636Z [command]/usr/bin/git config --local --unset-all http.https://github.com/.extraheader
2026-03-01T10:37:50.7793237Z [command]/usr/bin/git submodule foreach --recursive sh -c "git config --local --name-only --get-regexp 'http\.https\:\/\/github\.com\/\.extraheader' && git config --local --unset-all 'http.https://github.com/.extraheader' || :"
2026-03-01T10:37:50.8129494Z Cleaning up orphan processes
2026-03-01T10:37:50.8492938Z Terminate orphan process: pid (2550) (dotnet)
2026-03-01T10:37:50.8513057Z Terminate orphan process: pid (2551) (dotnet)
2026-03-01T10:37:50.8532108Z Terminate orphan process: pid (2552) (dotnet)
2026-03-01T10:37:50.8562934Z Terminate orphan process: pid (2699) (VBCSCompiler)
