2026-03-01T11:19:05.5983594Z Current runner version: '2.331.0'
2026-03-01T11:19:05.6007204Z ##[group]Runner Image Provisioner
2026-03-01T11:19:05.6008182Z Hosted Compute Agent
2026-03-01T11:19:05.6008762Z Version: 20260213.493
2026-03-01T11:19:05.6009397Z Commit: 5c115507f6dd24b8de37d8bbe0bb4509d0cc0fa3
2026-03-01T11:19:05.6010160Z Build Date: 2026-02-13T00:28:41Z
2026-03-01T11:19:05.6010851Z Worker ID: {4ee6eb8f-d180-4186-a5c3-bcef600cc810}
2026-03-01T11:19:05.6011864Z Azure Region: centralus
2026-03-01T11:19:05.6012572Z ##[endgroup]
2026-03-01T11:19:05.6014064Z ##[group]Operating System
2026-03-01T11:19:05.6014698Z Ubuntu
2026-03-01T11:19:05.6015291Z 24.04.3
2026-03-01T11:19:05.6015727Z LTS
2026-03-01T11:19:05.6016247Z ##[endgroup]
2026-03-01T11:19:05.6016825Z ##[group]Runner Image
2026-03-01T11:19:05.6017372Z Image: ubuntu-24.04
2026-03-01T11:19:05.6017933Z Version: 20260224.36.1
2026-03-01T11:19:05.6019147Z Included Software: https://github.com/actions/runner-images/blob/ubuntu24/20260224.36/images/ubuntu/Ubuntu2404-Readme.md
2026-03-01T11:19:05.6020612Z Image Release: https://github.com/actions/runner-images/releases/tag/ubuntu24%2F20260224.36
2026-03-01T11:19:05.6021961Z ##[endgroup]
2026-03-01T11:19:05.6023036Z ##[group]GITHUB_TOKEN Permissions
2026-03-01T11:19:05.6024971Z Contents: read
2026-03-01T11:19:05.6025595Z Metadata: read
2026-03-01T11:19:05.6026120Z ##[endgroup]
2026-03-01T11:19:05.6028265Z Secret source: Actions
2026-03-01T11:19:05.6029066Z Prepare workflow directory
2026-03-01T11:19:05.6418455Z Prepare all required actions
2026-03-01T11:19:05.6464464Z Getting action download info
2026-03-01T11:19:06.0333096Z Download action repository 'actions/checkout@692973e3d937129bcbf40652eb9f2f61becf3332' (SHA:692973e3d937129bcbf40652eb9f2f61becf3332)
2026-03-01T11:19:06.2862183Z Download action repository 'actions/setup-dotnet@3e891b0cb619bf60e2c25674b222b8940e2c1c25' (SHA:3e891b0cb619bf60e2c25674b222b8940e2c1c25)
2026-03-01T11:19:06.7928308Z Download action repository 'codecov/codecov-action@18283e04ce6e62d37312384ff67231eb8fd56d24' (SHA:18283e04ce6e62d37312384ff67231eb8fd56d24)
2026-03-01T11:19:07.1568525Z Download action repository 'actions/upload-artifact@330a01c490aca151604b8cf639adc76d48f6c5d4' (SHA:330a01c490aca151604b8cf639adc76d48f6c5d4)
2026-03-01T11:19:07.5290228Z Getting action download info
2026-03-01T11:19:07.6504777Z Download action repository 'actions/github-script@v7' (SHA:f28e40c7f34bde8b3046d885e986cb6290c5673b)
2026-03-01T11:19:08.2330374Z Getting action download info
2026-03-01T11:19:08.4413838Z Complete job name: Build & Test
2026-03-01T11:19:08.5328136Z ##[group]Run actions/checkout@692973e3d937129bcbf40652eb9f2f61becf3332
2026-03-01T11:19:08.5329857Z with:
2026-03-01T11:19:08.5330591Z   repository: pkinerd/hpoll
2026-03-01T11:19:08.5331942Z   token: ***
2026-03-01T11:19:08.5332673Z   ssh-strict: true
2026-03-01T11:19:08.5333406Z   ssh-user: git
2026-03-01T11:19:08.5334175Z   persist-credentials: true
2026-03-01T11:19:08.5335028Z   clean: true
2026-03-01T11:19:08.5335786Z   sparse-checkout-cone-mode: true
2026-03-01T11:19:08.5336722Z   fetch-depth: 1
2026-03-01T11:19:08.5337451Z   fetch-tags: false
2026-03-01T11:19:08.5338202Z   show-progress: true
2026-03-01T11:19:08.5338963Z   lfs: false
2026-03-01T11:19:08.5339650Z   submodules: false
2026-03-01T11:19:08.5340415Z   set-safe-directory: true
2026-03-01T11:19:08.5341713Z ##[endgroup]
2026-03-01T11:19:08.6489635Z Syncing repository: pkinerd/hpoll
2026-03-01T11:19:08.6493415Z ##[group]Getting Git version info
2026-03-01T11:19:08.6495399Z Working directory is '/home/runner/work/hpoll/hpoll'
2026-03-01T11:19:08.6498234Z [command]/usr/bin/git version
2026-03-01T11:19:08.6555448Z git version 2.53.0
2026-03-01T11:19:08.6583159Z ##[endgroup]
2026-03-01T11:19:08.6607305Z Temporarily overriding HOME='/home/runner/work/_temp/52abe6b1-d758-44cb-bfb3-0670d7214d96' before making global git config changes
2026-03-01T11:19:08.6612182Z Adding repository directory to the temporary git global config as a safe directory
2026-03-01T11:19:08.6615709Z [command]/usr/bin/git config --global --add safe.directory /home/runner/work/hpoll/hpoll
2026-03-01T11:19:08.6655338Z Deleting the contents of '/home/runner/work/hpoll/hpoll'
2026-03-01T11:19:08.6659056Z ##[group]Initializing the repository
2026-03-01T11:19:08.6663198Z [command]/usr/bin/git init /home/runner/work/hpoll/hpoll
2026-03-01T11:19:08.6798560Z hint: Using 'master' as the name for the initial branch. This default branch name
2026-03-01T11:19:08.6800410Z hint: will change to "main" in Git 3.0. To configure the initial branch name
2026-03-01T11:19:08.6802976Z hint: to use in all of your new repositories, which will suppress this warning,
2026-03-01T11:19:08.6804544Z hint: call:
2026-03-01T11:19:08.6805227Z hint:
2026-03-01T11:19:08.6806106Z hint: 	git config --global init.defaultBranch <name>
2026-03-01T11:19:08.6807161Z hint:
2026-03-01T11:19:08.6808389Z hint: Names commonly chosen instead of 'master' are 'main', 'trunk' and
2026-03-01T11:19:08.6810058Z hint: 'development'. The just-created branch can be renamed via this command:
2026-03-01T11:19:08.6811631Z hint:
2026-03-01T11:19:08.6812384Z hint: 	git branch -m <name>
2026-03-01T11:19:08.6813204Z hint:
2026-03-01T11:19:08.6814688Z hint: Disable this message with "git config set advice.defaultBranchName false"
2026-03-01T11:19:08.6816461Z Initialized empty Git repository in /home/runner/work/hpoll/hpoll/.git/
2026-03-01T11:19:08.6819180Z [command]/usr/bin/git remote add origin https://github.com/pkinerd/hpoll
2026-03-01T11:19:08.6853011Z ##[endgroup]
2026-03-01T11:19:08.6854334Z ##[group]Disabling automatic garbage collection
2026-03-01T11:19:08.6857053Z [command]/usr/bin/git config --local gc.auto 0
2026-03-01T11:19:08.6887035Z ##[endgroup]
2026-03-01T11:19:08.6888252Z ##[group]Setting up auth
2026-03-01T11:19:08.6894321Z [command]/usr/bin/git config --local --name-only --get-regexp core\.sshCommand
2026-03-01T11:19:08.6925400Z [command]/usr/bin/git submodule foreach --recursive sh -c "git config --local --name-only --get-regexp 'core\.sshCommand' && git config --local --unset-all 'core.sshCommand' || :"
2026-03-01T11:19:08.7307877Z [command]/usr/bin/git config --local --name-only --get-regexp http\.https\:\/\/github\.com\/\.extraheader
2026-03-01T11:19:08.7339296Z [command]/usr/bin/git submodule foreach --recursive sh -c "git config --local --name-only --get-regexp 'http\.https\:\/\/github\.com\/\.extraheader' && git config --local --unset-all 'http.https://github.com/.extraheader' || :"
2026-03-01T11:19:08.7572423Z [command]/usr/bin/git config --local http.https://github.com/.extraheader AUTHORIZATION: basic ***
2026-03-01T11:19:08.7608929Z ##[endgroup]
2026-03-01T11:19:08.7611441Z ##[group]Fetching the repository
2026-03-01T11:19:08.7621813Z [command]/usr/bin/git -c protocol.version=2 fetch --no-tags --prune --no-recurse-submodules --depth=1 origin +d97a36ae36d5ff335ae5d9efd532e22bb51c4f79:refs/remotes/origin/claude/configurable-email-send-times-pwqeQ
2026-03-01T11:19:09.1583118Z From https://github.com/pkinerd/hpoll
2026-03-01T11:19:09.1584613Z  * [new ref]         d97a36ae36d5ff335ae5d9efd532e22bb51c4f79 -> origin/claude/configurable-email-send-times-pwqeQ
2026-03-01T11:19:09.1617000Z ##[endgroup]
2026-03-01T11:19:09.1617754Z ##[group]Determining the checkout info
2026-03-01T11:19:09.1620961Z ##[endgroup]
2026-03-01T11:19:09.1625803Z [command]/usr/bin/git sparse-checkout disable
2026-03-01T11:19:09.1667913Z [command]/usr/bin/git config --local --unset-all extensions.worktreeConfig
2026-03-01T11:19:09.1696622Z ##[group]Checking out the ref
2026-03-01T11:19:09.1700734Z [command]/usr/bin/git checkout --progress --force -B claude/configurable-email-send-times-pwqeQ refs/remotes/origin/claude/configurable-email-send-times-pwqeQ
2026-03-01T11:19:09.1824915Z Switched to a new branch 'claude/configurable-email-send-times-pwqeQ'
2026-03-01T11:19:09.1828156Z branch 'claude/configurable-email-send-times-pwqeQ' set up to track 'origin/claude/configurable-email-send-times-pwqeQ'.
2026-03-01T11:19:09.1833919Z ##[endgroup]
2026-03-01T11:19:09.1869264Z [command]/usr/bin/git log -1 --format='%H'
2026-03-01T11:19:09.1892945Z 'd97a36ae36d5ff335ae5d9efd532e22bb51c4f79'
2026-03-01T11:19:09.2089113Z ##[group]Run actions/setup-dotnet@3e891b0cb619bf60e2c25674b222b8940e2c1c25
2026-03-01T11:19:09.2089561Z with:
2026-03-01T11:19:09.2089796Z   dotnet-version: 8.0.x
2026-03-01T11:19:09.2090048Z   cache: false
2026-03-01T11:19:09.2090275Z ##[endgroup]
2026-03-01T11:19:09.3832381Z [command]/home/runner/work/_actions/actions/setup-dotnet/3e891b0cb619bf60e2c25674b222b8940e2c1c25/externals/install-dotnet.sh --skip-non-versioned-files --runtime dotnet --channel LTS
2026-03-01T11:19:09.7470736Z dotnet-install: Attempting to download using aka.ms link https://builds.dotnet.microsoft.com/dotnet/Runtime/10.0.3/dotnet-runtime-10.0.3-linux-x64.tar.gz
2026-03-01T11:19:10.0778103Z dotnet-install: Remote file https://builds.dotnet.microsoft.com/dotnet/Runtime/10.0.3/dotnet-runtime-10.0.3-linux-x64.tar.gz size is 36636310 bytes.
2026-03-01T11:19:10.0780695Z dotnet-install: Extracting archive from https://builds.dotnet.microsoft.com/dotnet/Runtime/10.0.3/dotnet-runtime-10.0.3-linux-x64.tar.gz
2026-03-01T11:19:10.7582052Z dotnet-install: Downloaded file size is 36636310 bytes.
2026-03-01T11:19:10.7583158Z dotnet-install: The remote and local file sizes are equal.
2026-03-01T11:19:10.7909152Z dotnet-install: Installed version is 10.0.3
2026-03-01T11:19:10.7972372Z dotnet-install: Adding to current process PATH: `/usr/share/dotnet`. Note: This change will be visible only when sourcing script.
2026-03-01T11:19:10.7974298Z dotnet-install: Note that the script does not resolve dependencies during installation.
2026-03-01T11:19:10.7975943Z dotnet-install: To check the list of dependencies, go to https://learn.microsoft.com/dotnet/core/install, select your operating system and check the "Dependencies" section.
2026-03-01T11:19:10.7976814Z dotnet-install: Installation finished successfully.
2026-03-01T11:19:10.8005255Z [command]/home/runner/work/_actions/actions/setup-dotnet/3e891b0cb619bf60e2c25674b222b8940e2c1c25/externals/install-dotnet.sh --skip-non-versioned-files --channel 8.0
2026-03-01T11:19:11.1700143Z dotnet-install: .NET Core SDK with version '8.0.418' is already installed.
2026-03-01T11:19:11.1847682Z ##[group]Run dotnet restore
2026-03-01T11:19:11.1848011Z [36;1mdotnet restore[0m
2026-03-01T11:19:11.1900661Z shell: /usr/bin/bash -e {0}
2026-03-01T11:19:11.1900944Z env:
2026-03-01T11:19:11.1901352Z   DOTNET_ROOT: /usr/share/dotnet
2026-03-01T11:19:11.1901590Z ##[endgroup]
2026-03-01T11:19:14.4904103Z   Determining projects to restore...
2026-03-01T11:19:20.3418539Z   Restored /home/runner/work/hpoll/hpoll/src/Hpoll.Admin/Hpoll.Admin.csproj (in 4.79 sec).
2026-03-01T11:19:20.3446702Z   Restored /home/runner/work/hpoll/hpoll/src/Hpoll.Data/Hpoll.Data.csproj (in 4.79 sec).
2026-03-01T11:19:20.3453411Z   Restored /home/runner/work/hpoll/hpoll/src/Hpoll.Email/Hpoll.Email.csproj (in 4.79 sec).
2026-03-01T11:19:20.3545391Z   Restored /home/runner/work/hpoll/hpoll/src/Hpoll.Core/Hpoll.Core.csproj (in 6 ms).
2026-03-01T11:19:20.5203944Z   Restored /home/runner/work/hpoll/hpoll/tests/Hpoll.Admin.Tests/Hpoll.Admin.Tests.csproj (in 162 ms).
2026-03-01T11:19:20.5244225Z   Restored /home/runner/work/hpoll/hpoll/tests/Hpoll.Core.Tests/Hpoll.Core.Tests.csproj (in 4.98 sec).
2026-03-01T11:19:20.7987118Z   Restored /home/runner/work/hpoll/hpoll/src/Hpoll.Worker/Hpoll.Worker.csproj (in 437 ms).
2026-03-01T11:19:20.8040306Z   Restored /home/runner/work/hpoll/hpoll/tests/Hpoll.Worker.Tests/Hpoll.Worker.Tests.csproj (in 447 ms).
2026-03-01T11:19:20.8485373Z ##[group]Run dotnet build --no-restore -c Release
2026-03-01T11:19:20.8485778Z [36;1mdotnet build --no-restore -c Release[0m
2026-03-01T11:19:20.8535716Z shell: /usr/bin/bash -e {0}
2026-03-01T11:19:20.8536012Z env:
2026-03-01T11:19:20.8536239Z   DOTNET_ROOT: /usr/share/dotnet
2026-03-01T11:19:20.8536467Z ##[endgroup]
2026-03-01T11:19:27.2089777Z   Hpoll.Core -> /home/runner/work/hpoll/hpoll/src/Hpoll.Core/bin/Release/net8.0/Hpoll.Core.dll
2026-03-01T11:19:28.3405951Z   Hpoll.Data -> /home/runner/work/hpoll/hpoll/src/Hpoll.Data/bin/Release/net8.0/Hpoll.Data.dll
2026-03-01T11:19:28.9886124Z   Hpoll.Email -> /home/runner/work/hpoll/hpoll/src/Hpoll.Email/bin/Release/net8.0/Hpoll.Email.dll
2026-03-01T11:19:32.3252037Z   Hpoll.Admin -> /home/runner/work/hpoll/hpoll/src/Hpoll.Admin/bin/Release/net8.0/Hpoll.Admin.dll
2026-03-01T11:19:32.6810845Z   Hpoll.Worker -> /home/runner/work/hpoll/hpoll/src/Hpoll.Worker/bin/Release/net8.0/Hpoll.Worker.dll
2026-03-01T11:19:33.5084969Z   Hpoll.Core.Tests -> /home/runner/work/hpoll/hpoll/tests/Hpoll.Core.Tests/bin/Release/net8.0/Hpoll.Core.Tests.dll
2026-03-01T11:19:33.8136044Z   Hpoll.Admin.Tests -> /home/runner/work/hpoll/hpoll/tests/Hpoll.Admin.Tests/bin/Release/net8.0/Hpoll.Admin.Tests.dll
2026-03-01T11:19:34.3357890Z   Hpoll.Worker.Tests -> /home/runner/work/hpoll/hpoll/tests/Hpoll.Worker.Tests/bin/Release/net8.0/Hpoll.Worker.Tests.dll
2026-03-01T11:19:34.3557104Z 
2026-03-01T11:19:34.3562475Z Build succeeded.
2026-03-01T11:19:34.3563387Z     0 Warning(s)
2026-03-01T11:19:34.3565120Z     0 Error(s)
2026-03-01T11:19:34.3565373Z 
2026-03-01T11:19:34.3565701Z Time Elapsed 00:00:13.22
2026-03-01T11:19:34.3845126Z ##[group]Run dotnet test --no-build -c Release \
2026-03-01T11:19:34.3845514Z [36;1mdotnet test --no-build -c Release \[0m
2026-03-01T11:19:34.3845831Z [36;1m  --settings coverlet.runsettings \[0m
2026-03-01T11:19:34.3846114Z [36;1m  --collect:"XPlat Code Coverage" \[0m
2026-03-01T11:19:34.3846459Z [36;1m  --logger "junit;LogFilePath=TestResults/{assembly}.junit.xml" \[0m
2026-03-01T11:19:34.3846832Z [36;1m  --results-directory TestResults[0m
2026-03-01T11:19:34.3894939Z shell: /usr/bin/bash -e {0}
2026-03-01T11:19:34.3895172Z env:
2026-03-01T11:19:34.3895342Z   DOTNET_ROOT: /usr/share/dotnet
2026-03-01T11:19:34.3895566Z ##[endgroup]
2026-03-01T11:19:35.7257594Z Test run for /home/runner/work/hpoll/hpoll/tests/Hpoll.Core.Tests/bin/Release/net8.0/Hpoll.Core.Tests.dll (.NETCoreApp,Version=v8.0)
2026-03-01T11:19:35.7605727Z Test run for /home/runner/work/hpoll/hpoll/tests/Hpoll.Worker.Tests/bin/Release/net8.0/Hpoll.Worker.Tests.dll (.NETCoreApp,Version=v8.0)
2026-03-01T11:19:35.7905776Z Test run for /home/runner/work/hpoll/hpoll/tests/Hpoll.Admin.Tests/bin/Release/net8.0/Hpoll.Admin.Tests.dll (.NETCoreApp,Version=v8.0)
2026-03-01T11:19:35.9804908Z VSTest version 18.0.1 (x64)
2026-03-01T11:19:35.9850116Z 
2026-03-01T11:19:35.9928553Z VSTest version 18.0.1 (x64)VSTest version 18.0.1 (x64)
2026-03-01T11:19:35.9929226Z 
2026-03-01T11:19:35.9974877Z 
2026-03-01T11:19:36.0011666Z 
2026-03-01T11:19:36.5741935Z Starting test execution, please wait...
2026-03-01T11:19:36.5761305Z Starting test execution, please wait...
2026-03-01T11:19:36.5763661Z Starting test execution, please wait...
2026-03-01T11:19:36.6405746Z A total of 1 test files matched the specified pattern.
2026-03-01T11:19:36.6471885Z A total of 1 test files matched the specified pattern.
2026-03-01T11:19:36.6487565Z A total of 1 test files matched the specified pattern.
2026-03-01T11:19:46.4482705Z Results File: TestResults/Hpoll.Core.Tests.junit.xml
2026-03-01T11:19:46.4483196Z 
2026-03-01T11:19:46.4580507Z Passed!  - Failed:     0, Passed:    94, Skipped:     0, Total:    94, Duration: 1 s - Hpoll.Core.Tests.dll (net8.0)
2026-03-01T11:19:48.0844070Z Results File: TestResults/Hpoll.Admin.Tests.junit.xml
2026-03-01T11:19:48.0846741Z 
2026-03-01T11:19:48.0897913Z Passed!  - Failed:     0, Passed:    64, Skipped:     0, Total:    64, Duration: 1 s - Hpoll.Admin.Tests.dll (net8.0)
2026-03-01T11:20:34.0478568Z Results File: TestResults/Hpoll.Worker.Tests.junit.xml
2026-03-01T11:20:34.0479058Z 
2026-03-01T11:20:34.0515326Z Passed!  - Failed:     0, Passed:    53, Skipped:     0, Total:    53, Duration: 49 s - Hpoll.Worker.Tests.dll (net8.0)
2026-03-01T11:20:34.2513453Z 
2026-03-01T11:20:34.2517799Z Attachments:
2026-03-01T11:20:34.2520073Z   /home/runner/work/hpoll/hpoll/TestResults/0bce02d5-4e18-42a1-9461-81bc15c7d931/coverage.cobertura.xml
2026-03-01T11:20:34.2521456Z   /home/runner/work/hpoll/hpoll/TestResults/91432305-2d4e-4b2c-b17d-246d2a20b5f1/coverage.cobertura.xml
2026-03-01T11:20:34.2522482Z   /home/runner/work/hpoll/hpoll/TestResults/5635ffcf-4642-4936-b556-1eae289b1e11/coverage.cobertura.xml
2026-03-01T11:20:34.3366053Z ##[group]Run codecov/codecov-action@18283e04ce6e62d37312384ff67231eb8fd56d24
2026-03-01T11:20:34.3366442Z with:
2026-03-01T11:20:34.3367065Z   token: ***
2026-03-01T11:20:34.3367265Z   directory: TestResults
2026-03-01T11:20:34.3367478Z   fail_ci_if_error: false
2026-03-01T11:20:34.3367693Z   disable_file_fixes: false
2026-03-01T11:20:34.3367902Z   disable_search: false
2026-03-01T11:20:34.3368100Z   disable_safe_directory: false
2026-03-01T11:20:34.3368320Z   disable_telem: false
2026-03-01T11:20:34.3368509Z   dry_run: false
2026-03-01T11:20:34.3368681Z   git_service: github
2026-03-01T11:20:34.3368869Z   gcov_executable: gcov
2026-03-01T11:20:34.3369065Z   handle_no_reports_found: false
2026-03-01T11:20:34.3369292Z   recurse_submodules: false
2026-03-01T11:20:34.3369517Z   run_command: upload-coverage
2026-03-01T11:20:34.3369757Z   skip_validation: false
2026-03-01T11:20:34.3369970Z   use_legacy_upload_endpoint: false
2026-03-01T11:20:34.3370193Z   use_oidc: false
2026-03-01T11:20:34.3370406Z   use_pypi: false
2026-03-01T11:20:34.3370571Z   verbose: false
2026-03-01T11:20:34.3370741Z   version: latest
2026-03-01T11:20:34.3370905Z env:
2026-03-01T11:20:34.3371234Z   DOTNET_ROOT: /usr/share/dotnet
2026-03-01T11:20:34.3371453Z ##[endgroup]
2026-03-01T11:20:34.3438646Z ##[group]Run CC_ACTION_VERSION=$(cat ${GITHUB_ACTION_PATH}/src/version)
2026-03-01T11:20:34.3439110Z [36;1mCC_ACTION_VERSION=$(cat ${GITHUB_ACTION_PATH}/src/version)[0m
2026-03-01T11:20:34.3439534Z [36;1mecho -e "\033[0;32m==>\033[0m Running Action version $CC_ACTION_VERSION"[0m
2026-03-01T11:20:34.3488318Z shell: /usr/bin/bash --noprofile --norc -e -o pipefail {0}
2026-03-01T11:20:34.3510167Z env:
2026-03-01T11:20:34.3510460Z   DOTNET_ROOT: /usr/share/dotnet
2026-03-01T11:20:34.3510816Z ##[endgroup]
2026-03-01T11:20:34.3599406Z [0;32m==>[0m Running Action version 5.4.3
2026-03-01T11:20:34.3655276Z ##[group]Run git config --global --add safe.directory "/home/runner/work/hpoll/hpoll"
2026-03-01T11:20:34.3655841Z [36;1mgit config --global --add safe.directory "/home/runner/work/hpoll/hpoll"[0m
2026-03-01T11:20:34.3656310Z [36;1mgit config --global --add safe.directory "$GITHUB_WORKSPACE"[0m
2026-03-01T11:20:34.3700098Z shell: /usr/bin/bash --noprofile --norc -e -o pipefail {0}
2026-03-01T11:20:34.3700399Z env:
2026-03-01T11:20:34.3700576Z   DOTNET_ROOT: /usr/share/dotnet
2026-03-01T11:20:34.3700805Z ##[endgroup]
2026-03-01T11:20:34.3815457Z ##[group]Run CC_FORK="false"
2026-03-01T11:20:34.3815719Z [36;1mCC_FORK="false"[0m
2026-03-01T11:20:34.3816258Z [36;1mif [ -n "$GITHUB_EVENT_PULL_REQUEST_HEAD_REPO_FULL_NAME" ] && [ "$GITHUB_EVENT_PULL_REQUEST_HEAD_REPO_FULL_NAME" != "$GITHUB_REPOSITORY" ];[0m
2026-03-01T11:20:34.3816819Z [36;1mthen[0m
2026-03-01T11:20:34.3817044Z [36;1m  echo -e "\033[0;32m==>\033[0m Fork detected"[0m
2026-03-01T11:20:34.3817320Z [36;1m  CC_FORK="true"[0m
2026-03-01T11:20:34.3817515Z [36;1mfi[0m
2026-03-01T11:20:34.3817715Z [36;1mecho "CC_FORK=$CC_FORK" >> "$GITHUB_ENV"[0m
2026-03-01T11:20:34.3860644Z shell: /usr/bin/bash --noprofile --norc -e -o pipefail {0}
2026-03-01T11:20:34.3860955Z env:
2026-03-01T11:20:34.3861327Z   DOTNET_ROOT: /usr/share/dotnet
2026-03-01T11:20:34.3861587Z   GITHUB_EVENT_PULL_REQUEST_HEAD_LABEL: 
2026-03-01T11:20:34.3861877Z   GITHUB_EVENT_PULL_REQUEST_HEAD_REPO_FULL_NAME: 
2026-03-01T11:20:34.3862169Z   GITHUB_REPOSITORY: pkinerd/hpoll
2026-03-01T11:20:34.3862388Z ##[endgroup]
2026-03-01T11:20:34.3987844Z ##[group]Run actions/github-script@v7
2026-03-01T11:20:34.3988076Z with:
2026-03-01T11:20:34.3988641Z   script: if (process.env.CC_USE_OIDC === 'true' && process.env.CC_FORK != 'true') {
  const id_token = await core.getIDToken(process.env.CC_OIDC_AUDIENCE)
  return id_token
}

2026-03-01T11:20:34.3989414Z   github-token: ***
2026-03-01T11:20:34.3989614Z   debug: false
2026-03-01T11:20:34.3989971Z   user-agent: actions/github-script
2026-03-01T11:20:34.3990212Z   result-encoding: json
2026-03-01T11:20:34.3990484Z   retries: 0
2026-03-01T11:20:34.3990869Z   retry-exempt-status-codes: 400,401,403,404,422
2026-03-01T11:20:34.3991365Z env:
2026-03-01T11:20:34.3991544Z   DOTNET_ROOT: /usr/share/dotnet
2026-03-01T11:20:34.3991761Z   CC_FORK: false
2026-03-01T11:20:34.3991963Z   CC_OIDC_AUDIENCE: https://codecov.io
2026-03-01T11:20:34.3992197Z   CC_USE_OIDC: false
2026-03-01T11:20:34.3992381Z ##[endgroup]
2026-03-01T11:20:34.4958229Z ##[group]Run if [ "false" == 'true' ] && [ "$CC_FORK" != 'true' ];
2026-03-01T11:20:34.4958632Z [36;1mif [ "false" == 'true' ] && [ "$CC_FORK" != 'true' ];[0m
2026-03-01T11:20:34.4958914Z [36;1mthen[0m
2026-03-01T11:20:34.4959144Z [36;1m  echo "CC_TOKEN=$CC_OIDC_TOKEN" >> "$GITHUB_ENV"[0m
2026-03-01T11:20:34.4959442Z [36;1melif [ -n "" ];[0m
2026-03-01T11:20:34.4959632Z [36;1mthen[0m
2026-03-01T11:20:34.4959862Z [36;1m  echo -e "\033[0;32m==>\033[0m Token set from env"[0m
2026-03-01T11:20:34.4960199Z [36;1m    echo "CC_TOKEN=" >> "$GITHUB_ENV"[0m
2026-03-01T11:20:34.4960435Z [36;1melse[0m
2026-03-01T11:20:34.4960764Z [36;1m  if [ -n "***" ];[0m
2026-03-01T11:20:34.4960970Z [36;1m  then[0m
2026-03-01T11:20:34.4961530Z [36;1m    echo -e "\033[0;32m==>\033[0m Token set from input"[0m
2026-03-01T11:20:34.4962198Z [36;1m    CC_TOKEN=$(echo "***" | tr -d '\n')[0m
2026-03-01T11:20:34.4962637Z [36;1m    echo "CC_TOKEN=$CC_TOKEN" >> "$GITHUB_ENV"[0m
2026-03-01T11:20:34.4962892Z [36;1m  fi[0m
2026-03-01T11:20:34.4963060Z [36;1mfi[0m
2026-03-01T11:20:34.5010841Z shell: /usr/bin/bash --noprofile --norc -e -o pipefail {0}
2026-03-01T11:20:34.5011322Z env:
2026-03-01T11:20:34.5011508Z   DOTNET_ROOT: /usr/share/dotnet
2026-03-01T11:20:34.5011727Z   CC_FORK: false
2026-03-01T11:20:34.5011903Z   CC_OIDC_TOKEN: 
2026-03-01T11:20:34.5012110Z   CC_OIDC_AUDIENCE: https://codecov.io
2026-03-01T11:20:34.5012352Z ##[endgroup]
2026-03-01T11:20:34.5082857Z [0;32m==>[0m Token set from input
2026-03-01T11:20:34.5123252Z ##[group]Run if [ -z "$CC_BRANCH" ] && [ -z "$CC_TOKEN" ] && [ "$CC_FORK" == 'true' ]
2026-03-01T11:20:34.5123736Z [36;1mif [ -z "$CC_BRANCH" ] && [ -z "$CC_TOKEN" ] && [ "$CC_FORK" == 'true' ][0m
2026-03-01T11:20:34.5124061Z [36;1mthen[0m
2026-03-01T11:20:34.5124437Z [36;1m  echo -e "\033[0;32m==>\033[0m Fork detected, setting branch to $GITHUB_EVENT_PULL_REQUEST_HEAD_LABEL"[0m
2026-03-01T11:20:34.5124928Z [36;1m  TOKENLESS="$GITHUB_EVENT_PULL_REQUEST_HEAD_LABEL"[0m
2026-03-01T11:20:34.5125265Z [36;1m  CC_BRANCH="$GITHUB_EVENT_PULL_REQUEST_HEAD_LABEL"[0m
2026-03-01T11:20:34.5125593Z [36;1m  echo "TOKENLESS=$TOKENLESS" >> "$GITHUB_ENV"[0m
2026-03-01T11:20:34.5125856Z [36;1mfi[0m
2026-03-01T11:20:34.5126013Z [36;1m[0m
2026-03-01T11:20:34.5126214Z [36;1mecho "CC_BRANCH=$CC_BRANCH" >> "$GITHUB_ENV"[0m
2026-03-01T11:20:34.5169560Z shell: /usr/bin/bash --noprofile --norc -e -o pipefail {0}
2026-03-01T11:20:34.5169875Z env:
2026-03-01T11:20:34.5170055Z   DOTNET_ROOT: /usr/share/dotnet
2026-03-01T11:20:34.5170273Z   CC_FORK: false
2026-03-01T11:20:34.5170535Z   CC_TOKEN: ***
2026-03-01T11:20:34.5170702Z   CC_BRANCH: 
2026-03-01T11:20:34.5170892Z   GITHUB_EVENT_PULL_REQUEST_HEAD_LABEL: 
2026-03-01T11:20:34.5171464Z   GITHUB_EVENT_PULL_REQUEST_HEAD_REPO_FULL_NAME: 
2026-03-01T11:20:34.5171757Z   GITHUB_REPOSITORY: pkinerd/hpoll
2026-03-01T11:20:34.5171987Z ##[endgroup]
2026-03-01T11:20:34.5255215Z ##[group]Run if [ -z "$CC_SHA" ];
2026-03-01T11:20:34.5255487Z [36;1mif [ -z "$CC_SHA" ];[0m
2026-03-01T11:20:34.5255697Z [36;1mthen[0m
2026-03-01T11:20:34.5255923Z [36;1m  CC_SHA="$GITHUB_EVENT_PULL_REQUEST_HEAD_SHA"[0m
2026-03-01T11:20:34.5256191Z [36;1mfi[0m
2026-03-01T11:20:34.5256459Z [36;1mif [ -z "$CC_PR" ] && [ "${GITHUB_EVENT_NAME}" == "pull_request_target" ];[0m
2026-03-01T11:20:34.5256789Z [36;1mthen[0m
2026-03-01T11:20:34.5256972Z [36;1m  CC_PR="$GITHUB_EVENT_NUMBER"[0m
2026-03-01T11:20:34.5257208Z [36;1mfi[0m
2026-03-01T11:20:34.5257522Z [36;1m[0m
2026-03-01T11:20:34.5257712Z [36;1mecho "CC_SHA=$CC_SHA" >> "$GITHUB_ENV"[0m
2026-03-01T11:20:34.5258008Z [36;1mecho "CC_PR=$CC_PR" >> "$GITHUB_ENV"[0m
2026-03-01T11:20:34.5300845Z shell: /usr/bin/bash --noprofile --norc -e -o pipefail {0}
2026-03-01T11:20:34.5301326Z env:
2026-03-01T11:20:34.5301509Z   DOTNET_ROOT: /usr/share/dotnet
2026-03-01T11:20:34.5301732Z   CC_FORK: false
2026-03-01T11:20:34.5301994Z   CC_TOKEN: ***
2026-03-01T11:20:34.5302170Z   CC_BRANCH: 
2026-03-01T11:20:34.5302328Z   CC_PR: 
2026-03-01T11:20:34.5302476Z   CC_SHA: 
2026-03-01T11:20:34.5302635Z   GITHUB_EVENT_NAME: push
2026-03-01T11:20:34.5302844Z   GITHUB_EVENT_NUMBER: 
2026-03-01T11:20:34.5303055Z   GITHUB_EVENT_PULL_REQUEST_HEAD_SHA: 
2026-03-01T11:20:34.5303283Z ##[endgroup]
2026-03-01T11:20:34.5392530Z ##[group]Run ${GITHUB_ACTION_PATH}/dist/codecov.sh
2026-03-01T11:20:34.5392870Z [36;1m${GITHUB_ACTION_PATH}/dist/codecov.sh[0m
2026-03-01T11:20:34.5436284Z shell: /usr/bin/bash --noprofile --norc -e -o pipefail {0}
2026-03-01T11:20:34.5436615Z env:
2026-03-01T11:20:34.5436798Z   DOTNET_ROOT: /usr/share/dotnet
2026-03-01T11:20:34.5437032Z   CC_FORK: false
2026-03-01T11:20:34.5437299Z   CC_TOKEN: ***
2026-03-01T11:20:34.5437475Z   CC_BRANCH: 
2026-03-01T11:20:34.5437638Z   CC_SHA: 
2026-03-01T11:20:34.5437783Z   CC_PR: 
2026-03-01T11:20:34.5437937Z   CC_BASE_SHA: 
2026-03-01T11:20:34.5438095Z   CC_BINARY: 
2026-03-01T11:20:34.5438259Z   CC_BUILD: 
2026-03-01T11:20:34.5438418Z   CC_BUILD_URL: 
2026-03-01T11:20:34.5438578Z   CC_CODE: 
2026-03-01T11:20:34.5438744Z   CC_DIR: TestResults
2026-03-01T11:20:34.5438943Z   CC_DISABLE_FILE_FIXES: false
2026-03-01T11:20:34.5439160Z   CC_DISABLE_SEARCH: false
2026-03-01T11:20:34.5439363Z   CC_DISABLE_TELEM: false
2026-03-01T11:20:34.5439552Z   CC_DRY_RUN: false
2026-03-01T11:20:34.5439735Z   CC_ENTERPRISE_URL: 
2026-03-01T11:20:34.5439910Z   CC_ENV: 
2026-03-01T11:20:34.5440068Z   CC_EXCLUDES: 
2026-03-01T11:20:34.5440243Z   CC_FAIL_ON_ERROR: false
2026-03-01T11:20:34.5440429Z   CC_FILES: 
2026-03-01T11:20:34.5440592Z   CC_FLAGS: 
2026-03-01T11:20:34.5440740Z   CC_FORCE: 
2026-03-01T11:20:34.5440895Z   CC_GCOV_ARGS: 
2026-03-01T11:20:34.5441323Z   CC_GCOV_EXECUTABLE: gcov
2026-03-01T11:20:34.5441525Z   CC_GCOV_IGNORE: 
2026-03-01T11:20:34.5441699Z   CC_GCOV_INCLUDE: 
2026-03-01T11:20:34.5441870Z   CC_GIT_SERVICE: github
2026-03-01T11:20:34.5442079Z   CC_HANDLE_NO_REPORTS_FOUND: false
2026-03-01T11:20:34.5442307Z   CC_JOB_CODE: 
2026-03-01T11:20:34.5442467Z   CC_LEGACY: false
2026-03-01T11:20:34.5442634Z   CC_NAME: 
2026-03-01T11:20:34.5442787Z   CC_NETWORK_FILTER: 
2026-03-01T11:20:34.5442983Z   CC_NETWORK_PREFIX: 
2026-03-01T11:20:34.5443172Z   CC_NETWORK_ROOT_FOLDER: 
2026-03-01T11:20:34.5443356Z   CC_OS: 
2026-03-01T11:20:34.5443511Z   CC_PARENT_SHA: 
2026-03-01T11:20:34.5443676Z   CC_PLUGINS: 
2026-03-01T11:20:34.5443856Z   CC_RECURSE_SUBMODULES: false
2026-03-01T11:20:34.5444069Z   CC_REPORT_TYPE: 
2026-03-01T11:20:34.5444248Z   CC_RUN_CMD: upload-coverage
2026-03-01T11:20:34.5444462Z   CC_SERVICE: github
2026-03-01T11:20:34.5444657Z   CC_SKIP_VALIDATION: false
2026-03-01T11:20:34.5444849Z   CC_SLUG: 
2026-03-01T11:20:34.5445013Z   CC_SWIFT_PROJECT: 
2026-03-01T11:20:34.5445191Z   CC_USE_PYPI: false
2026-03-01T11:20:34.5445369Z   CC_VERBOSE: false
2026-03-01T11:20:34.5445543Z   CC_VERSION: latest
2026-03-01T11:20:34.5445747Z   CC_YML_PATH: 
2026-03-01T11:20:34.5445914Z ##[endgroup]
2026-03-01T11:20:34.5540745Z      _____          _
2026-03-01T11:20:34.5541390Z     / ____|        | |
2026-03-01T11:20:34.5541889Z    | |     ___   __| | ___  ___ _____   __
2026-03-01T11:20:34.5542326Z    | |    / _ \ / _` |/ _ \/ __/ _ \ \ / /
2026-03-01T11:20:34.5542726Z    | |___| (_) | (_| |  __/ (_| (_) \ V /
2026-03-01T11:20:34.5543125Z     \_____\___/ \__,_|\___|\___\___/ \_/
2026-03-01T11:20:34.5543792Z                            [0;31m Wrapper-0.2.1[0m
2026-03-01T11:20:34.5544229Z                                   
2026-03-01T11:20:34.5608391Z [0;32m==>[0m Detected [0;36mlinux[0m
2026-03-01T11:20:34.5609290Z [0;32m ->[0m Downloading [0;36mhttps://cli.codecov.io/latest/linux/codecov[0m
2026-03-01T11:20:34.5662039Z   % Total    % Received % Xferd  Average Speed   Time    Time     Time  Current
2026-03-01T11:20:34.5662791Z                                  Dload  Upload   Total   Spent    Left  Speed
2026-03-01T11:20:34.5664960Z 
2026-03-01T11:20:34.7711467Z   0     0    0     0    0     0      0      0 --:--:-- --:--:-- --:--:--     0
2026-03-01T11:20:34.7930523Z  41 10.6M   41 4487k    0     0  21.3M      0 --:--:-- --:--:-- --:--:-- 21.3M
2026-03-01T11:20:34.7931487Z 100 10.6M  100 10.6M    0     0  46.9M      0 --:--:-- --:--:-- --:--:-- 46.9M
2026-03-01T11:20:34.7965851Z [0;32m==>[0m Finishing downloading [0;36mlinux:latest[0m
2026-03-01T11:20:34.8672445Z       Version: [0;36mv11.2.6[0m
2026-03-01T11:20:34.8672920Z  
2026-03-01T11:20:35.0584979Z gpg: directory '/home/runner/.gnupg' created
2026-03-01T11:20:35.0590354Z gpg: keybox '/home/runner/.gnupg/pubring.kbx' created
2026-03-01T11:20:35.0614516Z gpg: /home/runner/.gnupg/trustdb.gpg: trustdb created
2026-03-01T11:20:35.0615735Z gpg: key 806BB28AED779869: public key "Codecov Uploader (Codecov Uploader Verification Key) <security@codecov.io>" imported
2026-03-01T11:20:35.0917331Z gpg: Total number processed: 1
2026-03-01T11:20:35.0918168Z gpg:               imported: 1
2026-03-01T11:20:35.0924915Z [0;32m==>[0m Verifying GPG signature integrity
2026-03-01T11:20:35.0926176Z [0;32m ->[0m Downloading [0;36mhttps://cli.codecov.io/latest/linux/codecov.SHA256SUM[0m
2026-03-01T11:20:35.0928363Z [0;32m ->[0m Downloading [0;36mhttps://cli.codecov.io/latest/linux/codecov.SHA256SUM.sig[0m
2026-03-01T11:20:35.0929196Z  
2026-03-01T11:20:35.2408684Z gpg: Signature made Fri Dec  5 15:31:48 2025 UTC
2026-03-01T11:20:35.2409177Z gpg:                using RSA key 27034E7FDB850E0BBC2C62FF806BB28AED779869
2026-03-01T11:20:35.2411922Z gpg: Good signature from "Codecov Uploader (Codecov Uploader Verification Key) <security@codecov.io>" [unknown]
2026-03-01T11:20:35.2412636Z gpg: WARNING: This key is not certified with a trusted signature!
2026-03-01T11:20:35.2413127Z gpg:          There is no indication that the signature belongs to the owner.
2026-03-01T11:20:35.2413645Z Primary key fingerprint: 2703 4E7F DB85 0E0B BC2C  62FF 806B B28A ED77 9869
2026-03-01T11:20:35.3093394Z codecov: OK
2026-03-01T11:20:35.3101844Z [0;32m==>[0m CLI integrity verified
2026-03-01T11:20:35.3102181Z 
2026-03-01T11:20:35.3187762Z [0;32m ->[0m Token of length 36 detected
2026-03-01T11:20:35.3779302Z [0;32m==>[0m Running upload-coverage
2026-03-01T11:20:35.3790369Z       [0;36m./codecov  upload-coverage -t <redacted> --git-service github --dir TestResults --gcov-executable gcov[0m
2026-03-01T11:20:35.7313073Z info - 2026-03-01 11:20:35,730 -- ci service found: github-actions
2026-03-01T11:20:35.7749151Z warning - 2026-03-01 11:20:35,774 -- xcrun is not installed or can't be found.
2026-03-01T11:20:35.7758681Z warning - 2026-03-01 11:20:35,775 -- No gcov data found.
2026-03-01T11:20:35.7762300Z warning - 2026-03-01 11:20:35,776 -- coverage.py is not installed or can't be found.
2026-03-01T11:20:35.7928363Z info - 2026-03-01 11:20:35,792 -- Found 3 coverage files to report
2026-03-01T11:20:35.7929490Z info - 2026-03-01 11:20:35,792 -- > TestResults/5635ffcf-4642-4936-b556-1eae289b1e11/coverage.cobertura.xml
2026-03-01T11:20:35.7930503Z info - 2026-03-01 11:20:35,792 -- > TestResults/0bce02d5-4e18-42a1-9461-81bc15c7d931/coverage.cobertura.xml
2026-03-01T11:20:35.7931808Z info - 2026-03-01 11:20:35,793 -- > TestResults/91432305-2d4e-4b2c-b17d-246d2a20b5f1/coverage.cobertura.xml
2026-03-01T11:20:36.1919507Z info - 2026-03-01 11:20:36,191 -- Your upload is now processing. When finished, results will be available at: https://app.codecov.io/github/pkinerd/hpoll/commit/d97a36ae36d5ff335ae5d9efd532e22bb51c4f79
2026-03-01T11:20:36.4025668Z info - 2026-03-01 11:20:36,402 -- Process Upload complete
2026-03-01T11:20:36.6131990Z ##[group]Run codecov/codecov-action@18283e04ce6e62d37312384ff67231eb8fd56d24
2026-03-01T11:20:36.6132581Z with:
2026-03-01T11:20:36.6132902Z   token: ***
2026-03-01T11:20:36.6133094Z   files: TestResults/*.junit.xml
2026-03-01T11:20:36.6133322Z   report_type: test_results
2026-03-01T11:20:36.6133546Z   fail_ci_if_error: false
2026-03-01T11:20:36.6133755Z   disable_file_fixes: false
2026-03-01T11:20:36.6133954Z   disable_search: false
2026-03-01T11:20:36.6134159Z   disable_safe_directory: false
2026-03-01T11:20:36.6134373Z   disable_telem: false
2026-03-01T11:20:36.6134553Z   dry_run: false
2026-03-01T11:20:36.6134731Z   git_service: github
2026-03-01T11:20:36.6134915Z   gcov_executable: gcov
2026-03-01T11:20:36.6135122Z   handle_no_reports_found: false
2026-03-01T11:20:36.6135354Z   recurse_submodules: false
2026-03-01T11:20:36.6135565Z   run_command: upload-coverage
2026-03-01T11:20:36.6135786Z   skip_validation: false
2026-03-01T11:20:36.6136025Z   use_legacy_upload_endpoint: false
2026-03-01T11:20:36.6136246Z   use_oidc: false
2026-03-01T11:20:36.6136420Z   use_pypi: false
2026-03-01T11:20:36.6136596Z   verbose: false
2026-03-01T11:20:36.6136760Z   version: latest
2026-03-01T11:20:36.6136923Z env:
2026-03-01T11:20:36.6137084Z   DOTNET_ROOT: /usr/share/dotnet
2026-03-01T11:20:36.6137296Z   CC_FORK: false
2026-03-01T11:20:36.6137506Z   CC_TOKEN: ***
2026-03-01T11:20:36.6137669Z   CC_BRANCH: 
2026-03-01T11:20:36.6137830Z   CC_SHA: 
2026-03-01T11:20:36.6137980Z   CC_PR: 
2026-03-01T11:20:36.6138136Z ##[endgroup]
2026-03-01T11:20:36.6154627Z ##[group]Run CC_ACTION_VERSION=$(cat ${GITHUB_ACTION_PATH}/src/version)
2026-03-01T11:20:36.6155066Z [36;1mCC_ACTION_VERSION=$(cat ${GITHUB_ACTION_PATH}/src/version)[0m
2026-03-01T11:20:36.6155490Z [36;1mecho -e "\033[0;32m==>\033[0m Running Action version $CC_ACTION_VERSION"[0m
2026-03-01T11:20:36.6203557Z shell: /usr/bin/bash --noprofile --norc -e -o pipefail {0}
2026-03-01T11:20:36.6203862Z env:
2026-03-01T11:20:36.6204050Z   DOTNET_ROOT: /usr/share/dotnet
2026-03-01T11:20:36.6204267Z   CC_FORK: false
2026-03-01T11:20:36.6204518Z   CC_TOKEN: ***
2026-03-01T11:20:36.6204689Z   CC_BRANCH: 
2026-03-01T11:20:36.6204844Z   CC_SHA: 
2026-03-01T11:20:36.6204993Z   CC_PR: 
2026-03-01T11:20:36.6205148Z ##[endgroup]
2026-03-01T11:20:36.6285488Z [0;32m==>[0m Running Action version 5.4.3
2026-03-01T11:20:36.6306014Z ##[group]Run git config --global --add safe.directory "/home/runner/work/hpoll/hpoll"
2026-03-01T11:20:36.6306542Z [36;1mgit config --global --add safe.directory "/home/runner/work/hpoll/hpoll"[0m
2026-03-01T11:20:36.6306993Z [36;1mgit config --global --add safe.directory "$GITHUB_WORKSPACE"[0m
2026-03-01T11:20:36.6350026Z shell: /usr/bin/bash --noprofile --norc -e -o pipefail {0}
2026-03-01T11:20:36.6350336Z env:
2026-03-01T11:20:36.6350513Z   DOTNET_ROOT: /usr/share/dotnet
2026-03-01T11:20:36.6350726Z   CC_FORK: false
2026-03-01T11:20:36.6350969Z   CC_TOKEN: ***
2026-03-01T11:20:36.6351568Z   CC_BRANCH: 
2026-03-01T11:20:36.6351745Z   CC_SHA: 
2026-03-01T11:20:36.6351902Z   CC_PR: 
2026-03-01T11:20:36.6352057Z ##[endgroup]
2026-03-01T11:20:36.6466759Z ##[group]Run CC_FORK="false"
2026-03-01T11:20:36.6467010Z [36;1mCC_FORK="false"[0m
2026-03-01T11:20:36.6467531Z [36;1mif [ -n "$GITHUB_EVENT_PULL_REQUEST_HEAD_REPO_FULL_NAME" ] && [ "$GITHUB_EVENT_PULL_REQUEST_HEAD_REPO_FULL_NAME" != "$GITHUB_REPOSITORY" ];[0m
2026-03-01T11:20:36.6468082Z [36;1mthen[0m
2026-03-01T11:20:36.6468300Z [36;1m  echo -e "\033[0;32m==>\033[0m Fork detected"[0m
2026-03-01T11:20:36.6468566Z [36;1m  CC_FORK="true"[0m
2026-03-01T11:20:36.6468758Z [36;1mfi[0m
2026-03-01T11:20:36.6468955Z [36;1mecho "CC_FORK=$CC_FORK" >> "$GITHUB_ENV"[0m
2026-03-01T11:20:36.6512101Z shell: /usr/bin/bash --noprofile --norc -e -o pipefail {0}
2026-03-01T11:20:36.6512404Z env:
2026-03-01T11:20:36.6512576Z   DOTNET_ROOT: /usr/share/dotnet
2026-03-01T11:20:36.6512796Z   CC_FORK: false
2026-03-01T11:20:36.6513058Z   CC_TOKEN: ***
2026-03-01T11:20:36.6513234Z   CC_BRANCH: 
2026-03-01T11:20:36.6513590Z   CC_SHA: 
2026-03-01T11:20:36.6513753Z   CC_PR: 
2026-03-01T11:20:36.6514065Z   GITHUB_EVENT_PULL_REQUEST_HEAD_LABEL: 
2026-03-01T11:20:36.6514344Z   GITHUB_EVENT_PULL_REQUEST_HEAD_REPO_FULL_NAME: 
2026-03-01T11:20:36.6514626Z   GITHUB_REPOSITORY: pkinerd/hpoll
2026-03-01T11:20:36.6514846Z ##[endgroup]
2026-03-01T11:20:36.6615705Z ##[group]Run actions/github-script@v7
2026-03-01T11:20:36.6615946Z with:
2026-03-01T11:20:36.6616507Z   script: if (process.env.CC_USE_OIDC === 'true' && process.env.CC_FORK != 'true') {
  const id_token = await core.getIDToken(process.env.CC_OIDC_AUDIENCE)
  return id_token
}

2026-03-01T11:20:36.6617256Z   github-token: ***
2026-03-01T11:20:36.6617445Z   debug: false
2026-03-01T11:20:36.6617631Z   user-agent: actions/github-script
2026-03-01T11:20:36.6617873Z   result-encoding: json
2026-03-01T11:20:36.6618062Z   retries: 0
2026-03-01T11:20:36.6618267Z   retry-exempt-status-codes: 400,401,403,404,422
2026-03-01T11:20:36.6618529Z env:
2026-03-01T11:20:36.6618703Z   DOTNET_ROOT: /usr/share/dotnet
2026-03-01T11:20:36.6618923Z   CC_FORK: false
2026-03-01T11:20:36.6619141Z   CC_TOKEN: ***
2026-03-01T11:20:36.6619303Z   CC_BRANCH: 
2026-03-01T11:20:36.6619468Z   CC_SHA: 
2026-03-01T11:20:36.6619618Z   CC_PR: 
2026-03-01T11:20:36.6619803Z   CC_OIDC_AUDIENCE: https://codecov.io
2026-03-01T11:20:36.6620051Z   CC_USE_OIDC: false
2026-03-01T11:20:36.6620234Z ##[endgroup]
2026-03-01T11:20:36.7566507Z ##[group]Run if [ "false" == 'true' ] && [ "$CC_FORK" != 'true' ];
2026-03-01T11:20:36.7566942Z [36;1mif [ "false" == 'true' ] && [ "$CC_FORK" != 'true' ];[0m
2026-03-01T11:20:36.7567227Z [36;1mthen[0m
2026-03-01T11:20:36.7567454Z [36;1m  echo "CC_TOKEN=$CC_OIDC_TOKEN" >> "$GITHUB_ENV"[0m
2026-03-01T11:20:36.7567737Z [36;1melif [ -n "" ];[0m
2026-03-01T11:20:36.7567932Z [36;1mthen[0m
2026-03-01T11:20:36.7568149Z [36;1m  echo -e "\033[0;32m==>\033[0m Token set from env"[0m
2026-03-01T11:20:36.7568445Z [36;1m    echo "CC_TOKEN=" >> "$GITHUB_ENV"[0m
2026-03-01T11:20:36.7568704Z [36;1melse[0m
2026-03-01T11:20:36.7568997Z [36;1m  if [ -n "***" ];[0m
2026-03-01T11:20:36.7569206Z [36;1m  then[0m
2026-03-01T11:20:36.7569443Z [36;1m    echo -e "\033[0;32m==>\033[0m Token set from input"[0m
2026-03-01T11:20:36.7569849Z [36;1m    CC_TOKEN=$(echo "***" | tr -d '\n')[0m
2026-03-01T11:20:36.7570142Z [36;1m    echo "CC_TOKEN=$CC_TOKEN" >> "$GITHUB_ENV"[0m
2026-03-01T11:20:36.7570408Z [36;1m  fi[0m
2026-03-01T11:20:36.7570567Z [36;1mfi[0m
2026-03-01T11:20:36.7619539Z shell: /usr/bin/bash --noprofile --norc -e -o pipefail {0}
2026-03-01T11:20:36.7619869Z env:
2026-03-01T11:20:36.7620052Z   DOTNET_ROOT: /usr/share/dotnet
2026-03-01T11:20:36.7620273Z   CC_FORK: false
2026-03-01T11:20:36.7620584Z   CC_TOKEN: ***
2026-03-01T11:20:36.7620759Z   CC_BRANCH: 
2026-03-01T11:20:36.7620923Z   CC_SHA: 
2026-03-01T11:20:36.7621374Z   CC_PR: 
2026-03-01T11:20:36.7621529Z   CC_OIDC_TOKEN: 
2026-03-01T11:20:36.7621743Z   CC_OIDC_AUDIENCE: https://codecov.io
2026-03-01T11:20:36.7622006Z ##[endgroup]
2026-03-01T11:20:36.7697123Z [0;32m==>[0m Token set from input
2026-03-01T11:20:36.7736084Z ##[group]Run if [ -z "$CC_BRANCH" ] && [ -z "$CC_TOKEN" ] && [ "$CC_FORK" == 'true' ]
2026-03-01T11:20:36.7736565Z [36;1mif [ -z "$CC_BRANCH" ] && [ -z "$CC_TOKEN" ] && [ "$CC_FORK" == 'true' ][0m
2026-03-01T11:20:36.7736894Z [36;1mthen[0m
2026-03-01T11:20:36.7737265Z [36;1m  echo -e "\033[0;32m==>\033[0m Fork detected, setting branch to $GITHUB_EVENT_PULL_REQUEST_HEAD_LABEL"[0m
2026-03-01T11:20:36.7737763Z [36;1m  TOKENLESS="$GITHUB_EVENT_PULL_REQUEST_HEAD_LABEL"[0m
2026-03-01T11:20:36.7738106Z [36;1m  CC_BRANCH="$GITHUB_EVENT_PULL_REQUEST_HEAD_LABEL"[0m
2026-03-01T11:20:36.7738421Z [36;1m  echo "TOKENLESS=$TOKENLESS" >> "$GITHUB_ENV"[0m
2026-03-01T11:20:36.7738685Z [36;1mfi[0m
2026-03-01T11:20:36.7738845Z [36;1m[0m
2026-03-01T11:20:36.7739043Z [36;1mecho "CC_BRANCH=$CC_BRANCH" >> "$GITHUB_ENV"[0m
2026-03-01T11:20:36.7788285Z shell: /usr/bin/bash --noprofile --norc -e -o pipefail {0}
2026-03-01T11:20:36.7788861Z env:
2026-03-01T11:20:36.7789046Z   DOTNET_ROOT: /usr/share/dotnet
2026-03-01T11:20:36.7789421Z   CC_FORK: false
2026-03-01T11:20:36.7789763Z   CC_TOKEN: ***
2026-03-01T11:20:36.7789931Z   CC_BRANCH: 
2026-03-01T11:20:36.7790096Z   CC_SHA: 
2026-03-01T11:20:36.7790249Z   CC_PR: 
2026-03-01T11:20:36.7790420Z   GITHUB_EVENT_PULL_REQUEST_HEAD_LABEL: 
2026-03-01T11:20:36.7790706Z   GITHUB_EVENT_PULL_REQUEST_HEAD_REPO_FULL_NAME: 
2026-03-01T11:20:36.7790982Z   GITHUB_REPOSITORY: pkinerd/hpoll
2026-03-01T11:20:36.7791420Z ##[endgroup]
2026-03-01T11:20:36.7885189Z ##[group]Run if [ -z "$CC_SHA" ];
2026-03-01T11:20:36.7885457Z [36;1mif [ -z "$CC_SHA" ];[0m
2026-03-01T11:20:36.7885671Z [36;1mthen[0m
2026-03-01T11:20:36.7885891Z [36;1m  CC_SHA="$GITHUB_EVENT_PULL_REQUEST_HEAD_SHA"[0m
2026-03-01T11:20:36.7886224Z [36;1mfi[0m
2026-03-01T11:20:36.7886486Z [36;1mif [ -z "$CC_PR" ] && [ "${GITHUB_EVENT_NAME}" == "pull_request_target" ];[0m
2026-03-01T11:20:36.7886819Z [36;1mthen[0m
2026-03-01T11:20:36.7887020Z [36;1m  CC_PR="$GITHUB_EVENT_NUMBER"[0m
2026-03-01T11:20:36.7887257Z [36;1mfi[0m
2026-03-01T11:20:36.7887411Z [36;1m[0m
2026-03-01T11:20:36.7887604Z [36;1mecho "CC_SHA=$CC_SHA" >> "$GITHUB_ENV"[0m
2026-03-01T11:20:36.7887878Z [36;1mecho "CC_PR=$CC_PR" >> "$GITHUB_ENV"[0m
2026-03-01T11:20:36.7935147Z shell: /usr/bin/bash --noprofile --norc -e -o pipefail {0}
2026-03-01T11:20:36.7935464Z env:
2026-03-01T11:20:36.7935636Z   DOTNET_ROOT: /usr/share/dotnet
2026-03-01T11:20:36.7935857Z   CC_FORK: false
2026-03-01T11:20:36.7936151Z   CC_TOKEN: ***
2026-03-01T11:20:36.7936317Z   CC_BRANCH: 
2026-03-01T11:20:36.7936483Z   CC_SHA: 
2026-03-01T11:20:36.7936632Z   CC_PR: 
2026-03-01T11:20:36.7936803Z   GITHUB_EVENT_NAME: push
2026-03-01T11:20:36.7937022Z   GITHUB_EVENT_NUMBER: 
2026-03-01T11:20:36.7937231Z   GITHUB_EVENT_PULL_REQUEST_HEAD_SHA: 
2026-03-01T11:20:36.7937472Z ##[endgroup]
2026-03-01T11:20:36.8046048Z ##[group]Run ${GITHUB_ACTION_PATH}/dist/codecov.sh
2026-03-01T11:20:36.8046386Z [36;1m${GITHUB_ACTION_PATH}/dist/codecov.sh[0m
2026-03-01T11:20:36.8090308Z shell: /usr/bin/bash --noprofile --norc -e -o pipefail {0}
2026-03-01T11:20:36.8090629Z env:
2026-03-01T11:20:36.8090805Z   DOTNET_ROOT: /usr/share/dotnet
2026-03-01T11:20:36.8091270Z   CC_FORK: false
2026-03-01T11:20:36.8091574Z   CC_TOKEN: ***
2026-03-01T11:20:36.8091747Z   CC_BRANCH: 
2026-03-01T11:20:36.8091903Z   CC_SHA: 
2026-03-01T11:20:36.8092056Z   CC_PR: 
2026-03-01T11:20:36.8092202Z   CC_BASE_SHA: 
2026-03-01T11:20:36.8092367Z   CC_BINARY: 
2026-03-01T11:20:36.8092525Z   CC_BUILD: 
2026-03-01T11:20:36.8092680Z   CC_BUILD_URL: 
2026-03-01T11:20:36.8092845Z   CC_CODE: 
2026-03-01T11:20:36.8092996Z   CC_DIR: 
2026-03-01T11:20:36.8093170Z   CC_DISABLE_FILE_FIXES: false
2026-03-01T11:20:36.8093396Z   CC_DISABLE_SEARCH: false
2026-03-01T11:20:36.8093600Z   CC_DISABLE_TELEM: false
2026-03-01T11:20:36.8093798Z   CC_DRY_RUN: false
2026-03-01T11:20:36.8093973Z   CC_ENTERPRISE_URL: 
2026-03-01T11:20:36.8094153Z   CC_ENV: 
2026-03-01T11:20:36.8094316Z   CC_EXCLUDES: 
2026-03-01T11:20:36.8094486Z   CC_FAIL_ON_ERROR: false
2026-03-01T11:20:36.8094703Z   CC_FILES: TestResults/*.junit.xml
2026-03-01T11:20:36.8094919Z   CC_FLAGS: 
2026-03-01T11:20:36.8095078Z   CC_FORCE: 
2026-03-01T11:20:36.8095236Z   CC_GCOV_ARGS: 
2026-03-01T11:20:36.8095408Z   CC_GCOV_EXECUTABLE: gcov
2026-03-01T11:20:36.8095603Z   CC_GCOV_IGNORE: 
2026-03-01T11:20:36.8095787Z   CC_GCOV_INCLUDE: 
2026-03-01T11:20:36.8095961Z   CC_GIT_SERVICE: github
2026-03-01T11:20:36.8096169Z   CC_HANDLE_NO_REPORTS_FOUND: false
2026-03-01T11:20:36.8096385Z   CC_JOB_CODE: 
2026-03-01T11:20:36.8096554Z   CC_LEGACY: false
2026-03-01T11:20:36.8096723Z   CC_NAME: 
2026-03-01T11:20:36.8096881Z   CC_NETWORK_FILTER: 
2026-03-01T11:20:36.8097068Z   CC_NETWORK_PREFIX: 
2026-03-01T11:20:36.8097254Z   CC_NETWORK_ROOT_FOLDER: 
2026-03-01T11:20:36.8097446Z   CC_OS: 
2026-03-01T11:20:36.8097607Z   CC_PARENT_SHA: 
2026-03-01T11:20:36.8097772Z   CC_PLUGINS: 
2026-03-01T11:20:36.8098130Z   CC_RECURSE_SUBMODULES: false
2026-03-01T11:20:36.8098357Z   CC_REPORT_TYPE: test_results
2026-03-01T11:20:36.8098707Z   CC_RUN_CMD: upload-coverage
2026-03-01T11:20:36.8098915Z   CC_SERVICE: github
2026-03-01T11:20:36.8099100Z   CC_SKIP_VALIDATION: false
2026-03-01T11:20:36.8099292Z   CC_SLUG: 
2026-03-01T11:20:36.8099445Z   CC_SWIFT_PROJECT: 
2026-03-01T11:20:36.8099627Z   CC_USE_PYPI: false
2026-03-01T11:20:36.8099800Z   CC_VERBOSE: false
2026-03-01T11:20:36.8099967Z   CC_VERSION: latest
2026-03-01T11:20:36.8100144Z   CC_YML_PATH: 
2026-03-01T11:20:36.8100305Z ##[endgroup]
2026-03-01T11:20:36.8191397Z      _____          _
2026-03-01T11:20:36.8191747Z     / ____|        | |
2026-03-01T11:20:36.8192078Z    | |     ___   __| | ___  ___ _____   __
2026-03-01T11:20:36.8192485Z    | |    / _ \ / _` |/ _ \/ __/ _ \ \ / /
2026-03-01T11:20:36.8192774Z    | |___| (_) | (_| |  __/ (_| (_) \ V /
2026-03-01T11:20:36.8193022Z     \_____\___/ \__,_|\___|\___\___/ \_/
2026-03-01T11:20:36.8193535Z                            [0;31m Wrapper-0.2.1[0m
2026-03-01T11:20:36.8193813Z                                   
2026-03-01T11:20:36.8245418Z [0;32m==>[0m Detected [0;36mlinux[0m
2026-03-01T11:20:36.8245985Z [0;32m ->[0m Downloading [0;36mhttps://cli.codecov.io/latest/linux/codecov[0m
2026-03-01T11:20:36.8299957Z   % Total    % Received % Xferd  Average Speed   Time    Time     Time  Current
2026-03-01T11:20:36.8300696Z                                  Dload  Upload   Total   Spent    Left  Speed
2026-03-01T11:20:36.8301400Z 
2026-03-01T11:20:37.0034751Z   0     0    0     0    0     0      0      0 --:--:-- --:--:-- --:--:--     0
2026-03-01T11:20:37.0035754Z 100 10.6M  100 10.6M    0     0  61.3M      0 --:--:-- --:--:-- --:--:-- 61.5M
2026-03-01T11:20:37.0079606Z [0;32m==>[0m Finishing downloading [0;36mlinux:latest[0m
2026-03-01T11:20:37.0852128Z       Version: [0;36mv11.2.6[0m
2026-03-01T11:20:37.0852629Z  
2026-03-01T11:20:37.2317080Z gpg: key 806BB28AED779869: "Codecov Uploader (Codecov Uploader Verification Key) <security@codecov.io>" not changed
2026-03-01T11:20:37.2317768Z gpg: Total number processed: 1
2026-03-01T11:20:37.2318065Z gpg:              unchanged: 1
2026-03-01T11:20:37.2320905Z [0;32m==>[0m Verifying GPG signature integrity
2026-03-01T11:20:37.2321809Z [0;32m ->[0m Downloading [0;36mhttps://cli.codecov.io/latest/linux/codecov.SHA256SUM[0m
2026-03-01T11:20:37.2322595Z [0;32m ->[0m Downloading [0;36mhttps://cli.codecov.io/latest/linux/codecov.SHA256SUM.sig[0m
2026-03-01T11:20:37.2323066Z  
2026-03-01T11:20:37.3735369Z gpg: Signature made Fri Dec  5 15:31:48 2025 UTC
2026-03-01T11:20:37.3735877Z gpg:                using RSA key 27034E7FDB850E0BBC2C62FF806BB28AED779869
2026-03-01T11:20:37.3738341Z gpg: Good signature from "Codecov Uploader (Codecov Uploader Verification Key) <security@codecov.io>" [unknown]
2026-03-01T11:20:37.3739323Z gpg: WARNING: This key is not certified with a trusted signature!
2026-03-01T11:20:37.3740075Z gpg:          There is no indication that the signature belongs to the owner.
2026-03-01T11:20:37.3740856Z Primary key fingerprint: 2703 4E7F DB85 0E0B BC2C  62FF 806B B28A ED77 9869
2026-03-01T11:20:37.4358088Z codecov: OK
2026-03-01T11:20:37.4368972Z [0;32m==>[0m CLI integrity verified
2026-03-01T11:20:37.4369305Z 
2026-03-01T11:20:37.4455848Z [0;32m ->[0m Token of length 36 detected
2026-03-01T11:20:37.5045400Z [0;32m==>[0m Running upload-coverage
2026-03-01T11:20:37.5057625Z       [0;36m./codecov  upload-coverage -t <redacted> --git-service github --file TestResults/*.junit.xml --gcov-executable gcov --report-type test_results[0m
2026-03-01T11:20:37.8570609Z info - 2026-03-01 11:20:37,856 -- ci service found: github-actions
2026-03-01T11:20:37.9000308Z info - 2026-03-01 11:20:37,899 -- Using token to create a commit for protected branch `claude/configurable-email-send-times-pwqeQ`
2026-03-01T11:20:38.3137103Z info - 2026-03-01 11:20:38,313 -- Process Commit creating complete
2026-03-01T11:20:38.3556641Z warning - 2026-03-01 11:20:38,355 -- Some files were not found --- {"not_found_files": ["TestResults/*.junit.xml"]}
2026-03-01T11:20:38.3865081Z info - 2026-03-01 11:20:38,386 -- Found 3 test_results files to report
2026-03-01T11:20:38.3866438Z info - 2026-03-01 11:20:38,386 -- > /home/runner/work/hpoll/hpoll/tests/Hpoll.Core.Tests/TestResults/Hpoll.Core.Tests.junit.xml
2026-03-01T11:20:38.3867675Z info - 2026-03-01 11:20:38,386 -- > /home/runner/work/hpoll/hpoll/tests/Hpoll.Worker.Tests/TestResults/Hpoll.Worker.Tests.junit.xml
2026-03-01T11:20:38.3868660Z info - 2026-03-01 11:20:38,386 -- > /home/runner/work/hpoll/hpoll/tests/Hpoll.Admin.Tests/TestResults/Hpoll.Admin.Tests.junit.xml
2026-03-01T11:20:39.0712785Z info - 2026-03-01 11:20:39,070 -- Process Upload complete
2026-03-01T11:20:39.2136659Z ##[group]Run actions/upload-artifact@330a01c490aca151604b8cf639adc76d48f6c5d4
2026-03-01T11:20:39.2137049Z with:
2026-03-01T11:20:39.2137217Z   name: test-reports
2026-03-01T11:20:39.2137411Z   path: TestResults/

2026-03-01T11:20:39.2137612Z   if-no-files-found: warn
2026-03-01T11:20:39.2137814Z   compression-level: 6
2026-03-01T11:20:39.2138003Z   overwrite: false
2026-03-01T11:20:39.2138200Z   include-hidden-files: false
2026-03-01T11:20:39.2138404Z env:
2026-03-01T11:20:39.2138569Z   DOTNET_ROOT: /usr/share/dotnet
2026-03-01T11:20:39.2138777Z   CC_FORK: false
2026-03-01T11:20:39.2139033Z   CC_TOKEN: ***
2026-03-01T11:20:39.2139193Z   CC_BRANCH: 
2026-03-01T11:20:39.2139353Z   CC_SHA: 
2026-03-01T11:20:39.2139509Z   CC_PR: 
2026-03-01T11:20:39.2139655Z ##[endgroup]
2026-03-01T11:20:39.4252100Z With the provided path, there will be 3 files uploaded
2026-03-01T11:20:39.4257373Z Artifact name is valid!
2026-03-01T11:20:39.4258514Z Root directory input is valid!
2026-03-01T11:20:39.5794406Z Beginning upload of artifact content to blob storage
2026-03-01T11:20:39.8039294Z Uploaded bytes 36775
2026-03-01T11:20:39.8499677Z Finished uploading artifact content to blob storage!
2026-03-01T11:20:39.8502685Z SHA256 digest of uploaded artifact zip is 1b1128db13a5892ff219ebf7515c5d242edbe8de1bb22ad39870cbdf7a0e06fb
2026-03-01T11:20:39.8504839Z Finalizing artifact upload
2026-03-01T11:20:39.9470121Z Artifact test-reports.zip successfully finalized. Artifact ID 5709535004
2026-03-01T11:20:39.9471594Z Artifact test-reports has been successfully uploaded! Final size is 36775 bytes. Artifact ID is 5709535004
2026-03-01T11:20:39.9479286Z Artifact download URL: https://github.com/pkinerd/hpoll/actions/runs/22542313622/artifacts/5709535004
2026-03-01T11:20:39.9596409Z Post job cleanup.
2026-03-01T11:20:40.1207902Z Post job cleanup.
2026-03-01T11:20:40.2180537Z [command]/usr/bin/git version
2026-03-01T11:20:40.2217747Z git version 2.53.0
2026-03-01T11:20:40.2257457Z Copying '/home/runner/.gitconfig' to '/home/runner/work/_temp/0f8085a7-4672-490a-b08b-4a3f93d551cb/.gitconfig'
2026-03-01T11:20:40.2269323Z Temporarily overriding HOME='/home/runner/work/_temp/0f8085a7-4672-490a-b08b-4a3f93d551cb' before making global git config changes
2026-03-01T11:20:40.2270743Z Adding repository directory to the temporary git global config as a safe directory
2026-03-01T11:20:40.2275696Z [command]/usr/bin/git config --global --add safe.directory /home/runner/work/hpoll/hpoll
2026-03-01T11:20:40.2316819Z [command]/usr/bin/git config --local --name-only --get-regexp core\.sshCommand
2026-03-01T11:20:40.2350504Z [command]/usr/bin/git submodule foreach --recursive sh -c "git config --local --name-only --get-regexp 'core\.sshCommand' && git config --local --unset-all 'core.sshCommand' || :"
2026-03-01T11:20:40.2590870Z [command]/usr/bin/git config --local --name-only --get-regexp http\.https\:\/\/github\.com\/\.extraheader
2026-03-01T11:20:40.2614708Z http.https://github.com/.extraheader
2026-03-01T11:20:40.2628528Z [command]/usr/bin/git config --local --unset-all http.https://github.com/.extraheader
2026-03-01T11:20:40.2662341Z [command]/usr/bin/git submodule foreach --recursive sh -c "git config --local --name-only --get-regexp 'http\.https\:\/\/github\.com\/\.extraheader' && git config --local --unset-all 'http.https://github.com/.extraheader' || :"
2026-03-01T11:20:40.2998501Z Cleaning up orphan processes
2026-03-01T11:20:40.3308889Z Terminate orphan process: pid (2571) (dotnet)
2026-03-01T11:20:40.3328451Z Terminate orphan process: pid (2572) (dotnet)
2026-03-01T11:20:40.3347297Z Terminate orphan process: pid (2573) (dotnet)
2026-03-01T11:20:40.3373410Z Terminate orphan process: pid (2709) (dotnet)
2026-03-01T11:20:40.3407331Z Terminate orphan process: pid (2710) (dotnet)
2026-03-01T11:20:40.3443161Z Terminate orphan process: pid (2711) (dotnet)
2026-03-01T11:20:40.3475040Z Terminate orphan process: pid (2773) (VBCSCompiler)
