2026-03-01T11:38:31.9976622Z Current runner version: '2.331.0'
2026-03-01T11:38:32.0010666Z ##[group]Runner Image Provisioner
2026-03-01T11:38:32.0011910Z Hosted Compute Agent
2026-03-01T11:38:32.0012794Z Version: 20260213.493
2026-03-01T11:38:32.0013683Z Commit: 5c115507f6dd24b8de37d8bbe0bb4509d0cc0fa3
2026-03-01T11:38:32.0014819Z Build Date: 2026-02-13T00:28:41Z
2026-03-01T11:38:32.0015972Z Worker ID: {2b7e7024-9a87-446a-94c0-6139e4168f34}
2026-03-01T11:38:32.0017015Z Azure Region: northcentralus
2026-03-01T11:38:32.0018076Z ##[endgroup]
2026-03-01T11:38:32.0019964Z ##[group]Operating System
2026-03-01T11:38:32.0020850Z Ubuntu
2026-03-01T11:38:32.0021650Z 24.04.3
2026-03-01T11:38:32.0022304Z LTS
2026-03-01T11:38:32.0022992Z ##[endgroup]
2026-03-01T11:38:32.0023673Z ##[group]Runner Image
2026-03-01T11:38:32.0024636Z Image: ubuntu-24.04
2026-03-01T11:38:32.0025383Z Version: 20260224.36.1
2026-03-01T11:38:32.0027370Z Included Software: https://github.com/actions/runner-images/blob/ubuntu24/20260224.36/images/ubuntu/Ubuntu2404-Readme.md
2026-03-01T11:38:32.0029627Z Image Release: https://github.com/actions/runner-images/releases/tag/ubuntu24%2F20260224.36
2026-03-01T11:38:32.0031038Z ##[endgroup]
2026-03-01T11:38:32.0032636Z ##[group]GITHUB_TOKEN Permissions
2026-03-01T11:38:32.0035352Z Contents: read
2026-03-01T11:38:32.0036353Z Metadata: read
2026-03-01T11:38:32.0037039Z ##[endgroup]
2026-03-01T11:38:32.0039678Z Secret source: Actions
2026-03-01T11:38:32.0041178Z Prepare workflow directory
2026-03-01T11:38:32.0431811Z Prepare all required actions
2026-03-01T11:38:32.0487912Z Getting action download info
2026-03-01T11:38:32.3686886Z Download action repository 'actions/checkout@692973e3d937129bcbf40652eb9f2f61becf3332' (SHA:692973e3d937129bcbf40652eb9f2f61becf3332)
2026-03-01T11:38:32.5225078Z Download action repository 'actions/setup-dotnet@3e891b0cb619bf60e2c25674b222b8940e2c1c25' (SHA:3e891b0cb619bf60e2c25674b222b8940e2c1c25)
2026-03-01T11:38:32.9941601Z Download action repository 'codecov/codecov-action@18283e04ce6e62d37312384ff67231eb8fd56d24' (SHA:18283e04ce6e62d37312384ff67231eb8fd56d24)
2026-03-01T11:38:33.3512669Z Download action repository 'actions/upload-artifact@330a01c490aca151604b8cf639adc76d48f6c5d4' (SHA:330a01c490aca151604b8cf639adc76d48f6c5d4)
2026-03-01T11:38:33.6076953Z Getting action download info
2026-03-01T11:38:33.7395126Z Download action repository 'actions/github-script@v7' (SHA:f28e40c7f34bde8b3046d885e986cb6290c5673b)
2026-03-01T11:38:34.1781445Z Getting action download info
2026-03-01T11:38:34.3394796Z Complete job name: Build & Test
2026-03-01T11:38:34.3960496Z ##[group]Run actions/checkout@692973e3d937129bcbf40652eb9f2f61becf3332
2026-03-01T11:38:34.3961247Z with:
2026-03-01T11:38:34.3961553Z   repository: pkinerd/hpoll
2026-03-01T11:38:34.3962051Z   token: ***
2026-03-01T11:38:34.3962331Z   ssh-strict: true
2026-03-01T11:38:34.3962610Z   ssh-user: git
2026-03-01T11:38:34.3962898Z   persist-credentials: true
2026-03-01T11:38:34.3963209Z   clean: true
2026-03-01T11:38:34.3963503Z   sparse-checkout-cone-mode: true
2026-03-01T11:38:34.3963869Z   fetch-depth: 1
2026-03-01T11:38:34.3964145Z   fetch-tags: false
2026-03-01T11:38:34.3964429Z   show-progress: true
2026-03-01T11:38:34.3964715Z   lfs: false
2026-03-01T11:38:34.3964979Z   submodules: false
2026-03-01T11:38:34.3965268Z   set-safe-directory: true
2026-03-01T11:38:34.3965898Z ##[endgroup]
2026-03-01T11:38:34.4942353Z Syncing repository: pkinerd/hpoll
2026-03-01T11:38:34.4943787Z ##[group]Getting Git version info
2026-03-01T11:38:34.4944298Z Working directory is '/home/runner/work/hpoll/hpoll'
2026-03-01T11:38:34.4944953Z [command]/usr/bin/git version
2026-03-01T11:38:34.4995377Z git version 2.53.0
2026-03-01T11:38:34.5017974Z ##[endgroup]
2026-03-01T11:38:34.5037365Z Temporarily overriding HOME='/home/runner/work/_temp/9306653c-8b2b-4770-9a60-f3b873e67109' before making global git config changes
2026-03-01T11:38:34.5042248Z Adding repository directory to the temporary git global config as a safe directory
2026-03-01T11:38:34.5043064Z [command]/usr/bin/git config --global --add safe.directory /home/runner/work/hpoll/hpoll
2026-03-01T11:38:34.5073663Z Deleting the contents of '/home/runner/work/hpoll/hpoll'
2026-03-01T11:38:34.5076648Z ##[group]Initializing the repository
2026-03-01T11:38:34.5080145Z [command]/usr/bin/git init /home/runner/work/hpoll/hpoll
2026-03-01T11:38:34.5161930Z hint: Using 'master' as the name for the initial branch. This default branch name
2026-03-01T11:38:34.5162596Z hint: will change to "main" in Git 3.0. To configure the initial branch name
2026-03-01T11:38:34.5163180Z hint: to use in all of your new repositories, which will suppress this warning,
2026-03-01T11:38:34.5163618Z hint: call:
2026-03-01T11:38:34.5163876Z hint:
2026-03-01T11:38:34.5164227Z hint: 	git config --global init.defaultBranch <name>
2026-03-01T11:38:34.5164592Z hint:
2026-03-01T11:38:34.5165087Z hint: Names commonly chosen instead of 'master' are 'main', 'trunk' and
2026-03-01T11:38:34.5166083Z hint: 'development'. The just-created branch can be renamed via this command:
2026-03-01T11:38:34.5166537Z hint:
2026-03-01T11:38:34.5166818Z hint: 	git branch -m <name>
2026-03-01T11:38:34.5167109Z hint:
2026-03-01T11:38:34.5167500Z hint: Disable this message with "git config set advice.defaultBranchName false"
2026-03-01T11:38:34.5168088Z Initialized empty Git repository in /home/runner/work/hpoll/hpoll/.git/
2026-03-01T11:38:34.5174527Z [command]/usr/bin/git remote add origin https://github.com/pkinerd/hpoll
2026-03-01T11:38:34.5201333Z ##[endgroup]
2026-03-01T11:38:34.5202241Z ##[group]Disabling automatic garbage collection
2026-03-01T11:38:34.5206414Z [command]/usr/bin/git config --local gc.auto 0
2026-03-01T11:38:34.5228909Z ##[endgroup]
2026-03-01T11:38:34.5229420Z ##[group]Setting up auth
2026-03-01T11:38:34.5235069Z [command]/usr/bin/git config --local --name-only --get-regexp core\.sshCommand
2026-03-01T11:38:34.5259119Z [command]/usr/bin/git submodule foreach --recursive sh -c "git config --local --name-only --get-regexp 'core\.sshCommand' && git config --local --unset-all 'core.sshCommand' || :"
2026-03-01T11:38:34.5514146Z [command]/usr/bin/git config --local --name-only --get-regexp http\.https\:\/\/github\.com\/\.extraheader
2026-03-01T11:38:34.5537999Z [command]/usr/bin/git submodule foreach --recursive sh -c "git config --local --name-only --get-regexp 'http\.https\:\/\/github\.com\/\.extraheader' && git config --local --unset-all 'http.https://github.com/.extraheader' || :"
2026-03-01T11:38:34.5708042Z [command]/usr/bin/git config --local http.https://github.com/.extraheader AUTHORIZATION: basic ***
2026-03-01T11:38:34.5736933Z ##[endgroup]
2026-03-01T11:38:34.5737796Z ##[group]Fetching the repository
2026-03-01T11:38:34.5744839Z [command]/usr/bin/git -c protocol.version=2 fetch --no-tags --prune --no-recurse-submodules --depth=1 origin +ad3e7951785e7bb302e01ddb17397e85fc6b101b:refs/remotes/origin/claude/add-build-info-display-yZ5Zr
2026-03-01T11:38:34.9339797Z From https://github.com/pkinerd/hpoll
2026-03-01T11:38:34.9341244Z  * [new ref]         ad3e7951785e7bb302e01ddb17397e85fc6b101b -> origin/claude/add-build-info-display-yZ5Zr
2026-03-01T11:38:34.9364529Z ##[endgroup]
2026-03-01T11:38:34.9365052Z ##[group]Determining the checkout info
2026-03-01T11:38:34.9366304Z ##[endgroup]
2026-03-01T11:38:34.9371565Z [command]/usr/bin/git sparse-checkout disable
2026-03-01T11:38:34.9401949Z [command]/usr/bin/git config --local --unset-all extensions.worktreeConfig
2026-03-01T11:38:34.9423713Z ##[group]Checking out the ref
2026-03-01T11:38:34.9427370Z [command]/usr/bin/git checkout --progress --force -B claude/add-build-info-display-yZ5Zr refs/remotes/origin/claude/add-build-info-display-yZ5Zr
2026-03-01T11:38:34.9509017Z Switched to a new branch 'claude/add-build-info-display-yZ5Zr'
2026-03-01T11:38:34.9510406Z branch 'claude/add-build-info-display-yZ5Zr' set up to track 'origin/claude/add-build-info-display-yZ5Zr'.
2026-03-01T11:38:34.9514545Z ##[endgroup]
2026-03-01T11:38:34.9543000Z [command]/usr/bin/git log -1 --format='%H'
2026-03-01T11:38:34.9560306Z 'ad3e7951785e7bb302e01ddb17397e85fc6b101b'
2026-03-01T11:38:34.9733328Z ##[group]Run actions/setup-dotnet@3e891b0cb619bf60e2c25674b222b8940e2c1c25
2026-03-01T11:38:34.9733824Z with:
2026-03-01T11:38:34.9734090Z   dotnet-version: 8.0.x
2026-03-01T11:38:34.9734370Z   cache: false
2026-03-01T11:38:34.9734631Z ##[endgroup]
2026-03-01T11:38:35.1330422Z [command]/home/runner/work/_actions/actions/setup-dotnet/3e891b0cb619bf60e2c25674b222b8940e2c1c25/externals/install-dotnet.sh --skip-non-versioned-files --runtime dotnet --channel LTS
2026-03-01T11:38:35.3274145Z dotnet-install: Attempting to download using aka.ms link https://builds.dotnet.microsoft.com/dotnet/Runtime/10.0.3/dotnet-runtime-10.0.3-linux-x64.tar.gz
2026-03-01T11:38:35.5207768Z dotnet-install: Remote file https://builds.dotnet.microsoft.com/dotnet/Runtime/10.0.3/dotnet-runtime-10.0.3-linux-x64.tar.gz size is 36636310 bytes.
2026-03-01T11:38:35.5211200Z dotnet-install: Extracting archive from https://builds.dotnet.microsoft.com/dotnet/Runtime/10.0.3/dotnet-runtime-10.0.3-linux-x64.tar.gz
2026-03-01T11:38:36.1737479Z dotnet-install: Downloaded file size is 36636310 bytes.
2026-03-01T11:38:36.1738323Z dotnet-install: The remote and local file sizes are equal.
2026-03-01T11:38:36.1991350Z dotnet-install: Installed version is 10.0.3
2026-03-01T11:38:36.2040658Z dotnet-install: Adding to current process PATH: `/usr/share/dotnet`. Note: This change will be visible only when sourcing script.
2026-03-01T11:38:36.2042374Z dotnet-install: Note that the script does not resolve dependencies during installation.
2026-03-01T11:38:36.2043650Z dotnet-install: To check the list of dependencies, go to https://learn.microsoft.com/dotnet/core/install, select your operating system and check the "Dependencies" section.
2026-03-01T11:38:36.2044876Z dotnet-install: Installation finished successfully.
2026-03-01T11:38:36.2069202Z [command]/home/runner/work/_actions/actions/setup-dotnet/3e891b0cb619bf60e2c25674b222b8940e2c1c25/externals/install-dotnet.sh --skip-non-versioned-files --channel 8.0
2026-03-01T11:38:36.5240530Z dotnet-install: .NET Core SDK with version '8.0.418' is already installed.
2026-03-01T11:38:36.5367127Z ##[group]Run dotnet restore
2026-03-01T11:38:36.5367480Z [36;1mdotnet restore[0m
2026-03-01T11:38:36.5399032Z shell: /usr/bin/bash -e {0}
2026-03-01T11:38:36.5399295Z env:
2026-03-01T11:38:36.5399472Z   DOTNET_ROOT: /usr/share/dotnet
2026-03-01T11:38:36.5399709Z ##[endgroup]
2026-03-01T11:38:40.0037945Z   Determining projects to restore...
2026-03-01T11:38:43.2831769Z   Restored /home/runner/work/hpoll/hpoll/src/Hpoll.Core/Hpoll.Core.csproj (in 2.44 sec).
2026-03-01T11:38:43.2866811Z   Restored /home/runner/work/hpoll/hpoll/src/Hpoll.Admin/Hpoll.Admin.csproj (in 2.44 sec).
2026-03-01T11:38:43.3518223Z   Restored /home/runner/work/hpoll/hpoll/src/Hpoll.Email/Hpoll.Email.csproj (in 21 ms).
2026-03-01T11:38:44.1565488Z   Restored /home/runner/work/hpoll/hpoll/src/Hpoll.Worker/Hpoll.Worker.csproj (in 3.33 sec).
2026-03-01T11:38:44.1650756Z   Restored /home/runner/work/hpoll/hpoll/src/Hpoll.Data/Hpoll.Data.csproj (in 808 ms).
2026-03-01T11:38:44.7606935Z   Restored /home/runner/work/hpoll/hpoll/tests/Hpoll.Core.Tests/Hpoll.Core.Tests.csproj (in 118 ms).
2026-03-01T11:38:44.7657204Z   Restored /home/runner/work/hpoll/hpoll/tests/Hpoll.Admin.Tests/Hpoll.Admin.Tests.csproj (in 3.94 sec).
2026-03-01T11:38:44.7669655Z   Restored /home/runner/work/hpoll/hpoll/tests/Hpoll.Worker.Tests/Hpoll.Worker.Tests.csproj (in 1.4 sec).
2026-03-01T11:38:44.8024583Z ##[group]Run dotnet build --no-restore -c Release \
2026-03-01T11:38:44.8024978Z [36;1mdotnet build --no-restore -c Release \[0m
2026-03-01T11:38:44.8025350Z [36;1m  -p:BuildBranch="claude/add-build-info-display-yZ5Zr" \[0m
2026-03-01T11:38:44.8025928Z [36;1m  -p:BuildCommit="ad3e7951785e7bb302e01ddb17397e85fc6b101b" \[0m
2026-03-01T11:38:44.8026252Z [36;1m  -p:BuildNumber="157" \[0m
2026-03-01T11:38:44.8026512Z [36;1m  -p:BuildRunId="22542624123" \[0m
2026-03-01T11:38:44.8026805Z [36;1m  -p:PullRequestNumber=""[0m
2026-03-01T11:38:44.8052467Z shell: /usr/bin/bash -e {0}
2026-03-01T11:38:44.8052829Z env:
2026-03-01T11:38:44.8053024Z   DOTNET_ROOT: /usr/share/dotnet
2026-03-01T11:38:44.8053237Z ##[endgroup]
2026-03-01T11:38:49.9913633Z   Hpoll.Core -> /home/runner/work/hpoll/hpoll/src/Hpoll.Core/bin/Release/net8.0/Hpoll.Core.dll
2026-03-01T11:38:50.9810235Z   Hpoll.Data -> /home/runner/work/hpoll/hpoll/src/Hpoll.Data/bin/Release/net8.0/Hpoll.Data.dll
2026-03-01T11:38:54.6817815Z   Hpoll.Email -> /home/runner/work/hpoll/hpoll/src/Hpoll.Email/bin/Release/net8.0/Hpoll.Email.dll
2026-03-01T11:38:54.8262703Z   Hpoll.Admin -> /home/runner/work/hpoll/hpoll/src/Hpoll.Admin/bin/Release/net8.0/Hpoll.Admin.dll
2026-03-01T11:38:55.7368754Z   Hpoll.Core.Tests -> /home/runner/work/hpoll/hpoll/tests/Hpoll.Core.Tests/bin/Release/net8.0/Hpoll.Core.Tests.dll
2026-03-01T11:38:55.8323718Z   Hpoll.Worker -> /home/runner/work/hpoll/hpoll/src/Hpoll.Worker/bin/Release/net8.0/Hpoll.Worker.dll
2026-03-01T11:38:56.7526859Z   Hpoll.Worker.Tests -> /home/runner/work/hpoll/hpoll/tests/Hpoll.Worker.Tests/bin/Release/net8.0/Hpoll.Worker.Tests.dll
2026-03-01T11:38:57.0796558Z   Hpoll.Admin.Tests -> /home/runner/work/hpoll/hpoll/tests/Hpoll.Admin.Tests/bin/Release/net8.0/Hpoll.Admin.Tests.dll
2026-03-01T11:38:57.0932525Z 
2026-03-01T11:38:57.0940785Z Build succeeded.
2026-03-01T11:38:57.0958229Z     0 Warning(s)
2026-03-01T11:38:57.0959195Z     0 Error(s)
2026-03-01T11:38:57.0960185Z 
2026-03-01T11:38:57.0960540Z Time Elapsed 00:00:12.04
2026-03-01T11:38:57.1155157Z ##[group]Run dotnet test --no-build -c Release \
2026-03-01T11:38:57.1155498Z [36;1mdotnet test --no-build -c Release \[0m
2026-03-01T11:38:57.1155995Z [36;1m  --settings coverlet.runsettings \[0m
2026-03-01T11:38:57.1156260Z [36;1m  --collect:"XPlat Code Coverage" \[0m
2026-03-01T11:38:57.1156593Z [36;1m  --logger "junit;LogFilePath=TestResults/{assembly}.junit.xml" \[0m
2026-03-01T11:38:57.1156958Z [36;1m  --results-directory TestResults[0m
2026-03-01T11:38:57.1183415Z shell: /usr/bin/bash -e {0}
2026-03-01T11:38:57.1183663Z env:
2026-03-01T11:38:57.1183831Z   DOTNET_ROOT: /usr/share/dotnet
2026-03-01T11:38:57.1184048Z ##[endgroup]
2026-03-01T11:38:58.1566078Z Test run for /home/runner/work/hpoll/hpoll/tests/Hpoll.Core.Tests/bin/Release/net8.0/Hpoll.Core.Tests.dll (.NETCoreApp,Version=v8.0)
2026-03-01T11:38:58.2095742Z Test run for /home/runner/work/hpoll/hpoll/tests/Hpoll.Admin.Tests/bin/Release/net8.0/Hpoll.Admin.Tests.dll (.NETCoreApp,Version=v8.0)
2026-03-01T11:38:58.2172610Z Test run for /home/runner/work/hpoll/hpoll/tests/Hpoll.Worker.Tests/bin/Release/net8.0/Hpoll.Worker.Tests.dll (.NETCoreApp,Version=v8.0)
2026-03-01T11:38:58.5436415Z VSTest version 18.0.1 (x64)
2026-03-01T11:38:58.5472747Z VSTest version 18.0.1 (x64)VSTest version 18.0.1 (x64)
2026-03-01T11:38:58.5475845Z 
2026-03-01T11:38:58.5478346Z 
2026-03-01T11:38:58.5509510Z 
2026-03-01T11:38:58.5509654Z 
2026-03-01T11:38:58.7556498Z Starting test execution, please wait...
2026-03-01T11:38:58.7576277Z Starting test execution, please wait...Starting test execution, please wait...
2026-03-01T11:38:58.7577225Z 
2026-03-01T11:38:58.8017126Z A total of 1 test files matched the specified pattern.
2026-03-01T11:38:58.8076762Z A total of 1 test files matched the specified pattern.
2026-03-01T11:38:58.8088984Z A total of 1 test files matched the specified pattern.
2026-03-01T11:39:05.3302042Z Results File: TestResults/Hpoll.Core.Tests.junit.xml
2026-03-01T11:39:05.3305751Z 
2026-03-01T11:39:05.3358563Z Passed!  - Failed:     0, Passed:    79, Skipped:     0, Total:    79, Duration: 1 s - Hpoll.Core.Tests.dll (net8.0)
2026-03-01T11:39:08.0131506Z Results File: TestResults/Hpoll.Admin.Tests.junit.xml
2026-03-01T11:39:08.0133883Z 
2026-03-01T11:39:08.0169608Z Passed!  - Failed:     0, Passed:    59, Skipped:     0, Total:    59, Duration: 2 s - Hpoll.Admin.Tests.dll (net8.0)
2026-03-01T11:39:53.3413427Z Results File: TestResults/Hpoll.Worker.Tests.junit.xml
2026-03-01T11:39:53.3418231Z 
2026-03-01T11:39:53.3450424Z Passed!  - Failed:     0, Passed:    50, Skipped:     0, Total:    50, Duration: 49 s - Hpoll.Worker.Tests.dll (net8.0)
2026-03-01T11:39:53.5248712Z 
2026-03-01T11:39:53.5253408Z Attachments:
2026-03-01T11:39:53.5255173Z   /home/runner/work/hpoll/hpoll/TestResults/2a9b074b-a236-4e8b-8616-0547ff086c0d/coverage.cobertura.xml
2026-03-01T11:39:53.5256381Z   /home/runner/work/hpoll/hpoll/TestResults/dd3f8557-c6a3-48a0-9249-f1ba00b5e303/coverage.cobertura.xml
2026-03-01T11:39:53.5257047Z   /home/runner/work/hpoll/hpoll/TestResults/c82c5229-a9aa-4845-b4ae-f02d216b9e2f/coverage.cobertura.xml
2026-03-01T11:39:53.5950384Z ##[group]Run codecov/codecov-action@18283e04ce6e62d37312384ff67231eb8fd56d24
2026-03-01T11:39:53.5950743Z with:
2026-03-01T11:39:53.5951093Z   token: ***
2026-03-01T11:39:53.5951274Z   directory: TestResults
2026-03-01T11:39:53.5951475Z   fail_ci_if_error: false
2026-03-01T11:39:53.5951680Z   disable_file_fixes: false
2026-03-01T11:39:53.5951896Z   disable_search: false
2026-03-01T11:39:53.5952089Z   disable_safe_directory: false
2026-03-01T11:39:53.5952317Z   disable_telem: false
2026-03-01T11:39:53.5952493Z   dry_run: false
2026-03-01T11:39:53.5952672Z   git_service: github
2026-03-01T11:39:53.5952863Z   gcov_executable: gcov
2026-03-01T11:39:53.5953057Z   handle_no_reports_found: false
2026-03-01T11:39:53.5953296Z   recurse_submodules: false
2026-03-01T11:39:53.5953507Z   run_command: upload-coverage
2026-03-01T11:39:53.5953711Z   skip_validation: false
2026-03-01T11:39:53.5953920Z   use_legacy_upload_endpoint: false
2026-03-01T11:39:53.5954131Z   use_oidc: false
2026-03-01T11:39:53.5954340Z   use_pypi: false
2026-03-01T11:39:53.5954502Z   verbose: false
2026-03-01T11:39:53.5954674Z   version: latest
2026-03-01T11:39:53.5954838Z env:
2026-03-01T11:39:53.5954996Z   DOTNET_ROOT: /usr/share/dotnet
2026-03-01T11:39:53.5955205Z ##[endgroup]
2026-03-01T11:39:53.6026802Z ##[group]Run CC_ACTION_VERSION=$(cat ${GITHUB_ACTION_PATH}/src/version)
2026-03-01T11:39:53.6027273Z [36;1mCC_ACTION_VERSION=$(cat ${GITHUB_ACTION_PATH}/src/version)[0m
2026-03-01T11:39:53.6027698Z [36;1mecho -e "\033[0;32m==>\033[0m Running Action version $CC_ACTION_VERSION"[0m
2026-03-01T11:39:53.6055699Z shell: /usr/bin/bash --noprofile --norc -e -o pipefail {0}
2026-03-01T11:39:53.6055994Z env:
2026-03-01T11:39:53.6056173Z   DOTNET_ROOT: /usr/share/dotnet
2026-03-01T11:39:53.6056384Z ##[endgroup]
2026-03-01T11:39:53.6113196Z [0;32m==>[0m Running Action version 5.4.3
2026-03-01T11:39:53.6146929Z ##[group]Run git config --global --add safe.directory "/home/runner/work/hpoll/hpoll"
2026-03-01T11:39:53.6147443Z [36;1mgit config --global --add safe.directory "/home/runner/work/hpoll/hpoll"[0m
2026-03-01T11:39:53.6147875Z [36;1mgit config --global --add safe.directory "$GITHUB_WORKSPACE"[0m
2026-03-01T11:39:53.6171358Z shell: /usr/bin/bash --noprofile --norc -e -o pipefail {0}
2026-03-01T11:39:53.6171648Z env:
2026-03-01T11:39:53.6171825Z   DOTNET_ROOT: /usr/share/dotnet
2026-03-01T11:39:53.6172035Z ##[endgroup]
2026-03-01T11:39:53.6253681Z ##[group]Run CC_FORK="false"
2026-03-01T11:39:53.6253927Z [36;1mCC_FORK="false"[0m
2026-03-01T11:39:53.6254434Z [36;1mif [ -n "$GITHUB_EVENT_PULL_REQUEST_HEAD_REPO_FULL_NAME" ] && [ "$GITHUB_EVENT_PULL_REQUEST_HEAD_REPO_FULL_NAME" != "$GITHUB_REPOSITORY" ];[0m
2026-03-01T11:39:53.6254954Z [36;1mthen[0m
2026-03-01T11:39:53.6255162Z [36;1m  echo -e "\033[0;32m==>\033[0m Fork detected"[0m
2026-03-01T11:39:53.6255428Z [36;1m  CC_FORK="true"[0m
2026-03-01T11:39:53.6255883Z [36;1mfi[0m
2026-03-01T11:39:53.6256074Z [36;1mecho "CC_FORK=$CC_FORK" >> "$GITHUB_ENV"[0m
2026-03-01T11:39:53.6278716Z shell: /usr/bin/bash --noprofile --norc -e -o pipefail {0}
2026-03-01T11:39:53.6279015Z env:
2026-03-01T11:39:53.6279194Z   DOTNET_ROOT: /usr/share/dotnet
2026-03-01T11:39:53.6279419Z   GITHUB_EVENT_PULL_REQUEST_HEAD_LABEL: 
2026-03-01T11:39:53.6279686Z   GITHUB_EVENT_PULL_REQUEST_HEAD_REPO_FULL_NAME: 
2026-03-01T11:39:53.6279946Z   GITHUB_REPOSITORY: pkinerd/hpoll
2026-03-01T11:39:53.6280164Z ##[endgroup]
2026-03-01T11:39:53.6373119Z ##[group]Run actions/github-script@v7
2026-03-01T11:39:53.6373489Z with:
2026-03-01T11:39:53.6374026Z   script: if (process.env.CC_USE_OIDC === 'true' && process.env.CC_FORK != 'true') {
  const id_token = await core.getIDToken(process.env.CC_OIDC_AUDIENCE)
  return id_token
}

2026-03-01T11:39:53.6374770Z   github-token: ***
2026-03-01T11:39:53.6374947Z   debug: false
2026-03-01T11:39:53.6375125Z   user-agent: actions/github-script
2026-03-01T11:39:53.6375363Z   result-encoding: json
2026-03-01T11:39:53.6375739Z   retries: 0
2026-03-01T11:39:53.6376178Z   retry-exempt-status-codes: 400,401,403,404,422
2026-03-01T11:39:53.6376432Z env:
2026-03-01T11:39:53.6376594Z   DOTNET_ROOT: /usr/share/dotnet
2026-03-01T11:39:53.6376885Z   CC_FORK: false
2026-03-01T11:39:53.6377102Z   CC_OIDC_AUDIENCE: https://codecov.io
2026-03-01T11:39:53.6377327Z   CC_USE_OIDC: false
2026-03-01T11:39:53.6377513Z ##[endgroup]
2026-03-01T11:39:53.7231102Z ##[group]Run if [ "false" == 'true' ] && [ "$CC_FORK" != 'true' ];
2026-03-01T11:39:53.7231526Z [36;1mif [ "false" == 'true' ] && [ "$CC_FORK" != 'true' ];[0m
2026-03-01T11:39:53.7231814Z [36;1mthen[0m
2026-03-01T11:39:53.7232025Z [36;1m  echo "CC_TOKEN=$CC_OIDC_TOKEN" >> "$GITHUB_ENV"[0m
2026-03-01T11:39:53.7232311Z [36;1melif [ -n "" ];[0m
2026-03-01T11:39:53.7232492Z [36;1mthen[0m
2026-03-01T11:39:53.7232707Z [36;1m  echo -e "\033[0;32m==>\033[0m Token set from env"[0m
2026-03-01T11:39:53.7232992Z [36;1m    echo "CC_TOKEN=" >> "$GITHUB_ENV"[0m
2026-03-01T11:39:53.7233216Z [36;1melse[0m
2026-03-01T11:39:53.7233550Z [36;1m  if [ -n "***" ];[0m
2026-03-01T11:39:53.7233745Z [36;1m  then[0m
2026-03-01T11:39:53.7233974Z [36;1m    echo -e "\033[0;32m==>\033[0m Token set from input"[0m
2026-03-01T11:39:53.7234353Z [36;1m    CC_TOKEN=$(echo "***" | tr -d '\n')[0m
2026-03-01T11:39:53.7234639Z [36;1m    echo "CC_TOKEN=$CC_TOKEN" >> "$GITHUB_ENV"[0m
2026-03-01T11:39:53.7234878Z [36;1m  fi[0m
2026-03-01T11:39:53.7235063Z [36;1mfi[0m
2026-03-01T11:39:53.7261886Z shell: /usr/bin/bash --noprofile --norc -e -o pipefail {0}
2026-03-01T11:39:53.7262203Z env:
2026-03-01T11:39:53.7262386Z   DOTNET_ROOT: /usr/share/dotnet
2026-03-01T11:39:53.7262591Z   CC_FORK: false
2026-03-01T11:39:53.7262760Z   CC_OIDC_TOKEN: 
2026-03-01T11:39:53.7262970Z   CC_OIDC_AUDIENCE: https://codecov.io
2026-03-01T11:39:53.7263203Z ##[endgroup]
2026-03-01T11:39:53.7307740Z [0;32m==>[0m Token set from input
2026-03-01T11:39:53.7339230Z ##[group]Run if [ -z "$CC_BRANCH" ] && [ -z "$CC_TOKEN" ] && [ "$CC_FORK" == 'true' ]
2026-03-01T11:39:53.7339704Z [36;1mif [ -z "$CC_BRANCH" ] && [ -z "$CC_TOKEN" ] && [ "$CC_FORK" == 'true' ][0m
2026-03-01T11:39:53.7340014Z [36;1mthen[0m
2026-03-01T11:39:53.7340366Z [36;1m  echo -e "\033[0;32m==>\033[0m Fork detected, setting branch to $GITHUB_EVENT_PULL_REQUEST_HEAD_LABEL"[0m
2026-03-01T11:39:53.7340833Z [36;1m  TOKENLESS="$GITHUB_EVENT_PULL_REQUEST_HEAD_LABEL"[0m
2026-03-01T11:39:53.7341159Z [36;1m  CC_BRANCH="$GITHUB_EVENT_PULL_REQUEST_HEAD_LABEL"[0m
2026-03-01T11:39:53.7341461Z [36;1m  echo "TOKENLESS=$TOKENLESS" >> "$GITHUB_ENV"[0m
2026-03-01T11:39:53.7341731Z [36;1mfi[0m
2026-03-01T11:39:53.7341887Z [36;1m[0m
2026-03-01T11:39:53.7342089Z [36;1mecho "CC_BRANCH=$CC_BRANCH" >> "$GITHUB_ENV"[0m
2026-03-01T11:39:53.7365097Z shell: /usr/bin/bash --noprofile --norc -e -o pipefail {0}
2026-03-01T11:39:53.7365391Z env:
2026-03-01T11:39:53.7365763Z   DOTNET_ROOT: /usr/share/dotnet
2026-03-01T11:39:53.7366024Z   CC_FORK: false
2026-03-01T11:39:53.7366318Z   CC_TOKEN: ***
2026-03-01T11:39:53.7366536Z   CC_BRANCH: 
2026-03-01T11:39:53.7366738Z   GITHUB_EVENT_PULL_REQUEST_HEAD_LABEL: 
2026-03-01T11:39:53.7367007Z   GITHUB_EVENT_PULL_REQUEST_HEAD_REPO_FULL_NAME: 
2026-03-01T11:39:53.7367270Z   GITHUB_REPOSITORY: pkinerd/hpoll
2026-03-01T11:39:53.7367499Z ##[endgroup]
2026-03-01T11:39:53.7424129Z ##[group]Run if [ -z "$CC_SHA" ];
2026-03-01T11:39:53.7424392Z [36;1mif [ -z "$CC_SHA" ];[0m
2026-03-01T11:39:53.7424595Z [36;1mthen[0m
2026-03-01T11:39:53.7424810Z [36;1m  CC_SHA="$GITHUB_EVENT_PULL_REQUEST_HEAD_SHA"[0m
2026-03-01T11:39:53.7425179Z [36;1mfi[0m
2026-03-01T11:39:53.7425430Z [36;1mif [ -z "$CC_PR" ] && [ "${GITHUB_EVENT_NAME}" == "pull_request_target" ];[0m
2026-03-01T11:39:53.7425928Z [36;1mthen[0m
2026-03-01T11:39:53.7426118Z [36;1m  CC_PR="$GITHUB_EVENT_NUMBER"[0m
2026-03-01T11:39:53.7426334Z [36;1mfi[0m
2026-03-01T11:39:53.7426496Z [36;1m[0m
2026-03-01T11:39:53.7426689Z [36;1mecho "CC_SHA=$CC_SHA" >> "$GITHUB_ENV"[0m
2026-03-01T11:39:53.7426951Z [36;1mecho "CC_PR=$CC_PR" >> "$GITHUB_ENV"[0m
2026-03-01T11:39:53.7449407Z shell: /usr/bin/bash --noprofile --norc -e -o pipefail {0}
2026-03-01T11:39:53.7449713Z env:
2026-03-01T11:39:53.7449894Z   DOTNET_ROOT: /usr/share/dotnet
2026-03-01T11:39:53.7450122Z   CC_FORK: false
2026-03-01T11:39:53.7450403Z   CC_TOKEN: ***
2026-03-01T11:39:53.7450567Z   CC_BRANCH: 
2026-03-01T11:39:53.7450732Z   CC_PR: 
2026-03-01T11:39:53.7450886Z   CC_SHA: 
2026-03-01T11:39:53.7451066Z   GITHUB_EVENT_NAME: push
2026-03-01T11:39:53.7451276Z   GITHUB_EVENT_NUMBER: 
2026-03-01T11:39:53.7451497Z   GITHUB_EVENT_PULL_REQUEST_HEAD_SHA: 
2026-03-01T11:39:53.7451729Z ##[endgroup]
2026-03-01T11:39:53.7547785Z ##[group]Run ${GITHUB_ACTION_PATH}/dist/codecov.sh
2026-03-01T11:39:53.7548108Z [36;1m${GITHUB_ACTION_PATH}/dist/codecov.sh[0m
2026-03-01T11:39:53.7569822Z shell: /usr/bin/bash --noprofile --norc -e -o pipefail {0}
2026-03-01T11:39:53.7570110Z env:
2026-03-01T11:39:53.7570289Z   DOTNET_ROOT: /usr/share/dotnet
2026-03-01T11:39:53.7570495Z   CC_FORK: false
2026-03-01T11:39:53.7570775Z   CC_TOKEN: ***
2026-03-01T11:39:53.7570944Z   CC_BRANCH: 
2026-03-01T11:39:53.7571099Z   CC_SHA: 
2026-03-01T11:39:53.7571251Z   CC_PR: 
2026-03-01T11:39:53.7571402Z   CC_BASE_SHA: 
2026-03-01T11:39:53.7571565Z   CC_BINARY: 
2026-03-01T11:39:53.7571721Z   CC_BUILD: 
2026-03-01T11:39:53.7571878Z   CC_BUILD_URL: 
2026-03-01T11:39:53.7572040Z   CC_CODE: 
2026-03-01T11:39:53.7572194Z   CC_DIR: TestResults
2026-03-01T11:39:53.7572387Z   CC_DISABLE_FILE_FIXES: false
2026-03-01T11:39:53.7572609Z   CC_DISABLE_SEARCH: false
2026-03-01T11:39:53.7572803Z   CC_DISABLE_TELEM: false
2026-03-01T11:39:53.7572993Z   CC_DRY_RUN: false
2026-03-01T11:39:53.7573164Z   CC_ENTERPRISE_URL: 
2026-03-01T11:39:53.7573345Z   CC_ENV: 
2026-03-01T11:39:53.7573505Z   CC_EXCLUDES: 
2026-03-01T11:39:53.7573668Z   CC_FAIL_ON_ERROR: false
2026-03-01T11:39:53.7573856Z   CC_FILES: 
2026-03-01T11:39:53.7574004Z   CC_FLAGS: 
2026-03-01T11:39:53.7574155Z   CC_FORCE: 
2026-03-01T11:39:53.7574308Z   CC_GCOV_ARGS: 
2026-03-01T11:39:53.7574484Z   CC_GCOV_EXECUTABLE: gcov
2026-03-01T11:39:53.7574677Z   CC_GCOV_IGNORE: 
2026-03-01T11:39:53.7574843Z   CC_GCOV_INCLUDE: 
2026-03-01T11:39:53.7575017Z   CC_GIT_SERVICE: github
2026-03-01T11:39:53.7575224Z   CC_HANDLE_NO_REPORTS_FOUND: false
2026-03-01T11:39:53.7575433Z   CC_JOB_CODE: 
2026-03-01T11:39:53.7575839Z   CC_LEGACY: false
2026-03-01T11:39:53.7576022Z   CC_NAME: 
2026-03-01T11:39:53.7576181Z   CC_NETWORK_FILTER: 
2026-03-01T11:39:53.7576377Z   CC_NETWORK_PREFIX: 
2026-03-01T11:39:53.7576562Z   CC_NETWORK_ROOT_FOLDER: 
2026-03-01T11:39:53.7576754Z   CC_OS: 
2026-03-01T11:39:53.7576912Z   CC_PARENT_SHA: 
2026-03-01T11:39:53.7577073Z   CC_PLUGINS: 
2026-03-01T11:39:53.7577247Z   CC_RECURSE_SUBMODULES: false
2026-03-01T11:39:53.7577440Z   CC_REPORT_TYPE: 
2026-03-01T11:39:53.7577622Z   CC_RUN_CMD: upload-coverage
2026-03-01T11:39:53.7577824Z   CC_SERVICE: github
2026-03-01T11:39:53.7578006Z   CC_SKIP_VALIDATION: false
2026-03-01T11:39:53.7578196Z   CC_SLUG: 
2026-03-01T11:39:53.7578352Z   CC_SWIFT_PROJECT: 
2026-03-01T11:39:53.7578525Z   CC_USE_PYPI: false
2026-03-01T11:39:53.7578693Z   CC_VERBOSE: false
2026-03-01T11:39:53.7578857Z   CC_VERSION: latest
2026-03-01T11:39:53.7579028Z   CC_YML_PATH: 
2026-03-01T11:39:53.7579189Z ##[endgroup]
2026-03-01T11:39:53.7634754Z      _____          _
2026-03-01T11:39:53.7635141Z     / ____|        | |
2026-03-01T11:39:53.7635429Z    | |     ___   __| | ___  ___ _____   __
2026-03-01T11:39:53.7635762Z    | |    / _ \ / _` |/ _ \/ __/ _ \ \ / /
2026-03-01T11:39:53.7636149Z    | |___| (_) | (_| |  __/ (_| (_) \ V /
2026-03-01T11:39:53.7636394Z     \_____\___/ \__,_|\___|\___\___/ \_/
2026-03-01T11:39:53.7636829Z                            [0;31m Wrapper-0.2.1[0m
2026-03-01T11:39:53.7637092Z                                   
2026-03-01T11:39:53.7680952Z [0;32m==>[0m Detected [0;36mlinux[0m
2026-03-01T11:39:53.7681755Z [0;32m ->[0m Downloading [0;36mhttps://cli.codecov.io/latest/linux/codecov[0m
2026-03-01T11:39:53.7722011Z   % Total    % Received % Xferd  Average Speed   Time    Time     Time  Current
2026-03-01T11:39:53.7722604Z                                  Dload  Upload   Total   Spent    Left  Speed
2026-03-01T11:39:53.7722916Z 
2026-03-01T11:39:53.8571337Z   0     0    0     0    0     0      0      0 --:--:-- --:--:-- --:--:--     0
2026-03-01T11:39:53.8572006Z 100 10.6M  100 10.6M    0     0   125M      0 --:--:-- --:--:-- --:--:--  126M
2026-03-01T11:39:53.8591449Z [0;32m==>[0m Finishing downloading [0;36mlinux:latest[0m
2026-03-01T11:39:53.8997755Z       Version: [0;36mv11.2.6[0m
2026-03-01T11:39:53.8998047Z  
2026-03-01T11:39:53.9925962Z gpg: directory '/home/runner/.gnupg' created
2026-03-01T11:39:53.9929999Z gpg: keybox '/home/runner/.gnupg/pubring.kbx' created
2026-03-01T11:39:53.9953359Z gpg: /home/runner/.gnupg/trustdb.gpg: trustdb created
2026-03-01T11:39:53.9955336Z gpg: key 806BB28AED779869: public key "Codecov Uploader (Codecov Uploader Verification Key) <security@codecov.io>" imported
2026-03-01T11:39:54.0047246Z gpg: Total number processed: 1
2026-03-01T11:39:54.0047760Z gpg:               imported: 1
2026-03-01T11:39:54.0051912Z [0;32m==>[0m Verifying GPG signature integrity
2026-03-01T11:39:54.0052946Z [0;32m ->[0m Downloading [0;36mhttps://cli.codecov.io/latest/linux/codecov.SHA256SUM[0m
2026-03-01T11:39:54.0054295Z [0;32m ->[0m Downloading [0;36mhttps://cli.codecov.io/latest/linux/codecov.SHA256SUM.sig[0m
2026-03-01T11:39:54.0054767Z  
2026-03-01T11:39:54.1071918Z gpg: Signature made Fri Dec  5 15:31:48 2025 UTC
2026-03-01T11:39:54.1072745Z gpg:                using RSA key 27034E7FDB850E0BBC2C62FF806BB28AED779869
2026-03-01T11:39:54.1074036Z gpg: Good signature from "Codecov Uploader (Codecov Uploader Verification Key) <security@codecov.io>" [unknown]
2026-03-01T11:39:54.1074916Z gpg: WARNING: This key is not certified with a trusted signature!
2026-03-01T11:39:54.1075799Z gpg:          There is no indication that the signature belongs to the owner.
2026-03-01T11:39:54.1076626Z Primary key fingerprint: 2703 4E7F DB85 0E0B BC2C  62FF 806B B28A ED77 9869
2026-03-01T11:39:54.1755737Z codecov: OK
2026-03-01T11:39:54.1763490Z [0;32m==>[0m CLI integrity verified
2026-03-01T11:39:54.1763878Z 
2026-03-01T11:39:54.1833634Z [0;32m ->[0m Token of length 36 detected
2026-03-01T11:39:54.2295457Z [0;32m==>[0m Running upload-coverage
2026-03-01T11:39:54.2304392Z       [0;36m./codecov  upload-coverage -t <redacted> --git-service github --dir TestResults --gcov-executable gcov[0m
2026-03-01T11:39:54.5469054Z info - 2026-03-01 11:39:54,546 -- ci service found: github-actions
2026-03-01T11:39:54.5827595Z warning - 2026-03-01 11:39:54,582 -- xcrun is not installed or can't be found.
2026-03-01T11:39:54.5835636Z warning - 2026-03-01 11:39:54,583 -- No gcov data found.
2026-03-01T11:39:54.5838581Z warning - 2026-03-01 11:39:54,583 -- coverage.py is not installed or can't be found.
2026-03-01T11:39:54.5973715Z info - 2026-03-01 11:39:54,597 -- Found 3 coverage files to report
2026-03-01T11:39:54.5974797Z info - 2026-03-01 11:39:54,597 -- > TestResults/dd3f8557-c6a3-48a0-9249-f1ba00b5e303/coverage.cobertura.xml
2026-03-01T11:39:54.5976034Z info - 2026-03-01 11:39:54,597 -- > TestResults/c82c5229-a9aa-4845-b4ae-f02d216b9e2f/coverage.cobertura.xml
2026-03-01T11:39:54.5976787Z info - 2026-03-01 11:39:54,597 -- > TestResults/2a9b074b-a236-4e8b-8616-0547ff086c0d/coverage.cobertura.xml
2026-03-01T11:39:55.1042996Z info - 2026-03-01 11:39:55,103 -- Your upload is now processing. When finished, results will be available at: https://app.codecov.io/github/pkinerd/hpoll/commit/ad3e7951785e7bb302e01ddb17397e85fc6b101b
2026-03-01T11:39:55.2542834Z info - 2026-03-01 11:39:55,253 -- Process Upload complete
2026-03-01T11:39:55.3837413Z ##[group]Run codecov/codecov-action@18283e04ce6e62d37312384ff67231eb8fd56d24
2026-03-01T11:39:55.3837762Z with:
2026-03-01T11:39:55.3838196Z   token: ***
2026-03-01T11:39:55.3838381Z   files: TestResults/*.junit.xml
2026-03-01T11:39:55.3838602Z   report_type: test_results
2026-03-01T11:39:55.3838815Z   fail_ci_if_error: false
2026-03-01T11:39:55.3839019Z   disable_file_fixes: false
2026-03-01T11:39:55.3839213Z   disable_search: false
2026-03-01T11:39:55.3839416Z   disable_safe_directory: false
2026-03-01T11:39:55.3839626Z   disable_telem: false
2026-03-01T11:39:55.3839802Z   dry_run: false
2026-03-01T11:39:55.3839976Z   git_service: github
2026-03-01T11:39:55.3840148Z   gcov_executable: gcov
2026-03-01T11:39:55.3840344Z   handle_no_reports_found: false
2026-03-01T11:39:55.3840558Z   recurse_submodules: false
2026-03-01T11:39:55.3840775Z   run_command: upload-coverage
2026-03-01T11:39:55.3840984Z   skip_validation: false
2026-03-01T11:39:55.3841218Z   use_legacy_upload_endpoint: false
2026-03-01T11:39:55.3841430Z   use_oidc: false
2026-03-01T11:39:55.3841597Z   use_pypi: false
2026-03-01T11:39:55.3841763Z   verbose: false
2026-03-01T11:39:55.3841922Z   version: latest
2026-03-01T11:39:55.3842084Z env:
2026-03-01T11:39:55.3842241Z   DOTNET_ROOT: /usr/share/dotnet
2026-03-01T11:39:55.3842446Z   CC_FORK: false
2026-03-01T11:39:55.3842651Z   CC_TOKEN: ***
2026-03-01T11:39:55.3842807Z   CC_BRANCH: 
2026-03-01T11:39:55.3842963Z   CC_SHA: 
2026-03-01T11:39:55.3843107Z   CC_PR: 
2026-03-01T11:39:55.3843264Z ##[endgroup]
2026-03-01T11:39:55.3857886Z ##[group]Run CC_ACTION_VERSION=$(cat ${GITHUB_ACTION_PATH}/src/version)
2026-03-01T11:39:55.3858318Z [36;1mCC_ACTION_VERSION=$(cat ${GITHUB_ACTION_PATH}/src/version)[0m
2026-03-01T11:39:55.3858731Z [36;1mecho -e "\033[0;32m==>\033[0m Running Action version $CC_ACTION_VERSION"[0m
2026-03-01T11:39:55.3884978Z shell: /usr/bin/bash --noprofile --norc -e -o pipefail {0}
2026-03-01T11:39:55.3885272Z env:
2026-03-01T11:39:55.3885460Z   DOTNET_ROOT: /usr/share/dotnet
2026-03-01T11:39:55.3885751Z   CC_FORK: false
2026-03-01T11:39:55.3886025Z   CC_TOKEN: ***
2026-03-01T11:39:55.3886198Z   CC_BRANCH: 
2026-03-01T11:39:55.3886354Z   CC_SHA: 
2026-03-01T11:39:55.3886512Z   CC_PR: 
2026-03-01T11:39:55.3886662Z ##[endgroup]
2026-03-01T11:39:55.3941382Z [0;32m==>[0m Running Action version 5.4.3
2026-03-01T11:39:55.3957772Z ##[group]Run git config --global --add safe.directory "/home/runner/work/hpoll/hpoll"
2026-03-01T11:39:55.3958292Z [36;1mgit config --global --add safe.directory "/home/runner/work/hpoll/hpoll"[0m
2026-03-01T11:39:55.3958731Z [36;1mgit config --global --add safe.directory "$GITHUB_WORKSPACE"[0m
2026-03-01T11:39:55.3981814Z shell: /usr/bin/bash --noprofile --norc -e -o pipefail {0}
2026-03-01T11:39:55.3982105Z env:
2026-03-01T11:39:55.3982289Z   DOTNET_ROOT: /usr/share/dotnet
2026-03-01T11:39:55.3982518Z   CC_FORK: false
2026-03-01T11:39:55.3982805Z   CC_TOKEN: ***
2026-03-01T11:39:55.3982979Z   CC_BRANCH: 
2026-03-01T11:39:55.3983146Z   CC_SHA: 
2026-03-01T11:39:55.3983302Z   CC_PR: 
2026-03-01T11:39:55.3983458Z ##[endgroup]
2026-03-01T11:39:55.4060105Z ##[group]Run CC_FORK="false"
2026-03-01T11:39:55.4060349Z [36;1mCC_FORK="false"[0m
2026-03-01T11:39:55.4060848Z [36;1mif [ -n "$GITHUB_EVENT_PULL_REQUEST_HEAD_REPO_FULL_NAME" ] && [ "$GITHUB_EVENT_PULL_REQUEST_HEAD_REPO_FULL_NAME" != "$GITHUB_REPOSITORY" ];[0m
2026-03-01T11:39:55.4061359Z [36;1mthen[0m
2026-03-01T11:39:55.4061578Z [36;1m  echo -e "\033[0;32m==>\033[0m Fork detected"[0m
2026-03-01T11:39:55.4061845Z [36;1m  CC_FORK="true"[0m
2026-03-01T11:39:55.4062031Z [36;1mfi[0m
2026-03-01T11:39:55.4062230Z [36;1mecho "CC_FORK=$CC_FORK" >> "$GITHUB_ENV"[0m
2026-03-01T11:39:55.4083813Z shell: /usr/bin/bash --noprofile --norc -e -o pipefail {0}
2026-03-01T11:39:55.4084102Z env:
2026-03-01T11:39:55.4084291Z   DOTNET_ROOT: /usr/share/dotnet
2026-03-01T11:39:55.4084634Z   CC_FORK: false
2026-03-01T11:39:55.4084911Z   CC_TOKEN: ***
2026-03-01T11:39:55.4085091Z   CC_BRANCH: 
2026-03-01T11:39:55.4085360Z   CC_SHA: 
2026-03-01T11:39:55.4085701Z   CC_PR: 
2026-03-01T11:39:55.4085894Z   GITHUB_EVENT_PULL_REQUEST_HEAD_LABEL: 
2026-03-01T11:39:55.4086165Z   GITHUB_EVENT_PULL_REQUEST_HEAD_REPO_FULL_NAME: 
2026-03-01T11:39:55.4086446Z   GITHUB_REPOSITORY: pkinerd/hpoll
2026-03-01T11:39:55.4086672Z ##[endgroup]
2026-03-01T11:39:55.4156281Z ##[group]Run actions/github-script@v7
2026-03-01T11:39:55.4156515Z with:
2026-03-01T11:39:55.4157036Z   script: if (process.env.CC_USE_OIDC === 'true' && process.env.CC_FORK != 'true') {
  const id_token = await core.getIDToken(process.env.CC_OIDC_AUDIENCE)
  return id_token
}

2026-03-01T11:39:55.4157751Z   github-token: ***
2026-03-01T11:39:55.4157930Z   debug: false
2026-03-01T11:39:55.4158112Z   user-agent: actions/github-script
2026-03-01T11:39:55.4158344Z   result-encoding: json
2026-03-01T11:39:55.4158540Z   retries: 0
2026-03-01T11:39:55.4158741Z   retry-exempt-status-codes: 400,401,403,404,422
2026-03-01T11:39:55.4158986Z env:
2026-03-01T11:39:55.4159153Z   DOTNET_ROOT: /usr/share/dotnet
2026-03-01T11:39:55.4159365Z   CC_FORK: false
2026-03-01T11:39:55.4159570Z   CC_TOKEN: ***
2026-03-01T11:39:55.4159729Z   CC_BRANCH: 
2026-03-01T11:39:55.4159889Z   CC_SHA: 
2026-03-01T11:39:55.4160034Z   CC_PR: 
2026-03-01T11:39:55.4160219Z   CC_OIDC_AUDIENCE: https://codecov.io
2026-03-01T11:39:55.4160455Z   CC_USE_OIDC: false
2026-03-01T11:39:55.4160626Z ##[endgroup]
2026-03-01T11:39:55.4986027Z ##[group]Run if [ "false" == 'true' ] && [ "$CC_FORK" != 'true' ];
2026-03-01T11:39:55.4986419Z [36;1mif [ "false" == 'true' ] && [ "$CC_FORK" != 'true' ];[0m
2026-03-01T11:39:55.4986681Z [36;1mthen[0m
2026-03-01T11:39:55.4986911Z [36;1m  echo "CC_TOKEN=$CC_OIDC_TOKEN" >> "$GITHUB_ENV"[0m
2026-03-01T11:39:55.4987187Z [36;1melif [ -n "" ];[0m
2026-03-01T11:39:55.4987373Z [36;1mthen[0m
2026-03-01T11:39:55.4987611Z [36;1m  echo -e "\033[0;32m==>\033[0m Token set from env"[0m
2026-03-01T11:39:55.4987892Z [36;1m    echo "CC_TOKEN=" >> "$GITHUB_ENV"[0m
2026-03-01T11:39:55.4988142Z [36;1melse[0m
2026-03-01T11:39:55.4988459Z [36;1m  if [ -n "***" ];[0m
2026-03-01T11:39:55.4988652Z [36;1m  then[0m
2026-03-01T11:39:55.4988879Z [36;1m    echo -e "\033[0;32m==>\033[0m Token set from input"[0m
2026-03-01T11:39:55.4989273Z [36;1m    CC_TOKEN=$(echo "***" | tr -d '\n')[0m
2026-03-01T11:39:55.4989556Z [36;1m    echo "CC_TOKEN=$CC_TOKEN" >> "$GITHUB_ENV"[0m
2026-03-01T11:39:55.4989816Z [36;1m  fi[0m
2026-03-01T11:39:55.4989979Z [36;1mfi[0m
2026-03-01T11:39:55.5016726Z shell: /usr/bin/bash --noprofile --norc -e -o pipefail {0}
2026-03-01T11:39:55.5017019Z env:
2026-03-01T11:39:55.5017197Z   DOTNET_ROOT: /usr/share/dotnet
2026-03-01T11:39:55.5017412Z   CC_FORK: false
2026-03-01T11:39:55.5017673Z   CC_TOKEN: ***
2026-03-01T11:39:55.5017867Z   CC_BRANCH: 
2026-03-01T11:39:55.5018017Z   CC_SHA: 
2026-03-01T11:39:55.5018191Z   CC_PR: 
2026-03-01T11:39:55.5018345Z   CC_OIDC_TOKEN: 
2026-03-01T11:39:55.5018544Z   CC_OIDC_AUDIENCE: https://codecov.io
2026-03-01T11:39:55.5018782Z ##[endgroup]
2026-03-01T11:39:55.5063784Z [0;32m==>[0m Token set from input
2026-03-01T11:39:55.5095003Z ##[group]Run if [ -z "$CC_BRANCH" ] && [ -z "$CC_TOKEN" ] && [ "$CC_FORK" == 'true' ]
2026-03-01T11:39:55.5095460Z [36;1mif [ -z "$CC_BRANCH" ] && [ -z "$CC_TOKEN" ] && [ "$CC_FORK" == 'true' ][0m
2026-03-01T11:39:55.5096049Z [36;1mthen[0m
2026-03-01T11:39:55.5096395Z [36;1m  echo -e "\033[0;32m==>\033[0m Fork detected, setting branch to $GITHUB_EVENT_PULL_REQUEST_HEAD_LABEL"[0m
2026-03-01T11:39:55.5096859Z [36;1m  TOKENLESS="$GITHUB_EVENT_PULL_REQUEST_HEAD_LABEL"[0m
2026-03-01T11:39:55.5097185Z [36;1m  CC_BRANCH="$GITHUB_EVENT_PULL_REQUEST_HEAD_LABEL"[0m
2026-03-01T11:39:55.5097489Z [36;1m  echo "TOKENLESS=$TOKENLESS" >> "$GITHUB_ENV"[0m
2026-03-01T11:39:55.5097741Z [36;1mfi[0m
2026-03-01T11:39:55.5097906Z [36;1m[0m
2026-03-01T11:39:55.5098249Z [36;1mecho "CC_BRANCH=$CC_BRANCH" >> "$GITHUB_ENV"[0m
2026-03-01T11:39:55.5121669Z shell: /usr/bin/bash --noprofile --norc -e -o pipefail {0}
2026-03-01T11:39:55.5122089Z env:
2026-03-01T11:39:55.5122264Z   DOTNET_ROOT: /usr/share/dotnet
2026-03-01T11:39:55.5122487Z   CC_FORK: false
2026-03-01T11:39:55.5122759Z   CC_TOKEN: ***
2026-03-01T11:39:55.5122926Z   CC_BRANCH: 
2026-03-01T11:39:55.5123092Z   CC_SHA: 
2026-03-01T11:39:55.5123247Z   CC_PR: 
2026-03-01T11:39:55.5123417Z   GITHUB_EVENT_PULL_REQUEST_HEAD_LABEL: 
2026-03-01T11:39:55.5123691Z   GITHUB_EVENT_PULL_REQUEST_HEAD_REPO_FULL_NAME: 
2026-03-01T11:39:55.5123956Z   GITHUB_REPOSITORY: pkinerd/hpoll
2026-03-01T11:39:55.5124180Z ##[endgroup]
2026-03-01T11:39:55.5180317Z ##[group]Run if [ -z "$CC_SHA" ];
2026-03-01T11:39:55.5180572Z [36;1mif [ -z "$CC_SHA" ];[0m
2026-03-01T11:39:55.5180779Z [36;1mthen[0m
2026-03-01T11:39:55.5180992Z [36;1m  CC_SHA="$GITHUB_EVENT_PULL_REQUEST_HEAD_SHA"[0m
2026-03-01T11:39:55.5181249Z [36;1mfi[0m
2026-03-01T11:39:55.5181506Z [36;1mif [ -z "$CC_PR" ] && [ "${GITHUB_EVENT_NAME}" == "pull_request_target" ];[0m
2026-03-01T11:39:55.5181835Z [36;1mthen[0m
2026-03-01T11:39:55.5182022Z [36;1m  CC_PR="$GITHUB_EVENT_NUMBER"[0m
2026-03-01T11:39:55.5182245Z [36;1mfi[0m
2026-03-01T11:39:55.5182403Z [36;1m[0m
2026-03-01T11:39:55.5182583Z [36;1mecho "CC_SHA=$CC_SHA" >> "$GITHUB_ENV"[0m
2026-03-01T11:39:55.5182851Z [36;1mecho "CC_PR=$CC_PR" >> "$GITHUB_ENV"[0m
2026-03-01T11:39:55.5204939Z shell: /usr/bin/bash --noprofile --norc -e -o pipefail {0}
2026-03-01T11:39:55.5205229Z env:
2026-03-01T11:39:55.5205408Z   DOTNET_ROOT: /usr/share/dotnet
2026-03-01T11:39:55.5205849Z   CC_FORK: false
2026-03-01T11:39:55.5206138Z   CC_TOKEN: ***
2026-03-01T11:39:55.5206319Z   CC_BRANCH: 
2026-03-01T11:39:55.5206487Z   CC_SHA: 
2026-03-01T11:39:55.5206633Z   CC_PR: 
2026-03-01T11:39:55.5206796Z   GITHUB_EVENT_NAME: push
2026-03-01T11:39:55.5206988Z   GITHUB_EVENT_NUMBER: 
2026-03-01T11:39:55.5207195Z   GITHUB_EVENT_PULL_REQUEST_HEAD_SHA: 
2026-03-01T11:39:55.5207430Z ##[endgroup]
2026-03-01T11:39:55.5266064Z ##[group]Run ${GITHUB_ACTION_PATH}/dist/codecov.sh
2026-03-01T11:39:55.5266379Z [36;1m${GITHUB_ACTION_PATH}/dist/codecov.sh[0m
2026-03-01T11:39:55.5288048Z shell: /usr/bin/bash --noprofile --norc -e -o pipefail {0}
2026-03-01T11:39:55.5288354Z env:
2026-03-01T11:39:55.5288536Z   DOTNET_ROOT: /usr/share/dotnet
2026-03-01T11:39:55.5288743Z   CC_FORK: false
2026-03-01T11:39:55.5289008Z   CC_TOKEN: ***
2026-03-01T11:39:55.5289170Z   CC_BRANCH: 
2026-03-01T11:39:55.5289333Z   CC_SHA: 
2026-03-01T11:39:55.5289486Z   CC_PR: 
2026-03-01T11:39:55.5289634Z   CC_BASE_SHA: 
2026-03-01T11:39:55.5289796Z   CC_BINARY: 
2026-03-01T11:39:55.5289949Z   CC_BUILD: 
2026-03-01T11:39:55.5290107Z   CC_BUILD_URL: 
2026-03-01T11:39:55.5290275Z   CC_CODE: 
2026-03-01T11:39:55.5290425Z   CC_DIR: 
2026-03-01T11:39:55.5290591Z   CC_DISABLE_FILE_FIXES: false
2026-03-01T11:39:55.5290800Z   CC_DISABLE_SEARCH: false
2026-03-01T11:39:55.5291007Z   CC_DISABLE_TELEM: false
2026-03-01T11:39:55.5291203Z   CC_DRY_RUN: false
2026-03-01T11:39:55.5291380Z   CC_ENTERPRISE_URL: 
2026-03-01T11:39:55.5291558Z   CC_ENV: 
2026-03-01T11:39:55.5291713Z   CC_EXCLUDES: 
2026-03-01T11:39:55.5291886Z   CC_FAIL_ON_ERROR: false
2026-03-01T11:39:55.5292096Z   CC_FILES: TestResults/*.junit.xml
2026-03-01T11:39:55.5292308Z   CC_FLAGS: 
2026-03-01T11:39:55.5292468Z   CC_FORCE: 
2026-03-01T11:39:55.5292618Z   CC_GCOV_ARGS: 
2026-03-01T11:39:55.5292800Z   CC_GCOV_EXECUTABLE: gcov
2026-03-01T11:39:55.5292996Z   CC_GCOV_IGNORE: 
2026-03-01T11:39:55.5293162Z   CC_GCOV_INCLUDE: 
2026-03-01T11:39:55.5293343Z   CC_GIT_SERVICE: github
2026-03-01T11:39:55.5293545Z   CC_HANDLE_NO_REPORTS_FOUND: false
2026-03-01T11:39:55.5293755Z   CC_JOB_CODE: 
2026-03-01T11:39:55.5293919Z   CC_LEGACY: false
2026-03-01T11:39:55.5294076Z   CC_NAME: 
2026-03-01T11:39:55.5294232Z   CC_NETWORK_FILTER: 
2026-03-01T11:39:55.5294414Z   CC_NETWORK_PREFIX: 
2026-03-01T11:39:55.5294589Z   CC_NETWORK_ROOT_FOLDER: 
2026-03-01T11:39:55.5294898Z   CC_OS: 
2026-03-01T11:39:55.5295044Z   CC_PARENT_SHA: 
2026-03-01T11:39:55.5295215Z   CC_PLUGINS: 
2026-03-01T11:39:55.5295473Z   CC_RECURSE_SUBMODULES: false
2026-03-01T11:39:55.5295880Z   CC_REPORT_TYPE: test_results
2026-03-01T11:39:55.5296090Z   CC_RUN_CMD: upload-coverage
2026-03-01T11:39:55.5296292Z   CC_SERVICE: github
2026-03-01T11:39:55.5296482Z   CC_SKIP_VALIDATION: false
2026-03-01T11:39:55.5296678Z   CC_SLUG: 
2026-03-01T11:39:55.5296826Z   CC_SWIFT_PROJECT: 
2026-03-01T11:39:55.5297001Z   CC_USE_PYPI: false
2026-03-01T11:39:55.5297168Z   CC_VERBOSE: false
2026-03-01T11:39:55.5297340Z   CC_VERSION: latest
2026-03-01T11:39:55.5297509Z   CC_YML_PATH: 
2026-03-01T11:39:55.5297671Z ##[endgroup]
2026-03-01T11:39:55.5353223Z      _____          _
2026-03-01T11:39:55.5353616Z     / ____|        | |
2026-03-01T11:39:55.5353966Z    | |     ___   __| | ___  ___ _____   __
2026-03-01T11:39:55.5354389Z    | |    / _ \ / _` |/ _ \/ __/ _ \ \ / /
2026-03-01T11:39:55.5354784Z    | |___| (_) | (_| |  __/ (_| (_) \ V /
2026-03-01T11:39:55.5355207Z     \_____\___/ \__,_|\___|\___\___/ \_/
2026-03-01T11:39:55.5356020Z                            [0;31m Wrapper-0.2.1[0m
2026-03-01T11:39:55.5356412Z                                   
2026-03-01T11:39:55.5395983Z [0;32m==>[0m Detected [0;36mlinux[0m
2026-03-01T11:39:55.5396815Z [0;32m ->[0m Downloading [0;36mhttps://cli.codecov.io/latest/linux/codecov[0m
2026-03-01T11:39:55.5437691Z   % Total    % Received % Xferd  Average Speed   Time    Time     Time  Current
2026-03-01T11:39:55.5438382Z                                  Dload  Upload   Total   Spent    Left  Speed
2026-03-01T11:39:55.5438747Z 
2026-03-01T11:39:55.6128253Z   0     0    0     0    0     0      0      0 --:--:-- --:--:-- --:--:--     0
2026-03-01T11:39:55.6129007Z 100 10.6M  100 10.6M    0     0   154M      0 --:--:-- --:--:-- --:--:--  154M
2026-03-01T11:39:55.6158869Z [0;32m==>[0m Finishing downloading [0;36mlinux:latest[0m
2026-03-01T11:39:55.6601010Z       Version: [0;36mv11.2.6[0m
2026-03-01T11:39:55.6601508Z  
2026-03-01T11:39:55.7405371Z gpg: key 806BB28AED779869: "Codecov Uploader (Codecov Uploader Verification Key) <security@codecov.io>" not changed
2026-03-01T11:39:55.7406453Z gpg: Total number processed: 1
2026-03-01T11:39:55.7406844Z gpg:              unchanged: 1
2026-03-01T11:39:55.7409389Z [0;32m==>[0m Verifying GPG signature integrity
2026-03-01T11:39:55.7410417Z [0;32m ->[0m Downloading [0;36mhttps://cli.codecov.io/latest/linux/codecov.SHA256SUM[0m
2026-03-01T11:39:55.7411780Z [0;32m ->[0m Downloading [0;36mhttps://cli.codecov.io/latest/linux/codecov.SHA256SUM.sig[0m
2026-03-01T11:39:55.7412209Z  
2026-03-01T11:39:55.8266040Z gpg: Signature made Fri Dec  5 15:31:48 2025 UTC
2026-03-01T11:39:55.8266837Z gpg:                using RSA key 27034E7FDB850E0BBC2C62FF806BB28AED779869
2026-03-01T11:39:55.8268456Z gpg: Good signature from "Codecov Uploader (Codecov Uploader Verification Key) <security@codecov.io>" [unknown]
2026-03-01T11:39:55.8269381Z gpg: WARNING: This key is not certified with a trusted signature!
2026-03-01T11:39:55.8270152Z gpg:          There is no indication that the signature belongs to the owner.
2026-03-01T11:39:55.8270951Z Primary key fingerprint: 2703 4E7F DB85 0E0B BC2C  62FF 806B B28A ED77 9869
2026-03-01T11:39:55.8920636Z codecov: OK
2026-03-01T11:39:55.8928895Z [0;32m==>[0m CLI integrity verified
2026-03-01T11:39:55.8929257Z 
2026-03-01T11:39:55.8998849Z [0;32m ->[0m Token of length 36 detected
2026-03-01T11:39:55.9472336Z [0;32m==>[0m Running upload-coverage
2026-03-01T11:39:55.9481256Z       [0;36m./codecov  upload-coverage -t <redacted> --git-service github --file TestResults/*.junit.xml --gcov-executable gcov --report-type test_results[0m
2026-03-01T11:39:56.2676453Z info - 2026-03-01 11:39:56,267 -- ci service found: github-actions
2026-03-01T11:39:56.3043369Z info - 2026-03-01 11:39:56,303 -- Using token to create a commit for protected branch `claude/add-build-info-display-yZ5Zr`
2026-03-01T11:39:56.6524073Z info - 2026-03-01 11:39:56,652 -- Process Commit creating complete
2026-03-01T11:39:56.6892558Z warning - 2026-03-01 11:39:56,688 -- Some files were not found --- {"not_found_files": ["TestResults/*.junit.xml"]}
2026-03-01T11:39:56.7126692Z info - 2026-03-01 11:39:56,712 -- Found 3 test_results files to report
2026-03-01T11:39:56.7127821Z info - 2026-03-01 11:39:56,712 -- > /home/runner/work/hpoll/hpoll/tests/Hpoll.Worker.Tests/TestResults/Hpoll.Worker.Tests.junit.xml
2026-03-01T11:39:56.7129188Z info - 2026-03-01 11:39:56,712 -- > /home/runner/work/hpoll/hpoll/tests/Hpoll.Core.Tests/TestResults/Hpoll.Core.Tests.junit.xml
2026-03-01T11:39:56.7130516Z info - 2026-03-01 11:39:56,712 -- > /home/runner/work/hpoll/hpoll/tests/Hpoll.Admin.Tests/TestResults/Hpoll.Admin.Tests.junit.xml
2026-03-01T11:39:57.2641544Z info - 2026-03-01 11:39:57,263 -- Process Upload complete
2026-03-01T11:39:57.3850691Z ##[group]Run actions/upload-artifact@330a01c490aca151604b8cf639adc76d48f6c5d4
2026-03-01T11:39:57.3851046Z with:
2026-03-01T11:39:57.3851235Z   name: test-reports
2026-03-01T11:39:57.3851430Z   path: TestResults/

2026-03-01T11:39:57.3851621Z   if-no-files-found: warn
2026-03-01T11:39:57.3851827Z   compression-level: 6
2026-03-01T11:39:57.3852018Z   overwrite: false
2026-03-01T11:39:57.3852200Z   include-hidden-files: false
2026-03-01T11:39:57.3852410Z env:
2026-03-01T11:39:57.3852570Z   DOTNET_ROOT: /usr/share/dotnet
2026-03-01T11:39:57.3852788Z   CC_FORK: false
2026-03-01T11:39:57.3853113Z   CC_TOKEN: ***
2026-03-01T11:39:57.3853276Z   CC_BRANCH: 
2026-03-01T11:39:57.3853445Z   CC_SHA: 
2026-03-01T11:39:57.3853601Z   CC_PR: 
2026-03-01T11:39:57.3853752Z ##[endgroup]
2026-03-01T11:39:57.5813141Z With the provided path, there will be 3 files uploaded
2026-03-01T11:39:57.5818888Z Artifact name is valid!
2026-03-01T11:39:57.5819780Z Root directory input is valid!
2026-03-01T11:39:57.7050660Z Beginning upload of artifact content to blob storage
2026-03-01T11:39:57.8676503Z Uploaded bytes 34454
2026-03-01T11:39:57.9020489Z Finished uploading artifact content to blob storage!
2026-03-01T11:39:57.9023093Z SHA256 digest of uploaded artifact zip is 069ba6fc05405713fcb0bab6d9dab4c66f9f38bb229188fade211aeaab5c605c
2026-03-01T11:39:57.9024614Z Finalizing artifact upload
2026-03-01T11:39:57.9993481Z Artifact test-reports.zip successfully finalized. Artifact ID 5709614961
2026-03-01T11:39:57.9994560Z Artifact test-reports has been successfully uploaded! Final size is 34454 bytes. Artifact ID is 5709614961
2026-03-01T11:39:58.0000464Z Artifact download URL: https://github.com/pkinerd/hpoll/actions/runs/22542624123/artifacts/5709614961
2026-03-01T11:39:58.0089724Z Post job cleanup.
2026-03-01T11:39:58.1497693Z Post job cleanup.
2026-03-01T11:39:58.2346181Z [command]/usr/bin/git version
2026-03-01T11:39:58.2378344Z git version 2.53.0
2026-03-01T11:39:58.2411531Z Copying '/home/runner/.gitconfig' to '/home/runner/work/_temp/6a0f1ba0-2727-4616-a18f-7bbae7b12dab/.gitconfig'
2026-03-01T11:39:58.2426803Z Temporarily overriding HOME='/home/runner/work/_temp/6a0f1ba0-2727-4616-a18f-7bbae7b12dab' before making global git config changes
2026-03-01T11:39:58.2428120Z Adding repository directory to the temporary git global config as a safe directory
2026-03-01T11:39:58.2431257Z [command]/usr/bin/git config --global --add safe.directory /home/runner/work/hpoll/hpoll
2026-03-01T11:39:58.2460052Z [command]/usr/bin/git config --local --name-only --get-regexp core\.sshCommand
2026-03-01T11:39:58.2485362Z [command]/usr/bin/git submodule foreach --recursive sh -c "git config --local --name-only --get-regexp 'core\.sshCommand' && git config --local --unset-all 'core.sshCommand' || :"
2026-03-01T11:39:58.2662428Z [command]/usr/bin/git config --local --name-only --get-regexp http\.https\:\/\/github\.com\/\.extraheader
2026-03-01T11:39:58.2679194Z http.https://github.com/.extraheader
2026-03-01T11:39:58.2690256Z [command]/usr/bin/git config --local --unset-all http.https://github.com/.extraheader
2026-03-01T11:39:58.2715166Z [command]/usr/bin/git submodule foreach --recursive sh -c "git config --local --name-only --get-regexp 'http\.https\:\/\/github\.com\/\.extraheader' && git config --local --unset-all 'http.https://github.com/.extraheader' || :"
2026-03-01T11:39:58.2980121Z Cleaning up orphan processes
2026-03-01T11:39:58.3191747Z Terminate orphan process: pid (2451) (dotnet)
2026-03-01T11:39:58.3220956Z Terminate orphan process: pid (2452) (dotnet)
2026-03-01T11:39:58.3249808Z Terminate orphan process: pid (2453) (dotnet)
2026-03-01T11:39:58.3281235Z Terminate orphan process: pid (2585) (VBCSCompiler)
