2026-03-01T11:51:15.7475244Z Current runner version: '2.331.0'
2026-03-01T11:51:15.7500059Z ##[group]Runner Image Provisioner
2026-03-01T11:51:15.7501077Z Hosted Compute Agent
2026-03-01T11:51:15.7501603Z Version: 20260213.493
2026-03-01T11:51:15.7502380Z Commit: 5c115507f6dd24b8de37d8bbe0bb4509d0cc0fa3
2026-03-01T11:51:15.7503100Z Build Date: 2026-02-13T00:28:41Z
2026-03-01T11:51:15.7503711Z Worker ID: {d9887e6f-3f91-4e0a-a232-3ac478fa65a5}
2026-03-01T11:51:15.7504522Z Azure Region: westus
2026-03-01T11:51:15.7505025Z ##[endgroup]
2026-03-01T11:51:15.7506391Z ##[group]Operating System
2026-03-01T11:51:15.7507099Z Ubuntu
2026-03-01T11:51:15.7507541Z 24.04.3
2026-03-01T11:51:15.7508035Z LTS
2026-03-01T11:51:15.7508577Z ##[endgroup]
2026-03-01T11:51:15.7509053Z ##[group]Runner Image
2026-03-01T11:51:15.7509607Z Image: ubuntu-24.04
2026-03-01T11:51:15.7510196Z Version: 20260224.36.1
2026-03-01T11:51:15.7511779Z Included Software: https://github.com/actions/runner-images/blob/ubuntu24/20260224.36/images/ubuntu/Ubuntu2404-Readme.md
2026-03-01T11:51:15.7513312Z Image Release: https://github.com/actions/runner-images/releases/tag/ubuntu24%2F20260224.36
2026-03-01T11:51:15.7514218Z ##[endgroup]
2026-03-01T11:51:15.7515261Z ##[group]GITHUB_TOKEN Permissions
2026-03-01T11:51:15.7517032Z Contents: read
2026-03-01T11:51:15.7517614Z Metadata: read
2026-03-01T11:51:15.7518272Z ##[endgroup]
2026-03-01T11:51:15.7520257Z Secret source: Actions
2026-03-01T11:51:15.7521148Z Prepare workflow directory
2026-03-01T11:51:15.7844875Z Prepare all required actions
2026-03-01T11:51:15.7884232Z Getting action download info
2026-03-01T11:51:16.2455273Z Download action repository 'actions/checkout@692973e3d937129bcbf40652eb9f2f61becf3332' (SHA:692973e3d937129bcbf40652eb9f2f61becf3332)
2026-03-01T11:51:16.4263302Z Download action repository 'actions/setup-dotnet@3e891b0cb619bf60e2c25674b222b8940e2c1c25' (SHA:3e891b0cb619bf60e2c25674b222b8940e2c1c25)
2026-03-01T11:51:17.0996355Z Download action repository 'codecov/codecov-action@18283e04ce6e62d37312384ff67231eb8fd56d24' (SHA:18283e04ce6e62d37312384ff67231eb8fd56d24)
2026-03-01T11:51:17.4806943Z Download action repository 'actions/upload-artifact@330a01c490aca151604b8cf639adc76d48f6c5d4' (SHA:330a01c490aca151604b8cf639adc76d48f6c5d4)
2026-03-01T11:51:17.8668416Z Getting action download info
2026-03-01T11:51:18.0433738Z Download action repository 'actions/github-script@v7' (SHA:f28e40c7f34bde8b3046d885e986cb6290c5673b)
2026-03-01T11:51:18.6462730Z Getting action download info
2026-03-01T11:51:18.8891459Z Complete job name: Build & Test
2026-03-01T11:51:18.9720261Z ##[group]Run actions/checkout@692973e3d937129bcbf40652eb9f2f61becf3332
2026-03-01T11:51:18.9722188Z with:
2026-03-01T11:51:18.9722853Z   repository: pkinerd/hpoll
2026-03-01T11:51:18.9723905Z   token: ***
2026-03-01T11:51:18.9724568Z   ssh-strict: true
2026-03-01T11:51:18.9725245Z   ssh-user: git
2026-03-01T11:51:18.9725943Z   persist-credentials: true
2026-03-01T11:51:18.9726727Z   clean: true
2026-03-01T11:51:18.9727429Z   sparse-checkout-cone-mode: true
2026-03-01T11:51:18.9728304Z   fetch-depth: 1
2026-03-01T11:51:18.9728968Z   fetch-tags: false
2026-03-01T11:51:18.9729663Z   show-progress: true
2026-03-01T11:51:18.9730373Z   lfs: false
2026-03-01T11:51:18.9731262Z   submodules: false
2026-03-01T11:51:18.9731986Z   set-safe-directory: true
2026-03-01T11:51:18.9733037Z ##[endgroup]
2026-03-01T11:51:19.0834033Z Syncing repository: pkinerd/hpoll
2026-03-01T11:51:19.0836233Z ##[group]Getting Git version info
2026-03-01T11:51:19.0837557Z Working directory is '/home/runner/work/hpoll/hpoll'
2026-03-01T11:51:19.0839143Z [command]/usr/bin/git version
2026-03-01T11:51:19.0924971Z git version 2.53.0
2026-03-01T11:51:19.0952132Z ##[endgroup]
2026-03-01T11:51:19.0966137Z Temporarily overriding HOME='/home/runner/work/_temp/605a55ad-2295-44fc-8161-5fa34f4ce32a' before making global git config changes
2026-03-01T11:51:19.0968558Z Adding repository directory to the temporary git global config as a safe directory
2026-03-01T11:51:19.0972919Z [command]/usr/bin/git config --global --add safe.directory /home/runner/work/hpoll/hpoll
2026-03-01T11:51:19.1013956Z Deleting the contents of '/home/runner/work/hpoll/hpoll'
2026-03-01T11:51:19.1017828Z ##[group]Initializing the repository
2026-03-01T11:51:19.1021898Z [command]/usr/bin/git init /home/runner/work/hpoll/hpoll
2026-03-01T11:51:19.1157700Z hint: Using 'master' as the name for the initial branch. This default branch name
2026-03-01T11:51:19.1159708Z hint: will change to "main" in Git 3.0. To configure the initial branch name
2026-03-01T11:51:19.1162088Z hint: to use in all of your new repositories, which will suppress this warning,
2026-03-01T11:51:19.1163956Z hint: call:
2026-03-01T11:51:19.1165059Z hint:
2026-03-01T11:51:19.1166520Z hint: 	git config --global init.defaultBranch <name>
2026-03-01T11:51:19.1168345Z hint:
2026-03-01T11:51:19.1170063Z hint: Names commonly chosen instead of 'master' are 'main', 'trunk' and
2026-03-01T11:51:19.1173158Z hint: 'development'. The just-created branch can be renamed via this command:
2026-03-01T11:51:19.1175540Z hint:
2026-03-01T11:51:19.1176703Z hint: 	git branch -m <name>
2026-03-01T11:51:19.1178054Z hint:
2026-03-01T11:51:19.1179825Z hint: Disable this message with "git config set advice.defaultBranchName false"
2026-03-01T11:51:19.1183267Z Initialized empty Git repository in /home/runner/work/hpoll/hpoll/.git/
2026-03-01T11:51:19.1185874Z [command]/usr/bin/git remote add origin https://github.com/pkinerd/hpoll
2026-03-01T11:51:19.1233846Z ##[endgroup]
2026-03-01T11:51:19.1235971Z ##[group]Disabling automatic garbage collection
2026-03-01T11:51:19.1237943Z [command]/usr/bin/git config --local gc.auto 0
2026-03-01T11:51:19.1268593Z ##[endgroup]
2026-03-01T11:51:19.1270801Z ##[group]Setting up auth
2026-03-01T11:51:19.1276436Z [command]/usr/bin/git config --local --name-only --get-regexp core\.sshCommand
2026-03-01T11:51:19.1310243Z [command]/usr/bin/git submodule foreach --recursive sh -c "git config --local --name-only --get-regexp 'core\.sshCommand' && git config --local --unset-all 'core.sshCommand' || :"
2026-03-01T11:51:19.1675793Z [command]/usr/bin/git config --local --name-only --get-regexp http\.https\:\/\/github\.com\/\.extraheader
2026-03-01T11:51:19.1709473Z [command]/usr/bin/git submodule foreach --recursive sh -c "git config --local --name-only --get-regexp 'http\.https\:\/\/github\.com\/\.extraheader' && git config --local --unset-all 'http.https://github.com/.extraheader' || :"
2026-03-01T11:51:19.1951744Z [command]/usr/bin/git config --local http.https://github.com/.extraheader AUTHORIZATION: basic ***
2026-03-01T11:51:19.1988318Z ##[endgroup]
2026-03-01T11:51:19.1989701Z ##[group]Fetching the repository
2026-03-01T11:51:19.1997770Z [command]/usr/bin/git -c protocol.version=2 fetch --no-tags --prune --no-recurse-submodules --depth=1 origin +266c4fe8e87022976d71bc8479b2641dc64709fe:refs/remotes/pull/33/merge
2026-03-01T11:51:19.6468961Z From https://github.com/pkinerd/hpoll
2026-03-01T11:51:19.6470230Z  * [new ref]         266c4fe8e87022976d71bc8479b2641dc64709fe -> pull/33/merge
2026-03-01T11:51:19.6505540Z ##[endgroup]
2026-03-01T11:51:19.6506268Z ##[group]Determining the checkout info
2026-03-01T11:51:19.6508376Z ##[endgroup]
2026-03-01T11:51:19.6513800Z [command]/usr/bin/git sparse-checkout disable
2026-03-01T11:51:19.6557726Z [command]/usr/bin/git config --local --unset-all extensions.worktreeConfig
2026-03-01T11:51:19.6585554Z ##[group]Checking out the ref
2026-03-01T11:51:19.6589344Z [command]/usr/bin/git checkout --progress --force refs/remotes/pull/33/merge
2026-03-01T11:51:19.6700942Z Note: switching to 'refs/remotes/pull/33/merge'.
2026-03-01T11:51:19.6701322Z 
2026-03-01T11:51:19.6701609Z You are in 'detached HEAD' state. You can look around, make experimental
2026-03-01T11:51:19.6702193Z changes and commit them, and you can discard any commits you make in this
2026-03-01T11:51:19.6702770Z state without impacting any branches by switching back to a branch.
2026-03-01T11:51:19.6703229Z 
2026-03-01T11:51:19.6703961Z If you want to create a new branch to retain commits you create, you may
2026-03-01T11:51:19.6705345Z do so (now or later) by using -c with the switch command. Example:
2026-03-01T11:51:19.6705851Z 
2026-03-01T11:51:19.6706074Z   git switch -c <new-branch-name>
2026-03-01T11:51:19.6706417Z 
2026-03-01T11:51:19.6706622Z Or undo this operation with:
2026-03-01T11:51:19.6706948Z 
2026-03-01T11:51:19.6707124Z   git switch -
2026-03-01T11:51:19.6707384Z 
2026-03-01T11:51:19.6707842Z Turn off this advice by setting config variable advice.detachedHead to false
2026-03-01T11:51:19.6708462Z 
2026-03-01T11:51:19.6709164Z HEAD is now at 266c4fe Merge ad3e7951785e7bb302e01ddb17397e85fc6b101b into e9c56e973f8b91b91c0a708922821dc6d58b4d87
2026-03-01T11:51:19.6711357Z ##[endgroup]
2026-03-01T11:51:19.6744014Z [command]/usr/bin/git log -1 --format='%H'
2026-03-01T11:51:19.6766373Z '266c4fe8e87022976d71bc8479b2641dc64709fe'
2026-03-01T11:51:19.6993008Z ##[group]Run actions/setup-dotnet@3e891b0cb619bf60e2c25674b222b8940e2c1c25
2026-03-01T11:51:19.6993442Z with:
2026-03-01T11:51:19.6993663Z   dotnet-version: 8.0.x
2026-03-01T11:51:19.6993930Z   cache: false
2026-03-01T11:51:19.6994142Z ##[endgroup]
2026-03-01T11:51:19.8718400Z [command]/home/runner/work/_actions/actions/setup-dotnet/3e891b0cb619bf60e2c25674b222b8940e2c1c25/externals/install-dotnet.sh --skip-non-versioned-files --runtime dotnet --channel LTS
2026-03-01T11:51:20.2015914Z dotnet-install: Attempting to download using aka.ms link https://builds.dotnet.microsoft.com/dotnet/Runtime/10.0.3/dotnet-runtime-10.0.3-linux-x64.tar.gz
2026-03-01T11:51:20.3836499Z dotnet-install: Remote file https://builds.dotnet.microsoft.com/dotnet/Runtime/10.0.3/dotnet-runtime-10.0.3-linux-x64.tar.gz size is 36636310 bytes.
2026-03-01T11:51:20.3840199Z dotnet-install: Extracting archive from https://builds.dotnet.microsoft.com/dotnet/Runtime/10.0.3/dotnet-runtime-10.0.3-linux-x64.tar.gz
2026-03-01T11:51:21.0970906Z dotnet-install: Downloaded file size is 36636310 bytes.
2026-03-01T11:51:21.0973425Z dotnet-install: The remote and local file sizes are equal.
2026-03-01T11:51:21.1301536Z dotnet-install: Installed version is 10.0.3
2026-03-01T11:51:21.1363758Z dotnet-install: Adding to current process PATH: `/usr/share/dotnet`. Note: This change will be visible only when sourcing script.
2026-03-01T11:51:21.1365412Z dotnet-install: Note that the script does not resolve dependencies during installation.
2026-03-01T11:51:21.1367042Z dotnet-install: To check the list of dependencies, go to https://learn.microsoft.com/dotnet/core/install, select your operating system and check the "Dependencies" section.
2026-03-01T11:51:21.1367857Z dotnet-install: Installation finished successfully.
2026-03-01T11:51:21.1411446Z [command]/home/runner/work/_actions/actions/setup-dotnet/3e891b0cb619bf60e2c25674b222b8940e2c1c25/externals/install-dotnet.sh --skip-non-versioned-files --channel 8.0
2026-03-01T11:51:21.3621735Z dotnet-install: .NET Core SDK with version '8.0.418' is already installed.
2026-03-01T11:51:21.3758735Z ##[group]Run dotnet restore
2026-03-01T11:51:21.3759060Z [36;1mdotnet restore[0m
2026-03-01T11:51:21.3811658Z shell: /usr/bin/bash -e {0}
2026-03-01T11:51:21.3811909Z env:
2026-03-01T11:51:21.3812093Z   DOTNET_ROOT: /usr/share/dotnet
2026-03-01T11:51:21.3812337Z ##[endgroup]
2026-03-01T11:51:27.4947158Z   Determining projects to restore...
2026-03-01T11:51:32.2118615Z   Restored /home/runner/work/hpoll/hpoll/src/Hpoll.Data/Hpoll.Data.csproj (in 3.17 sec).
2026-03-01T11:51:32.3052411Z   Restored /home/runner/work/hpoll/hpoll/src/Hpoll.Email/Hpoll.Email.csproj (in 89 ms).
2026-03-01T11:51:32.3104305Z   Restored /home/runner/work/hpoll/hpoll/src/Hpoll.Core/Hpoll.Core.csproj (in 3 ms).
2026-03-01T11:51:32.5838209Z   Restored /home/runner/work/hpoll/hpoll/src/Hpoll.Admin/Hpoll.Admin.csproj (in 270 ms).
2026-03-01T11:51:32.8808549Z   Restored /home/runner/work/hpoll/hpoll/src/Hpoll.Worker/Hpoll.Worker.csproj (in 287 ms).
2026-03-01T11:52:37.9889493Z   Restored /home/runner/work/hpoll/hpoll/tests/Hpoll.Worker.Tests/Hpoll.Worker.Tests.csproj (in 1.15 min).
2026-03-01T11:52:37.9952998Z   Restored /home/runner/work/hpoll/hpoll/tests/Hpoll.Core.Tests/Hpoll.Core.Tests.csproj (in 1.15 min).
2026-03-01T11:52:37.9956996Z   Restored /home/runner/work/hpoll/hpoll/tests/Hpoll.Admin.Tests/Hpoll.Admin.Tests.csproj (in 1.15 min).
2026-03-01T11:52:38.0438850Z ##[group]Run dotnet build --no-restore -c Release \
2026-03-01T11:52:38.0439285Z [36;1mdotnet build --no-restore -c Release \[0m
2026-03-01T11:52:38.0439674Z [36;1m  -p:BuildBranch="claude/add-build-info-display-yZ5Zr" \[0m
2026-03-01T11:52:38.0440110Z [36;1m  -p:BuildCommit="266c4fe8e87022976d71bc8479b2641dc64709fe" \[0m
2026-03-01T11:52:38.0440737Z [36;1m  -p:BuildNumber="158" \[0m
2026-03-01T11:52:38.0441034Z [36;1m  -p:BuildRunId="22542825007" \[0m
2026-03-01T11:52:38.0441338Z [36;1m  -p:PullRequestNumber="33"[0m
2026-03-01T11:52:38.0489318Z shell: /usr/bin/bash -e {0}
2026-03-01T11:52:38.0489559Z env:
2026-03-01T11:52:38.0489748Z   DOTNET_ROOT: /usr/share/dotnet
2026-03-01T11:52:38.0489982Z ##[endgroup]
2026-03-01T11:52:45.5126670Z   Hpoll.Core -> /home/runner/work/hpoll/hpoll/src/Hpoll.Core/bin/Release/net8.0/Hpoll.Core.dll
2026-03-01T11:52:46.3555650Z   Hpoll.Data -> /home/runner/work/hpoll/hpoll/src/Hpoll.Data/bin/Release/net8.0/Hpoll.Data.dll
2026-03-01T11:52:50.0201232Z   Hpoll.Email -> /home/runner/work/hpoll/hpoll/src/Hpoll.Email/bin/Release/net8.0/Hpoll.Email.dll
2026-03-01T11:52:50.1953992Z   Hpoll.Admin -> /home/runner/work/hpoll/hpoll/src/Hpoll.Admin/bin/Release/net8.0/Hpoll.Admin.dll
2026-03-01T11:52:51.1299545Z   Hpoll.Worker -> /home/runner/work/hpoll/hpoll/src/Hpoll.Worker/bin/Release/net8.0/Hpoll.Worker.dll
2026-03-01T11:52:51.5144615Z   Hpoll.Core.Tests -> /home/runner/work/hpoll/hpoll/tests/Hpoll.Core.Tests/bin/Release/net8.0/Hpoll.Core.Tests.dll
2026-03-01T11:52:51.5382513Z   Hpoll.Admin.Tests -> /home/runner/work/hpoll/hpoll/tests/Hpoll.Admin.Tests/bin/Release/net8.0/Hpoll.Admin.Tests.dll
2026-03-01T11:52:52.3867511Z   Hpoll.Worker.Tests -> /home/runner/work/hpoll/hpoll/tests/Hpoll.Worker.Tests/bin/Release/net8.0/Hpoll.Worker.Tests.dll
2026-03-01T11:52:52.4066596Z 
2026-03-01T11:52:52.4080840Z Build succeeded.
2026-03-01T11:52:52.4082319Z     0 Warning(s)
2026-03-01T11:52:52.4083022Z     0 Error(s)
2026-03-01T11:52:52.4083490Z 
2026-03-01T11:52:52.4084005Z Time Elapsed 00:00:14.01
2026-03-01T11:52:52.4367614Z ##[group]Run dotnet test --no-build -c Release \
2026-03-01T11:52:52.4367997Z [36;1mdotnet test --no-build -c Release \[0m
2026-03-01T11:52:52.4368294Z [36;1m  --settings coverlet.runsettings \[0m
2026-03-01T11:52:52.4368585Z [36;1m  --collect:"XPlat Code Coverage" \[0m
2026-03-01T11:52:52.4368949Z [36;1m  --logger "junit;LogFilePath=TestResults/{assembly}.junit.xml" \[0m
2026-03-01T11:52:52.4369326Z [36;1m  --results-directory TestResults[0m
2026-03-01T11:52:52.4417953Z shell: /usr/bin/bash -e {0}
2026-03-01T11:52:52.4418172Z env:
2026-03-01T11:52:52.4418346Z   DOTNET_ROOT: /usr/share/dotnet
2026-03-01T11:52:52.4418566Z ##[endgroup]
2026-03-01T11:52:53.4147346Z Test run for /home/runner/work/hpoll/hpoll/tests/Hpoll.Core.Tests/bin/Release/net8.0/Hpoll.Core.Tests.dll (.NETCoreApp,Version=v8.0)
2026-03-01T11:52:53.5717602Z Test run for /home/runner/work/hpoll/hpoll/tests/Hpoll.Worker.Tests/bin/Release/net8.0/Hpoll.Worker.Tests.dll (.NETCoreApp,Version=v8.0)
2026-03-01T11:52:53.5959949Z Test run for /home/runner/work/hpoll/hpoll/tests/Hpoll.Admin.Tests/bin/Release/net8.0/Hpoll.Admin.Tests.dll (.NETCoreApp,Version=v8.0)
2026-03-01T11:52:53.7122866Z VSTest version 18.0.1 (x64)
2026-03-01T11:52:53.7153176Z 
2026-03-01T11:52:53.7163003Z VSTest version 18.0.1 (x64)VSTest version 18.0.1 (x64)
2026-03-01T11:52:53.7166031Z 
2026-03-01T11:52:53.7204172Z 
2026-03-01T11:52:53.7205817Z 
2026-03-01T11:52:54.1946489Z Starting test execution, please wait...
2026-03-01T11:52:54.1967347Z Starting test execution, please wait...Starting test execution, please wait...
2026-03-01T11:52:54.1968459Z 
2026-03-01T11:52:54.3067677Z A total of 1 test files matched the specified pattern.
2026-03-01T11:52:54.3134276Z A total of 1 test files matched the specified pattern.
2026-03-01T11:52:54.3150290Z A total of 1 test files matched the specified pattern.
2026-03-01T11:53:03.4743726Z Results File: TestResults/Hpoll.Core.Tests.junit.xml
2026-03-01T11:53:03.4748433Z 
2026-03-01T11:53:03.4789756Z Passed!  - Failed:     0, Passed:    79, Skipped:     0, Total:    79, Duration: 1 s - Hpoll.Core.Tests.dll (net8.0)
2026-03-01T11:53:05.5012600Z Results File: TestResults/Hpoll.Admin.Tests.junit.xml
2026-03-01T11:53:05.5015019Z 
2026-03-01T11:53:05.5050970Z Passed!  - Failed:     0, Passed:    59, Skipped:     0, Total:    59, Duration: 1 s - Hpoll.Admin.Tests.dll (net8.0)
2026-03-01T11:53:51.2455832Z Results File: TestResults/Hpoll.Worker.Tests.junit.xml
2026-03-01T11:53:51.2461109Z 
2026-03-01T11:53:51.2499804Z Passed!  - Failed:     0, Passed:    50, Skipped:     0, Total:    50, Duration: 49 s - Hpoll.Worker.Tests.dll (net8.0)
2026-03-01T11:53:51.4502975Z 
2026-03-01T11:53:51.4507931Z Attachments:
2026-03-01T11:53:51.4509932Z   /home/runner/work/hpoll/hpoll/TestResults/88fd6a30-cd63-4fcf-acb0-79240a0f68ac/coverage.cobertura.xml
2026-03-01T11:53:51.4511792Z   /home/runner/work/hpoll/hpoll/TestResults/89ec6641-5260-41cc-bdae-a95d2ef91aa9/coverage.cobertura.xml
2026-03-01T11:53:51.4513135Z   /home/runner/work/hpoll/hpoll/TestResults/bdc4d1bd-98c5-4c82-8c13-9b88e75035ff/coverage.cobertura.xml
2026-03-01T11:53:51.5355871Z ##[group]Run codecov/codecov-action@18283e04ce6e62d37312384ff67231eb8fd56d24
2026-03-01T11:53:51.5356258Z with:
2026-03-01T11:53:51.5356796Z   token: ***
2026-03-01T11:53:51.5356982Z   directory: TestResults
2026-03-01T11:53:51.5357188Z   fail_ci_if_error: false
2026-03-01T11:53:51.5357396Z   disable_file_fixes: false
2026-03-01T11:53:51.5357600Z   disable_search: false
2026-03-01T11:53:51.5357792Z   disable_safe_directory: false
2026-03-01T11:53:51.5358004Z   disable_telem: false
2026-03-01T11:53:51.5358185Z   dry_run: false
2026-03-01T11:53:51.5358359Z   git_service: github
2026-03-01T11:53:51.5358549Z   gcov_executable: gcov
2026-03-01T11:53:51.5358762Z   handle_no_reports_found: false
2026-03-01T11:53:51.5358989Z   recurse_submodules: false
2026-03-01T11:53:51.5359204Z   run_command: upload-coverage
2026-03-01T11:53:51.5359414Z   skip_validation: false
2026-03-01T11:53:51.5359622Z   use_legacy_upload_endpoint: false
2026-03-01T11:53:51.5359839Z   use_oidc: false
2026-03-01T11:53:51.5360050Z   use_pypi: false
2026-03-01T11:53:51.5360214Z   verbose: false
2026-03-01T11:53:51.5360382Z   version: latest
2026-03-01T11:53:51.5360711Z env:
2026-03-01T11:53:51.5360873Z   DOTNET_ROOT: /usr/share/dotnet
2026-03-01T11:53:51.5361088Z ##[endgroup]
2026-03-01T11:53:51.5465451Z ##[group]Run CC_ACTION_VERSION=$(cat ${GITHUB_ACTION_PATH}/src/version)
2026-03-01T11:53:51.5465919Z [36;1mCC_ACTION_VERSION=$(cat ${GITHUB_ACTION_PATH}/src/version)[0m
2026-03-01T11:53:51.5466352Z [36;1mecho -e "\033[0;32m==>\033[0m Running Action version $CC_ACTION_VERSION"[0m
2026-03-01T11:53:51.5515532Z shell: /usr/bin/bash --noprofile --norc -e -o pipefail {0}
2026-03-01T11:53:51.5515863Z env:
2026-03-01T11:53:51.5516033Z   DOTNET_ROOT: /usr/share/dotnet
2026-03-01T11:53:51.5516259Z ##[endgroup]
2026-03-01T11:53:51.5598918Z [0;32m==>[0m Running Action version 5.4.3
2026-03-01T11:53:51.5638876Z ##[group]Run git config --global --add safe.directory "/home/runner/work/hpoll/hpoll"
2026-03-01T11:53:51.5639427Z [36;1mgit config --global --add safe.directory "/home/runner/work/hpoll/hpoll"[0m
2026-03-01T11:53:51.5639877Z [36;1mgit config --global --add safe.directory "$GITHUB_WORKSPACE"[0m
2026-03-01T11:53:51.5686509Z shell: /usr/bin/bash --noprofile --norc -e -o pipefail {0}
2026-03-01T11:53:51.5686838Z env:
2026-03-01T11:53:51.5687013Z   DOTNET_ROOT: /usr/share/dotnet
2026-03-01T11:53:51.5687229Z ##[endgroup]
2026-03-01T11:53:51.5808715Z ##[group]Run CC_FORK="false"
2026-03-01T11:53:51.5808979Z [36;1mCC_FORK="false"[0m
2026-03-01T11:53:51.5809519Z [36;1mif [ -n "$GITHUB_EVENT_PULL_REQUEST_HEAD_REPO_FULL_NAME" ] && [ "$GITHUB_EVENT_PULL_REQUEST_HEAD_REPO_FULL_NAME" != "$GITHUB_REPOSITORY" ];[0m
2026-03-01T11:53:51.5810253Z [36;1mthen[0m
2026-03-01T11:53:51.5810666Z [36;1m  echo -e "\033[0;32m==>\033[0m Fork detected"[0m
2026-03-01T11:53:51.5810946Z [36;1m  CC_FORK="true"[0m
2026-03-01T11:53:51.5811129Z [36;1mfi[0m
2026-03-01T11:53:51.5811326Z [36;1mecho "CC_FORK=$CC_FORK" >> "$GITHUB_ENV"[0m
2026-03-01T11:53:51.5857587Z shell: /usr/bin/bash --noprofile --norc -e -o pipefail {0}
2026-03-01T11:53:51.5857894Z env:
2026-03-01T11:53:51.5858062Z   DOTNET_ROOT: /usr/share/dotnet
2026-03-01T11:53:51.5858430Z   GITHUB_EVENT_PULL_REQUEST_HEAD_LABEL: pkinerd:claude/add-build-info-display-yZ5Zr
2026-03-01T11:53:51.5858909Z   GITHUB_EVENT_PULL_REQUEST_HEAD_REPO_FULL_NAME: pkinerd/hpoll
2026-03-01T11:53:51.5859273Z   GITHUB_REPOSITORY: pkinerd/hpoll
2026-03-01T11:53:51.5859493Z ##[endgroup]
2026-03-01T11:53:51.5989295Z ##[group]Run actions/github-script@v7
2026-03-01T11:53:51.5989533Z with:
2026-03-01T11:53:51.5990100Z   script: if (process.env.CC_USE_OIDC === 'true' && process.env.CC_FORK != 'true') {
  const id_token = await core.getIDToken(process.env.CC_OIDC_AUDIENCE)
  return id_token
}

2026-03-01T11:53:51.5991235Z   github-token: ***
2026-03-01T11:53:51.5991431Z   debug: false
2026-03-01T11:53:51.5991625Z   user-agent: actions/github-script
2026-03-01T11:53:51.5991862Z   result-encoding: json
2026-03-01T11:53:51.5992267Z   retries: 0
2026-03-01T11:53:51.5992484Z   retry-exempt-status-codes: 400,401,403,404,422
2026-03-01T11:53:51.5992736Z env:
2026-03-01T11:53:51.5992904Z   DOTNET_ROOT: /usr/share/dotnet
2026-03-01T11:53:51.5993177Z   CC_FORK: false
2026-03-01T11:53:51.5993397Z   CC_OIDC_AUDIENCE: https://codecov.io
2026-03-01T11:53:51.5993646Z   CC_USE_OIDC: false
2026-03-01T11:53:51.5993831Z ##[endgroup]
2026-03-01T11:53:51.6957828Z ##[group]Run if [ "false" == 'true' ] && [ "$CC_FORK" != 'true' ];
2026-03-01T11:53:51.6958225Z [36;1mif [ "false" == 'true' ] && [ "$CC_FORK" != 'true' ];[0m
2026-03-01T11:53:51.6958508Z [36;1mthen[0m
2026-03-01T11:53:51.6958736Z [36;1m  echo "CC_TOKEN=$CC_OIDC_TOKEN" >> "$GITHUB_ENV"[0m
2026-03-01T11:53:51.6959032Z [36;1melif [ -n "" ];[0m
2026-03-01T11:53:51.6959228Z [36;1mthen[0m
2026-03-01T11:53:51.6959449Z [36;1m  echo -e "\033[0;32m==>\033[0m Token set from env"[0m
2026-03-01T11:53:51.6959745Z [36;1m    echo "CC_TOKEN=" >> "$GITHUB_ENV"[0m
2026-03-01T11:53:51.6959996Z [36;1melse[0m
2026-03-01T11:53:51.6960316Z [36;1m  if [ -n "***" ];[0m
2026-03-01T11:53:51.6960824Z [36;1m  then[0m
2026-03-01T11:53:51.6961104Z [36;1m    echo -e "\033[0;32m==>\033[0m Token set from input"[0m
2026-03-01T11:53:51.6961537Z [36;1m    CC_TOKEN=$(echo "***" | tr -d '\n')[0m
2026-03-01T11:53:51.6961836Z [36;1m    echo "CC_TOKEN=$CC_TOKEN" >> "$GITHUB_ENV"[0m
2026-03-01T11:53:51.6962102Z [36;1m  fi[0m
2026-03-01T11:53:51.6962263Z [36;1mfi[0m
2026-03-01T11:53:51.7010268Z shell: /usr/bin/bash --noprofile --norc -e -o pipefail {0}
2026-03-01T11:53:51.7010866Z env:
2026-03-01T11:53:51.7011049Z   DOTNET_ROOT: /usr/share/dotnet
2026-03-01T11:53:51.7011271Z   CC_FORK: false
2026-03-01T11:53:51.7011442Z   CC_OIDC_TOKEN: 
2026-03-01T11:53:51.7011646Z   CC_OIDC_AUDIENCE: https://codecov.io
2026-03-01T11:53:51.7011880Z ##[endgroup]
2026-03-01T11:53:51.7078312Z [0;32m==>[0m Token set from input
2026-03-01T11:53:51.7117504Z ##[group]Run if [ -z "$CC_BRANCH" ] && [ -z "$CC_TOKEN" ] && [ "$CC_FORK" == 'true' ]
2026-03-01T11:53:51.7117987Z [36;1mif [ -z "$CC_BRANCH" ] && [ -z "$CC_TOKEN" ] && [ "$CC_FORK" == 'true' ][0m
2026-03-01T11:53:51.7118320Z [36;1mthen[0m
2026-03-01T11:53:51.7118693Z [36;1m  echo -e "\033[0;32m==>\033[0m Fork detected, setting branch to $GITHUB_EVENT_PULL_REQUEST_HEAD_LABEL"[0m
2026-03-01T11:53:51.7119214Z [36;1m  TOKENLESS="$GITHUB_EVENT_PULL_REQUEST_HEAD_LABEL"[0m
2026-03-01T11:53:51.7119559Z [36;1m  CC_BRANCH="$GITHUB_EVENT_PULL_REQUEST_HEAD_LABEL"[0m
2026-03-01T11:53:51.7119877Z [36;1m  echo "TOKENLESS=$TOKENLESS" >> "$GITHUB_ENV"[0m
2026-03-01T11:53:51.7120138Z [36;1mfi[0m
2026-03-01T11:53:51.7120293Z [36;1m[0m
2026-03-01T11:53:51.7120994Z [36;1mecho "CC_BRANCH=$CC_BRANCH" >> "$GITHUB_ENV"[0m
2026-03-01T11:53:51.7164103Z shell: /usr/bin/bash --noprofile --norc -e -o pipefail {0}
2026-03-01T11:53:51.7164415Z env:
2026-03-01T11:53:51.7164584Z   DOTNET_ROOT: /usr/share/dotnet
2026-03-01T11:53:51.7164807Z   CC_FORK: false
2026-03-01T11:53:51.7165080Z   CC_TOKEN: ***
2026-03-01T11:53:51.7165249Z   CC_BRANCH: 
2026-03-01T11:53:51.7165567Z   GITHUB_EVENT_PULL_REQUEST_HEAD_LABEL: pkinerd:claude/add-build-info-display-yZ5Zr
2026-03-01T11:53:51.7166027Z   GITHUB_EVENT_PULL_REQUEST_HEAD_REPO_FULL_NAME: pkinerd/hpoll
2026-03-01T11:53:51.7166343Z   GITHUB_REPOSITORY: pkinerd/hpoll
2026-03-01T11:53:51.7166566Z ##[endgroup]
2026-03-01T11:53:51.7251227Z ##[group]Run if [ -z "$CC_SHA" ];
2026-03-01T11:53:51.7251506Z [36;1mif [ -z "$CC_SHA" ];[0m
2026-03-01T11:53:51.7251711Z [36;1mthen[0m
2026-03-01T11:53:51.7251936Z [36;1m  CC_SHA="$GITHUB_EVENT_PULL_REQUEST_HEAD_SHA"[0m
2026-03-01T11:53:51.7252212Z [36;1mfi[0m
2026-03-01T11:53:51.7252485Z [36;1mif [ -z "$CC_PR" ] && [ "${GITHUB_EVENT_NAME}" == "pull_request_target" ];[0m
2026-03-01T11:53:51.7252817Z [36;1mthen[0m
2026-03-01T11:53:51.7253007Z [36;1m  CC_PR="$GITHUB_EVENT_NUMBER"[0m
2026-03-01T11:53:51.7253234Z [36;1mfi[0m
2026-03-01T11:53:51.7253392Z [36;1m[0m
2026-03-01T11:53:51.7253737Z [36;1mecho "CC_SHA=$CC_SHA" >> "$GITHUB_ENV"[0m
2026-03-01T11:53:51.7254028Z [36;1mecho "CC_PR=$CC_PR" >> "$GITHUB_ENV"[0m
2026-03-01T11:53:51.7296822Z shell: /usr/bin/bash --noprofile --norc -e -o pipefail {0}
2026-03-01T11:53:51.7297135Z env:
2026-03-01T11:53:51.7297307Z   DOTNET_ROOT: /usr/share/dotnet
2026-03-01T11:53:51.7297549Z   CC_FORK: false
2026-03-01T11:53:51.7297821Z   CC_TOKEN: ***
2026-03-01T11:53:51.7297991Z   CC_BRANCH: 
2026-03-01T11:53:51.7298151Z   CC_PR: 
2026-03-01T11:53:51.7298293Z   CC_SHA: 
2026-03-01T11:53:51.7298462Z   GITHUB_EVENT_NAME: pull_request
2026-03-01T11:53:51.7298689Z   GITHUB_EVENT_NUMBER: 33
2026-03-01T11:53:51.7299000Z   GITHUB_EVENT_PULL_REQUEST_HEAD_SHA: ad3e7951785e7bb302e01ddb17397e85fc6b101b
2026-03-01T11:53:51.7299357Z ##[endgroup]
2026-03-01T11:53:51.7391339Z ##[group]Run ${GITHUB_ACTION_PATH}/dist/codecov.sh
2026-03-01T11:53:51.7391681Z [36;1m${GITHUB_ACTION_PATH}/dist/codecov.sh[0m
2026-03-01T11:53:51.7435116Z shell: /usr/bin/bash --noprofile --norc -e -o pipefail {0}
2026-03-01T11:53:51.7435443Z env:
2026-03-01T11:53:51.7435618Z   DOTNET_ROOT: /usr/share/dotnet
2026-03-01T11:53:51.7435832Z   CC_FORK: false
2026-03-01T11:53:51.7436113Z   CC_TOKEN: ***
2026-03-01T11:53:51.7436291Z   CC_BRANCH: 
2026-03-01T11:53:51.7436493Z   CC_SHA: ad3e7951785e7bb302e01ddb17397e85fc6b101b
2026-03-01T11:53:51.7436757Z   CC_PR: 
2026-03-01T11:53:51.7436908Z   CC_BASE_SHA: 
2026-03-01T11:53:51.7437075Z   CC_BINARY: 
2026-03-01T11:53:51.7437233Z   CC_BUILD: 
2026-03-01T11:53:51.7437384Z   CC_BUILD_URL: 
2026-03-01T11:53:51.7437547Z   CC_CODE: 
2026-03-01T11:53:51.7437698Z   CC_DIR: TestResults
2026-03-01T11:53:51.7437897Z   CC_DISABLE_FILE_FIXES: false
2026-03-01T11:53:51.7438119Z   CC_DISABLE_SEARCH: false
2026-03-01T11:53:51.7438314Z   CC_DISABLE_TELEM: false
2026-03-01T11:53:51.7438504Z   CC_DRY_RUN: false
2026-03-01T11:53:51.7438678Z   CC_ENTERPRISE_URL: 
2026-03-01T11:53:51.7438854Z   CC_ENV: 
2026-03-01T11:53:51.7439008Z   CC_EXCLUDES: 
2026-03-01T11:53:51.7439176Z   CC_FAIL_ON_ERROR: false
2026-03-01T11:53:51.7439360Z   CC_FILES: 
2026-03-01T11:53:51.7439508Z   CC_FLAGS: 
2026-03-01T11:53:51.7439657Z   CC_FORCE: 
2026-03-01T11:53:51.7439811Z   CC_GCOV_ARGS: 
2026-03-01T11:53:51.7439978Z   CC_GCOV_EXECUTABLE: gcov
2026-03-01T11:53:51.7440178Z   CC_GCOV_IGNORE: 
2026-03-01T11:53:51.7440352Z   CC_GCOV_INCLUDE: 
2026-03-01T11:53:51.7440747Z   CC_GIT_SERVICE: github
2026-03-01T11:53:51.7440963Z   CC_HANDLE_NO_REPORTS_FOUND: false
2026-03-01T11:53:51.7441184Z   CC_JOB_CODE: 
2026-03-01T11:53:51.7441352Z   CC_LEGACY: false
2026-03-01T11:53:51.7441524Z   CC_NAME: 
2026-03-01T11:53:51.7441684Z   CC_NETWORK_FILTER: 
2026-03-01T11:53:51.7441872Z   CC_NETWORK_PREFIX: 
2026-03-01T11:53:51.7442223Z   CC_NETWORK_ROOT_FOLDER: 
2026-03-01T11:53:51.7442416Z   CC_OS: 
2026-03-01T11:53:51.7442568Z   CC_PARENT_SHA: 
2026-03-01T11:53:51.7442732Z   CC_PLUGINS: 
2026-03-01T11:53:51.7442907Z   CC_RECURSE_SUBMODULES: false
2026-03-01T11:53:51.7443111Z   CC_REPORT_TYPE: 
2026-03-01T11:53:51.7443301Z   CC_RUN_CMD: upload-coverage
2026-03-01T11:53:51.7443508Z   CC_SERVICE: github
2026-03-01T11:53:51.7443691Z   CC_SKIP_VALIDATION: false
2026-03-01T11:53:51.7443885Z   CC_SLUG: 
2026-03-01T11:53:51.7444036Z   CC_SWIFT_PROJECT: 
2026-03-01T11:53:51.7444212Z   CC_USE_PYPI: false
2026-03-01T11:53:51.7444383Z   CC_VERBOSE: false
2026-03-01T11:53:51.7444553Z   CC_VERSION: latest
2026-03-01T11:53:51.7444723Z   CC_YML_PATH: 
2026-03-01T11:53:51.7444882Z ##[endgroup]
2026-03-01T11:53:51.7533126Z      _____          _
2026-03-01T11:53:51.7533465Z     / ____|        | |
2026-03-01T11:53:51.7533847Z    | |     ___   __| | ___  ___ _____   __
2026-03-01T11:53:51.7534261Z    | |    / _ \ / _` |/ _ \/ __/ _ \ \ / /
2026-03-01T11:53:51.7534662Z    | |___| (_) | (_| |  __/ (_| (_) \ V /
2026-03-01T11:53:51.7535063Z     \_____\___/ \__,_|\___|\___\___/ \_/
2026-03-01T11:53:51.7535787Z                            [0;31m Wrapper-0.2.1[0m
2026-03-01T11:53:51.7536233Z                                   
2026-03-01T11:53:51.7593341Z [0;32m==>[0m Detected [0;36mlinux[0m
2026-03-01T11:53:51.7593928Z [0;32m ->[0m Downloading [0;36mhttps://cli.codecov.io/latest/linux/codecov[0m
2026-03-01T11:53:51.7648638Z   % Total    % Received % Xferd  Average Speed   Time    Time     Time  Current
2026-03-01T11:53:51.7649607Z                                  Dload  Upload   Total   Spent    Left  Speed
2026-03-01T11:53:51.7651402Z 
2026-03-01T11:53:51.8813380Z   0     0    0     0    0     0      0      0 --:--:-- --:--:-- --:--:--     0
2026-03-01T11:53:51.8814113Z 100 10.6M  100 10.6M    0     0  91.3M      0 --:--:-- --:--:-- --:--:-- 91.8M
2026-03-01T11:53:51.8842468Z [0;32m==>[0m Finishing downloading [0;36mlinux:latest[0m
2026-03-01T11:53:51.9300963Z       Version: [0;36mv11.2.6[0m
2026-03-01T11:53:51.9301440Z  
2026-03-01T11:53:52.2705597Z gpg: directory '/home/runner/.gnupg' created
2026-03-01T11:53:52.2714098Z gpg: keybox '/home/runner/.gnupg/pubring.kbx' created
2026-03-01T11:53:52.3057308Z gpg: /home/runner/.gnupg/trustdb.gpg: trustdb created
2026-03-01T11:53:52.3058307Z gpg: key 806BB28AED779869: public key "Codecov Uploader (Codecov Uploader Verification Key) <security@codecov.io>" imported
2026-03-01T11:53:52.4544973Z gpg: Total number processed: 1
2026-03-01T11:53:52.4545537Z gpg:               imported: 1
2026-03-01T11:53:52.4552368Z [0;32m==>[0m Verifying GPG signature integrity
2026-03-01T11:53:52.4553429Z [0;32m ->[0m Downloading [0;36mhttps://cli.codecov.io/latest/linux/codecov.SHA256SUM[0m
2026-03-01T11:53:52.4554548Z [0;32m ->[0m Downloading [0;36mhttps://cli.codecov.io/latest/linux/codecov.SHA256SUM.sig[0m
2026-03-01T11:53:52.4555078Z  
2026-03-01T11:53:52.5392795Z gpg: Signature made Fri Dec  5 15:31:48 2025 UTC
2026-03-01T11:53:52.5393539Z gpg:                using RSA key 27034E7FDB850E0BBC2C62FF806BB28AED779869
2026-03-01T11:53:52.5395449Z gpg: Good signature from "Codecov Uploader (Codecov Uploader Verification Key) <security@codecov.io>" [unknown]
2026-03-01T11:53:52.5396735Z gpg: WARNING: This key is not certified with a trusted signature!
2026-03-01T11:53:52.5397382Z gpg:          There is no indication that the signature belongs to the owner.
2026-03-01T11:53:52.5398001Z Primary key fingerprint: 2703 4E7F DB85 0E0B BC2C  62FF 806B B28A ED77 9869
2026-03-01T11:53:52.6580820Z codecov: OK
2026-03-01T11:53:52.6591552Z [0;32m==>[0m CLI integrity verified
2026-03-01T11:53:52.6592045Z 
2026-03-01T11:53:52.6681169Z [0;32m ->[0m Token of length 36 detected
2026-03-01T11:53:52.7315414Z [0;32m==>[0m Running upload-coverage
2026-03-01T11:53:52.7325504Z       [0;36m./codecov  upload-coverage -t <redacted> --git-service github --sha ad3e7951785e7bb302e01ddb17397e85fc6b101b --dir TestResults --gcov-executable gcov[0m
2026-03-01T11:53:53.0961641Z info - 2026-03-01 11:53:53,095 -- ci service found: github-actions
2026-03-01T11:53:53.1402867Z warning - 2026-03-01 11:53:53,139 -- xcrun is not installed or can't be found.
2026-03-01T11:53:53.1412023Z warning - 2026-03-01 11:53:53,141 -- No gcov data found.
2026-03-01T11:53:53.1415386Z warning - 2026-03-01 11:53:53,141 -- coverage.py is not installed or can't be found.
2026-03-01T11:53:53.1585922Z info - 2026-03-01 11:53:53,158 -- Found 3 coverage files to report
2026-03-01T11:53:53.1604813Z info - 2026-03-01 11:53:53,158 -- > TestResults/bdc4d1bd-98c5-4c82-8c13-9b88e75035ff/coverage.cobertura.xml
2026-03-01T11:53:53.1606163Z info - 2026-03-01 11:53:53,158 -- > TestResults/88fd6a30-cd63-4fcf-acb0-79240a0f68ac/coverage.cobertura.xml
2026-03-01T11:53:53.1607327Z info - 2026-03-01 11:53:53,158 -- > TestResults/89ec6641-5260-41cc-bdae-a95d2ef91aa9/coverage.cobertura.xml
2026-03-01T11:53:53.5720046Z info - 2026-03-01 11:53:53,571 -- Your upload is now processing. When finished, results will be available at: https://app.codecov.io/github/pkinerd/hpoll/commit/ad3e7951785e7bb302e01ddb17397e85fc6b101b
2026-03-01T11:53:53.8364696Z info - 2026-03-01 11:53:53,836 -- Process Upload complete
2026-03-01T11:53:54.0039863Z ##[group]Run codecov/codecov-action@18283e04ce6e62d37312384ff67231eb8fd56d24
2026-03-01T11:53:54.0040261Z with:
2026-03-01T11:53:54.0040706Z   token: ***
2026-03-01T11:53:54.0040897Z   files: TestResults/*.junit.xml
2026-03-01T11:53:54.0041132Z   report_type: test_results
2026-03-01T11:53:54.0041343Z   fail_ci_if_error: false
2026-03-01T11:53:54.0041548Z   disable_file_fixes: false
2026-03-01T11:53:54.0041741Z   disable_search: false
2026-03-01T11:53:54.0041937Z   disable_safe_directory: false
2026-03-01T11:53:54.0042147Z   disable_telem: false
2026-03-01T11:53:54.0042325Z   dry_run: false
2026-03-01T11:53:54.0042496Z   git_service: github
2026-03-01T11:53:54.0042674Z   gcov_executable: gcov
2026-03-01T11:53:54.0042877Z   handle_no_reports_found: false
2026-03-01T11:53:54.0043116Z   recurse_submodules: false
2026-03-01T11:53:54.0043331Z   run_command: upload-coverage
2026-03-01T11:53:54.0043547Z   skip_validation: false
2026-03-01T11:53:54.0043774Z   use_legacy_upload_endpoint: false
2026-03-01T11:53:54.0043990Z   use_oidc: false
2026-03-01T11:53:54.0044161Z   use_pypi: false
2026-03-01T11:53:54.0044327Z   verbose: false
2026-03-01T11:53:54.0044484Z   version: latest
2026-03-01T11:53:54.0044646Z env:
2026-03-01T11:53:54.0044805Z   DOTNET_ROOT: /usr/share/dotnet
2026-03-01T11:53:54.0045015Z   CC_FORK: false
2026-03-01T11:53:54.0045225Z   CC_TOKEN: ***
2026-03-01T11:53:54.0045392Z   CC_BRANCH: 
2026-03-01T11:53:54.0045598Z   CC_SHA: ad3e7951785e7bb302e01ddb17397e85fc6b101b
2026-03-01T11:53:54.0045852Z   CC_PR: 
2026-03-01T11:53:54.0046003Z ##[endgroup]
2026-03-01T11:53:54.0063414Z ##[group]Run CC_ACTION_VERSION=$(cat ${GITHUB_ACTION_PATH}/src/version)
2026-03-01T11:53:54.0063858Z [36;1mCC_ACTION_VERSION=$(cat ${GITHUB_ACTION_PATH}/src/version)[0m
2026-03-01T11:53:54.0064294Z [36;1mecho -e "\033[0;32m==>\033[0m Running Action version $CC_ACTION_VERSION"[0m
2026-03-01T11:53:54.0111992Z shell: /usr/bin/bash --noprofile --norc -e -o pipefail {0}
2026-03-01T11:53:54.0112300Z env:
2026-03-01T11:53:54.0112485Z   DOTNET_ROOT: /usr/share/dotnet
2026-03-01T11:53:54.0112696Z   CC_FORK: false
2026-03-01T11:53:54.0112970Z   CC_TOKEN: ***
2026-03-01T11:53:54.0113144Z   CC_BRANCH: 
2026-03-01T11:53:54.0113341Z   CC_SHA: ad3e7951785e7bb302e01ddb17397e85fc6b101b
2026-03-01T11:53:54.0113599Z   CC_PR: 
2026-03-01T11:53:54.0113752Z ##[endgroup]
2026-03-01T11:53:54.0194601Z [0;32m==>[0m Running Action version 5.4.3
2026-03-01T11:53:54.0215312Z ##[group]Run git config --global --add safe.directory "/home/runner/work/hpoll/hpoll"
2026-03-01T11:53:54.0215842Z [36;1mgit config --global --add safe.directory "/home/runner/work/hpoll/hpoll"[0m
2026-03-01T11:53:54.0216313Z [36;1mgit config --global --add safe.directory "$GITHUB_WORKSPACE"[0m
2026-03-01T11:53:54.0259724Z shell: /usr/bin/bash --noprofile --norc -e -o pipefail {0}
2026-03-01T11:53:54.0260219Z env:
2026-03-01T11:53:54.0260797Z   DOTNET_ROOT: /usr/share/dotnet
2026-03-01T11:53:54.0261052Z   CC_FORK: false
2026-03-01T11:53:54.0261342Z   CC_TOKEN: ***
2026-03-01T11:53:54.0261519Z   CC_BRANCH: 
2026-03-01T11:53:54.0261728Z   CC_SHA: ad3e7951785e7bb302e01ddb17397e85fc6b101b
2026-03-01T11:53:54.0262003Z   CC_PR: 
2026-03-01T11:53:54.0262163Z ##[endgroup]
2026-03-01T11:53:54.0380761Z ##[group]Run CC_FORK="false"
2026-03-01T11:53:54.0381024Z [36;1mCC_FORK="false"[0m
2026-03-01T11:53:54.0381560Z [36;1mif [ -n "$GITHUB_EVENT_PULL_REQUEST_HEAD_REPO_FULL_NAME" ] && [ "$GITHUB_EVENT_PULL_REQUEST_HEAD_REPO_FULL_NAME" != "$GITHUB_REPOSITORY" ];[0m
2026-03-01T11:53:54.0382127Z [36;1mthen[0m
2026-03-01T11:53:54.0382350Z [36;1m  echo -e "\033[0;32m==>\033[0m Fork detected"[0m
2026-03-01T11:53:54.0382630Z [36;1m  CC_FORK="true"[0m
2026-03-01T11:53:54.0382819Z [36;1mfi[0m
2026-03-01T11:53:54.0383016Z [36;1mecho "CC_FORK=$CC_FORK" >> "$GITHUB_ENV"[0m
2026-03-01T11:53:54.0426223Z shell: /usr/bin/bash --noprofile --norc -e -o pipefail {0}
2026-03-01T11:53:54.0426531Z env:
2026-03-01T11:53:54.0426702Z   DOTNET_ROOT: /usr/share/dotnet
2026-03-01T11:53:54.0427132Z   CC_FORK: false
2026-03-01T11:53:54.0427410Z   CC_TOKEN: ***
2026-03-01T11:53:54.0427587Z   CC_BRANCH: 
2026-03-01T11:53:54.0427790Z   CC_SHA: ad3e7951785e7bb302e01ddb17397e85fc6b101b
2026-03-01T11:53:54.0428050Z   CC_PR: 
2026-03-01T11:53:54.0428369Z   GITHUB_EVENT_PULL_REQUEST_HEAD_LABEL: pkinerd:claude/add-build-info-display-yZ5Zr
2026-03-01T11:53:54.0428832Z   GITHUB_EVENT_PULL_REQUEST_HEAD_REPO_FULL_NAME: pkinerd/hpoll
2026-03-01T11:53:54.0429151Z   GITHUB_REPOSITORY: pkinerd/hpoll
2026-03-01T11:53:54.0429374Z ##[endgroup]
2026-03-01T11:53:54.0532326Z ##[group]Run actions/github-script@v7
2026-03-01T11:53:54.0532566Z with:
2026-03-01T11:53:54.0533133Z   script: if (process.env.CC_USE_OIDC === 'true' && process.env.CC_FORK != 'true') {
  const id_token = await core.getIDToken(process.env.CC_OIDC_AUDIENCE)
  return id_token
}

2026-03-01T11:53:54.0533904Z   github-token: ***
2026-03-01T11:53:54.0534094Z   debug: false
2026-03-01T11:53:54.0534280Z   user-agent: actions/github-script
2026-03-01T11:53:54.0534532Z   result-encoding: json
2026-03-01T11:53:54.0534717Z   retries: 0
2026-03-01T11:53:54.0534922Z   retry-exempt-status-codes: 400,401,403,404,422
2026-03-01T11:53:54.0535179Z env:
2026-03-01T11:53:54.0535348Z   DOTNET_ROOT: /usr/share/dotnet
2026-03-01T11:53:54.0535567Z   CC_FORK: false
2026-03-01T11:53:54.0535783Z   CC_TOKEN: ***
2026-03-01T11:53:54.0535946Z   CC_BRANCH: 
2026-03-01T11:53:54.0536144Z   CC_SHA: ad3e7951785e7bb302e01ddb17397e85fc6b101b
2026-03-01T11:53:54.0536394Z   CC_PR: 
2026-03-01T11:53:54.0536581Z   CC_OIDC_AUDIENCE: https://codecov.io
2026-03-01T11:53:54.0536822Z   CC_USE_OIDC: false
2026-03-01T11:53:54.0537000Z ##[endgroup]
2026-03-01T11:53:54.1472447Z ##[group]Run if [ "false" == 'true' ] && [ "$CC_FORK" != 'true' ];
2026-03-01T11:53:54.1472864Z [36;1mif [ "false" == 'true' ] && [ "$CC_FORK" != 'true' ];[0m
2026-03-01T11:53:54.1473153Z [36;1mthen[0m
2026-03-01T11:53:54.1473374Z [36;1m  echo "CC_TOKEN=$CC_OIDC_TOKEN" >> "$GITHUB_ENV"[0m
2026-03-01T11:53:54.1473676Z [36;1melif [ -n "" ];[0m
2026-03-01T11:53:54.1473876Z [36;1mthen[0m
2026-03-01T11:53:54.1474103Z [36;1m  echo -e "\033[0;32m==>\033[0m Token set from env"[0m
2026-03-01T11:53:54.1474424Z [36;1m    echo "CC_TOKEN=" >> "$GITHUB_ENV"[0m
2026-03-01T11:53:54.1474663Z [36;1melse[0m
2026-03-01T11:53:54.1474971Z [36;1m  if [ -n "***" ];[0m
2026-03-01T11:53:54.1475184Z [36;1m  then[0m
2026-03-01T11:53:54.1475432Z [36;1m    echo -e "\033[0;32m==>\033[0m Token set from input"[0m
2026-03-01T11:53:54.1475850Z [36;1m    CC_TOKEN=$(echo "***" | tr -d '\n')[0m
2026-03-01T11:53:54.1476154Z [36;1m    echo "CC_TOKEN=$CC_TOKEN" >> "$GITHUB_ENV"[0m
2026-03-01T11:53:54.1476411Z [36;1m  fi[0m
2026-03-01T11:53:54.1476574Z [36;1mfi[0m
2026-03-01T11:53:54.1524700Z shell: /usr/bin/bash --noprofile --norc -e -o pipefail {0}
2026-03-01T11:53:54.1525205Z env:
2026-03-01T11:53:54.1525380Z   DOTNET_ROOT: /usr/share/dotnet
2026-03-01T11:53:54.1525601Z   CC_FORK: false
2026-03-01T11:53:54.1525840Z   CC_TOKEN: ***
2026-03-01T11:53:54.1526023Z   CC_BRANCH: 
2026-03-01T11:53:54.1526227Z   CC_SHA: ad3e7951785e7bb302e01ddb17397e85fc6b101b
2026-03-01T11:53:54.1526480Z   CC_PR: 
2026-03-01T11:53:54.1526638Z   CC_OIDC_TOKEN: 
2026-03-01T11:53:54.1526840Z   CC_OIDC_AUDIENCE: https://codecov.io
2026-03-01T11:53:54.1527077Z ##[endgroup]
2026-03-01T11:53:54.1595370Z [0;32m==>[0m Token set from input
2026-03-01T11:53:54.1633991Z ##[group]Run if [ -z "$CC_BRANCH" ] && [ -z "$CC_TOKEN" ] && [ "$CC_FORK" == 'true' ]
2026-03-01T11:53:54.1634465Z [36;1mif [ -z "$CC_BRANCH" ] && [ -z "$CC_TOKEN" ] && [ "$CC_FORK" == 'true' ][0m
2026-03-01T11:53:54.1634787Z [36;1mthen[0m
2026-03-01T11:53:54.1635157Z [36;1m  echo -e "\033[0;32m==>\033[0m Fork detected, setting branch to $GITHUB_EVENT_PULL_REQUEST_HEAD_LABEL"[0m
2026-03-01T11:53:54.1635668Z [36;1m  TOKENLESS="$GITHUB_EVENT_PULL_REQUEST_HEAD_LABEL"[0m
2026-03-01T11:53:54.1636098Z [36;1m  CC_BRANCH="$GITHUB_EVENT_PULL_REQUEST_HEAD_LABEL"[0m
2026-03-01T11:53:54.1636644Z [36;1m  echo "TOKENLESS=$TOKENLESS" >> "$GITHUB_ENV"[0m
2026-03-01T11:53:54.1637129Z [36;1mfi[0m
2026-03-01T11:53:54.1637374Z [36;1m[0m
2026-03-01T11:53:54.1637715Z [36;1mecho "CC_BRANCH=$CC_BRANCH" >> "$GITHUB_ENV"[0m
2026-03-01T11:53:54.1682422Z shell: /usr/bin/bash --noprofile --norc -e -o pipefail {0}
2026-03-01T11:53:54.1682838Z env:
2026-03-01T11:53:54.1683140Z   DOTNET_ROOT: /usr/share/dotnet
2026-03-01T11:53:54.1703075Z   CC_FORK: false
2026-03-01T11:53:54.1703536Z   CC_TOKEN: ***
2026-03-01T11:53:54.1703821Z   CC_BRANCH: 
2026-03-01T11:53:54.1704141Z   CC_SHA: ad3e7951785e7bb302e01ddb17397e85fc6b101b
2026-03-01T11:53:54.1704509Z   CC_PR: 
2026-03-01T11:53:54.1704829Z   GITHUB_EVENT_PULL_REQUEST_HEAD_LABEL: pkinerd:claude/add-build-info-display-yZ5Zr
2026-03-01T11:53:54.1705312Z   GITHUB_EVENT_PULL_REQUEST_HEAD_REPO_FULL_NAME: pkinerd/hpoll
2026-03-01T11:53:54.1705649Z   GITHUB_REPOSITORY: pkinerd/hpoll
2026-03-01T11:53:54.1705881Z ##[endgroup]
2026-03-01T11:53:54.1790371Z ##[group]Run if [ -z "$CC_SHA" ];
2026-03-01T11:53:54.1790895Z [36;1mif [ -z "$CC_SHA" ];[0m
2026-03-01T11:53:54.1791113Z [36;1mthen[0m
2026-03-01T11:53:54.1791339Z [36;1m  CC_SHA="$GITHUB_EVENT_PULL_REQUEST_HEAD_SHA"[0m
2026-03-01T11:53:54.1791611Z [36;1mfi[0m
2026-03-01T11:53:54.1791877Z [36;1mif [ -z "$CC_PR" ] && [ "${GITHUB_EVENT_NAME}" == "pull_request_target" ];[0m
2026-03-01T11:53:54.1792214Z [36;1mthen[0m
2026-03-01T11:53:54.1792401Z [36;1m  CC_PR="$GITHUB_EVENT_NUMBER"[0m
2026-03-01T11:53:54.1792626Z [36;1mfi[0m
2026-03-01T11:53:54.1792780Z [36;1m[0m
2026-03-01T11:53:54.1792971Z [36;1mecho "CC_SHA=$CC_SHA" >> "$GITHUB_ENV"[0m
2026-03-01T11:53:54.1793248Z [36;1mecho "CC_PR=$CC_PR" >> "$GITHUB_ENV"[0m
2026-03-01T11:53:54.1844853Z shell: /usr/bin/bash --noprofile --norc -e -o pipefail {0}
2026-03-01T11:53:54.1845392Z env:
2026-03-01T11:53:54.1845671Z   DOTNET_ROOT: /usr/share/dotnet
2026-03-01T11:53:54.1846052Z   CC_FORK: false
2026-03-01T11:53:54.1846457Z   CC_TOKEN: ***
2026-03-01T11:53:54.1846755Z   CC_BRANCH: 
2026-03-01T11:53:54.1847033Z   CC_SHA: 
2026-03-01T11:53:54.1847292Z   CC_PR: 
2026-03-01T11:53:54.1847579Z   GITHUB_EVENT_NAME: pull_request
2026-03-01T11:53:54.1847961Z   GITHUB_EVENT_NUMBER: 33
2026-03-01T11:53:54.1848520Z   GITHUB_EVENT_PULL_REQUEST_HEAD_SHA: ad3e7951785e7bb302e01ddb17397e85fc6b101b
2026-03-01T11:53:54.1849113Z ##[endgroup]
2026-03-01T11:53:54.1976250Z ##[group]Run ${GITHUB_ACTION_PATH}/dist/codecov.sh
2026-03-01T11:53:54.1976875Z [36;1m${GITHUB_ACTION_PATH}/dist/codecov.sh[0m
2026-03-01T11:53:54.2041121Z shell: /usr/bin/bash --noprofile --norc -e -o pipefail {0}
2026-03-01T11:53:54.2041654Z env:
2026-03-01T11:53:54.2041937Z   DOTNET_ROOT: /usr/share/dotnet
2026-03-01T11:53:54.2042307Z   CC_FORK: false
2026-03-01T11:53:54.2042705Z   CC_TOKEN: ***
2026-03-01T11:53:54.2043264Z   CC_BRANCH: 
2026-03-01T11:53:54.2043638Z   CC_SHA: ad3e7951785e7bb302e01ddb17397e85fc6b101b
2026-03-01T11:53:54.2044107Z   CC_PR: 
2026-03-01T11:53:54.2044372Z   CC_BASE_SHA: 
2026-03-01T11:53:54.2044661Z   CC_BINARY: 
2026-03-01T11:53:54.2044941Z   CC_BUILD: 
2026-03-01T11:53:54.2045223Z   CC_BUILD_URL: 
2026-03-01T11:53:54.2045512Z   CC_CODE: 
2026-03-01T11:53:54.2045765Z   CC_DIR: 
2026-03-01T11:53:54.2046041Z   CC_DISABLE_FILE_FIXES: false
2026-03-01T11:53:54.2046400Z   CC_DISABLE_SEARCH: false
2026-03-01T11:53:54.2046739Z   CC_DISABLE_TELEM: false
2026-03-01T11:53:54.2047072Z   CC_DRY_RUN: false
2026-03-01T11:53:54.2047363Z   CC_ENTERPRISE_URL: 
2026-03-01T11:53:54.2047662Z   CC_ENV: 
2026-03-01T11:53:54.2047916Z   CC_EXCLUDES: 
2026-03-01T11:53:54.2048205Z   CC_FAIL_ON_ERROR: false
2026-03-01T11:53:54.2048564Z   CC_FILES: TestResults/*.junit.xml
2026-03-01T11:53:54.2048945Z   CC_FLAGS: 
2026-03-01T11:53:54.2049222Z   CC_FORCE: 
2026-03-01T11:53:54.2049498Z   CC_GCOV_ARGS: 
2026-03-01T11:53:54.2049811Z   CC_GCOV_EXECUTABLE: gcov
2026-03-01T11:53:54.2050157Z   CC_GCOV_IGNORE: 
2026-03-01T11:53:54.2050636Z   CC_GCOV_INCLUDE: 
2026-03-01T11:53:54.2050950Z   CC_GIT_SERVICE: github
2026-03-01T11:53:54.2051520Z   CC_HANDLE_NO_REPORTS_FOUND: false
2026-03-01T11:53:54.2051925Z   CC_JOB_CODE: 
2026-03-01T11:53:54.2052217Z   CC_LEGACY: false
2026-03-01T11:53:54.2052502Z   CC_NAME: 
2026-03-01T11:53:54.2052770Z   CC_NETWORK_FILTER: 
2026-03-01T11:53:54.2053093Z   CC_NETWORK_PREFIX: 
2026-03-01T11:53:54.2053399Z   CC_NETWORK_ROOT_FOLDER: 
2026-03-01T11:53:54.2053723Z   CC_OS: 
2026-03-01T11:53:54.2053970Z   CC_PARENT_SHA: 
2026-03-01T11:53:54.2054257Z   CC_PLUGINS: 
2026-03-01T11:53:54.2054564Z   CC_RECURSE_SUBMODULES: false
2026-03-01T11:53:54.2054954Z   CC_REPORT_TYPE: test_results
2026-03-01T11:53:54.2055374Z   CC_RUN_CMD: upload-coverage
2026-03-01T11:53:54.2055745Z   CC_SERVICE: github
2026-03-01T11:53:54.2056073Z   CC_SKIP_VALIDATION: false
2026-03-01T11:53:54.2056411Z   CC_SLUG: 
2026-03-01T11:53:54.2056680Z   CC_SWIFT_PROJECT: 
2026-03-01T11:53:54.2056990Z   CC_USE_PYPI: false
2026-03-01T11:53:54.2057286Z   CC_VERBOSE: false
2026-03-01T11:53:54.2057590Z   CC_VERSION: latest
2026-03-01T11:53:54.2057902Z   CC_YML_PATH: 
2026-03-01T11:53:54.2058191Z ##[endgroup]
2026-03-01T11:53:54.2174117Z      _____          _
2026-03-01T11:53:54.2174719Z     / ____|        | |
2026-03-01T11:53:54.2175357Z    | |     ___   __| | ___  ___ _____   __
2026-03-01T11:53:54.2175775Z    | |    / _ \ / _` |/ _ \/ __/ _ \ \ / /
2026-03-01T11:53:54.2176185Z    | |___| (_) | (_| |  __/ (_| (_) \ V /
2026-03-01T11:53:54.2176607Z     \_____\___/ \__,_|\___|\___\___/ \_/
2026-03-01T11:53:54.2177337Z                            [0;31m Wrapper-0.2.1[0m
2026-03-01T11:53:54.2177792Z                                   
2026-03-01T11:53:54.2237379Z [0;32m==>[0m Detected [0;36mlinux[0m
2026-03-01T11:53:54.2238290Z [0;32m ->[0m Downloading [0;36mhttps://cli.codecov.io/latest/linux/codecov[0m
2026-03-01T11:53:54.2292761Z   % Total    % Received % Xferd  Average Speed   Time    Time     Time  Current
2026-03-01T11:53:54.2294033Z                                  Dload  Upload   Total   Spent    Left  Speed
2026-03-01T11:53:54.2294803Z 
2026-03-01T11:53:54.2571628Z   0     0    0     0    0     0      0      0 --:--:-- --:--:-- --:--:--     0
2026-03-01T11:53:54.3549135Z   0     0    0     0    0     0      0      0 --:--:-- --:--:-- --:--:--     0
2026-03-01T11:53:54.3549947Z 100 10.6M  100 10.6M    0     0  84.6M      0 --:--:-- --:--:-- --:--:-- 84.5M
2026-03-01T11:53:54.3596454Z [0;32m==>[0m Finishing downloading [0;36mlinux:latest[0m
2026-03-01T11:53:54.4041326Z       Version: [0;36mv11.2.6[0m
2026-03-01T11:53:54.4041773Z  
2026-03-01T11:53:54.6529592Z gpg: key 806BB28AED779869: "Codecov Uploader (Codecov Uploader Verification Key) <security@codecov.io>" not changed
2026-03-01T11:53:54.6530337Z gpg: Total number processed: 1
2026-03-01T11:53:54.6530847Z gpg:              unchanged: 1
2026-03-01T11:53:54.6533849Z [0;32m==>[0m Verifying GPG signature integrity
2026-03-01T11:53:54.6535313Z [0;32m ->[0m Downloading [0;36mhttps://cli.codecov.io/latest/linux/codecov.SHA256SUM[0m
2026-03-01T11:53:54.6536891Z [0;32m ->[0m Downloading [0;36mhttps://cli.codecov.io/latest/linux/codecov.SHA256SUM.sig[0m
2026-03-01T11:53:54.6537611Z  
2026-03-01T11:53:54.7397374Z gpg: Signature made Fri Dec  5 15:31:48 2025 UTC
2026-03-01T11:53:54.7398083Z gpg:                using RSA key 27034E7FDB850E0BBC2C62FF806BB28AED779869
2026-03-01T11:53:54.7400140Z gpg: Good signature from "Codecov Uploader (Codecov Uploader Verification Key) <security@codecov.io>" [unknown]
2026-03-01T11:53:54.7401300Z gpg: WARNING: This key is not certified with a trusted signature!
2026-03-01T11:53:54.7401816Z gpg:          There is no indication that the signature belongs to the owner.
2026-03-01T11:53:54.7402376Z Primary key fingerprint: 2703 4E7F DB85 0E0B BC2C  62FF 806B B28A ED77 9869
2026-03-01T11:53:54.8045669Z codecov: OK
2026-03-01T11:53:54.8056367Z [0;32m==>[0m CLI integrity verified
2026-03-01T11:53:54.8056749Z 
2026-03-01T11:53:54.8144434Z [0;32m ->[0m Token of length 36 detected
2026-03-01T11:53:54.8794829Z [0;32m==>[0m Running upload-coverage
2026-03-01T11:53:54.8806357Z       [0;36m./codecov  upload-coverage -t <redacted> --git-service github --sha ad3e7951785e7bb302e01ddb17397e85fc6b101b --file TestResults/*.junit.xml --gcov-executable gcov --report-type test_results[0m
2026-03-01T11:53:55.2398929Z info - 2026-03-01 11:53:55,239 -- ci service found: github-actions
2026-03-01T11:53:55.2846271Z info - 2026-03-01 11:53:55,284 -- Using token to create a commit for protected branch `claude/add-build-info-display-yZ5Zr`
2026-03-01T11:53:55.8111658Z info - 2026-03-01 11:53:55,810 -- Process Commit creating complete
2026-03-01T11:53:55.8559145Z warning - 2026-03-01 11:53:55,855 -- Some files were not found --- {"not_found_files": ["TestResults/*.junit.xml"]}
2026-03-01T11:53:55.8877141Z info - 2026-03-01 11:53:55,887 -- Found 3 test_results files to report
2026-03-01T11:53:55.8878487Z info - 2026-03-01 11:53:55,887 -- > /home/runner/work/hpoll/hpoll/tests/Hpoll.Admin.Tests/TestResults/Hpoll.Admin.Tests.junit.xml
2026-03-01T11:53:55.8880119Z info - 2026-03-01 11:53:55,887 -- > /home/runner/work/hpoll/hpoll/tests/Hpoll.Worker.Tests/TestResults/Hpoll.Worker.Tests.junit.xml
2026-03-01T11:53:55.8881728Z info - 2026-03-01 11:53:55,887 -- > /home/runner/work/hpoll/hpoll/tests/Hpoll.Core.Tests/TestResults/Hpoll.Core.Tests.junit.xml
2026-03-01T11:53:56.4409395Z info - 2026-03-01 11:53:56,440 -- Process Upload complete
2026-03-01T11:53:56.5634429Z ##[group]Run actions/upload-artifact@330a01c490aca151604b8cf639adc76d48f6c5d4
2026-03-01T11:53:56.5634816Z with:
2026-03-01T11:53:56.5634979Z   name: test-reports
2026-03-01T11:53:56.5635176Z   path: TestResults/

2026-03-01T11:53:56.5635372Z   if-no-files-found: warn
2026-03-01T11:53:56.5635572Z   compression-level: 6
2026-03-01T11:53:56.5635757Z   overwrite: false
2026-03-01T11:53:56.5635937Z   include-hidden-files: false
2026-03-01T11:53:56.5636154Z env:
2026-03-01T11:53:56.5636317Z   DOTNET_ROOT: /usr/share/dotnet
2026-03-01T11:53:56.5636524Z   CC_FORK: false
2026-03-01T11:53:56.5636792Z   CC_TOKEN: ***
2026-03-01T11:53:56.5636963Z   CC_BRANCH: 
2026-03-01T11:53:56.5637167Z   CC_SHA: ad3e7951785e7bb302e01ddb17397e85fc6b101b
2026-03-01T11:53:56.5637426Z   CC_PR: 
2026-03-01T11:53:56.5637575Z ##[endgroup]
2026-03-01T11:53:56.7819591Z With the provided path, there will be 3 files uploaded
2026-03-01T11:53:56.7825011Z Artifact name is valid!
2026-03-01T11:53:56.7826132Z Root directory input is valid!
2026-03-01T11:53:57.0605647Z Beginning upload of artifact content to blob storage
2026-03-01T11:53:57.4761227Z Uploaded bytes 34454
2026-03-01T11:53:57.5612447Z Finished uploading artifact content to blob storage!
2026-03-01T11:53:57.5615865Z SHA256 digest of uploaded artifact zip is 1af6f3a5aa4d7d0244044cc49f21727a06d12b1ec261e60aebb12a119c8659a3
2026-03-01T11:53:57.5617314Z Finalizing artifact upload
2026-03-01T11:53:57.6996627Z Artifact test-reports.zip successfully finalized. Artifact ID 5709673317
2026-03-01T11:53:57.6998452Z Artifact test-reports has been successfully uploaded! Final size is 34454 bytes. Artifact ID is 5709673317
2026-03-01T11:53:57.7005500Z Artifact download URL: https://github.com/pkinerd/hpoll/actions/runs/22542825007/artifacts/5709673317
2026-03-01T11:53:57.7123697Z Post job cleanup.
2026-03-01T11:53:57.8688907Z Post job cleanup.
2026-03-01T11:53:57.9672802Z [command]/usr/bin/git version
2026-03-01T11:53:57.9717305Z git version 2.53.0
2026-03-01T11:53:57.9755500Z Copying '/home/runner/.gitconfig' to '/home/runner/work/_temp/5cb0816e-1b59-4f01-9a7a-7c568d56d085/.gitconfig'
2026-03-01T11:53:57.9765482Z Temporarily overriding HOME='/home/runner/work/_temp/5cb0816e-1b59-4f01-9a7a-7c568d56d085' before making global git config changes
2026-03-01T11:53:57.9766921Z Adding repository directory to the temporary git global config as a safe directory
2026-03-01T11:53:57.9771134Z [command]/usr/bin/git config --global --add safe.directory /home/runner/work/hpoll/hpoll
2026-03-01T11:53:57.9805843Z [command]/usr/bin/git config --local --name-only --get-regexp core\.sshCommand
2026-03-01T11:53:57.9838435Z [command]/usr/bin/git submodule foreach --recursive sh -c "git config --local --name-only --get-regexp 'core\.sshCommand' && git config --local --unset-all 'core.sshCommand' || :"
2026-03-01T11:53:58.0093644Z [command]/usr/bin/git config --local --name-only --get-regexp http\.https\:\/\/github\.com\/\.extraheader
2026-03-01T11:53:58.0115166Z http.https://github.com/.extraheader
2026-03-01T11:53:58.0129659Z [command]/usr/bin/git config --local --unset-all http.https://github.com/.extraheader
2026-03-01T11:53:58.0162492Z [command]/usr/bin/git submodule foreach --recursive sh -c "git config --local --name-only --get-regexp 'http\.https\:\/\/github\.com\/\.extraheader' && git config --local --unset-all 'http.https://github.com/.extraheader' || :"
2026-03-01T11:53:58.0498427Z Cleaning up orphan processes
2026-03-01T11:53:58.0817630Z Terminate orphan process: pid (2551) (dotnet)
2026-03-01T11:53:58.0837799Z Terminate orphan process: pid (2552) (dotnet)
2026-03-01T11:53:58.0867301Z Terminate orphan process: pid (2553) (dotnet)
2026-03-01T11:53:58.0902764Z Terminate orphan process: pid (2728) (VBCSCompiler)
