2026-03-01T10:43:44.0514355Z Current runner version: '2.331.0'
2026-03-01T10:43:44.0539563Z ##[group]Runner Image Provisioner
2026-03-01T10:43:44.0540454Z Hosted Compute Agent
2026-03-01T10:43:44.0541102Z Version: 20260213.493
2026-03-01T10:43:44.0541789Z Commit: 5c115507f6dd24b8de37d8bbe0bb4509d0cc0fa3
2026-03-01T10:43:44.0542525Z Build Date: 2026-02-13T00:28:41Z
2026-03-01T10:43:44.0543488Z Worker ID: {149ed7cf-2acc-4410-9c7d-89ba32a1ba43}
2026-03-01T10:43:44.0544260Z Azure Region: eastus2
2026-03-01T10:43:44.0544821Z ##[endgroup]
2026-03-01T10:43:44.0546350Z ##[group]Operating System
2026-03-01T10:43:44.0546992Z Ubuntu
2026-03-01T10:43:44.0547507Z 24.04.3
2026-03-01T10:43:44.0548113Z LTS
2026-03-01T10:43:44.0548590Z ##[endgroup]
2026-03-01T10:43:44.0549140Z ##[group]Runner Image
2026-03-01T10:43:44.0550185Z Image: ubuntu-24.04
2026-03-01T10:43:44.0550737Z Version: 20260224.36.1
2026-03-01T10:43:44.0552053Z Included Software: https://github.com/actions/runner-images/blob/ubuntu24/20260224.36/images/ubuntu/Ubuntu2404-Readme.md
2026-03-01T10:43:44.0553883Z Image Release: https://github.com/actions/runner-images/releases/tag/ubuntu24%2F20260224.36
2026-03-01T10:43:44.0554894Z ##[endgroup]
2026-03-01T10:43:44.0555946Z ##[group]GITHUB_TOKEN Permissions
2026-03-01T10:43:44.0558021Z Contents: read
2026-03-01T10:43:44.0558693Z Metadata: read
2026-03-01T10:43:44.0559245Z ##[endgroup]
2026-03-01T10:43:44.0561207Z Secret source: Actions
2026-03-01T10:43:44.0562316Z Prepare workflow directory
2026-03-01T10:43:44.0877576Z Prepare all required actions
2026-03-01T10:43:44.0914791Z Getting action download info
2026-03-01T10:43:44.4279043Z Download action repository 'actions/checkout@692973e3d937129bcbf40652eb9f2f61becf3332' (SHA:692973e3d937129bcbf40652eb9f2f61becf3332)
2026-03-01T10:43:44.5941838Z Download action repository 'actions/setup-dotnet@3e891b0cb619bf60e2c25674b222b8940e2c1c25' (SHA:3e891b0cb619bf60e2c25674b222b8940e2c1c25)
2026-03-01T10:43:44.9338346Z Download action repository 'codecov/codecov-action@18283e04ce6e62d37312384ff67231eb8fd56d24' (SHA:18283e04ce6e62d37312384ff67231eb8fd56d24)
2026-03-01T10:43:45.2529089Z Download action repository 'actions/upload-artifact@330a01c490aca151604b8cf639adc76d48f6c5d4' (SHA:330a01c490aca151604b8cf639adc76d48f6c5d4)
2026-03-01T10:43:45.5995450Z Getting action download info
2026-03-01T10:43:45.7111492Z Download action repository 'actions/github-script@v7' (SHA:f28e40c7f34bde8b3046d885e986cb6290c5673b)
2026-03-01T10:43:46.0084279Z Getting action download info
2026-03-01T10:43:46.1443462Z Complete job name: Build & Test
2026-03-01T10:43:46.2227725Z ##[group]Run actions/checkout@692973e3d937129bcbf40652eb9f2f61becf3332
2026-03-01T10:43:46.2228480Z with:
2026-03-01T10:43:46.2228733Z   repository: pkinerd/hpoll
2026-03-01T10:43:46.2229172Z   token: ***
2026-03-01T10:43:46.2229417Z   ssh-strict: true
2026-03-01T10:43:46.2229650Z   ssh-user: git
2026-03-01T10:43:46.2229899Z   persist-credentials: true
2026-03-01T10:43:46.2230165Z   clean: true
2026-03-01T10:43:46.2230424Z   sparse-checkout-cone-mode: true
2026-03-01T10:43:46.2230756Z   fetch-depth: 1
2026-03-01T10:43:46.2230996Z   fetch-tags: false
2026-03-01T10:43:46.2231242Z   show-progress: true
2026-03-01T10:43:46.2231489Z   lfs: false
2026-03-01T10:43:46.2231711Z   submodules: false
2026-03-01T10:43:46.2231955Z   set-safe-directory: true
2026-03-01T10:43:46.2232418Z ##[endgroup]
2026-03-01T10:43:46.3327329Z Syncing repository: pkinerd/hpoll
2026-03-01T10:43:46.3328748Z ##[group]Getting Git version info
2026-03-01T10:43:46.3329266Z Working directory is '/home/runner/work/hpoll/hpoll'
2026-03-01T10:43:46.3329872Z [command]/usr/bin/git version
2026-03-01T10:43:46.3417428Z git version 2.53.0
2026-03-01T10:43:46.3444355Z ##[endgroup]
2026-03-01T10:43:46.3468607Z Temporarily overriding HOME='/home/runner/work/_temp/b3ce7655-28b9-4d01-a5c7-ebd38d6507f5' before making global git config changes
2026-03-01T10:43:46.3469492Z Adding repository directory to the temporary git global config as a safe directory
2026-03-01T10:43:46.3474680Z [command]/usr/bin/git config --global --add safe.directory /home/runner/work/hpoll/hpoll
2026-03-01T10:43:46.3517305Z Deleting the contents of '/home/runner/work/hpoll/hpoll'
2026-03-01T10:43:46.3521328Z ##[group]Initializing the repository
2026-03-01T10:43:46.3525806Z [command]/usr/bin/git init /home/runner/work/hpoll/hpoll
2026-03-01T10:43:46.3644470Z hint: Using 'master' as the name for the initial branch. This default branch name
2026-03-01T10:43:46.3645841Z hint: will change to "main" in Git 3.0. To configure the initial branch name
2026-03-01T10:43:46.3646707Z hint: to use in all of your new repositories, which will suppress this warning,
2026-03-01T10:43:46.3647730Z hint: call:
2026-03-01T10:43:46.3648186Z hint:
2026-03-01T10:43:46.3648593Z hint: 	git config --global init.defaultBranch <name>
2026-03-01T10:43:46.3648966Z hint:
2026-03-01T10:43:46.3649512Z hint: Names commonly chosen instead of 'master' are 'main', 'trunk' and
2026-03-01T10:43:46.3650568Z hint: 'development'. The just-created branch can be renamed via this command:
2026-03-01T10:43:46.3651448Z hint:
2026-03-01T10:43:46.3651932Z hint: 	git branch -m <name>
2026-03-01T10:43:46.3652432Z hint:
2026-03-01T10:43:46.3653382Z hint: Disable this message with "git config set advice.defaultBranchName false"
2026-03-01T10:43:46.3654565Z Initialized empty Git repository in /home/runner/work/hpoll/hpoll/.git/
2026-03-01T10:43:46.3662162Z [command]/usr/bin/git remote add origin https://github.com/pkinerd/hpoll
2026-03-01T10:43:46.3700213Z ##[endgroup]
2026-03-01T10:43:46.3700994Z ##[group]Disabling automatic garbage collection
2026-03-01T10:43:46.3706098Z [command]/usr/bin/git config --local gc.auto 0
2026-03-01T10:43:46.3737509Z ##[endgroup]
2026-03-01T10:43:46.3738322Z ##[group]Setting up auth
2026-03-01T10:43:46.3746135Z [command]/usr/bin/git config --local --name-only --get-regexp core\.sshCommand
2026-03-01T10:43:46.3779916Z [command]/usr/bin/git submodule foreach --recursive sh -c "git config --local --name-only --get-regexp 'core\.sshCommand' && git config --local --unset-all 'core.sshCommand' || :"
2026-03-01T10:43:46.4160169Z [command]/usr/bin/git config --local --name-only --get-regexp http\.https\:\/\/github\.com\/\.extraheader
2026-03-01T10:43:46.4192680Z [command]/usr/bin/git submodule foreach --recursive sh -c "git config --local --name-only --get-regexp 'http\.https\:\/\/github\.com\/\.extraheader' && git config --local --unset-all 'http.https://github.com/.extraheader' || :"
2026-03-01T10:43:46.4428568Z [command]/usr/bin/git config --local http.https://github.com/.extraheader AUTHORIZATION: basic ***
2026-03-01T10:43:46.4465599Z ##[endgroup]
2026-03-01T10:43:46.4466369Z ##[group]Fetching the repository
2026-03-01T10:43:46.4474443Z [command]/usr/bin/git -c protocol.version=2 fetch --no-tags --prune --no-recurse-submodules --depth=1 origin +e62cd111752add694d69c5d88a4369eb038f1a80:refs/remotes/origin/claude/explore-devices-table-ga0Rs
2026-03-01T10:43:46.6786327Z From https://github.com/pkinerd/hpoll
2026-03-01T10:43:46.6787182Z  * [new ref]         e62cd111752add694d69c5d88a4369eb038f1a80 -> origin/claude/explore-devices-table-ga0Rs
2026-03-01T10:43:46.6818449Z ##[endgroup]
2026-03-01T10:43:46.6818913Z ##[group]Determining the checkout info
2026-03-01T10:43:46.6821009Z ##[endgroup]
2026-03-01T10:43:46.6826563Z [command]/usr/bin/git sparse-checkout disable
2026-03-01T10:43:46.6866769Z [command]/usr/bin/git config --local --unset-all extensions.worktreeConfig
2026-03-01T10:43:46.6894420Z ##[group]Checking out the ref
2026-03-01T10:43:46.6898722Z [command]/usr/bin/git checkout --progress --force -B claude/explore-devices-table-ga0Rs refs/remotes/origin/claude/explore-devices-table-ga0Rs
2026-03-01T10:43:46.7018857Z Switched to a new branch 'claude/explore-devices-table-ga0Rs'
2026-03-01T10:43:46.7022030Z branch 'claude/explore-devices-table-ga0Rs' set up to track 'origin/claude/explore-devices-table-ga0Rs'.
2026-03-01T10:43:46.7027940Z ##[endgroup]
2026-03-01T10:43:46.7062499Z [command]/usr/bin/git log -1 --format='%H'
2026-03-01T10:43:46.7085309Z 'e62cd111752add694d69c5d88a4369eb038f1a80'
2026-03-01T10:43:46.7284567Z ##[group]Run actions/setup-dotnet@3e891b0cb619bf60e2c25674b222b8940e2c1c25
2026-03-01T10:43:46.7285040Z with:
2026-03-01T10:43:46.7285288Z   dotnet-version: 8.0.x
2026-03-01T10:43:46.7285549Z   cache: false
2026-03-01T10:43:46.7285781Z ##[endgroup]
2026-03-01T10:43:46.9012174Z [command]/home/runner/work/_actions/actions/setup-dotnet/3e891b0cb619bf60e2c25674b222b8940e2c1c25/externals/install-dotnet.sh --skip-non-versioned-files --runtime dotnet --channel LTS
2026-03-01T10:43:47.1131260Z dotnet-install: Attempting to download using aka.ms link https://builds.dotnet.microsoft.com/dotnet/Runtime/10.0.3/dotnet-runtime-10.0.3-linux-x64.tar.gz
2026-03-01T10:43:47.4260793Z dotnet-install: Remote file https://builds.dotnet.microsoft.com/dotnet/Runtime/10.0.3/dotnet-runtime-10.0.3-linux-x64.tar.gz size is 36636310 bytes.
2026-03-01T10:43:47.4263803Z dotnet-install: Extracting archive from https://builds.dotnet.microsoft.com/dotnet/Runtime/10.0.3/dotnet-runtime-10.0.3-linux-x64.tar.gz
2026-03-01T10:43:48.1039333Z dotnet-install: Downloaded file size is 36636310 bytes.
2026-03-01T10:43:48.1040280Z dotnet-install: The remote and local file sizes are equal.
2026-03-01T10:43:48.1377027Z dotnet-install: Installed version is 10.0.3
2026-03-01T10:43:48.1440272Z dotnet-install: Adding to current process PATH: `/usr/share/dotnet`. Note: This change will be visible only when sourcing script.
2026-03-01T10:43:48.1441599Z dotnet-install: Note that the script does not resolve dependencies during installation.
2026-03-01T10:43:48.1454922Z dotnet-install: To check the list of dependencies, go to https://learn.microsoft.com/dotnet/core/install, select your operating system and check the "Dependencies" section.
2026-03-01T10:43:48.1456234Z dotnet-install: Installation finished successfully.
2026-03-01T10:43:48.1478781Z [command]/home/runner/work/_actions/actions/setup-dotnet/3e891b0cb619bf60e2c25674b222b8940e2c1c25/externals/install-dotnet.sh --skip-non-versioned-files --channel 8.0
2026-03-01T10:43:48.3995432Z dotnet-install: .NET Core SDK with version '8.0.418' is already installed.
2026-03-01T10:43:48.4139761Z ##[group]Run dotnet restore
2026-03-01T10:43:48.4140100Z [36;1mdotnet restore[0m
2026-03-01T10:43:48.4192867Z shell: /usr/bin/bash -e {0}
2026-03-01T10:43:48.4193411Z env:
2026-03-01T10:43:48.4193606Z   DOTNET_ROOT: /usr/share/dotnet
2026-03-01T10:43:48.4193863Z ##[endgroup]
2026-03-01T10:43:50.8062846Z   Determining projects to restore...
2026-03-01T10:43:55.7450793Z   Restored /home/runner/work/hpoll/hpoll/src/Hpoll.Admin/Hpoll.Admin.csproj (in 3.69 sec).
2026-03-01T10:43:55.7474031Z   Restored /home/runner/work/hpoll/hpoll/src/Hpoll.Core/Hpoll.Core.csproj (in 3.69 sec).
2026-03-01T10:43:56.2885871Z   Restored /home/runner/work/hpoll/hpoll/src/Hpoll.Email/Hpoll.Email.csproj (in 499 ms).
2026-03-01T10:43:57.2637643Z   Restored /home/runner/work/hpoll/hpoll/tests/Hpoll.Admin.Tests/Hpoll.Admin.Tests.csproj (in 891 ms).
2026-03-01T10:43:57.2815160Z   Restored /home/runner/work/hpoll/hpoll/tests/Hpoll.Core.Tests/Hpoll.Core.Tests.csproj (in 5.45 sec).
2026-03-01T10:43:57.3426014Z   Restored /home/runner/work/hpoll/hpoll/tests/Hpoll.Worker.Tests/Hpoll.Worker.Tests.csproj (in 5.45 sec).
2026-03-01T10:43:57.6239895Z   Restored /home/runner/work/hpoll/hpoll/src/Hpoll.Data/Hpoll.Data.csproj (in 1.86 sec).
2026-03-01T10:43:57.6252134Z   Restored /home/runner/work/hpoll/hpoll/src/Hpoll.Worker/Hpoll.Worker.csproj (in 351 ms).
2026-03-01T10:43:57.6726379Z ##[group]Run dotnet build --no-restore -c Release
2026-03-01T10:43:57.6726786Z [36;1mdotnet build --no-restore -c Release[0m
2026-03-01T10:43:57.6777784Z shell: /usr/bin/bash -e {0}
2026-03-01T10:43:57.6778033Z env:
2026-03-01T10:43:57.6778220Z   DOTNET_ROOT: /usr/share/dotnet
2026-03-01T10:43:57.6778489Z ##[endgroup]
2026-03-01T10:44:04.0009352Z   Hpoll.Core -> /home/runner/work/hpoll/hpoll/src/Hpoll.Core/bin/Release/net8.0/Hpoll.Core.dll
2026-03-01T10:44:05.0463804Z   Hpoll.Data -> /home/runner/work/hpoll/hpoll/src/Hpoll.Data/bin/Release/net8.0/Hpoll.Data.dll
2026-03-01T10:44:09.1279437Z   Hpoll.Email -> /home/runner/work/hpoll/hpoll/src/Hpoll.Email/bin/Release/net8.0/Hpoll.Email.dll
2026-03-01T10:44:09.3007739Z   Hpoll.Admin -> /home/runner/work/hpoll/hpoll/src/Hpoll.Admin/bin/Release/net8.0/Hpoll.Admin.dll
2026-03-01T10:44:10.3011009Z   Hpoll.Core.Tests -> /home/runner/work/hpoll/hpoll/tests/Hpoll.Core.Tests/bin/Release/net8.0/Hpoll.Core.Tests.dll
2026-03-01T10:44:10.3554866Z   Hpoll.Worker -> /home/runner/work/hpoll/hpoll/src/Hpoll.Worker/bin/Release/net8.0/Hpoll.Worker.dll
2026-03-01T10:44:11.5295499Z   Hpoll.Worker.Tests -> /home/runner/work/hpoll/hpoll/tests/Hpoll.Worker.Tests/bin/Release/net8.0/Hpoll.Worker.Tests.dll
2026-03-01T10:44:11.8967197Z   Hpoll.Admin.Tests -> /home/runner/work/hpoll/hpoll/tests/Hpoll.Admin.Tests/bin/Release/net8.0/Hpoll.Admin.Tests.dll
2026-03-01T10:44:11.9148723Z 
2026-03-01T10:44:11.9158374Z Build succeeded.
2026-03-01T10:44:11.9159153Z     0 Warning(s)
2026-03-01T10:44:11.9160919Z     0 Error(s)
2026-03-01T10:44:11.9161127Z 
2026-03-01T10:44:11.9161461Z Time Elapsed 00:00:13.98
2026-03-01T10:44:11.9437208Z ##[group]Run dotnet test --no-build -c Release \
2026-03-01T10:44:11.9437591Z [36;1mdotnet test --no-build -c Release \[0m
2026-03-01T10:44:11.9437910Z [36;1m  --settings coverlet.runsettings \[0m
2026-03-01T10:44:11.9438197Z [36;1m  --collect:"XPlat Code Coverage" \[0m
2026-03-01T10:44:11.9438562Z [36;1m  --logger "junit;LogFilePath=TestResults/{assembly}.junit.xml" \[0m
2026-03-01T10:44:11.9438951Z [36;1m  --results-directory TestResults[0m
2026-03-01T10:44:11.9487623Z shell: /usr/bin/bash -e {0}
2026-03-01T10:44:11.9487868Z env:
2026-03-01T10:44:11.9488047Z   DOTNET_ROOT: /usr/share/dotnet
2026-03-01T10:44:11.9488278Z ##[endgroup]
2026-03-01T10:44:13.1377771Z Test run for /home/runner/work/hpoll/hpoll/tests/Hpoll.Core.Tests/bin/Release/net8.0/Hpoll.Core.Tests.dll (.NETCoreApp,Version=v8.0)
2026-03-01T10:44:13.2578543Z Test run for /home/runner/work/hpoll/hpoll/tests/Hpoll.Worker.Tests/bin/Release/net8.0/Hpoll.Worker.Tests.dll (.NETCoreApp,Version=v8.0)
2026-03-01T10:44:13.2816068Z Test run for /home/runner/work/hpoll/hpoll/tests/Hpoll.Admin.Tests/bin/Release/net8.0/Hpoll.Admin.Tests.dll (.NETCoreApp,Version=v8.0)
2026-03-01T10:44:13.3326761Z VSTest version 18.0.1 (x64)
2026-03-01T10:44:13.3357296Z 
2026-03-01T10:44:13.3370478Z VSTest version 18.0.1 (x64)VSTest version 18.0.1 (x64)
2026-03-01T10:44:13.3374149Z 
2026-03-01T10:44:13.3411454Z 
2026-03-01T10:44:13.3413564Z 
2026-03-01T10:44:13.7874900Z Starting test execution, please wait...Starting test execution, please wait...
2026-03-01T10:44:13.7893463Z 
2026-03-01T10:44:13.7893865Z Starting test execution, please wait...
2026-03-01T10:44:13.8597268Z A total of 1 test files matched the specified pattern.
2026-03-01T10:44:13.8606948Z A total of 1 test files matched the specified pattern.
2026-03-01T10:44:13.8643918Z A total of 1 test files matched the specified pattern.
2026-03-01T10:44:21.1988531Z Results File: TestResults/Hpoll.Core.Tests.junit.xml
2026-03-01T10:44:21.1999719Z 
2026-03-01T10:44:21.2050580Z Passed!  - Failed:     0, Passed:    79, Skipped:     0, Total:    79, Duration: 1 s - Hpoll.Core.Tests.dll (net8.0)
2026-03-01T10:44:23.3747106Z Results File: TestResults/Hpoll.Admin.Tests.junit.xml
2026-03-01T10:44:23.3749645Z 
2026-03-01T10:44:23.3790120Z Passed!  - Failed:     0, Passed:    55, Skipped:     0, Total:    55, Duration: 1 s - Hpoll.Admin.Tests.dll (net8.0)
2026-03-01T10:45:08.9632887Z Results File: TestResults/Hpoll.Worker.Tests.junit.xml
2026-03-01T10:45:08.9635635Z 
2026-03-01T10:45:08.9673287Z Passed!  - Failed:     0, Passed:    50, Skipped:     0, Total:    50, Duration: 49 s - Hpoll.Worker.Tests.dll (net8.0)
2026-03-01T10:45:09.1693815Z 
2026-03-01T10:45:09.1699068Z Attachments:
2026-03-01T10:45:09.1701441Z   /home/runner/work/hpoll/hpoll/TestResults/438c617d-04a8-415d-9c04-ab67ef4aaebb/coverage.cobertura.xml
2026-03-01T10:45:09.1702385Z   /home/runner/work/hpoll/hpoll/TestResults/95433ae0-9c40-4e31-a311-e4148184a1bc/coverage.cobertura.xml
2026-03-01T10:45:09.1703692Z   /home/runner/work/hpoll/hpoll/TestResults/c02a3cf1-3c1e-4395-8095-bce3de0b31fb/coverage.cobertura.xml
2026-03-01T10:45:09.2579198Z ##[group]Run codecov/codecov-action@18283e04ce6e62d37312384ff67231eb8fd56d24
2026-03-01T10:45:09.2579604Z with:
2026-03-01T10:45:09.2579925Z   token: ***
2026-03-01T10:45:09.2580103Z   directory: TestResults
2026-03-01T10:45:09.2580311Z   fail_ci_if_error: false
2026-03-01T10:45:09.2580526Z   disable_file_fixes: false
2026-03-01T10:45:09.2580734Z   disable_search: false
2026-03-01T10:45:09.2580932Z   disable_safe_directory: false
2026-03-01T10:45:09.2581152Z   disable_telem: false
2026-03-01T10:45:09.2581339Z   dry_run: false
2026-03-01T10:45:09.2581516Z   git_service: github
2026-03-01T10:45:09.2581709Z   gcov_executable: gcov
2026-03-01T10:45:09.2581907Z   handle_no_reports_found: false
2026-03-01T10:45:09.2582139Z   recurse_submodules: false
2026-03-01T10:45:09.2582370Z   run_command: upload-coverage
2026-03-01T10:45:09.2582597Z   skip_validation: false
2026-03-01T10:45:09.2582820Z   use_legacy_upload_endpoint: false
2026-03-01T10:45:09.2583276Z   use_oidc: false
2026-03-01T10:45:09.2583489Z   use_pypi: false
2026-03-01T10:45:09.2583654Z   verbose: false
2026-03-01T10:45:09.2583826Z   version: latest
2026-03-01T10:45:09.2583992Z env:
2026-03-01T10:45:09.2584157Z   DOTNET_ROOT: /usr/share/dotnet
2026-03-01T10:45:09.2584379Z ##[endgroup]
2026-03-01T10:45:09.2658656Z ##[group]Run CC_ACTION_VERSION=$(cat ${GITHUB_ACTION_PATH}/src/version)
2026-03-01T10:45:09.2659109Z [36;1mCC_ACTION_VERSION=$(cat ${GITHUB_ACTION_PATH}/src/version)[0m
2026-03-01T10:45:09.2659557Z [36;1mecho -e "\033[0;32m==>\033[0m Running Action version $CC_ACTION_VERSION"[0m
2026-03-01T10:45:09.2709339Z shell: /usr/bin/bash --noprofile --norc -e -o pipefail {0}
2026-03-01T10:45:09.2709659Z env:
2026-03-01T10:45:09.2709834Z   DOTNET_ROOT: /usr/share/dotnet
2026-03-01T10:45:09.2710067Z ##[endgroup]
2026-03-01T10:45:09.2796319Z [0;32m==>[0m Running Action version 5.4.3
2026-03-01T10:45:09.2851506Z ##[group]Run git config --global --add safe.directory "/home/runner/work/hpoll/hpoll"
2026-03-01T10:45:09.2852097Z [36;1mgit config --global --add safe.directory "/home/runner/work/hpoll/hpoll"[0m
2026-03-01T10:45:09.2852565Z [36;1mgit config --global --add safe.directory "$GITHUB_WORKSPACE"[0m
2026-03-01T10:45:09.2899554Z shell: /usr/bin/bash --noprofile --norc -e -o pipefail {0}
2026-03-01T10:45:09.2899874Z env:
2026-03-01T10:45:09.2900059Z   DOTNET_ROOT: /usr/share/dotnet
2026-03-01T10:45:09.2900288Z ##[endgroup]
2026-03-01T10:45:09.3047125Z ##[group]Run CC_FORK="false"
2026-03-01T10:45:09.3047554Z [36;1mCC_FORK="false"[0m
2026-03-01T10:45:09.3048473Z [36;1mif [ -n "$GITHUB_EVENT_PULL_REQUEST_HEAD_REPO_FULL_NAME" ] && [ "$GITHUB_EVENT_PULL_REQUEST_HEAD_REPO_FULL_NAME" != "$GITHUB_REPOSITORY" ];[0m
2026-03-01T10:45:09.3049467Z [36;1mthen[0m
2026-03-01T10:45:09.3049848Z [36;1m  echo -e "\033[0;32m==>\033[0m Fork detected"[0m
2026-03-01T10:45:09.3050332Z [36;1m  CC_FORK="true"[0m
2026-03-01T10:45:09.3050680Z [36;1mfi[0m
2026-03-01T10:45:09.3051027Z [36;1mecho "CC_FORK=$CC_FORK" >> "$GITHUB_ENV"[0m
2026-03-01T10:45:09.3100427Z shell: /usr/bin/bash --noprofile --norc -e -o pipefail {0}
2026-03-01T10:45:09.3100750Z env:
2026-03-01T10:45:09.3100932Z   DOTNET_ROOT: /usr/share/dotnet
2026-03-01T10:45:09.3101174Z   GITHUB_EVENT_PULL_REQUEST_HEAD_LABEL: 
2026-03-01T10:45:09.3101457Z   GITHUB_EVENT_PULL_REQUEST_HEAD_REPO_FULL_NAME: 
2026-03-01T10:45:09.3101744Z   GITHUB_REPOSITORY: pkinerd/hpoll
2026-03-01T10:45:09.3101973Z ##[endgroup]
2026-03-01T10:45:09.3230697Z ##[group]Run actions/github-script@v7
2026-03-01T10:45:09.3230941Z with:
2026-03-01T10:45:09.3231498Z   script: if (process.env.CC_USE_OIDC === 'true' && process.env.CC_FORK != 'true') {
  const id_token = await core.getIDToken(process.env.CC_OIDC_AUDIENCE)
  return id_token
}

2026-03-01T10:45:09.3232270Z   github-token: ***
2026-03-01T10:45:09.3232465Z   debug: false
2026-03-01T10:45:09.3232653Z   user-agent: actions/github-script
2026-03-01T10:45:09.3233329Z   result-encoding: json
2026-03-01T10:45:09.3233713Z   retries: 0
2026-03-01T10:45:09.3234290Z   retry-exempt-status-codes: 400,401,403,404,422
2026-03-01T10:45:09.3234588Z env:
2026-03-01T10:45:09.3234765Z   DOTNET_ROOT: /usr/share/dotnet
2026-03-01T10:45:09.3234982Z   CC_FORK: false
2026-03-01T10:45:09.3235192Z   CC_OIDC_AUDIENCE: https://codecov.io
2026-03-01T10:45:09.3235436Z   CC_USE_OIDC: false
2026-03-01T10:45:09.3235626Z ##[endgroup]
2026-03-01T10:45:09.4200505Z ##[group]Run if [ "false" == 'true' ] && [ "$CC_FORK" != 'true' ];
2026-03-01T10:45:09.4200922Z [36;1mif [ "false" == 'true' ] && [ "$CC_FORK" != 'true' ];[0m
2026-03-01T10:45:09.4201214Z [36;1mthen[0m
2026-03-01T10:45:09.4201439Z [36;1m  echo "CC_TOKEN=$CC_OIDC_TOKEN" >> "$GITHUB_ENV"[0m
2026-03-01T10:45:09.4201734Z [36;1melif [ -n "" ];[0m
2026-03-01T10:45:09.4201928Z [36;1mthen[0m
2026-03-01T10:45:09.4202160Z [36;1m  echo -e "\033[0;32m==>\033[0m Token set from env"[0m
2026-03-01T10:45:09.4202515Z [36;1m    echo "CC_TOKEN=" >> "$GITHUB_ENV"[0m
2026-03-01T10:45:09.4202776Z [36;1melse[0m
2026-03-01T10:45:09.4203415Z [36;1m  if [ -n "***" ];[0m
2026-03-01T10:45:09.4203649Z [36;1m  then[0m
2026-03-01T10:45:09.4203885Z [36;1m    echo -e "\033[0;32m==>\033[0m Token set from input"[0m
2026-03-01T10:45:09.4204305Z [36;1m    CC_TOKEN=$(echo "***" | tr -d '\n')[0m
2026-03-01T10:45:09.4204611Z [36;1m    echo "CC_TOKEN=$CC_TOKEN" >> "$GITHUB_ENV"[0m
2026-03-01T10:45:09.4204885Z [36;1m  fi[0m
2026-03-01T10:45:09.4205056Z [36;1mfi[0m
2026-03-01T10:45:09.4253363Z shell: /usr/bin/bash --noprofile --norc -e -o pipefail {0}
2026-03-01T10:45:09.4253682Z env:
2026-03-01T10:45:09.4253857Z   DOTNET_ROOT: /usr/share/dotnet
2026-03-01T10:45:09.4254084Z   CC_FORK: false
2026-03-01T10:45:09.4254255Z   CC_OIDC_TOKEN: 
2026-03-01T10:45:09.4254465Z   CC_OIDC_AUDIENCE: https://codecov.io
2026-03-01T10:45:09.4254714Z ##[endgroup]
2026-03-01T10:45:09.4322582Z [0;32m==>[0m Token set from input
2026-03-01T10:45:09.4361792Z ##[group]Run if [ -z "$CC_BRANCH" ] && [ -z "$CC_TOKEN" ] && [ "$CC_FORK" == 'true' ]
2026-03-01T10:45:09.4362299Z [36;1mif [ -z "$CC_BRANCH" ] && [ -z "$CC_TOKEN" ] && [ "$CC_FORK" == 'true' ][0m
2026-03-01T10:45:09.4362634Z [36;1mthen[0m
2026-03-01T10:45:09.4363007Z [36;1m  echo -e "\033[0;32m==>\033[0m Fork detected, setting branch to $GITHUB_EVENT_PULL_REQUEST_HEAD_LABEL"[0m
2026-03-01T10:45:09.4363736Z [36;1m  TOKENLESS="$GITHUB_EVENT_PULL_REQUEST_HEAD_LABEL"[0m
2026-03-01T10:45:09.4364086Z [36;1m  CC_BRANCH="$GITHUB_EVENT_PULL_REQUEST_HEAD_LABEL"[0m
2026-03-01T10:45:09.4364407Z [36;1m  echo "TOKENLESS=$TOKENLESS" >> "$GITHUB_ENV"[0m
2026-03-01T10:45:09.4364680Z [36;1mfi[0m
2026-03-01T10:45:09.4364841Z [36;1m[0m
2026-03-01T10:45:09.4365043Z [36;1mecho "CC_BRANCH=$CC_BRANCH" >> "$GITHUB_ENV"[0m
2026-03-01T10:45:09.4409311Z shell: /usr/bin/bash --noprofile --norc -e -o pipefail {0}
2026-03-01T10:45:09.4409633Z env:
2026-03-01T10:45:09.4409812Z   DOTNET_ROOT: /usr/share/dotnet
2026-03-01T10:45:09.4410048Z   CC_FORK: false
2026-03-01T10:45:09.4410336Z   CC_TOKEN: ***
2026-03-01T10:45:09.4410508Z   CC_BRANCH: 
2026-03-01T10:45:09.4410705Z   GITHUB_EVENT_PULL_REQUEST_HEAD_LABEL: 
2026-03-01T10:45:09.4410989Z   GITHUB_EVENT_PULL_REQUEST_HEAD_REPO_FULL_NAME: 
2026-03-01T10:45:09.4411267Z   GITHUB_REPOSITORY: pkinerd/hpoll
2026-03-01T10:45:09.4411500Z ##[endgroup]
2026-03-01T10:45:09.4501215Z ##[group]Run if [ -z "$CC_SHA" ];
2026-03-01T10:45:09.4501521Z [36;1mif [ -z "$CC_SHA" ];[0m
2026-03-01T10:45:09.4501745Z [36;1mthen[0m
2026-03-01T10:45:09.4501972Z [36;1m  CC_SHA="$GITHUB_EVENT_PULL_REQUEST_HEAD_SHA"[0m
2026-03-01T10:45:09.4502254Z [36;1mfi[0m
2026-03-01T10:45:09.4502524Z [36;1mif [ -z "$CC_PR" ] && [ "${GITHUB_EVENT_NAME}" == "pull_request_target" ];[0m
2026-03-01T10:45:09.4502869Z [36;1mthen[0m
2026-03-01T10:45:09.4503339Z [36;1m  CC_PR="$GITHUB_EVENT_NUMBER"[0m
2026-03-01T10:45:09.4503589Z [36;1mfi[0m
2026-03-01T10:45:09.4503755Z [36;1m[0m
2026-03-01T10:45:09.4503954Z [36;1mecho "CC_SHA=$CC_SHA" >> "$GITHUB_ENV"[0m
2026-03-01T10:45:09.4504427Z [36;1mecho "CC_PR=$CC_PR" >> "$GITHUB_ENV"[0m
2026-03-01T10:45:09.4548857Z shell: /usr/bin/bash --noprofile --norc -e -o pipefail {0}
2026-03-01T10:45:09.4549194Z env:
2026-03-01T10:45:09.4549378Z   DOTNET_ROOT: /usr/share/dotnet
2026-03-01T10:45:09.4549611Z   CC_FORK: false
2026-03-01T10:45:09.4549919Z   CC_TOKEN: ***
2026-03-01T10:45:09.4550095Z   CC_BRANCH: 
2026-03-01T10:45:09.4550267Z   CC_PR: 
2026-03-01T10:45:09.4550424Z   CC_SHA: 
2026-03-01T10:45:09.4550601Z   GITHUB_EVENT_NAME: push
2026-03-01T10:45:09.4550818Z   GITHUB_EVENT_NUMBER: 
2026-03-01T10:45:09.4551032Z   GITHUB_EVENT_PULL_REQUEST_HEAD_SHA: 
2026-03-01T10:45:09.4551278Z ##[endgroup]
2026-03-01T10:45:09.4645450Z ##[group]Run ${GITHUB_ACTION_PATH}/dist/codecov.sh
2026-03-01T10:45:09.4645815Z [36;1m${GITHUB_ACTION_PATH}/dist/codecov.sh[0m
2026-03-01T10:45:09.4689964Z shell: /usr/bin/bash --noprofile --norc -e -o pipefail {0}
2026-03-01T10:45:09.4690281Z env:
2026-03-01T10:45:09.4690474Z   DOTNET_ROOT: /usr/share/dotnet
2026-03-01T10:45:09.4690705Z   CC_FORK: false
2026-03-01T10:45:09.4691025Z   CC_TOKEN: ***
2026-03-01T10:45:09.4691197Z   CC_BRANCH: 
2026-03-01T10:45:09.4691359Z   CC_SHA: 
2026-03-01T10:45:09.4691510Z   CC_PR: 
2026-03-01T10:45:09.4691658Z   CC_BASE_SHA: 
2026-03-01T10:45:09.4691822Z   CC_BINARY: 
2026-03-01T10:45:09.4691975Z   CC_BUILD: 
2026-03-01T10:45:09.4692131Z   CC_BUILD_URL: 
2026-03-01T10:45:09.4692296Z   CC_CODE: 
2026-03-01T10:45:09.4692452Z   CC_DIR: TestResults
2026-03-01T10:45:09.4692649Z   CC_DISABLE_FILE_FIXES: false
2026-03-01T10:45:09.4692862Z   CC_DISABLE_SEARCH: false
2026-03-01T10:45:09.4693308Z   CC_DISABLE_TELEM: false
2026-03-01T10:45:09.4693513Z   CC_DRY_RUN: false
2026-03-01T10:45:09.4693689Z   CC_ENTERPRISE_URL: 
2026-03-01T10:45:09.4693879Z   CC_ENV: 
2026-03-01T10:45:09.4694031Z   CC_EXCLUDES: 
2026-03-01T10:45:09.4694206Z   CC_FAIL_ON_ERROR: false
2026-03-01T10:45:09.4694398Z   CC_FILES: 
2026-03-01T10:45:09.4694551Z   CC_FLAGS: 
2026-03-01T10:45:09.4694714Z   CC_FORCE: 
2026-03-01T10:45:09.4694866Z   CC_GCOV_ARGS: 
2026-03-01T10:45:09.4695051Z   CC_GCOV_EXECUTABLE: gcov
2026-03-01T10:45:09.4695249Z   CC_GCOV_IGNORE: 
2026-03-01T10:45:09.4695418Z   CC_GCOV_INCLUDE: 
2026-03-01T10:45:09.4695596Z   CC_GIT_SERVICE: github
2026-03-01T10:45:09.4695805Z   CC_HANDLE_NO_REPORTS_FOUND: false
2026-03-01T10:45:09.4696027Z   CC_JOB_CODE: 
2026-03-01T10:45:09.4696195Z   CC_LEGACY: false
2026-03-01T10:45:09.4696358Z   CC_NAME: 
2026-03-01T10:45:09.4696517Z   CC_NETWORK_FILTER: 
2026-03-01T10:45:09.4696702Z   CC_NETWORK_PREFIX: 
2026-03-01T10:45:09.4696881Z   CC_NETWORK_ROOT_FOLDER: 
2026-03-01T10:45:09.4697073Z   CC_OS: 
2026-03-01T10:45:09.4697222Z   CC_PARENT_SHA: 
2026-03-01T10:45:09.4697391Z   CC_PLUGINS: 
2026-03-01T10:45:09.4697570Z   CC_RECURSE_SUBMODULES: false
2026-03-01T10:45:09.4697777Z   CC_REPORT_TYPE: 
2026-03-01T10:45:09.4697960Z   CC_RUN_CMD: upload-coverage
2026-03-01T10:45:09.4698167Z   CC_SERVICE: github
2026-03-01T10:45:09.4698365Z   CC_SKIP_VALIDATION: false
2026-03-01T10:45:09.4698562Z   CC_SLUG: 
2026-03-01T10:45:09.4698723Z   CC_SWIFT_PROJECT: 
2026-03-01T10:45:09.4698909Z   CC_USE_PYPI: false
2026-03-01T10:45:09.4699081Z   CC_VERBOSE: false
2026-03-01T10:45:09.4699258Z   CC_VERSION: latest
2026-03-01T10:45:09.4699465Z   CC_YML_PATH: 
2026-03-01T10:45:09.4699671Z ##[endgroup]
2026-03-01T10:45:09.4791398Z      _____          _
2026-03-01T10:45:09.4791769Z     / ____|        | |
2026-03-01T10:45:09.4792111Z    | |     ___   __| | ___  ___ _____   __
2026-03-01T10:45:09.4792507Z    | |    / _ \ / _` |/ _ \/ __/ _ \ \ / /
2026-03-01T10:45:09.4792750Z    | |___| (_) | (_| |  __/ (_| (_) \ V /
2026-03-01T10:45:09.4792991Z     \_____\___/ \__,_|\___|\___\___/ \_/
2026-03-01T10:45:09.4793677Z                            [0;31m Wrapper-0.2.1[0m
2026-03-01T10:45:09.4793953Z                                   
2026-03-01T10:45:09.4851335Z [0;32m==>[0m Detected [0;36mlinux[0m
2026-03-01T10:45:09.4851900Z [0;32m ->[0m Downloading [0;36mhttps://cli.codecov.io/latest/linux/codecov[0m
2026-03-01T10:45:09.4906556Z   % Total    % Received % Xferd  Average Speed   Time    Time     Time  Current
2026-03-01T10:45:09.4907446Z                                  Dload  Upload   Total   Spent    Left  Speed
2026-03-01T10:45:09.4908091Z 
2026-03-01T10:45:09.7002307Z   0     0    0     0    0     0      0      0 --:--:-- --:--:-- --:--:--     0
2026-03-01T10:45:09.7003292Z 100 10.6M  100 10.6M    0     0  50.7M      0 --:--:-- --:--:-- --:--:-- 50.9M
2026-03-01T10:45:09.7034149Z [0;32m==>[0m Finishing downloading [0;36mlinux:latest[0m
2026-03-01T10:45:09.7623721Z       Version: [0;36mv11.2.6[0m
2026-03-01T10:45:09.7624248Z  
2026-03-01T10:45:10.0568146Z gpg: directory '/home/runner/.gnupg' created
2026-03-01T10:45:10.0572574Z gpg: keybox '/home/runner/.gnupg/pubring.kbx' created
2026-03-01T10:45:10.0793888Z gpg: /home/runner/.gnupg/trustdb.gpg: trustdb created
2026-03-01T10:45:10.0795370Z gpg: key 806BB28AED779869: public key "Codecov Uploader (Codecov Uploader Verification Key) <security@codecov.io>" imported
2026-03-01T10:45:10.1207469Z gpg: Total number processed: 1
2026-03-01T10:45:10.1207939Z gpg:               imported: 1
2026-03-01T10:45:10.1214137Z [0;32m==>[0m Verifying GPG signature integrity
2026-03-01T10:45:10.1215258Z [0;32m ->[0m Downloading [0;36mhttps://cli.codecov.io/latest/linux/codecov.SHA256SUM[0m
2026-03-01T10:45:10.1217277Z [0;32m ->[0m Downloading [0;36mhttps://cli.codecov.io/latest/linux/codecov.SHA256SUM.sig[0m
2026-03-01T10:45:10.1217758Z  
2026-03-01T10:45:10.2371682Z gpg: Signature made Fri Dec  5 15:31:48 2025 UTC
2026-03-01T10:45:10.2372166Z gpg:                using RSA key 27034E7FDB850E0BBC2C62FF806BB28AED779869
2026-03-01T10:45:10.2374961Z gpg: Good signature from "Codecov Uploader (Codecov Uploader Verification Key) <security@codecov.io>" [unknown]
2026-03-01T10:45:10.2375601Z gpg: WARNING: This key is not certified with a trusted signature!
2026-03-01T10:45:10.2376062Z gpg:          There is no indication that the signature belongs to the owner.
2026-03-01T10:45:10.2376583Z Primary key fingerprint: 2703 4E7F DB85 0E0B BC2C  62FF 806B B28A ED77 9869
2026-03-01T10:45:10.3184202Z codecov: OK
2026-03-01T10:45:10.3195367Z [0;32m==>[0m CLI integrity verified
2026-03-01T10:45:10.3195653Z 
2026-03-01T10:45:10.3280945Z [0;32m ->[0m Token of length 36 detected
2026-03-01T10:45:10.3883452Z [0;32m==>[0m Running upload-coverage
2026-03-01T10:45:10.3892866Z       [0;36m./codecov  upload-coverage -t <redacted> --git-service github --dir TestResults --gcov-executable gcov[0m
2026-03-01T10:45:10.7472739Z info - 2026-03-01 10:45:10,746 -- ci service found: github-actions
2026-03-01T10:45:10.7927122Z warning - 2026-03-01 10:45:10,792 -- xcrun is not installed or can't be found.
2026-03-01T10:45:10.7937015Z warning - 2026-03-01 10:45:10,793 -- No gcov data found.
2026-03-01T10:45:10.7940603Z warning - 2026-03-01 10:45:10,793 -- coverage.py is not installed or can't be found.
2026-03-01T10:45:10.8114035Z info - 2026-03-01 10:45:10,811 -- Found 3 coverage files to report
2026-03-01T10:45:10.8115513Z info - 2026-03-01 10:45:10,811 -- > TestResults/438c617d-04a8-415d-9c04-ab67ef4aaebb/coverage.cobertura.xml
2026-03-01T10:45:10.8116775Z info - 2026-03-01 10:45:10,811 -- > TestResults/95433ae0-9c40-4e31-a311-e4148184a1bc/coverage.cobertura.xml
2026-03-01T10:45:10.8118019Z info - 2026-03-01 10:45:10,811 -- > TestResults/c02a3cf1-3c1e-4395-8095-bce3de0b31fb/coverage.cobertura.xml
2026-03-01T10:45:11.3022365Z info - 2026-03-01 10:45:11,301 -- Your upload is now processing. When finished, results will be available at: https://app.codecov.io/github/pkinerd/hpoll/commit/e62cd111752add694d69c5d88a4369eb038f1a80
2026-03-01T10:45:11.4036189Z info - 2026-03-01 10:45:11,403 -- Process Upload complete
2026-03-01T10:45:11.5580912Z ##[group]Run codecov/codecov-action@18283e04ce6e62d37312384ff67231eb8fd56d24
2026-03-01T10:45:11.5581302Z with:
2026-03-01T10:45:11.5581744Z   token: ***
2026-03-01T10:45:11.5581939Z   files: TestResults/*.junit.xml
2026-03-01T10:45:11.5582354Z   report_type: test_results
2026-03-01T10:45:11.5582564Z   fail_ci_if_error: false
2026-03-01T10:45:11.5582767Z   disable_file_fixes: false
2026-03-01T10:45:11.5582966Z   disable_search: false
2026-03-01T10:45:11.5583352Z   disable_safe_directory: false
2026-03-01T10:45:11.5583568Z   disable_telem: false
2026-03-01T10:45:11.5583750Z   dry_run: false
2026-03-01T10:45:11.5583927Z   git_service: github
2026-03-01T10:45:11.5584109Z   gcov_executable: gcov
2026-03-01T10:45:11.5584315Z   handle_no_reports_found: false
2026-03-01T10:45:11.5584540Z   recurse_submodules: false
2026-03-01T10:45:11.5584751Z   run_command: upload-coverage
2026-03-01T10:45:11.5584968Z   skip_validation: false
2026-03-01T10:45:11.5585205Z   use_legacy_upload_endpoint: false
2026-03-01T10:45:11.5585429Z   use_oidc: false
2026-03-01T10:45:11.5585608Z   use_pypi: false
2026-03-01T10:45:11.5585781Z   verbose: false
2026-03-01T10:45:11.5585945Z   version: latest
2026-03-01T10:45:11.5586112Z env:
2026-03-01T10:45:11.5586282Z   DOTNET_ROOT: /usr/share/dotnet
2026-03-01T10:45:11.5586498Z   CC_FORK: false
2026-03-01T10:45:11.5586729Z   CC_TOKEN: ***
2026-03-01T10:45:11.5586899Z   CC_BRANCH: 
2026-03-01T10:45:11.5587061Z   CC_SHA: 
2026-03-01T10:45:11.5587213Z   CC_PR: 
2026-03-01T10:45:11.5587371Z ##[endgroup]
2026-03-01T10:45:11.5604326Z ##[group]Run CC_ACTION_VERSION=$(cat ${GITHUB_ACTION_PATH}/src/version)
2026-03-01T10:45:11.5604765Z [36;1mCC_ACTION_VERSION=$(cat ${GITHUB_ACTION_PATH}/src/version)[0m
2026-03-01T10:45:11.5605198Z [36;1mecho -e "\033[0;32m==>\033[0m Running Action version $CC_ACTION_VERSION"[0m
2026-03-01T10:45:11.5652859Z shell: /usr/bin/bash --noprofile --norc -e -o pipefail {0}
2026-03-01T10:45:11.5653281Z env:
2026-03-01T10:45:11.5653471Z   DOTNET_ROOT: /usr/share/dotnet
2026-03-01T10:45:11.5653689Z   CC_FORK: false
2026-03-01T10:45:11.5653958Z   CC_TOKEN: ***
2026-03-01T10:45:11.5654136Z   CC_BRANCH: 
2026-03-01T10:45:11.5654301Z   CC_SHA: 
2026-03-01T10:45:11.5654459Z   CC_PR: 
2026-03-01T10:45:11.5654620Z ##[endgroup]
2026-03-01T10:45:11.5737739Z [0;32m==>[0m Running Action version 5.4.3
2026-03-01T10:45:11.5757584Z ##[group]Run git config --global --add safe.directory "/home/runner/work/hpoll/hpoll"
2026-03-01T10:45:11.5758128Z [36;1mgit config --global --add safe.directory "/home/runner/work/hpoll/hpoll"[0m
2026-03-01T10:45:11.5758589Z [36;1mgit config --global --add safe.directory "$GITHUB_WORKSPACE"[0m
2026-03-01T10:45:11.5804836Z shell: /usr/bin/bash --noprofile --norc -e -o pipefail {0}
2026-03-01T10:45:11.5805149Z env:
2026-03-01T10:45:11.5805326Z   DOTNET_ROOT: /usr/share/dotnet
2026-03-01T10:45:11.5805550Z   CC_FORK: false
2026-03-01T10:45:11.5805842Z   CC_TOKEN: ***
2026-03-01T10:45:11.5806023Z   CC_BRANCH: 
2026-03-01T10:45:11.5806198Z   CC_SHA: 
2026-03-01T10:45:11.5806353Z   CC_PR: 
2026-03-01T10:45:11.5806517Z ##[endgroup]
2026-03-01T10:45:11.5921379Z ##[group]Run CC_FORK="false"
2026-03-01T10:45:11.5921627Z [36;1mCC_FORK="false"[0m
2026-03-01T10:45:11.5922152Z [36;1mif [ -n "$GITHUB_EVENT_PULL_REQUEST_HEAD_REPO_FULL_NAME" ] && [ "$GITHUB_EVENT_PULL_REQUEST_HEAD_REPO_FULL_NAME" != "$GITHUB_REPOSITORY" ];[0m
2026-03-01T10:45:11.5922717Z [36;1mthen[0m
2026-03-01T10:45:11.5922948Z [36;1m  echo -e "\033[0;32m==>\033[0m Fork detected"[0m
2026-03-01T10:45:11.5923608Z [36;1m  CC_FORK="true"[0m
2026-03-01T10:45:11.5923807Z [36;1mfi[0m
2026-03-01T10:45:11.5924005Z [36;1mecho "CC_FORK=$CC_FORK" >> "$GITHUB_ENV"[0m
2026-03-01T10:45:11.5967243Z shell: /usr/bin/bash --noprofile --norc -e -o pipefail {0}
2026-03-01T10:45:11.5967554Z env:
2026-03-01T10:45:11.5967733Z   DOTNET_ROOT: /usr/share/dotnet
2026-03-01T10:45:11.5967957Z   CC_FORK: false
2026-03-01T10:45:11.5968238Z   CC_TOKEN: ***
2026-03-01T10:45:11.5968424Z   CC_BRANCH: 
2026-03-01T10:45:11.5968780Z   CC_SHA: 
2026-03-01T10:45:11.5968941Z   CC_PR: 
2026-03-01T10:45:11.5969119Z   GITHUB_EVENT_PULL_REQUEST_HEAD_LABEL: 
2026-03-01T10:45:11.5969403Z   GITHUB_EVENT_PULL_REQUEST_HEAD_REPO_FULL_NAME: 
2026-03-01T10:45:11.5969689Z   GITHUB_REPOSITORY: pkinerd/hpoll
2026-03-01T10:45:11.5970056Z ##[endgroup]
2026-03-01T10:45:11.6071053Z ##[group]Run actions/github-script@v7
2026-03-01T10:45:11.6071299Z with:
2026-03-01T10:45:11.6071869Z   script: if (process.env.CC_USE_OIDC === 'true' && process.env.CC_FORK != 'true') {
  const id_token = await core.getIDToken(process.env.CC_OIDC_AUDIENCE)
  return id_token
}

2026-03-01T10:45:11.6072642Z   github-token: ***
2026-03-01T10:45:11.6072839Z   debug: false
2026-03-01T10:45:11.6073225Z   user-agent: actions/github-script
2026-03-01T10:45:11.6073509Z   result-encoding: json
2026-03-01T10:45:11.6073706Z   retries: 0
2026-03-01T10:45:11.6073917Z   retry-exempt-status-codes: 400,401,403,404,422
2026-03-01T10:45:11.6074182Z env:
2026-03-01T10:45:11.6074360Z   DOTNET_ROOT: /usr/share/dotnet
2026-03-01T10:45:11.6074580Z   CC_FORK: false
2026-03-01T10:45:11.6074800Z   CC_TOKEN: ***
2026-03-01T10:45:11.6074966Z   CC_BRANCH: 
2026-03-01T10:45:11.6075135Z   CC_SHA: 
2026-03-01T10:45:11.6075292Z   CC_PR: 
2026-03-01T10:45:11.6075486Z   CC_OIDC_AUDIENCE: https://codecov.io
2026-03-01T10:45:11.6075747Z   CC_USE_OIDC: false
2026-03-01T10:45:11.6075933Z ##[endgroup]
2026-03-01T10:45:11.7005817Z ##[group]Run if [ "false" == 'true' ] && [ "$CC_FORK" != 'true' ];
2026-03-01T10:45:11.7006232Z [36;1mif [ "false" == 'true' ] && [ "$CC_FORK" != 'true' ];[0m
2026-03-01T10:45:11.7006523Z [36;1mthen[0m
2026-03-01T10:45:11.7006745Z [36;1m  echo "CC_TOKEN=$CC_OIDC_TOKEN" >> "$GITHUB_ENV"[0m
2026-03-01T10:45:11.7007034Z [36;1melif [ -n "" ];[0m
2026-03-01T10:45:11.7007232Z [36;1mthen[0m
2026-03-01T10:45:11.7007474Z [36;1m  echo -e "\033[0;32m==>\033[0m Token set from env"[0m
2026-03-01T10:45:11.7007781Z [36;1m    echo "CC_TOKEN=" >> "$GITHUB_ENV"[0m
2026-03-01T10:45:11.7008037Z [36;1melse[0m
2026-03-01T10:45:11.7008382Z [36;1m  if [ -n "***" ];[0m
2026-03-01T10:45:11.7008595Z [36;1m  then[0m
2026-03-01T10:45:11.7008843Z [36;1m    echo -e "\033[0;32m==>\033[0m Token set from input"[0m
2026-03-01T10:45:11.7009285Z [36;1m    CC_TOKEN=$(echo "***" | tr -d '\n')[0m
2026-03-01T10:45:11.7009603Z [36;1m    echo "CC_TOKEN=$CC_TOKEN" >> "$GITHUB_ENV"[0m
2026-03-01T10:45:11.7009871Z [36;1m  fi[0m
2026-03-01T10:45:11.7010048Z [36;1mfi[0m
2026-03-01T10:45:11.7058104Z shell: /usr/bin/bash --noprofile --norc -e -o pipefail {0}
2026-03-01T10:45:11.7058423Z env:
2026-03-01T10:45:11.7058602Z   DOTNET_ROOT: /usr/share/dotnet
2026-03-01T10:45:11.7058824Z   CC_FORK: false
2026-03-01T10:45:11.7059072Z   CC_TOKEN: ***
2026-03-01T10:45:11.7059257Z   CC_BRANCH: 
2026-03-01T10:45:11.7059424Z   CC_SHA: 
2026-03-01T10:45:11.7059574Z   CC_PR: 
2026-03-01T10:45:11.7059733Z   CC_OIDC_TOKEN: 
2026-03-01T10:45:11.7059938Z   CC_OIDC_AUDIENCE: https://codecov.io
2026-03-01T10:45:11.7060194Z ##[endgroup]
2026-03-01T10:45:11.7127768Z [0;32m==>[0m Token set from input
2026-03-01T10:45:11.7166629Z ##[group]Run if [ -z "$CC_BRANCH" ] && [ -z "$CC_TOKEN" ] && [ "$CC_FORK" == 'true' ]
2026-03-01T10:45:11.7167110Z [36;1mif [ -z "$CC_BRANCH" ] && [ -z "$CC_TOKEN" ] && [ "$CC_FORK" == 'true' ][0m
2026-03-01T10:45:11.7167476Z [36;1mthen[0m
2026-03-01T10:45:11.7167874Z [36;1m  echo -e "\033[0;32m==>\033[0m Fork detected, setting branch to $GITHUB_EVENT_PULL_REQUEST_HEAD_LABEL"[0m
2026-03-01T10:45:11.7168386Z [36;1m  TOKENLESS="$GITHUB_EVENT_PULL_REQUEST_HEAD_LABEL"[0m
2026-03-01T10:45:11.7168742Z [36;1m  CC_BRANCH="$GITHUB_EVENT_PULL_REQUEST_HEAD_LABEL"[0m
2026-03-01T10:45:11.7169070Z [36;1m  echo "TOKENLESS=$TOKENLESS" >> "$GITHUB_ENV"[0m
2026-03-01T10:45:11.7169343Z [36;1mfi[0m
2026-03-01T10:45:11.7169509Z [36;1m[0m
2026-03-01T10:45:11.7169711Z [36;1mecho "CC_BRANCH=$CC_BRANCH" >> "$GITHUB_ENV"[0m
2026-03-01T10:45:11.7213808Z shell: /usr/bin/bash --noprofile --norc -e -o pipefail {0}
2026-03-01T10:45:11.7214289Z env:
2026-03-01T10:45:11.7214474Z   DOTNET_ROOT: /usr/share/dotnet
2026-03-01T10:45:11.7214707Z   CC_FORK: false
2026-03-01T10:45:11.7214984Z   CC_TOKEN: ***
2026-03-01T10:45:11.7215155Z   CC_BRANCH: 
2026-03-01T10:45:11.7215449Z   CC_SHA: 
2026-03-01T10:45:11.7215603Z   CC_PR: 
2026-03-01T10:45:11.7215774Z   GITHUB_EVENT_PULL_REQUEST_HEAD_LABEL: 
2026-03-01T10:45:11.7216066Z   GITHUB_EVENT_PULL_REQUEST_HEAD_REPO_FULL_NAME: 
2026-03-01T10:45:11.7216349Z   GITHUB_REPOSITORY: pkinerd/hpoll
2026-03-01T10:45:11.7216581Z ##[endgroup]
2026-03-01T10:45:11.7300345Z ##[group]Run if [ -z "$CC_SHA" ];
2026-03-01T10:45:11.7300641Z [36;1mif [ -z "$CC_SHA" ];[0m
2026-03-01T10:45:11.7300871Z [36;1mthen[0m
2026-03-01T10:45:11.7301093Z [36;1m  CC_SHA="$GITHUB_EVENT_PULL_REQUEST_HEAD_SHA"[0m
2026-03-01T10:45:11.7301372Z [36;1mfi[0m
2026-03-01T10:45:11.7301643Z [36;1mif [ -z "$CC_PR" ] && [ "${GITHUB_EVENT_NAME}" == "pull_request_target" ];[0m
2026-03-01T10:45:11.7301994Z [36;1mthen[0m
2026-03-01T10:45:11.7302201Z [36;1m  CC_PR="$GITHUB_EVENT_NUMBER"[0m
2026-03-01T10:45:11.7302442Z [36;1mfi[0m
2026-03-01T10:45:11.7302609Z [36;1m[0m
2026-03-01T10:45:11.7302802Z [36;1mecho "CC_SHA=$CC_SHA" >> "$GITHUB_ENV"[0m
2026-03-01T10:45:11.7303305Z [36;1mecho "CC_PR=$CC_PR" >> "$GITHUB_ENV"[0m
2026-03-01T10:45:11.7348469Z shell: /usr/bin/bash --noprofile --norc -e -o pipefail {0}
2026-03-01T10:45:11.7349014Z env:
2026-03-01T10:45:11.7349308Z   DOTNET_ROOT: /usr/share/dotnet
2026-03-01T10:45:11.7349691Z   CC_FORK: false
2026-03-01T10:45:11.7351334Z   CC_TOKEN: ***
2026-03-01T10:45:11.7351617Z   CC_BRANCH: 
2026-03-01T10:45:11.7351869Z   CC_SHA: 
2026-03-01T10:45:11.7352099Z   CC_PR: 
2026-03-01T10:45:11.7352349Z   GITHUB_EVENT_NAME: push
2026-03-01T10:45:11.7352687Z   GITHUB_EVENT_NUMBER: 
2026-03-01T10:45:11.7353324Z   GITHUB_EVENT_PULL_REQUEST_HEAD_SHA: 
2026-03-01T10:45:11.7353712Z ##[endgroup]
2026-03-01T10:45:11.7474966Z ##[group]Run ${GITHUB_ACTION_PATH}/dist/codecov.sh
2026-03-01T10:45:11.7475308Z [36;1m${GITHUB_ACTION_PATH}/dist/codecov.sh[0m
2026-03-01T10:45:11.7518821Z shell: /usr/bin/bash --noprofile --norc -e -o pipefail {0}
2026-03-01T10:45:11.7519148Z env:
2026-03-01T10:45:11.7519332Z   DOTNET_ROOT: /usr/share/dotnet
2026-03-01T10:45:11.7519569Z   CC_FORK: false
2026-03-01T10:45:11.7519839Z   CC_TOKEN: ***
2026-03-01T10:45:11.7520014Z   CC_BRANCH: 
2026-03-01T10:45:11.7520183Z   CC_SHA: 
2026-03-01T10:45:11.7520343Z   CC_PR: 
2026-03-01T10:45:11.7520498Z   CC_BASE_SHA: 
2026-03-01T10:45:11.7520673Z   CC_BINARY: 
2026-03-01T10:45:11.7520833Z   CC_BUILD: 
2026-03-01T10:45:11.7521006Z   CC_BUILD_URL: 
2026-03-01T10:45:11.7521182Z   CC_CODE: 
2026-03-01T10:45:11.7521334Z   CC_DIR: 
2026-03-01T10:45:11.7521509Z   CC_DISABLE_FILE_FIXES: false
2026-03-01T10:45:11.7521732Z   CC_DISABLE_SEARCH: false
2026-03-01T10:45:11.7521946Z   CC_DISABLE_TELEM: false
2026-03-01T10:45:11.7522148Z   CC_DRY_RUN: false
2026-03-01T10:45:11.7522333Z   CC_ENTERPRISE_URL: 
2026-03-01T10:45:11.7522522Z   CC_ENV: 
2026-03-01T10:45:11.7522682Z   CC_EXCLUDES: 
2026-03-01T10:45:11.7522863Z   CC_FAIL_ON_ERROR: false
2026-03-01T10:45:11.7523293Z   CC_FILES: TestResults/*.junit.xml
2026-03-01T10:45:11.7523527Z   CC_FLAGS: 
2026-03-01T10:45:11.7523690Z   CC_FORCE: 
2026-03-01T10:45:11.7523851Z   CC_GCOV_ARGS: 
2026-03-01T10:45:11.7524036Z   CC_GCOV_EXECUTABLE: gcov
2026-03-01T10:45:11.7524242Z   CC_GCOV_IGNORE: 
2026-03-01T10:45:11.7524416Z   CC_GCOV_INCLUDE: 
2026-03-01T10:45:11.7524602Z   CC_GIT_SERVICE: github
2026-03-01T10:45:11.7524817Z   CC_HANDLE_NO_REPORTS_FOUND: false
2026-03-01T10:45:11.7525036Z   CC_JOB_CODE: 
2026-03-01T10:45:11.7525209Z   CC_LEGACY: false
2026-03-01T10:45:11.7525375Z   CC_NAME: 
2026-03-01T10:45:11.7525542Z   CC_NETWORK_FILTER: 
2026-03-01T10:45:11.7525735Z   CC_NETWORK_PREFIX: 
2026-03-01T10:45:11.7525922Z   CC_NETWORK_ROOT_FOLDER: 
2026-03-01T10:45:11.7526116Z   CC_OS: 
2026-03-01T10:45:11.7526273Z   CC_PARENT_SHA: 
2026-03-01T10:45:11.7526449Z   CC_PLUGINS: 
2026-03-01T10:45:11.7526796Z   CC_RECURSE_SUBMODULES: false
2026-03-01T10:45:11.7527019Z   CC_REPORT_TYPE: test_results
2026-03-01T10:45:11.7527241Z   CC_RUN_CMD: upload-coverage
2026-03-01T10:45:11.7527450Z   CC_SERVICE: github
2026-03-01T10:45:11.7527646Z   CC_SKIP_VALIDATION: false
2026-03-01T10:45:11.7527987Z   CC_SLUG: 
2026-03-01T10:45:11.7528148Z   CC_SWIFT_PROJECT: 
2026-03-01T10:45:11.7528346Z   CC_USE_PYPI: false
2026-03-01T10:45:11.7528526Z   CC_VERBOSE: false
2026-03-01T10:45:11.7528711Z   CC_VERSION: latest
2026-03-01T10:45:11.7528892Z   CC_YML_PATH: 
2026-03-01T10:45:11.7529063Z ##[endgroup]
2026-03-01T10:45:11.7617451Z      _____          _
2026-03-01T10:45:11.7617813Z     / ____|        | |
2026-03-01T10:45:11.7618306Z    | |     ___   __| | ___  ___ _____   __
2026-03-01T10:45:11.7618769Z    | |    / _ \ / _` |/ _ \/ __/ _ \ \ / /
2026-03-01T10:45:11.7619109Z    | |___| (_) | (_| |  __/ (_| (_) \ V /
2026-03-01T10:45:11.7619557Z     \_____\___/ \__,_|\___|\___\___/ \_/
2026-03-01T10:45:11.7620225Z                            [0;31m Wrapper-0.2.1[0m
2026-03-01T10:45:11.7620614Z                                   
2026-03-01T10:45:11.7670911Z [0;32m==>[0m Detected [0;36mlinux[0m
2026-03-01T10:45:11.7672102Z [0;32m ->[0m Downloading [0;36mhttps://cli.codecov.io/latest/linux/codecov[0m
2026-03-01T10:45:11.7725476Z   % Total    % Received % Xferd  Average Speed   Time    Time     Time  Current
2026-03-01T10:45:11.7739058Z                                  Dload  Upload   Total   Spent    Left  Speed
2026-03-01T10:45:11.7739480Z 
2026-03-01T10:45:11.8857908Z   0     0    0     0    0     0      0      0 --:--:-- --:--:-- --:--:--     0
2026-03-01T10:45:11.8858761Z 100 10.6M  100 10.6M    0     0  93.9M      0 --:--:-- --:--:-- --:--:-- 94.2M
2026-03-01T10:45:11.8907589Z [0;32m==>[0m Finishing downloading [0;36mlinux:latest[0m
2026-03-01T10:45:11.9471113Z       Version: [0;36mv11.2.6[0m
2026-03-01T10:45:11.9471568Z  
2026-03-01T10:45:12.0109015Z gpg: key 806BB28AED779869: "Codecov Uploader (Codecov Uploader Verification Key) <security@codecov.io>" not changed
2026-03-01T10:45:12.0111809Z gpg: Total number processed: 1
2026-03-01T10:45:12.0112181Z gpg:              unchanged: 1
2026-03-01T10:45:12.0113280Z [0;32m==>[0m Verifying GPG signature integrity
2026-03-01T10:45:12.0114178Z [0;32m ->[0m Downloading [0;36mhttps://cli.codecov.io/latest/linux/codecov.SHA256SUM[0m
2026-03-01T10:45:12.0114967Z [0;32m ->[0m Downloading [0;36mhttps://cli.codecov.io/latest/linux/codecov.SHA256SUM.sig[0m
2026-03-01T10:45:12.0115417Z  
2026-03-01T10:45:12.1178371Z gpg: Signature made Fri Dec  5 15:31:48 2025 UTC
2026-03-01T10:45:12.1179102Z gpg:                using RSA key 27034E7FDB850E0BBC2C62FF806BB28AED779869
2026-03-01T10:45:12.1181339Z gpg: Good signature from "Codecov Uploader (Codecov Uploader Verification Key) <security@codecov.io>" [unknown]
2026-03-01T10:45:12.1182392Z gpg: WARNING: This key is not certified with a trusted signature!
2026-03-01T10:45:12.1183388Z gpg:          There is no indication that the signature belongs to the owner.
2026-03-01T10:45:12.1184219Z Primary key fingerprint: 2703 4E7F DB85 0E0B BC2C  62FF 806B B28A ED77 9869
2026-03-01T10:45:12.1816393Z codecov: OK
2026-03-01T10:45:12.1827685Z [0;32m==>[0m CLI integrity verified
2026-03-01T10:45:12.1828033Z 
2026-03-01T10:45:12.1911362Z [0;32m ->[0m Token of length 36 detected
2026-03-01T10:45:12.2499728Z [0;32m==>[0m Running upload-coverage
2026-03-01T10:45:12.2510287Z       [0;36m./codecov  upload-coverage -t <redacted> --git-service github --file TestResults/*.junit.xml --gcov-executable gcov --report-type test_results[0m
2026-03-01T10:45:12.6112899Z info - 2026-03-01 10:45:12,610 -- ci service found: github-actions
2026-03-01T10:45:12.6555252Z info - 2026-03-01 10:45:12,655 -- Using token to create a commit for protected branch `claude/explore-devices-table-ga0Rs`
2026-03-01T10:45:12.9719494Z info - 2026-03-01 10:45:12,971 -- Process Commit creating complete
2026-03-01T10:45:13.0186781Z warning - 2026-03-01 10:45:13,018 -- Some files were not found --- {"not_found_files": ["TestResults/*.junit.xml"]}
2026-03-01T10:45:13.0497890Z info - 2026-03-01 10:45:13,049 -- Found 3 test_results files to report
2026-03-01T10:45:13.0499473Z info - 2026-03-01 10:45:13,049 -- > /home/runner/work/hpoll/hpoll/tests/Hpoll.Core.Tests/TestResults/Hpoll.Core.Tests.junit.xml
2026-03-01T10:45:13.0501900Z info - 2026-03-01 10:45:13,049 -- > /home/runner/work/hpoll/hpoll/tests/Hpoll.Worker.Tests/TestResults/Hpoll.Worker.Tests.junit.xml
2026-03-01T10:45:13.0504298Z info - 2026-03-01 10:45:13,049 -- > /home/runner/work/hpoll/hpoll/tests/Hpoll.Admin.Tests/TestResults/Hpoll.Admin.Tests.junit.xml
2026-03-01T10:45:13.4689153Z info - 2026-03-01 10:45:13,468 -- Process Upload complete
2026-03-01T10:45:13.5390717Z ##[group]Run actions/upload-artifact@330a01c490aca151604b8cf639adc76d48f6c5d4
2026-03-01T10:45:13.5391125Z with:
2026-03-01T10:45:13.5391298Z   name: test-reports
2026-03-01T10:45:13.5391504Z   path: TestResults/

2026-03-01T10:45:13.5391709Z   if-no-files-found: warn
2026-03-01T10:45:13.5391924Z   compression-level: 6
2026-03-01T10:45:13.5392125Z   overwrite: false
2026-03-01T10:45:13.5392316Z   include-hidden-files: false
2026-03-01T10:45:13.5392532Z env:
2026-03-01T10:45:13.5392741Z   DOTNET_ROOT: /usr/share/dotnet
2026-03-01T10:45:13.5392979Z   CC_FORK: false
2026-03-01T10:45:13.5393585Z   CC_TOKEN: ***
2026-03-01T10:45:13.5393762Z   CC_BRANCH: 
2026-03-01T10:45:13.5393931Z   CC_SHA: 
2026-03-01T10:45:13.5394095Z   CC_PR: 
2026-03-01T10:45:13.5394250Z ##[endgroup]
2026-03-01T10:45:13.7523415Z With the provided path, there will be 3 files uploaded
2026-03-01T10:45:13.7529598Z Artifact name is valid!
2026-03-01T10:45:13.7530804Z Root directory input is valid!
2026-03-01T10:45:13.8459750Z Beginning upload of artifact content to blob storage
2026-03-01T10:45:13.9277949Z Uploaded bytes 33153
2026-03-01T10:45:13.9468028Z Finished uploading artifact content to blob storage!
2026-03-01T10:45:13.9471757Z SHA256 digest of uploaded artifact zip is 86ec06ec539c9b27750129a7587084f2738a5eba70bc3917ef393035abed46fc
2026-03-01T10:45:13.9473646Z Finalizing artifact upload
2026-03-01T10:45:14.0171719Z Artifact test-reports.zip successfully finalized. Artifact ID 5709376050
2026-03-01T10:45:14.0172925Z Artifact test-reports has been successfully uploaded! Final size is 33153 bytes. Artifact ID is 5709376050
2026-03-01T10:45:14.0180974Z Artifact download URL: https://github.com/pkinerd/hpoll/actions/runs/22541736825/artifacts/5709376050
2026-03-01T10:45:14.0297465Z Post job cleanup.
2026-03-01T10:45:14.1877221Z Post job cleanup.
2026-03-01T10:45:14.2834830Z [command]/usr/bin/git version
2026-03-01T10:45:14.2872073Z git version 2.53.0
2026-03-01T10:45:14.2910582Z Copying '/home/runner/.gitconfig' to '/home/runner/work/_temp/77fcb58f-de60-496e-855b-5fb72594cdf5/.gitconfig'
2026-03-01T10:45:14.2920410Z Temporarily overriding HOME='/home/runner/work/_temp/77fcb58f-de60-496e-855b-5fb72594cdf5' before making global git config changes
2026-03-01T10:45:14.2921778Z Adding repository directory to the temporary git global config as a safe directory
2026-03-01T10:45:14.2926802Z [command]/usr/bin/git config --global --add safe.directory /home/runner/work/hpoll/hpoll
2026-03-01T10:45:14.2970487Z [command]/usr/bin/git config --local --name-only --get-regexp core\.sshCommand
2026-03-01T10:45:14.3004567Z [command]/usr/bin/git submodule foreach --recursive sh -c "git config --local --name-only --get-regexp 'core\.sshCommand' && git config --local --unset-all 'core.sshCommand' || :"
2026-03-01T10:45:14.3254097Z [command]/usr/bin/git config --local --name-only --get-regexp http\.https\:\/\/github\.com\/\.extraheader
2026-03-01T10:45:14.3279144Z http.https://github.com/.extraheader
2026-03-01T10:45:14.3293761Z [command]/usr/bin/git config --local --unset-all http.https://github.com/.extraheader
2026-03-01T10:45:14.3326999Z [command]/usr/bin/git submodule foreach --recursive sh -c "git config --local --name-only --get-regexp 'http\.https\:\/\/github\.com\/\.extraheader' && git config --local --unset-all 'http.https://github.com/.extraheader' || :"
2026-03-01T10:45:14.3690734Z Cleaning up orphan processes
2026-03-01T10:45:14.4017555Z Terminate orphan process: pid (2558) (dotnet)
2026-03-01T10:45:14.4068445Z Terminate orphan process: pid (2559) (dotnet)
2026-03-01T10:45:14.4098763Z Terminate orphan process: pid (2560) (dotnet)
2026-03-01T10:45:14.4132890Z Terminate orphan process: pid (2707) (VBCSCompiler)
