2026-03-01T10:50:41.4279066Z Current runner version: '2.331.0'
2026-03-01T10:50:41.4303035Z ##[group]Runner Image Provisioner
2026-03-01T10:50:41.4304012Z Hosted Compute Agent
2026-03-01T10:50:41.4304733Z Version: 20260213.493
2026-03-01T10:50:41.4305389Z Commit: 5c115507f6dd24b8de37d8bbe0bb4509d0cc0fa3
2026-03-01T10:50:41.4306112Z Build Date: 2026-02-13T00:28:41Z
2026-03-01T10:50:41.4306875Z Worker ID: {e1cd4b02-b734-4e77-bdce-70317f290911}
2026-03-01T10:50:41.4307560Z Azure Region: westus
2026-03-01T10:50:41.4308271Z ##[endgroup]
2026-03-01T10:50:41.4310173Z ##[group]Operating System
2026-03-01T10:50:41.4310805Z Ubuntu
2026-03-01T10:50:41.4311337Z 24.04.3
2026-03-01T10:50:41.4311755Z LTS
2026-03-01T10:50:41.4312351Z ##[endgroup]
2026-03-01T10:50:41.4312871Z ##[group]Runner Image
2026-03-01T10:50:41.4313383Z Image: ubuntu-24.04
2026-03-01T10:50:41.4314212Z Version: 20260224.36.1
2026-03-01T10:50:41.4315409Z Included Software: https://github.com/actions/runner-images/blob/ubuntu24/20260224.36/images/ubuntu/Ubuntu2404-Readme.md
2026-03-01T10:50:41.4316985Z Image Release: https://github.com/actions/runner-images/releases/tag/ubuntu24%2F20260224.36
2026-03-01T10:50:41.4317890Z ##[endgroup]
2026-03-01T10:50:41.4319008Z ##[group]GITHUB_TOKEN Permissions
2026-03-01T10:50:41.4320795Z Contents: read
2026-03-01T10:50:41.4321320Z Metadata: read
2026-03-01T10:50:41.4322447Z ##[endgroup]
2026-03-01T10:50:41.4324871Z Secret source: Actions
2026-03-01T10:50:41.4325611Z Prepare workflow directory
2026-03-01T10:50:41.5340838Z Prepare all required actions
2026-03-01T10:50:41.5378732Z Getting action download info
2026-03-01T10:50:41.9563247Z Download action repository 'actions/checkout@692973e3d937129bcbf40652eb9f2f61becf3332' (SHA:692973e3d937129bcbf40652eb9f2f61becf3332)
2026-03-01T10:50:42.1185371Z Download action repository 'actions/setup-dotnet@3e891b0cb619bf60e2c25674b222b8940e2c1c25' (SHA:3e891b0cb619bf60e2c25674b222b8940e2c1c25)
2026-03-01T10:50:42.7371259Z Download action repository 'codecov/codecov-action@18283e04ce6e62d37312384ff67231eb8fd56d24' (SHA:18283e04ce6e62d37312384ff67231eb8fd56d24)
2026-03-01T10:50:43.2158470Z Download action repository 'actions/upload-artifact@330a01c490aca151604b8cf639adc76d48f6c5d4' (SHA:330a01c490aca151604b8cf639adc76d48f6c5d4)
2026-03-01T10:50:43.6619928Z Getting action download info
2026-03-01T10:50:43.8382115Z Download action repository 'actions/github-script@v7' (SHA:f28e40c7f34bde8b3046d885e986cb6290c5673b)
2026-03-01T10:50:44.4488075Z Getting action download info
2026-03-01T10:50:44.7946825Z Complete job name: Build & Test
2026-03-01T10:50:45.0842261Z ##[group]Run actions/checkout@692973e3d937129bcbf40652eb9f2f61becf3332
2026-03-01T10:50:45.0843381Z with:
2026-03-01T10:50:45.0843633Z   repository: pkinerd/hpoll
2026-03-01T10:50:45.0844317Z   token: ***
2026-03-01T10:50:45.0844545Z   ssh-strict: true
2026-03-01T10:50:45.0844771Z   ssh-user: git
2026-03-01T10:50:45.0845004Z   persist-credentials: true
2026-03-01T10:50:45.0845275Z   clean: true
2026-03-01T10:50:45.0845522Z   sparse-checkout-cone-mode: true
2026-03-01T10:50:45.0845826Z   fetch-depth: 1
2026-03-01T10:50:45.0846054Z   fetch-tags: false
2026-03-01T10:50:45.0846305Z   show-progress: true
2026-03-01T10:50:45.0846535Z   lfs: false
2026-03-01T10:50:45.0846748Z   submodules: false
2026-03-01T10:50:45.0846980Z   set-safe-directory: true
2026-03-01T10:50:45.0847530Z ##[endgroup]
2026-03-01T10:50:45.1940821Z Syncing repository: pkinerd/hpoll
2026-03-01T10:50:45.1942252Z ##[group]Getting Git version info
2026-03-01T10:50:45.1942720Z Working directory is '/home/runner/work/hpoll/hpoll'
2026-03-01T10:50:45.1943283Z [command]/usr/bin/git version
2026-03-01T10:50:45.2704900Z git version 2.53.0
2026-03-01T10:50:45.2731848Z ##[endgroup]
2026-03-01T10:50:45.2747228Z Temporarily overriding HOME='/home/runner/work/_temp/3a52a2a1-6eda-4c6a-b305-a366b93558b8' before making global git config changes
2026-03-01T10:50:45.2748276Z Adding repository directory to the temporary git global config as a safe directory
2026-03-01T10:50:45.2761102Z [command]/usr/bin/git config --global --add safe.directory /home/runner/work/hpoll/hpoll
2026-03-01T10:50:45.2801706Z Deleting the contents of '/home/runner/work/hpoll/hpoll'
2026-03-01T10:50:45.2805643Z ##[group]Initializing the repository
2026-03-01T10:50:45.2809754Z [command]/usr/bin/git init /home/runner/work/hpoll/hpoll
2026-03-01T10:50:45.2901454Z hint: Using 'master' as the name for the initial branch. This default branch name
2026-03-01T10:50:45.2902370Z hint: will change to "main" in Git 3.0. To configure the initial branch name
2026-03-01T10:50:45.2902930Z hint: to use in all of your new repositories, which will suppress this warning,
2026-03-01T10:50:45.2903341Z hint: call:
2026-03-01T10:50:45.2903559Z hint:
2026-03-01T10:50:45.2904382Z hint: 	git config --global init.defaultBranch <name>
2026-03-01T10:50:45.2904735Z hint:
2026-03-01T10:50:45.2905064Z hint: Names commonly chosen instead of 'master' are 'main', 'trunk' and
2026-03-01T10:50:45.2905817Z hint: 'development'. The just-created branch can be renamed via this command:
2026-03-01T10:50:45.2906541Z hint:
2026-03-01T10:50:45.2906968Z hint: 	git branch -m <name>
2026-03-01T10:50:45.2907318Z hint:
2026-03-01T10:50:45.2907662Z hint: Disable this message with "git config set advice.defaultBranchName false"
2026-03-01T10:50:45.2908230Z Initialized empty Git repository in /home/runner/work/hpoll/hpoll/.git/
2026-03-01T10:50:45.2919194Z [command]/usr/bin/git remote add origin https://github.com/pkinerd/hpoll
2026-03-01T10:50:45.2952181Z ##[endgroup]
2026-03-01T10:50:45.2952650Z ##[group]Disabling automatic garbage collection
2026-03-01T10:50:45.2957203Z [command]/usr/bin/git config --local gc.auto 0
2026-03-01T10:50:45.2985341Z ##[endgroup]
2026-03-01T10:50:45.2985760Z ##[group]Setting up auth
2026-03-01T10:50:45.2992581Z [command]/usr/bin/git config --local --name-only --get-regexp core\.sshCommand
2026-03-01T10:50:45.3023323Z [command]/usr/bin/git submodule foreach --recursive sh -c "git config --local --name-only --get-regexp 'core\.sshCommand' && git config --local --unset-all 'core.sshCommand' || :"
2026-03-01T10:50:45.3351460Z [command]/usr/bin/git config --local --name-only --get-regexp http\.https\:\/\/github\.com\/\.extraheader
2026-03-01T10:50:45.3382419Z [command]/usr/bin/git submodule foreach --recursive sh -c "git config --local --name-only --get-regexp 'http\.https\:\/\/github\.com\/\.extraheader' && git config --local --unset-all 'http.https://github.com/.extraheader' || :"
2026-03-01T10:50:45.3620470Z [command]/usr/bin/git config --local http.https://github.com/.extraheader AUTHORIZATION: basic ***
2026-03-01T10:50:45.3665573Z ##[endgroup]
2026-03-01T10:50:45.3666400Z ##[group]Fetching the repository
2026-03-01T10:50:45.3675392Z [command]/usr/bin/git -c protocol.version=2 fetch --no-tags --prune --no-recurse-submodules --depth=1 origin +e9c56e973f8b91b91c0a708922821dc6d58b4d87:refs/remotes/origin/main
2026-03-01T10:50:45.8324586Z From https://github.com/pkinerd/hpoll
2026-03-01T10:50:45.8325576Z  * [new ref]         e9c56e973f8b91b91c0a708922821dc6d58b4d87 -> origin/main
2026-03-01T10:50:45.8362164Z ##[endgroup]
2026-03-01T10:50:45.8364559Z ##[group]Determining the checkout info
2026-03-01T10:50:45.8365302Z ##[endgroup]
2026-03-01T10:50:45.8369720Z [command]/usr/bin/git sparse-checkout disable
2026-03-01T10:50:45.8411063Z [command]/usr/bin/git config --local --unset-all extensions.worktreeConfig
2026-03-01T10:50:45.8439275Z ##[group]Checking out the ref
2026-03-01T10:50:45.8443227Z [command]/usr/bin/git checkout --progress --force -B main refs/remotes/origin/main
2026-03-01T10:50:45.8559981Z Switched to a new branch 'main'
2026-03-01T10:50:45.8563522Z branch 'main' set up to track 'origin/main'.
2026-03-01T10:50:45.8569374Z ##[endgroup]
2026-03-01T10:50:45.8605694Z [command]/usr/bin/git log -1 --format='%H'
2026-03-01T10:50:45.8629028Z 'e9c56e973f8b91b91c0a708922821dc6d58b4d87'
2026-03-01T10:50:45.9815343Z ##[group]Run actions/setup-dotnet@3e891b0cb619bf60e2c25674b222b8940e2c1c25
2026-03-01T10:50:45.9815807Z with:
2026-03-01T10:50:45.9816029Z   dotnet-version: 8.0.x
2026-03-01T10:50:45.9816485Z   cache: false
2026-03-01T10:50:45.9816702Z ##[endgroup]
2026-03-01T10:50:46.1528303Z [command]/home/runner/work/_actions/actions/setup-dotnet/3e891b0cb619bf60e2c25674b222b8940e2c1c25/externals/install-dotnet.sh --skip-non-versioned-files --runtime dotnet --channel LTS
2026-03-01T10:50:46.4080390Z dotnet-install: Attempting to download using aka.ms link https://builds.dotnet.microsoft.com/dotnet/Runtime/10.0.3/dotnet-runtime-10.0.3-linux-x64.tar.gz
2026-03-01T10:50:46.6266479Z dotnet-install: Remote file https://builds.dotnet.microsoft.com/dotnet/Runtime/10.0.3/dotnet-runtime-10.0.3-linux-x64.tar.gz size is 36636310 bytes.
2026-03-01T10:50:46.6269098Z dotnet-install: Extracting archive from https://builds.dotnet.microsoft.com/dotnet/Runtime/10.0.3/dotnet-runtime-10.0.3-linux-x64.tar.gz
2026-03-01T10:50:47.3069086Z dotnet-install: Downloaded file size is 36636310 bytes.
2026-03-01T10:50:47.3070412Z dotnet-install: The remote and local file sizes are equal.
2026-03-01T10:50:47.3399786Z dotnet-install: Installed version is 10.0.3
2026-03-01T10:50:47.3462886Z dotnet-install: Adding to current process PATH: `/usr/share/dotnet`. Note: This change will be visible only when sourcing script.
2026-03-01T10:50:47.3465967Z dotnet-install: Note that the script does not resolve dependencies during installation.
2026-03-01T10:50:47.3467450Z dotnet-install: To check the list of dependencies, go to https://learn.microsoft.com/dotnet/core/install, select your operating system and check the "Dependencies" section.
2026-03-01T10:50:47.3468845Z dotnet-install: Installation finished successfully.
2026-03-01T10:50:47.3495887Z [command]/home/runner/work/_actions/actions/setup-dotnet/3e891b0cb619bf60e2c25674b222b8940e2c1c25/externals/install-dotnet.sh --skip-non-versioned-files --channel 8.0
2026-03-01T10:50:47.5470837Z dotnet-install: .NET Core SDK with version '8.0.418' is already installed.
2026-03-01T10:50:47.5918297Z ##[group]Run dotnet restore
2026-03-01T10:50:47.5918628Z [36;1mdotnet restore[0m
2026-03-01T10:50:47.5971353Z shell: /usr/bin/bash -e {0}
2026-03-01T10:50:47.5971615Z env:
2026-03-01T10:50:47.5971803Z   DOTNET_ROOT: /usr/share/dotnet
2026-03-01T10:50:47.5972058Z ##[endgroup]
2026-03-01T10:50:51.0648051Z   Determining projects to restore...
2026-03-01T10:50:53.9048785Z   Restored /home/runner/work/hpoll/hpoll/src/Hpoll.Core/Hpoll.Core.csproj (in 1.81 sec).
2026-03-01T10:50:54.5442744Z   Restored /home/runner/work/hpoll/hpoll/src/Hpoll.Admin/Hpoll.Admin.csproj (in 2.36 sec).
2026-03-01T10:50:54.6397137Z   Restored /home/runner/work/hpoll/hpoll/src/Hpoll.Email/Hpoll.Email.csproj (in 474 ms).
2026-03-01T10:50:55.8358473Z   Restored /home/runner/work/hpoll/hpoll/tests/Hpoll.Core.Tests/Hpoll.Core.Tests.csproj (in 3.8 sec).
2026-03-01T10:50:55.8403726Z   Restored /home/runner/work/hpoll/hpoll/tests/Hpoll.Admin.Tests/Hpoll.Admin.Tests.csproj (in 1.17 sec).
2026-03-01T10:50:55.8431827Z   Restored /home/runner/work/hpoll/hpoll/tests/Hpoll.Worker.Tests/Hpoll.Worker.Tests.csproj (in 3.8 sec).
2026-03-01T10:50:56.2638869Z   Restored /home/runner/work/hpoll/hpoll/src/Hpoll.Data/Hpoll.Data.csproj (in 1.7 sec).
2026-03-01T10:50:56.2647811Z   Restored /home/runner/work/hpoll/hpoll/src/Hpoll.Worker/Hpoll.Worker.csproj (in 422 ms).
2026-03-01T10:50:56.3156828Z ##[group]Run dotnet build --no-restore -c Release
2026-03-01T10:50:56.3157248Z [36;1mdotnet build --no-restore -c Release[0m
2026-03-01T10:50:56.3206679Z shell: /usr/bin/bash -e {0}
2026-03-01T10:50:56.3206913Z env:
2026-03-01T10:50:56.3207100Z   DOTNET_ROOT: /usr/share/dotnet
2026-03-01T10:50:56.3207363Z ##[endgroup]
2026-03-01T10:51:02.3238092Z   Hpoll.Core -> /home/runner/work/hpoll/hpoll/src/Hpoll.Core/bin/Release/net8.0/Hpoll.Core.dll
2026-03-01T10:51:03.3956135Z   Hpoll.Data -> /home/runner/work/hpoll/hpoll/src/Hpoll.Data/bin/Release/net8.0/Hpoll.Data.dll
2026-03-01T10:51:04.1020142Z   Hpoll.Email -> /home/runner/work/hpoll/hpoll/src/Hpoll.Email/bin/Release/net8.0/Hpoll.Email.dll
2026-03-01T10:51:07.4492083Z   Hpoll.Admin -> /home/runner/work/hpoll/hpoll/src/Hpoll.Admin/bin/Release/net8.0/Hpoll.Admin.dll
2026-03-01T10:51:07.8465350Z   Hpoll.Worker -> /home/runner/work/hpoll/hpoll/src/Hpoll.Worker/bin/Release/net8.0/Hpoll.Worker.dll
2026-03-01T10:51:08.7337286Z   Hpoll.Core.Tests -> /home/runner/work/hpoll/hpoll/tests/Hpoll.Core.Tests/bin/Release/net8.0/Hpoll.Core.Tests.dll
2026-03-01T10:51:08.8650503Z   Hpoll.Admin.Tests -> /home/runner/work/hpoll/hpoll/tests/Hpoll.Admin.Tests/bin/Release/net8.0/Hpoll.Admin.Tests.dll
2026-03-01T10:51:09.5984832Z   Hpoll.Worker.Tests -> /home/runner/work/hpoll/hpoll/tests/Hpoll.Worker.Tests/bin/Release/net8.0/Hpoll.Worker.Tests.dll
2026-03-01T10:51:09.6179843Z 
2026-03-01T10:51:09.6180770Z Build succeeded.
2026-03-01T10:51:09.6181160Z     0 Warning(s)
2026-03-01T10:51:09.6181868Z     0 Error(s)
2026-03-01T10:51:09.6182062Z 
2026-03-01T10:51:09.6182351Z Time Elapsed 00:00:13.02
2026-03-01T10:51:09.6536555Z ##[group]Run dotnet test --no-build -c Release \
2026-03-01T10:51:09.6536959Z [36;1mdotnet test --no-build -c Release \[0m
2026-03-01T10:51:09.6537271Z [36;1m  --settings coverlet.runsettings \[0m
2026-03-01T10:51:09.6537542Z [36;1m  --collect:"XPlat Code Coverage" \[0m
2026-03-01T10:51:09.6537906Z [36;1m  --logger "junit;LogFilePath=TestResults/{assembly}.junit.xml" \[0m
2026-03-01T10:51:09.6538279Z [36;1m  --results-directory TestResults[0m
2026-03-01T10:51:09.6587360Z shell: /usr/bin/bash -e {0}
2026-03-01T10:51:09.6587594Z env:
2026-03-01T10:51:09.6587774Z   DOTNET_ROOT: /usr/share/dotnet
2026-03-01T10:51:09.6587998Z ##[endgroup]
2026-03-01T10:51:10.7390395Z Test run for /home/runner/work/hpoll/hpoll/tests/Hpoll.Core.Tests/bin/Release/net8.0/Hpoll.Core.Tests.dll (.NETCoreApp,Version=v8.0)
2026-03-01T10:51:10.9991970Z VSTest version 18.0.1 (x64)
2026-03-01T10:51:11.0125764Z 
2026-03-01T10:51:11.0227803Z Test run for /home/runner/work/hpoll/hpoll/tests/Hpoll.Worker.Tests/bin/Release/net8.0/Hpoll.Worker.Tests.dll (.NETCoreApp,Version=v8.0)
2026-03-01T10:51:11.0978396Z Test run for /home/runner/work/hpoll/hpoll/tests/Hpoll.Admin.Tests/bin/Release/net8.0/Hpoll.Admin.Tests.dll (.NETCoreApp,Version=v8.0)
2026-03-01T10:51:11.1104972Z VSTest version 18.0.1 (x64)
2026-03-01T10:51:11.1157980Z 
2026-03-01T10:51:11.1739283Z VSTest version 18.0.1 (x64)
2026-03-01T10:51:11.1774364Z 
2026-03-01T10:51:11.3746739Z Starting test execution, please wait...
2026-03-01T10:51:11.3789519Z Starting test execution, please wait...Starting test execution, please wait...
2026-03-01T10:51:11.3804614Z 
2026-03-01T10:51:11.4475740Z A total of 1 test files matched the specified pattern.
2026-03-01T10:51:11.4612251Z A total of 1 test files matched the specified pattern.
2026-03-01T10:51:11.4635599Z A total of 1 test files matched the specified pattern.
2026-03-01T10:51:18.8861128Z Results File: TestResults/Hpoll.Core.Tests.junit.xml
2026-03-01T10:51:18.8870508Z 
2026-03-01T10:51:18.8929911Z Passed!  - Failed:     0, Passed:    79, Skipped:     0, Total:    79, Duration: 1 s - Hpoll.Core.Tests.dll (net8.0)
2026-03-01T10:51:20.6108906Z Results File: TestResults/Hpoll.Admin.Tests.junit.xml
2026-03-01T10:51:20.6112266Z 
2026-03-01T10:51:20.6166305Z Passed!  - Failed:     0, Passed:    55, Skipped:     0, Total:    55, Duration: 1 s - Hpoll.Admin.Tests.dll (net8.0)
2026-03-01T10:52:06.5734191Z Results File: TestResults/Hpoll.Worker.Tests.junit.xml
2026-03-01T10:52:06.5736437Z 
2026-03-01T10:52:06.5777795Z Passed!  - Failed:     0, Passed:    50, Skipped:     0, Total:    50, Duration: 49 s - Hpoll.Worker.Tests.dll (net8.0)
2026-03-01T10:52:06.7777242Z 
2026-03-01T10:52:06.7782289Z Attachments:
2026-03-01T10:52:06.7784760Z   /home/runner/work/hpoll/hpoll/TestResults/a8942380-daf8-4fbd-b461-f130e95123b7/coverage.cobertura.xml
2026-03-01T10:52:06.7786262Z   /home/runner/work/hpoll/hpoll/TestResults/42fe7557-9886-476e-a20f-499ec2eca6e2/coverage.cobertura.xml
2026-03-01T10:52:06.7787552Z   /home/runner/work/hpoll/hpoll/TestResults/292c9b98-5057-4974-81ce-d047272ed7d2/coverage.cobertura.xml
2026-03-01T10:52:06.9585045Z ##[group]Run codecov/codecov-action@18283e04ce6e62d37312384ff67231eb8fd56d24
2026-03-01T10:52:06.9585648Z with:
2026-03-01T10:52:06.9586145Z   token: ***
2026-03-01T10:52:06.9586325Z   directory: TestResults
2026-03-01T10:52:06.9586531Z   fail_ci_if_error: false
2026-03-01T10:52:06.9586731Z   disable_file_fixes: false
2026-03-01T10:52:06.9586936Z   disable_search: false
2026-03-01T10:52:06.9587133Z   disable_safe_directory: false
2026-03-01T10:52:06.9587340Z   disable_telem: false
2026-03-01T10:52:06.9587520Z   dry_run: false
2026-03-01T10:52:06.9587693Z   git_service: github
2026-03-01T10:52:06.9587885Z   gcov_executable: gcov
2026-03-01T10:52:06.9588084Z   handle_no_reports_found: false
2026-03-01T10:52:06.9588300Z   recurse_submodules: false
2026-03-01T10:52:06.9588510Z   run_command: upload-coverage
2026-03-01T10:52:06.9588718Z   skip_validation: false
2026-03-01T10:52:06.9588936Z   use_legacy_upload_endpoint: false
2026-03-01T10:52:06.9589169Z   use_oidc: false
2026-03-01T10:52:06.9589379Z   use_pypi: false
2026-03-01T10:52:06.9589542Z   verbose: false
2026-03-01T10:52:06.9589711Z   version: latest
2026-03-01T10:52:06.9589869Z env:
2026-03-01T10:52:06.9590028Z   DOTNET_ROOT: /usr/share/dotnet
2026-03-01T10:52:06.9590244Z ##[endgroup]
2026-03-01T10:52:06.9714449Z ##[group]Run CC_ACTION_VERSION=$(cat ${GITHUB_ACTION_PATH}/src/version)
2026-03-01T10:52:06.9714916Z [36;1mCC_ACTION_VERSION=$(cat ${GITHUB_ACTION_PATH}/src/version)[0m
2026-03-01T10:52:06.9723047Z [36;1mecho -e "\033[0;32m==>\033[0m Running Action version $CC_ACTION_VERSION"[0m
2026-03-01T10:52:06.9773065Z shell: /usr/bin/bash --noprofile --norc -e -o pipefail {0}
2026-03-01T10:52:06.9773369Z env:
2026-03-01T10:52:06.9773542Z   DOTNET_ROOT: /usr/share/dotnet
2026-03-01T10:52:06.9773883Z ##[endgroup]
2026-03-01T10:52:06.9859781Z [0;32m==>[0m Running Action version 5.4.3
2026-03-01T10:52:06.9992636Z ##[group]Run git config --global --add safe.directory "/home/runner/work/hpoll/hpoll"
2026-03-01T10:52:06.9993215Z [36;1mgit config --global --add safe.directory "/home/runner/work/hpoll/hpoll"[0m
2026-03-01T10:52:06.9993699Z [36;1mgit config --global --add safe.directory "$GITHUB_WORKSPACE"[0m
2026-03-01T10:52:07.0039743Z shell: /usr/bin/bash --noprofile --norc -e -o pipefail {0}
2026-03-01T10:52:07.0040052Z env:
2026-03-01T10:52:07.0040228Z   DOTNET_ROOT: /usr/share/dotnet
2026-03-01T10:52:07.0040445Z ##[endgroup]
2026-03-01T10:52:07.0214014Z ##[group]Run CC_FORK="false"
2026-03-01T10:52:07.0214273Z [36;1mCC_FORK="false"[0m
2026-03-01T10:52:07.0214808Z [36;1mif [ -n "$GITHUB_EVENT_PULL_REQUEST_HEAD_REPO_FULL_NAME" ] && [ "$GITHUB_EVENT_PULL_REQUEST_HEAD_REPO_FULL_NAME" != "$GITHUB_REPOSITORY" ];[0m
2026-03-01T10:52:07.0215378Z [36;1mthen[0m
2026-03-01T10:52:07.0215601Z [36;1m  echo -e "\033[0;32m==>\033[0m Fork detected"[0m
2026-03-01T10:52:07.0215874Z [36;1m  CC_FORK="true"[0m
2026-03-01T10:52:07.0216063Z [36;1mfi[0m
2026-03-01T10:52:07.0216257Z [36;1mecho "CC_FORK=$CC_FORK" >> "$GITHUB_ENV"[0m
2026-03-01T10:52:07.0260773Z shell: /usr/bin/bash --noprofile --norc -e -o pipefail {0}
2026-03-01T10:52:07.0261093Z env:
2026-03-01T10:52:07.0261260Z   DOTNET_ROOT: /usr/share/dotnet
2026-03-01T10:52:07.0261504Z   GITHUB_EVENT_PULL_REQUEST_HEAD_LABEL: 
2026-03-01T10:52:07.0261787Z   GITHUB_EVENT_PULL_REQUEST_HEAD_REPO_FULL_NAME: 
2026-03-01T10:52:07.0262065Z   GITHUB_REPOSITORY: pkinerd/hpoll
2026-03-01T10:52:07.0262288Z ##[endgroup]
2026-03-01T10:52:07.0625042Z ##[group]Run actions/github-script@v7
2026-03-01T10:52:07.0633283Z with:
2026-03-01T10:52:07.0634081Z   script: if (process.env.CC_USE_OIDC === 'true' && process.env.CC_FORK != 'true') {
  const id_token = await core.getIDToken(process.env.CC_OIDC_AUDIENCE)
  return id_token
}

2026-03-01T10:52:07.0634943Z   github-token: ***
2026-03-01T10:52:07.0635140Z   debug: false
2026-03-01T10:52:07.0635327Z   user-agent: actions/github-script
2026-03-01T10:52:07.0635575Z   result-encoding: json
2026-03-01T10:52:07.0635845Z   retries: 0
2026-03-01T10:52:07.0636304Z   retry-exempt-status-codes: 400,401,403,404,422
2026-03-01T10:52:07.0636575Z env:
2026-03-01T10:52:07.0636877Z   DOTNET_ROOT: /usr/share/dotnet
2026-03-01T10:52:07.0637099Z   CC_FORK: false
2026-03-01T10:52:07.0637303Z   CC_OIDC_AUDIENCE: https://codecov.io
2026-03-01T10:52:07.0637553Z   CC_USE_OIDC: false
2026-03-01T10:52:07.0637763Z ##[endgroup]
2026-03-01T10:52:07.1674267Z ##[group]Run if [ "false" == 'true' ] && [ "$CC_FORK" != 'true' ];
2026-03-01T10:52:07.1674681Z [36;1mif [ "false" == 'true' ] && [ "$CC_FORK" != 'true' ];[0m
2026-03-01T10:52:07.1674961Z [36;1mthen[0m
2026-03-01T10:52:07.1675186Z [36;1m  echo "CC_TOKEN=$CC_OIDC_TOKEN" >> "$GITHUB_ENV"[0m
2026-03-01T10:52:07.1675474Z [36;1melif [ -n "" ];[0m
2026-03-01T10:52:07.1675662Z [36;1mthen[0m
2026-03-01T10:52:07.1675885Z [36;1m  echo -e "\033[0;32m==>\033[0m Token set from env"[0m
2026-03-01T10:52:07.1676181Z [36;1m    echo "CC_TOKEN=" >> "$GITHUB_ENV"[0m
2026-03-01T10:52:07.1676420Z [36;1melse[0m
2026-03-01T10:52:07.1676718Z [36;1m  if [ -n "***" ];[0m
2026-03-01T10:52:07.1676915Z [36;1m  then[0m
2026-03-01T10:52:07.1677159Z [36;1m    echo -e "\033[0;32m==>\033[0m Token set from input"[0m
2026-03-01T10:52:07.1677578Z [36;1m    CC_TOKEN=$(echo "***" | tr -d '\n')[0m
2026-03-01T10:52:07.1677870Z [36;1m    echo "CC_TOKEN=$CC_TOKEN" >> "$GITHUB_ENV"[0m
2026-03-01T10:52:07.1678127Z [36;1m  fi[0m
2026-03-01T10:52:07.1678286Z [36;1mfi[0m
2026-03-01T10:52:07.1728392Z shell: /usr/bin/bash --noprofile --norc -e -o pipefail {0}
2026-03-01T10:52:07.1728713Z env:
2026-03-01T10:52:07.1728889Z   DOTNET_ROOT: /usr/share/dotnet
2026-03-01T10:52:07.1729111Z   CC_FORK: false
2026-03-01T10:52:07.1729288Z   CC_OIDC_TOKEN: 
2026-03-01T10:52:07.1729501Z   CC_OIDC_AUDIENCE: https://codecov.io
2026-03-01T10:52:07.1729739Z ##[endgroup]
2026-03-01T10:52:07.1799407Z [0;32m==>[0m Token set from input
2026-03-01T10:52:07.1894450Z ##[group]Run if [ -z "$CC_BRANCH" ] && [ -z "$CC_TOKEN" ] && [ "$CC_FORK" == 'true' ]
2026-03-01T10:52:07.1894943Z [36;1mif [ -z "$CC_BRANCH" ] && [ -z "$CC_TOKEN" ] && [ "$CC_FORK" == 'true' ][0m
2026-03-01T10:52:07.1895286Z [36;1mthen[0m
2026-03-01T10:52:07.1895665Z [36;1m  echo -e "\033[0;32m==>\033[0m Fork detected, setting branch to $GITHUB_EVENT_PULL_REQUEST_HEAD_LABEL"[0m
2026-03-01T10:52:07.1896160Z [36;1m  TOKENLESS="$GITHUB_EVENT_PULL_REQUEST_HEAD_LABEL"[0m
2026-03-01T10:52:07.1896513Z [36;1m  CC_BRANCH="$GITHUB_EVENT_PULL_REQUEST_HEAD_LABEL"[0m
2026-03-01T10:52:07.1896858Z [36;1m  echo "TOKENLESS=$TOKENLESS" >> "$GITHUB_ENV"[0m
2026-03-01T10:52:07.1897121Z [36;1mfi[0m
2026-03-01T10:52:07.1897280Z [36;1m[0m
2026-03-01T10:52:07.1897476Z [36;1mecho "CC_BRANCH=$CC_BRANCH" >> "$GITHUB_ENV"[0m
2026-03-01T10:52:07.1943934Z shell: /usr/bin/bash --noprofile --norc -e -o pipefail {0}
2026-03-01T10:52:07.1944264Z env:
2026-03-01T10:52:07.1944441Z   DOTNET_ROOT: /usr/share/dotnet
2026-03-01T10:52:07.1944668Z   CC_FORK: false
2026-03-01T10:52:07.1944936Z   CC_TOKEN: ***
2026-03-01T10:52:07.1945116Z   CC_BRANCH: 
2026-03-01T10:52:07.1945313Z   GITHUB_EVENT_PULL_REQUEST_HEAD_LABEL: 
2026-03-01T10:52:07.1945607Z   GITHUB_EVENT_PULL_REQUEST_HEAD_REPO_FULL_NAME: 
2026-03-01T10:52:07.1945893Z   GITHUB_REPOSITORY: pkinerd/hpoll
2026-03-01T10:52:07.1946121Z ##[endgroup]
2026-03-01T10:52:07.2123423Z ##[group]Run if [ -z "$CC_SHA" ];
2026-03-01T10:52:07.2123682Z [36;1mif [ -z "$CC_SHA" ];[0m
2026-03-01T10:52:07.2124042Z [36;1mthen[0m
2026-03-01T10:52:07.2124265Z [36;1m  CC_SHA="$GITHUB_EVENT_PULL_REQUEST_HEAD_SHA"[0m
2026-03-01T10:52:07.2124547Z [36;1mfi[0m
2026-03-01T10:52:07.2124816Z [36;1mif [ -z "$CC_PR" ] && [ "${GITHUB_EVENT_NAME}" == "pull_request_target" ];[0m
2026-03-01T10:52:07.2125146Z [36;1mthen[0m
2026-03-01T10:52:07.2125335Z [36;1m  CC_PR="$GITHUB_EVENT_NUMBER"[0m
2026-03-01T10:52:07.2125570Z [36;1mfi[0m
2026-03-01T10:52:07.2125719Z [36;1m[0m
2026-03-01T10:52:07.2125909Z [36;1mecho "CC_SHA=$CC_SHA" >> "$GITHUB_ENV"[0m
2026-03-01T10:52:07.2126185Z [36;1mecho "CC_PR=$CC_PR" >> "$GITHUB_ENV"[0m
2026-03-01T10:52:07.2170753Z shell: /usr/bin/bash --noprofile --norc -e -o pipefail {0}
2026-03-01T10:52:07.2171190Z env:
2026-03-01T10:52:07.2171363Z   DOTNET_ROOT: /usr/share/dotnet
2026-03-01T10:52:07.2171580Z   CC_FORK: false
2026-03-01T10:52:07.2171840Z   CC_TOKEN: ***
2026-03-01T10:52:07.2172016Z   CC_BRANCH: 
2026-03-01T10:52:07.2172170Z   CC_PR: 
2026-03-01T10:52:07.2172317Z   CC_SHA: 
2026-03-01T10:52:07.2172476Z   GITHUB_EVENT_NAME: push
2026-03-01T10:52:07.2172681Z   GITHUB_EVENT_NUMBER: 
2026-03-01T10:52:07.2172887Z   GITHUB_EVENT_PULL_REQUEST_HEAD_SHA: 
2026-03-01T10:52:07.2173115Z ##[endgroup]
2026-03-01T10:52:07.2334437Z ##[group]Run ${GITHUB_ACTION_PATH}/dist/codecov.sh
2026-03-01T10:52:07.2334783Z [36;1m${GITHUB_ACTION_PATH}/dist/codecov.sh[0m
2026-03-01T10:52:07.2379059Z shell: /usr/bin/bash --noprofile --norc -e -o pipefail {0}
2026-03-01T10:52:07.2379372Z env:
2026-03-01T10:52:07.2379549Z   DOTNET_ROOT: /usr/share/dotnet
2026-03-01T10:52:07.2379782Z   CC_FORK: false
2026-03-01T10:52:07.2380062Z   CC_TOKEN: ***
2026-03-01T10:52:07.2380238Z   CC_BRANCH: 
2026-03-01T10:52:07.2380395Z   CC_SHA: 
2026-03-01T10:52:07.2380554Z   CC_PR: 
2026-03-01T10:52:07.2380706Z   CC_BASE_SHA: 
2026-03-01T10:52:07.2380860Z   CC_BINARY: 
2026-03-01T10:52:07.2381017Z   CC_BUILD: 
2026-03-01T10:52:07.2381170Z   CC_BUILD_URL: 
2026-03-01T10:52:07.2381336Z   CC_CODE: 
2026-03-01T10:52:07.2381496Z   CC_DIR: TestResults
2026-03-01T10:52:07.2381689Z   CC_DISABLE_FILE_FIXES: false
2026-03-01T10:52:07.2381908Z   CC_DISABLE_SEARCH: false
2026-03-01T10:52:07.2382105Z   CC_DISABLE_TELEM: false
2026-03-01T10:52:07.2382299Z   CC_DRY_RUN: false
2026-03-01T10:52:07.2382476Z   CC_ENTERPRISE_URL: 
2026-03-01T10:52:07.2382651Z   CC_ENV: 
2026-03-01T10:52:07.2382803Z   CC_EXCLUDES: 
2026-03-01T10:52:07.2382972Z   CC_FAIL_ON_ERROR: false
2026-03-01T10:52:07.2383162Z   CC_FILES: 
2026-03-01T10:52:07.2383317Z   CC_FLAGS: 
2026-03-01T10:52:07.2383464Z   CC_FORCE: 
2026-03-01T10:52:07.2383616Z   CC_GCOV_ARGS: 
2026-03-01T10:52:07.2384027Z   CC_GCOV_EXECUTABLE: gcov
2026-03-01T10:52:07.2384343Z   CC_GCOV_IGNORE: 
2026-03-01T10:52:07.2384524Z   CC_GCOV_INCLUDE: 
2026-03-01T10:52:07.2384697Z   CC_GIT_SERVICE: github
2026-03-01T10:52:07.2384909Z   CC_HANDLE_NO_REPORTS_FOUND: false
2026-03-01T10:52:07.2385127Z   CC_JOB_CODE: 
2026-03-01T10:52:07.2385295Z   CC_LEGACY: false
2026-03-01T10:52:07.2385465Z   CC_NAME: 
2026-03-01T10:52:07.2385616Z   CC_NETWORK_FILTER: 
2026-03-01T10:52:07.2385799Z   CC_NETWORK_PREFIX: 
2026-03-01T10:52:07.2385990Z   CC_NETWORK_ROOT_FOLDER: 
2026-03-01T10:52:07.2386183Z   CC_OS: 
2026-03-01T10:52:07.2386337Z   CC_PARENT_SHA: 
2026-03-01T10:52:07.2386502Z   CC_PLUGINS: 
2026-03-01T10:52:07.2386679Z   CC_RECURSE_SUBMODULES: false
2026-03-01T10:52:07.2386890Z   CC_REPORT_TYPE: 
2026-03-01T10:52:07.2387069Z   CC_RUN_CMD: upload-coverage
2026-03-01T10:52:07.2387280Z   CC_SERVICE: github
2026-03-01T10:52:07.2387460Z   CC_SKIP_VALIDATION: false
2026-03-01T10:52:07.2387653Z   CC_SLUG: 
2026-03-01T10:52:07.2387813Z   CC_SWIFT_PROJECT: 
2026-03-01T10:52:07.2387986Z   CC_USE_PYPI: false
2026-03-01T10:52:07.2388158Z   CC_VERBOSE: false
2026-03-01T10:52:07.2388329Z   CC_VERSION: latest
2026-03-01T10:52:07.2388504Z   CC_YML_PATH: 
2026-03-01T10:52:07.2388672Z ##[endgroup]
2026-03-01T10:52:07.2478620Z      _____          _
2026-03-01T10:52:07.2478973Z     / ____|        | |
2026-03-01T10:52:07.2479303Z    | |     ___   __| | ___  ___ _____   __
2026-03-01T10:52:07.2479709Z    | |    / _ \ / _` |/ _ \/ __/ _ \ \ / /
2026-03-01T10:52:07.2479981Z    | |___| (_) | (_| |  __/ (_| (_) \ V /
2026-03-01T10:52:07.2480222Z     \_____\___/ \__,_|\___|\___\___/ \_/
2026-03-01T10:52:07.2480703Z                            [0;31m Wrapper-0.2.1[0m
2026-03-01T10:52:07.2481006Z                                   
2026-03-01T10:52:07.2539361Z [0;32m==>[0m Detected [0;36mlinux[0m
2026-03-01T10:52:07.2540231Z [0;32m ->[0m Downloading [0;36mhttps://cli.codecov.io/latest/linux/codecov[0m
2026-03-01T10:52:07.2593737Z   % Total    % Received % Xferd  Average Speed   Time    Time     Time  Current
2026-03-01T10:52:07.2594901Z                                  Dload  Upload   Total   Spent    Left  Speed
2026-03-01T10:52:07.2595483Z 
2026-03-01T10:52:07.4091333Z   0     0    0     0    0     0      0      0 --:--:-- --:--:-- --:--:--     0
2026-03-01T10:52:07.4092077Z 100 10.6M  100 10.6M    0     0  71.0M      0 --:--:-- --:--:-- --:--:-- 71.4M
2026-03-01T10:52:07.4123525Z [0;32m==>[0m Finishing downloading [0;36mlinux:latest[0m
2026-03-01T10:52:07.4593412Z       Version: [0;36mv11.2.6[0m
2026-03-01T10:52:07.4594078Z  
2026-03-01T10:52:07.7104845Z gpg: directory '/home/runner/.gnupg' created
2026-03-01T10:52:07.7108723Z gpg: keybox '/home/runner/.gnupg/pubring.kbx' created
2026-03-01T10:52:07.7129686Z gpg: /home/runner/.gnupg/trustdb.gpg: trustdb created
2026-03-01T10:52:07.7130742Z gpg: key 806BB28AED779869: public key "Codecov Uploader (Codecov Uploader Verification Key) <security@codecov.io>" imported
2026-03-01T10:52:07.7291214Z gpg: Total number processed: 1
2026-03-01T10:52:07.7291681Z gpg:               imported: 1
2026-03-01T10:52:07.7297758Z [0;32m==>[0m Verifying GPG signature integrity
2026-03-01T10:52:07.7298785Z [0;32m ->[0m Downloading [0;36mhttps://cli.codecov.io/latest/linux/codecov.SHA256SUM[0m
2026-03-01T10:52:07.7300509Z [0;32m ->[0m Downloading [0;36mhttps://cli.codecov.io/latest/linux/codecov.SHA256SUM.sig[0m
2026-03-01T10:52:07.7301328Z  
2026-03-01T10:52:07.8148597Z gpg: Signature made Fri Dec  5 15:31:48 2025 UTC
2026-03-01T10:52:07.8149335Z gpg:                using RSA key 27034E7FDB850E0BBC2C62FF806BB28AED779869
2026-03-01T10:52:07.8152090Z gpg: Good signature from "Codecov Uploader (Codecov Uploader Verification Key) <security@codecov.io>" [unknown]
2026-03-01T10:52:07.8153116Z gpg: WARNING: This key is not certified with a trusted signature!
2026-03-01T10:52:07.8154059Z gpg:          There is no indication that the signature belongs to the owner.
2026-03-01T10:52:07.8154916Z Primary key fingerprint: 2703 4E7F DB85 0E0B BC2C  62FF 806B B28A ED77 9869
2026-03-01T10:52:07.8807233Z codecov: OK
2026-03-01T10:52:07.8817380Z [0;32m==>[0m CLI integrity verified
2026-03-01T10:52:07.8817730Z 
2026-03-01T10:52:07.8905155Z [0;32m ->[0m Token of length 36 detected
2026-03-01T10:52:07.9507873Z [0;32m==>[0m Running upload-coverage
2026-03-01T10:52:07.9518548Z       [0;36m./codecov  upload-coverage -t <redacted> --git-service github --dir TestResults --gcov-executable gcov[0m
2026-03-01T10:52:08.3053578Z info - 2026-03-01 10:52:08,305 -- ci service found: github-actions
2026-03-01T10:52:08.3498668Z warning - 2026-03-01 10:52:08,349 -- xcrun is not installed or can't be found.
2026-03-01T10:52:08.3508806Z warning - 2026-03-01 10:52:08,350 -- No gcov data found.
2026-03-01T10:52:08.3512303Z warning - 2026-03-01 10:52:08,351 -- coverage.py is not installed or can't be found.
2026-03-01T10:52:08.3688561Z info - 2026-03-01 10:52:08,368 -- Found 3 coverage files to report
2026-03-01T10:52:08.3689676Z info - 2026-03-01 10:52:08,368 -- > TestResults/42fe7557-9886-476e-a20f-499ec2eca6e2/coverage.cobertura.xml
2026-03-01T10:52:08.3690914Z info - 2026-03-01 10:52:08,368 -- > TestResults/a8942380-daf8-4fbd-b461-f130e95123b7/coverage.cobertura.xml
2026-03-01T10:52:08.3692237Z info - 2026-03-01 10:52:08,369 -- > TestResults/292c9b98-5057-4974-81ce-d047272ed7d2/coverage.cobertura.xml
2026-03-01T10:52:08.7990692Z info - 2026-03-01 10:52:08,798 -- Your upload is now processing. When finished, results will be available at: https://app.codecov.io/github/pkinerd/hpoll/commit/e9c56e973f8b91b91c0a708922821dc6d58b4d87
2026-03-01T10:52:09.0544739Z info - 2026-03-01 10:52:09,054 -- Process Upload complete
2026-03-01T10:52:09.2752102Z ##[group]Run codecov/codecov-action@18283e04ce6e62d37312384ff67231eb8fd56d24
2026-03-01T10:52:09.2752491Z with:
2026-03-01T10:52:09.2752765Z   token: ***
2026-03-01T10:52:09.2752949Z   files: TestResults/*.junit.xml
2026-03-01T10:52:09.2753175Z   report_type: test_results
2026-03-01T10:52:09.2753391Z   fail_ci_if_error: false
2026-03-01T10:52:09.2753591Z   disable_file_fixes: false
2026-03-01T10:52:09.2754012Z   disable_search: false
2026-03-01T10:52:09.2754427Z   disable_safe_directory: false
2026-03-01T10:52:09.2754638Z   disable_telem: false
2026-03-01T10:52:09.2754824Z   dry_run: false
2026-03-01T10:52:09.2755009Z   git_service: github
2026-03-01T10:52:09.2755211Z   gcov_executable: gcov
2026-03-01T10:52:09.2755413Z   handle_no_reports_found: false
2026-03-01T10:52:09.2755635Z   recurse_submodules: false
2026-03-01T10:52:09.2755848Z   run_command: upload-coverage
2026-03-01T10:52:09.2756063Z   skip_validation: false
2026-03-01T10:52:09.2756304Z   use_legacy_upload_endpoint: false
2026-03-01T10:52:09.2756527Z   use_oidc: false
2026-03-01T10:52:09.2756699Z   use_pypi: false
2026-03-01T10:52:09.2756870Z   verbose: false
2026-03-01T10:52:09.2757030Z   version: latest
2026-03-01T10:52:09.2757199Z env:
2026-03-01T10:52:09.2757360Z   DOTNET_ROOT: /usr/share/dotnet
2026-03-01T10:52:09.2757572Z   CC_FORK: false
2026-03-01T10:52:09.2757788Z   CC_TOKEN: ***
2026-03-01T10:52:09.2757950Z   CC_BRANCH: 
2026-03-01T10:52:09.2758108Z   CC_SHA: 
2026-03-01T10:52:09.2758258Z   CC_PR: 
2026-03-01T10:52:09.2758412Z ##[endgroup]
2026-03-01T10:52:09.2826853Z ##[group]Run CC_ACTION_VERSION=$(cat ${GITHUB_ACTION_PATH}/src/version)
2026-03-01T10:52:09.2827303Z [36;1mCC_ACTION_VERSION=$(cat ${GITHUB_ACTION_PATH}/src/version)[0m
2026-03-01T10:52:09.2827726Z [36;1mecho -e "\033[0;32m==>\033[0m Running Action version $CC_ACTION_VERSION"[0m
2026-03-01T10:52:09.2876447Z shell: /usr/bin/bash --noprofile --norc -e -o pipefail {0}
2026-03-01T10:52:09.2876763Z env:
2026-03-01T10:52:09.2876947Z   DOTNET_ROOT: /usr/share/dotnet
2026-03-01T10:52:09.2877178Z   CC_FORK: false
2026-03-01T10:52:09.2877449Z   CC_TOKEN: ***
2026-03-01T10:52:09.2877618Z   CC_BRANCH: 
2026-03-01T10:52:09.2877781Z   CC_SHA: 
2026-03-01T10:52:09.2877923Z   CC_PR: 
2026-03-01T10:52:09.2878075Z ##[endgroup]
2026-03-01T10:52:09.2963505Z [0;32m==>[0m Running Action version 5.4.3
2026-03-01T10:52:09.3077361Z ##[group]Run git config --global --add safe.directory "/home/runner/work/hpoll/hpoll"
2026-03-01T10:52:09.3077949Z [36;1mgit config --global --add safe.directory "/home/runner/work/hpoll/hpoll"[0m
2026-03-01T10:52:09.3078416Z [36;1mgit config --global --add safe.directory "$GITHUB_WORKSPACE"[0m
2026-03-01T10:52:09.3127431Z shell: /usr/bin/bash --noprofile --norc -e -o pipefail {0}
2026-03-01T10:52:09.3127920Z env:
2026-03-01T10:52:09.3128174Z   DOTNET_ROOT: /usr/share/dotnet
2026-03-01T10:52:09.3128516Z   CC_FORK: false
2026-03-01T10:52:09.3128918Z   CC_TOKEN: ***
2026-03-01T10:52:09.3129208Z   CC_BRANCH: 
2026-03-01T10:52:09.3129405Z   CC_SHA: 
2026-03-01T10:52:09.3129555Z   CC_PR: 
2026-03-01T10:52:09.3129775Z ##[endgroup]
2026-03-01T10:52:09.3312096Z ##[group]Run CC_FORK="false"
2026-03-01T10:52:09.3312347Z [36;1mCC_FORK="false"[0m
2026-03-01T10:52:09.3312873Z [36;1mif [ -n "$GITHUB_EVENT_PULL_REQUEST_HEAD_REPO_FULL_NAME" ] && [ "$GITHUB_EVENT_PULL_REQUEST_HEAD_REPO_FULL_NAME" != "$GITHUB_REPOSITORY" ];[0m
2026-03-01T10:52:09.3313443Z [36;1mthen[0m
2026-03-01T10:52:09.3313656Z [36;1m  echo -e "\033[0;32m==>\033[0m Fork detected"[0m
2026-03-01T10:52:09.3314319Z [36;1m  CC_FORK="true"[0m
2026-03-01T10:52:09.3314593Z [36;1mfi[0m
2026-03-01T10:52:09.3314787Z [36;1mecho "CC_FORK=$CC_FORK" >> "$GITHUB_ENV"[0m
2026-03-01T10:52:09.3362213Z shell: /usr/bin/bash --noprofile --norc -e -o pipefail {0}
2026-03-01T10:52:09.3362523Z env:
2026-03-01T10:52:09.3362699Z   DOTNET_ROOT: /usr/share/dotnet
2026-03-01T10:52:09.3362919Z   CC_FORK: false
2026-03-01T10:52:09.3363190Z   CC_TOKEN: ***
2026-03-01T10:52:09.3363368Z   CC_BRANCH: 
2026-03-01T10:52:09.3363731Z   CC_SHA: 
2026-03-01T10:52:09.3364060Z   CC_PR: 
2026-03-01T10:52:09.3364231Z   GITHUB_EVENT_PULL_REQUEST_HEAD_LABEL: 
2026-03-01T10:52:09.3364512Z   GITHUB_EVENT_PULL_REQUEST_HEAD_REPO_FULL_NAME: 
2026-03-01T10:52:09.3364794Z   GITHUB_REPOSITORY: pkinerd/hpoll
2026-03-01T10:52:09.3365016Z ##[endgroup]
2026-03-01T10:52:09.3675900Z ##[group]Run actions/github-script@v7
2026-03-01T10:52:09.3676142Z with:
2026-03-01T10:52:09.3676712Z   script: if (process.env.CC_USE_OIDC === 'true' && process.env.CC_FORK != 'true') {
  const id_token = await core.getIDToken(process.env.CC_OIDC_AUDIENCE)
  return id_token
}

2026-03-01T10:52:09.3677697Z   github-token: ***
2026-03-01T10:52:09.3677883Z   debug: false
2026-03-01T10:52:09.3678075Z   user-agent: actions/github-script
2026-03-01T10:52:09.3678311Z   result-encoding: json
2026-03-01T10:52:09.3678504Z   retries: 0
2026-03-01T10:52:09.3678707Z   retry-exempt-status-codes: 400,401,403,404,422
2026-03-01T10:52:09.3678963Z env:
2026-03-01T10:52:09.3679141Z   DOTNET_ROOT: /usr/share/dotnet
2026-03-01T10:52:09.3679357Z   CC_FORK: false
2026-03-01T10:52:09.3679560Z   CC_TOKEN: ***
2026-03-01T10:52:09.3679728Z   CC_BRANCH: 
2026-03-01T10:52:09.3679884Z   CC_SHA: 
2026-03-01T10:52:09.3680040Z   CC_PR: 
2026-03-01T10:52:09.3680223Z   CC_OIDC_AUDIENCE: https://codecov.io
2026-03-01T10:52:09.3680460Z   CC_USE_OIDC: false
2026-03-01T10:52:09.3680645Z ##[endgroup]
2026-03-01T10:52:09.4695484Z ##[group]Run if [ "false" == 'true' ] && [ "$CC_FORK" != 'true' ];
2026-03-01T10:52:09.4695932Z [36;1mif [ "false" == 'true' ] && [ "$CC_FORK" != 'true' ];[0m
2026-03-01T10:52:09.4696215Z [36;1mthen[0m
2026-03-01T10:52:09.4696442Z [36;1m  echo "CC_TOKEN=$CC_OIDC_TOKEN" >> "$GITHUB_ENV"[0m
2026-03-01T10:52:09.4696729Z [36;1melif [ -n "" ];[0m
2026-03-01T10:52:09.4696925Z [36;1mthen[0m
2026-03-01T10:52:09.4697147Z [36;1m  echo -e "\033[0;32m==>\033[0m Token set from env"[0m
2026-03-01T10:52:09.4697444Z [36;1m    echo "CC_TOKEN=" >> "$GITHUB_ENV"[0m
2026-03-01T10:52:09.4697701Z [36;1melse[0m
2026-03-01T10:52:09.4697994Z [36;1m  if [ -n "***" ];[0m
2026-03-01T10:52:09.4698191Z [36;1m  then[0m
2026-03-01T10:52:09.4698421Z [36;1m    echo -e "\033[0;32m==>\033[0m Token set from input"[0m
2026-03-01T10:52:09.4698826Z [36;1m    CC_TOKEN=$(echo "***" | tr -d '\n')[0m
2026-03-01T10:52:09.4699129Z [36;1m    echo "CC_TOKEN=$CC_TOKEN" >> "$GITHUB_ENV"[0m
2026-03-01T10:52:09.4699397Z [36;1m  fi[0m
2026-03-01T10:52:09.4699567Z [36;1mfi[0m
2026-03-01T10:52:09.4747453Z shell: /usr/bin/bash --noprofile --norc -e -o pipefail {0}
2026-03-01T10:52:09.4747765Z env:
2026-03-01T10:52:09.4747944Z   DOTNET_ROOT: /usr/share/dotnet
2026-03-01T10:52:09.4748165Z   CC_FORK: false
2026-03-01T10:52:09.4748419Z   CC_TOKEN: ***
2026-03-01T10:52:09.4748588Z   CC_BRANCH: 
2026-03-01T10:52:09.4748739Z   CC_SHA: 
2026-03-01T10:52:09.4748893Z   CC_PR: 
2026-03-01T10:52:09.4749042Z   CC_OIDC_TOKEN: 
2026-03-01T10:52:09.4749244Z   CC_OIDC_AUDIENCE: https://codecov.io
2026-03-01T10:52:09.4749506Z ##[endgroup]
2026-03-01T10:52:09.4818051Z [0;32m==>[0m Token set from input
2026-03-01T10:52:09.4912562Z ##[group]Run if [ -z "$CC_BRANCH" ] && [ -z "$CC_TOKEN" ] && [ "$CC_FORK" == 'true' ]
2026-03-01T10:52:09.4913056Z [36;1mif [ -z "$CC_BRANCH" ] && [ -z "$CC_TOKEN" ] && [ "$CC_FORK" == 'true' ][0m
2026-03-01T10:52:09.4913390Z [36;1mthen[0m
2026-03-01T10:52:09.4913958Z [36;1m  echo -e "\033[0;32m==>\033[0m Fork detected, setting branch to $GITHUB_EVENT_PULL_REQUEST_HEAD_LABEL"[0m
2026-03-01T10:52:09.4914491Z [36;1m  TOKENLESS="$GITHUB_EVENT_PULL_REQUEST_HEAD_LABEL"[0m
2026-03-01T10:52:09.4914843Z [36;1m  CC_BRANCH="$GITHUB_EVENT_PULL_REQUEST_HEAD_LABEL"[0m
2026-03-01T10:52:09.4915172Z [36;1m  echo "TOKENLESS=$TOKENLESS" >> "$GITHUB_ENV"[0m
2026-03-01T10:52:09.4915444Z [36;1mfi[0m
2026-03-01T10:52:09.4915604Z [36;1m[0m
2026-03-01T10:52:09.4915821Z [36;1mecho "CC_BRANCH=$CC_BRANCH" >> "$GITHUB_ENV"[0m
2026-03-01T10:52:09.4961244Z shell: /usr/bin/bash --noprofile --norc -e -o pipefail {0}
2026-03-01T10:52:09.4961733Z env:
2026-03-01T10:52:09.4961919Z   DOTNET_ROOT: /usr/share/dotnet
2026-03-01T10:52:09.4962172Z   CC_FORK: false
2026-03-01T10:52:09.4962440Z   CC_TOKEN: ***
2026-03-01T10:52:09.4962622Z   CC_BRANCH: 
2026-03-01T10:52:09.4962791Z   CC_SHA: 
2026-03-01T10:52:09.4962941Z   CC_PR: 
2026-03-01T10:52:09.4963116Z   GITHUB_EVENT_PULL_REQUEST_HEAD_LABEL: 
2026-03-01T10:52:09.4963391Z   GITHUB_EVENT_PULL_REQUEST_HEAD_REPO_FULL_NAME: 
2026-03-01T10:52:09.4963974Z   GITHUB_REPOSITORY: pkinerd/hpoll
2026-03-01T10:52:09.4964208Z ##[endgroup]
2026-03-01T10:52:09.5102813Z ##[group]Run if [ -z "$CC_SHA" ];
2026-03-01T10:52:09.5103075Z [36;1mif [ -z "$CC_SHA" ];[0m
2026-03-01T10:52:09.5103286Z [36;1mthen[0m
2026-03-01T10:52:09.5103510Z [36;1m  CC_SHA="$GITHUB_EVENT_PULL_REQUEST_HEAD_SHA"[0m
2026-03-01T10:52:09.5103975Z [36;1mfi[0m
2026-03-01T10:52:09.5104253Z [36;1mif [ -z "$CC_PR" ] && [ "${GITHUB_EVENT_NAME}" == "pull_request_target" ];[0m
2026-03-01T10:52:09.5104582Z [36;1mthen[0m
2026-03-01T10:52:09.5104781Z [36;1m  CC_PR="$GITHUB_EVENT_NUMBER"[0m
2026-03-01T10:52:09.5105010Z [36;1mfi[0m
2026-03-01T10:52:09.5105169Z [36;1m[0m
2026-03-01T10:52:09.5105365Z [36;1mecho "CC_SHA=$CC_SHA" >> "$GITHUB_ENV"[0m
2026-03-01T10:52:09.5105646Z [36;1mecho "CC_PR=$CC_PR" >> "$GITHUB_ENV"[0m
2026-03-01T10:52:09.5149146Z shell: /usr/bin/bash --noprofile --norc -e -o pipefail {0}
2026-03-01T10:52:09.5149462Z env:
2026-03-01T10:52:09.5149638Z   DOTNET_ROOT: /usr/share/dotnet
2026-03-01T10:52:09.5149876Z   CC_FORK: false
2026-03-01T10:52:09.5150163Z   CC_TOKEN: ***
2026-03-01T10:52:09.5150350Z   CC_BRANCH: 
2026-03-01T10:52:09.5150524Z   CC_SHA: 
2026-03-01T10:52:09.5150678Z   CC_PR: 
2026-03-01T10:52:09.5150852Z   GITHUB_EVENT_NAME: push
2026-03-01T10:52:09.5151071Z   GITHUB_EVENT_NUMBER: 
2026-03-01T10:52:09.5151292Z   GITHUB_EVENT_PULL_REQUEST_HEAD_SHA: 
2026-03-01T10:52:09.5151548Z ##[endgroup]
2026-03-01T10:52:09.5323621Z ##[group]Run ${GITHUB_ACTION_PATH}/dist/codecov.sh
2026-03-01T10:52:09.5324200Z [36;1m${GITHUB_ACTION_PATH}/dist/codecov.sh[0m
2026-03-01T10:52:09.5369959Z shell: /usr/bin/bash --noprofile --norc -e -o pipefail {0}
2026-03-01T10:52:09.5370272Z env:
2026-03-01T10:52:09.5370449Z   DOTNET_ROOT: /usr/share/dotnet
2026-03-01T10:52:09.5370670Z   CC_FORK: false
2026-03-01T10:52:09.5370954Z   CC_TOKEN: ***
2026-03-01T10:52:09.5371132Z   CC_BRANCH: 
2026-03-01T10:52:09.5371291Z   CC_SHA: 
2026-03-01T10:52:09.5371441Z   CC_PR: 
2026-03-01T10:52:09.5371606Z   CC_BASE_SHA: 
2026-03-01T10:52:09.5371763Z   CC_BINARY: 
2026-03-01T10:52:09.5371920Z   CC_BUILD: 
2026-03-01T10:52:09.5372072Z   CC_BUILD_URL: 
2026-03-01T10:52:09.5372237Z   CC_CODE: 
2026-03-01T10:52:09.5372388Z   CC_DIR: 
2026-03-01T10:52:09.5372546Z   CC_DISABLE_FILE_FIXES: false
2026-03-01T10:52:09.5372765Z   CC_DISABLE_SEARCH: false
2026-03-01T10:52:09.5372966Z   CC_DISABLE_TELEM: false
2026-03-01T10:52:09.5373159Z   CC_DRY_RUN: false
2026-03-01T10:52:09.5373335Z   CC_ENTERPRISE_URL: 
2026-03-01T10:52:09.5373525Z   CC_ENV: 
2026-03-01T10:52:09.5373695Z   CC_EXCLUDES: 
2026-03-01T10:52:09.5374065Z   CC_FAIL_ON_ERROR: false
2026-03-01T10:52:09.5374279Z   CC_FILES: TestResults/*.junit.xml
2026-03-01T10:52:09.5374503Z   CC_FLAGS: 
2026-03-01T10:52:09.5374653Z   CC_FORCE: 
2026-03-01T10:52:09.5374806Z   CC_GCOV_ARGS: 
2026-03-01T10:52:09.5374978Z   CC_GCOV_EXECUTABLE: gcov
2026-03-01T10:52:09.5375173Z   CC_GCOV_IGNORE: 
2026-03-01T10:52:09.5375343Z   CC_GCOV_INCLUDE: 
2026-03-01T10:52:09.5375522Z   CC_GIT_SERVICE: github
2026-03-01T10:52:09.5375725Z   CC_HANDLE_NO_REPORTS_FOUND: false
2026-03-01T10:52:09.5375942Z   CC_JOB_CODE: 
2026-03-01T10:52:09.5376102Z   CC_LEGACY: false
2026-03-01T10:52:09.5376267Z   CC_NAME: 
2026-03-01T10:52:09.5376418Z   CC_NETWORK_FILTER: 
2026-03-01T10:52:09.5376598Z   CC_NETWORK_PREFIX: 
2026-03-01T10:52:09.5376782Z   CC_NETWORK_ROOT_FOLDER: 
2026-03-01T10:52:09.5376965Z   CC_OS: 
2026-03-01T10:52:09.5377118Z   CC_PARENT_SHA: 
2026-03-01T10:52:09.5377281Z   CC_PLUGINS: 
2026-03-01T10:52:09.5377622Z   CC_RECURSE_SUBMODULES: false
2026-03-01T10:52:09.5377847Z   CC_REPORT_TYPE: test_results
2026-03-01T10:52:09.5378061Z   CC_RUN_CMD: upload-coverage
2026-03-01T10:52:09.5378267Z   CC_SERVICE: github
2026-03-01T10:52:09.5378449Z   CC_SKIP_VALIDATION: false
2026-03-01T10:52:09.5378646Z   CC_SLUG: 
2026-03-01T10:52:09.5378803Z   CC_SWIFT_PROJECT: 
2026-03-01T10:52:09.5378976Z   CC_USE_PYPI: false
2026-03-01T10:52:09.5379148Z   CC_VERBOSE: false
2026-03-01T10:52:09.5379449Z   CC_VERSION: latest
2026-03-01T10:52:09.5379619Z   CC_YML_PATH: 
2026-03-01T10:52:09.5379785Z ##[endgroup]
2026-03-01T10:52:09.5471988Z      _____          _
2026-03-01T10:52:09.5472334Z     / ____|        | |
2026-03-01T10:52:09.5472667Z    | |     ___   __| | ___  ___ _____   __
2026-03-01T10:52:09.5473056Z    | |    / _ \ / _` |/ _ \/ __/ _ \ \ / /
2026-03-01T10:52:09.5473439Z    | |___| (_) | (_| |  __/ (_| (_) \ V /
2026-03-01T10:52:09.5473991Z     \_____\___/ \__,_|\___|\___\___/ \_/
2026-03-01T10:52:09.5474715Z                            [0;31m Wrapper-0.2.1[0m
2026-03-01T10:52:09.5475167Z                                   
2026-03-01T10:52:09.5526026Z [0;32m==>[0m Detected [0;36mlinux[0m
2026-03-01T10:52:09.5526914Z [0;32m ->[0m Downloading [0;36mhttps://cli.codecov.io/latest/linux/codecov[0m
2026-03-01T10:52:09.5581155Z   % Total    % Received % Xferd  Average Speed   Time    Time     Time  Current
2026-03-01T10:52:09.5582280Z                                  Dload  Upload   Total   Spent    Left  Speed
2026-03-01T10:52:09.5582660Z 
2026-03-01T10:52:09.6278168Z   0     0    0     0    0     0      0      0 --:--:-- --:--:-- --:--:--     0
2026-03-01T10:52:09.6279637Z 100 10.6M  100 10.6M    0     0   152M      0 --:--:-- --:--:-- --:--:--  154M
2026-03-01T10:52:09.6326275Z [0;32m==>[0m Finishing downloading [0;36mlinux:latest[0m
2026-03-01T10:52:09.6767535Z       Version: [0;36mv11.2.6[0m
2026-03-01T10:52:09.6768008Z  
2026-03-01T10:52:09.9567404Z gpg: key 806BB28AED779869: "Codecov Uploader (Codecov Uploader Verification Key) <security@codecov.io>" not changed
2026-03-01T10:52:09.9568360Z gpg: Total number processed: 1
2026-03-01T10:52:09.9568761Z gpg:              unchanged: 1
2026-03-01T10:52:09.9572698Z [0;32m==>[0m Verifying GPG signature integrity
2026-03-01T10:52:09.9573960Z [0;32m ->[0m Downloading [0;36mhttps://cli.codecov.io/latest/linux/codecov.SHA256SUM[0m
2026-03-01T10:52:09.9575336Z [0;32m ->[0m Downloading [0;36mhttps://cli.codecov.io/latest/linux/codecov.SHA256SUM.sig[0m
2026-03-01T10:52:09.9576146Z  
2026-03-01T10:52:10.0436141Z gpg: Signature made Fri Dec  5 15:31:48 2025 UTC
2026-03-01T10:52:10.0436682Z gpg:                using RSA key 27034E7FDB850E0BBC2C62FF806BB28AED779869
2026-03-01T10:52:10.0439220Z gpg: Good signature from "Codecov Uploader (Codecov Uploader Verification Key) <security@codecov.io>" [unknown]
2026-03-01T10:52:10.0440019Z gpg: WARNING: This key is not certified with a trusted signature!
2026-03-01T10:52:10.0440610Z gpg:          There is no indication that the signature belongs to the owner.
2026-03-01T10:52:10.0441202Z Primary key fingerprint: 2703 4E7F DB85 0E0B BC2C  62FF 806B B28A ED77 9869
2026-03-01T10:52:10.1071045Z codecov: OK
2026-03-01T10:52:10.1081691Z [0;32m==>[0m CLI integrity verified
2026-03-01T10:52:10.1082022Z 
2026-03-01T10:52:10.1169281Z [0;32m ->[0m Token of length 36 detected
2026-03-01T10:52:10.1775504Z [0;32m==>[0m Running upload-coverage
2026-03-01T10:52:10.1787254Z       [0;36m./codecov  upload-coverage -t <redacted> --git-service github --file TestResults/*.junit.xml --gcov-executable gcov --report-type test_results[0m
2026-03-01T10:52:10.5360319Z info - 2026-03-01 10:52:10,535 -- ci service found: github-actions
2026-03-01T10:52:10.5812670Z info - 2026-03-01 10:52:10,580 -- Using token to create a commit for protected branch `main`
2026-03-01T10:52:11.0475839Z info - 2026-03-01 10:52:11,047 -- Process Commit creating complete
2026-03-01T10:52:11.0892490Z warning - 2026-03-01 10:52:11,088 -- Some files were not found --- {"not_found_files": ["TestResults/*.junit.xml"]}
2026-03-01T10:52:11.1200686Z info - 2026-03-01 10:52:11,119 -- Found 3 test_results files to report
2026-03-01T10:52:11.1202353Z info - 2026-03-01 10:52:11,120 -- > /home/runner/work/hpoll/hpoll/tests/Hpoll.Worker.Tests/TestResults/Hpoll.Worker.Tests.junit.xml
2026-03-01T10:52:11.1204690Z info - 2026-03-01 10:52:11,120 -- > /home/runner/work/hpoll/hpoll/tests/Hpoll.Core.Tests/TestResults/Hpoll.Core.Tests.junit.xml
2026-03-01T10:52:11.1207021Z info - 2026-03-01 10:52:11,120 -- > /home/runner/work/hpoll/hpoll/tests/Hpoll.Admin.Tests/TestResults/Hpoll.Admin.Tests.junit.xml
2026-03-01T10:52:11.7048428Z info - 2026-03-01 10:52:11,704 -- Process Upload complete
2026-03-01T10:52:11.8475700Z ##[group]Run actions/upload-artifact@330a01c490aca151604b8cf639adc76d48f6c5d4
2026-03-01T10:52:11.8476099Z with:
2026-03-01T10:52:11.8476271Z   name: test-reports
2026-03-01T10:52:11.8476462Z   path: TestResults/

2026-03-01T10:52:11.8476662Z   if-no-files-found: warn
2026-03-01T10:52:11.8476870Z   compression-level: 6
2026-03-01T10:52:11.8477064Z   overwrite: false
2026-03-01T10:52:11.8477254Z   include-hidden-files: false
2026-03-01T10:52:11.8477456Z env:
2026-03-01T10:52:11.8477625Z   DOTNET_ROOT: /usr/share/dotnet
2026-03-01T10:52:11.8477834Z   CC_FORK: false
2026-03-01T10:52:11.8478105Z   CC_TOKEN: ***
2026-03-01T10:52:11.8478273Z   CC_BRANCH: 
2026-03-01T10:52:11.8478425Z   CC_SHA: 
2026-03-01T10:52:11.8478577Z   CC_PR: 
2026-03-01T10:52:11.8478727Z ##[endgroup]
2026-03-01T10:52:12.0633549Z With the provided path, there will be 3 files uploaded
2026-03-01T10:52:12.0640535Z Artifact name is valid!
2026-03-01T10:52:12.0641968Z Root directory input is valid!
2026-03-01T10:52:12.3561936Z Beginning upload of artifact content to blob storage
2026-03-01T10:52:12.7542460Z Uploaded bytes 33152
2026-03-01T10:52:12.8388070Z Finished uploading artifact content to blob storage!
2026-03-01T10:52:12.8391498Z SHA256 digest of uploaded artifact zip is b46fa4e33595e55541b58390645523e60e9302a7ff2f72f8493971eff1eeaf2f
2026-03-01T10:52:12.8392997Z Finalizing artifact upload
2026-03-01T10:52:12.9780329Z Artifact test-reports.zip successfully finalized. Artifact ID 5709405363
2026-03-01T10:52:12.9781502Z Artifact test-reports has been successfully uploaded! Final size is 33152 bytes. Artifact ID is 5709405363
2026-03-01T10:52:12.9789790Z Artifact download URL: https://github.com/pkinerd/hpoll/actions/runs/22541844865/artifacts/5709405363
2026-03-01T10:52:13.0085047Z Post job cleanup.
2026-03-01T10:52:13.1990011Z Post job cleanup.
2026-03-01T10:52:13.3017290Z [command]/usr/bin/git version
2026-03-01T10:52:13.3055987Z git version 2.53.0
2026-03-01T10:52:13.3098921Z Copying '/home/runner/.gitconfig' to '/home/runner/work/_temp/be4e9672-8cdf-4f7c-8b70-e12b0231062a/.gitconfig'
2026-03-01T10:52:13.3111074Z Temporarily overriding HOME='/home/runner/work/_temp/be4e9672-8cdf-4f7c-8b70-e12b0231062a' before making global git config changes
2026-03-01T10:52:13.3112423Z Adding repository directory to the temporary git global config as a safe directory
2026-03-01T10:52:13.3118457Z [command]/usr/bin/git config --global --add safe.directory /home/runner/work/hpoll/hpoll
2026-03-01T10:52:13.3171836Z [command]/usr/bin/git config --local --name-only --get-regexp core\.sshCommand
2026-03-01T10:52:13.3208898Z [command]/usr/bin/git submodule foreach --recursive sh -c "git config --local --name-only --get-regexp 'core\.sshCommand' && git config --local --unset-all 'core.sshCommand' || :"
2026-03-01T10:52:13.3458208Z [command]/usr/bin/git config --local --name-only --get-regexp http\.https\:\/\/github\.com\/\.extraheader
2026-03-01T10:52:13.3476057Z http.https://github.com/.extraheader
2026-03-01T10:52:13.3490058Z [command]/usr/bin/git config --local --unset-all http.https://github.com/.extraheader
2026-03-01T10:52:13.3523578Z [command]/usr/bin/git submodule foreach --recursive sh -c "git config --local --name-only --get-regexp 'http\.https\:\/\/github\.com\/\.extraheader' && git config --local --unset-all 'http.https://github.com/.extraheader' || :"
2026-03-01T10:52:13.3863090Z Cleaning up orphan processes
2026-03-01T10:52:13.4162930Z Terminate orphan process: pid (2545) (dotnet)
2026-03-01T10:52:13.4192604Z Terminate orphan process: pid (2546) (dotnet)
2026-03-01T10:52:13.4232286Z Terminate orphan process: pid (2547) (dotnet)
2026-03-01T10:52:13.4266178Z Terminate orphan process: pid (2667) (dotnet)
2026-03-01T10:52:13.4297611Z Terminate orphan process: pid (2668) (dotnet)
2026-03-01T10:52:13.4330141Z Terminate orphan process: pid (2708) (VBCSCompiler)
