2026-03-01T11:23:00.9192604Z Current runner version: '2.331.0'
2026-03-01T11:23:00.9231775Z ##[group]Runner Image Provisioner
2026-03-01T11:23:00.9233116Z Hosted Compute Agent
2026-03-01T11:23:00.9234266Z Version: 20260213.493
2026-03-01T11:23:00.9235176Z Commit: 5c115507f6dd24b8de37d8bbe0bb4509d0cc0fa3
2026-03-01T11:23:00.9235886Z Build Date: 2026-02-13T00:28:41Z
2026-03-01T11:23:00.9236930Z Worker ID: {6aa56595-5365-4e9f-88c0-08e4b707cf02}
2026-03-01T11:23:00.9237668Z Azure Region: northcentralus
2026-03-01T11:23:00.9238266Z ##[endgroup]
2026-03-01T11:23:00.9239858Z ##[group]Operating System
2026-03-01T11:23:00.9240437Z Ubuntu
2026-03-01T11:23:00.9240912Z 24.04.3
2026-03-01T11:23:00.9241431Z LTS
2026-03-01T11:23:00.9241859Z ##[endgroup]
2026-03-01T11:23:00.9242399Z ##[group]Runner Image
2026-03-01T11:23:00.9242950Z Image: ubuntu-24.04
2026-03-01T11:23:00.9243495Z Version: 20260224.36.1
2026-03-01T11:23:00.9244653Z Included Software: https://github.com/actions/runner-images/blob/ubuntu24/20260224.36/images/ubuntu/Ubuntu2404-Readme.md
2026-03-01T11:23:00.9246157Z Image Release: https://github.com/actions/runner-images/releases/tag/ubuntu24%2F20260224.36
2026-03-01T11:23:00.9247418Z ##[endgroup]
2026-03-01T11:23:00.9248512Z ##[group]GITHUB_TOKEN Permissions
2026-03-01T11:23:00.9250559Z Contents: read
2026-03-01T11:23:00.9251199Z Metadata: read
2026-03-01T11:23:00.9251751Z ##[endgroup]
2026-03-01T11:23:00.9253767Z Secret source: Actions
2026-03-01T11:23:00.9254998Z Prepare workflow directory
2026-03-01T11:23:00.9671185Z Prepare all required actions
2026-03-01T11:23:00.9728003Z Getting action download info
2026-03-01T11:23:01.3058130Z Download action repository 'actions/checkout@692973e3d937129bcbf40652eb9f2f61becf3332' (SHA:692973e3d937129bcbf40652eb9f2f61becf3332)
2026-03-01T11:23:01.4288646Z Download action repository 'actions/setup-dotnet@3e891b0cb619bf60e2c25674b222b8940e2c1c25' (SHA:3e891b0cb619bf60e2c25674b222b8940e2c1c25)
2026-03-01T11:23:01.8440727Z Download action repository 'codecov/codecov-action@18283e04ce6e62d37312384ff67231eb8fd56d24' (SHA:18283e04ce6e62d37312384ff67231eb8fd56d24)
2026-03-01T11:23:02.1537854Z Download action repository 'actions/upload-artifact@330a01c490aca151604b8cf639adc76d48f6c5d4' (SHA:330a01c490aca151604b8cf639adc76d48f6c5d4)
2026-03-01T11:23:02.4690520Z Getting action download info
2026-03-01T11:23:02.5991164Z Download action repository 'actions/github-script@v7' (SHA:f28e40c7f34bde8b3046d885e986cb6290c5673b)
2026-03-01T11:23:03.0224105Z Getting action download info
2026-03-01T11:23:03.2342677Z Complete job name: Build & Test
2026-03-01T11:23:03.3250603Z ##[group]Run actions/checkout@692973e3d937129bcbf40652eb9f2f61becf3332
2026-03-01T11:23:03.3252172Z with:
2026-03-01T11:23:03.3252900Z   repository: pkinerd/hpoll
2026-03-01T11:23:03.3254009Z   token: ***
2026-03-01T11:23:03.3254714Z   ssh-strict: true
2026-03-01T11:23:03.3255437Z   ssh-user: git
2026-03-01T11:23:03.3256180Z   persist-credentials: true
2026-03-01T11:23:03.3257266Z   clean: true
2026-03-01T11:23:03.3258023Z   sparse-checkout-cone-mode: true
2026-03-01T11:23:03.3258960Z   fetch-depth: 1
2026-03-01T11:23:03.3259681Z   fetch-tags: false
2026-03-01T11:23:03.3260452Z   show-progress: true
2026-03-01T11:23:03.3261205Z   lfs: false
2026-03-01T11:23:03.3261894Z   submodules: false
2026-03-01T11:23:03.3262667Z   set-safe-directory: true
2026-03-01T11:23:03.3263759Z ##[endgroup]
2026-03-01T11:23:03.4408383Z Syncing repository: pkinerd/hpoll
2026-03-01T11:23:03.4410908Z ##[group]Getting Git version info
2026-03-01T11:23:03.4412106Z Working directory is '/home/runner/work/hpoll/hpoll'
2026-03-01T11:23:03.4413894Z [command]/usr/bin/git version
2026-03-01T11:23:03.4454685Z git version 2.53.0
2026-03-01T11:23:03.4482661Z ##[endgroup]
2026-03-01T11:23:03.4499802Z Temporarily overriding HOME='/home/runner/work/_temp/c9f791d8-308b-4115-97a4-4a92c4cd3d5e' before making global git config changes
2026-03-01T11:23:03.4504287Z Adding repository directory to the temporary git global config as a safe directory
2026-03-01T11:23:03.4514011Z [command]/usr/bin/git config --global --add safe.directory /home/runner/work/hpoll/hpoll
2026-03-01T11:23:03.4554257Z Deleting the contents of '/home/runner/work/hpoll/hpoll'
2026-03-01T11:23:03.4558421Z ##[group]Initializing the repository
2026-03-01T11:23:03.4563518Z [command]/usr/bin/git init /home/runner/work/hpoll/hpoll
2026-03-01T11:23:03.4664629Z hint: Using 'master' as the name for the initial branch. This default branch name
2026-03-01T11:23:03.4667811Z hint: will change to "main" in Git 3.0. To configure the initial branch name
2026-03-01T11:23:03.4670755Z hint: to use in all of your new repositories, which will suppress this warning,
2026-03-01T11:23:03.4672855Z hint: call:
2026-03-01T11:23:03.4673529Z hint:
2026-03-01T11:23:03.4674416Z hint: 	git config --global init.defaultBranch <name>
2026-03-01T11:23:03.4675467Z hint:
2026-03-01T11:23:03.4676904Z hint: Names commonly chosen instead of 'master' are 'main', 'trunk' and
2026-03-01T11:23:03.4679191Z hint: 'development'. The just-created branch can be renamed via this command:
2026-03-01T11:23:03.4680513Z hint:
2026-03-01T11:23:03.4681211Z hint: 	git branch -m <name>
2026-03-01T11:23:03.4682069Z hint:
2026-03-01T11:23:03.4683908Z hint: Disable this message with "git config set advice.defaultBranchName false"
2026-03-01T11:23:03.4686904Z Initialized empty Git repository in /home/runner/work/hpoll/hpoll/.git/
2026-03-01T11:23:03.4689816Z [command]/usr/bin/git remote add origin https://github.com/pkinerd/hpoll
2026-03-01T11:23:03.4720432Z ##[endgroup]
2026-03-01T11:23:03.4722345Z ##[group]Disabling automatic garbage collection
2026-03-01T11:23:03.4724230Z [command]/usr/bin/git config --local gc.auto 0
2026-03-01T11:23:03.4754243Z ##[endgroup]
2026-03-01T11:23:03.4756093Z ##[group]Setting up auth
2026-03-01T11:23:03.4760752Z [command]/usr/bin/git config --local --name-only --get-regexp core\.sshCommand
2026-03-01T11:23:03.4791184Z [command]/usr/bin/git submodule foreach --recursive sh -c "git config --local --name-only --get-regexp 'core\.sshCommand' && git config --local --unset-all 'core.sshCommand' || :"
2026-03-01T11:23:03.5164044Z [command]/usr/bin/git config --local --name-only --get-regexp http\.https\:\/\/github\.com\/\.extraheader
2026-03-01T11:23:03.5196718Z [command]/usr/bin/git submodule foreach --recursive sh -c "git config --local --name-only --get-regexp 'http\.https\:\/\/github\.com\/\.extraheader' && git config --local --unset-all 'http.https://github.com/.extraheader' || :"
2026-03-01T11:23:03.5435407Z [command]/usr/bin/git config --local http.https://github.com/.extraheader AUTHORIZATION: basic ***
2026-03-01T11:23:03.5480699Z ##[endgroup]
2026-03-01T11:23:03.5482935Z ##[group]Fetching the repository
2026-03-01T11:23:03.5493465Z [command]/usr/bin/git -c protocol.version=2 fetch --no-tags --prune --no-recurse-submodules --depth=1 origin +9341c7e576a34ff388838d25af6762bac821b359:refs/remotes/origin/claude/add-build-info-display-yZ5Zr
2026-03-01T11:23:03.8525641Z From https://github.com/pkinerd/hpoll
2026-03-01T11:23:03.8526335Z  * [new ref]         9341c7e576a34ff388838d25af6762bac821b359 -> origin/claude/add-build-info-display-yZ5Zr
2026-03-01T11:23:03.8561455Z ##[endgroup]
2026-03-01T11:23:03.8562137Z ##[group]Determining the checkout info
2026-03-01T11:23:03.8563796Z ##[endgroup]
2026-03-01T11:23:03.8569764Z [command]/usr/bin/git sparse-checkout disable
2026-03-01T11:23:03.8613233Z [command]/usr/bin/git config --local --unset-all extensions.worktreeConfig
2026-03-01T11:23:03.8642705Z ##[group]Checking out the ref
2026-03-01T11:23:03.8648808Z [command]/usr/bin/git checkout --progress --force -B claude/add-build-info-display-yZ5Zr refs/remotes/origin/claude/add-build-info-display-yZ5Zr
2026-03-01T11:23:03.8773813Z Switched to a new branch 'claude/add-build-info-display-yZ5Zr'
2026-03-01T11:23:03.8777205Z branch 'claude/add-build-info-display-yZ5Zr' set up to track 'origin/claude/add-build-info-display-yZ5Zr'.
2026-03-01T11:23:03.8783280Z ##[endgroup]
2026-03-01T11:23:03.8820742Z [command]/usr/bin/git log -1 --format='%H'
2026-03-01T11:23:03.8844493Z '9341c7e576a34ff388838d25af6762bac821b359'
2026-03-01T11:23:03.9079047Z ##[group]Run actions/setup-dotnet@3e891b0cb619bf60e2c25674b222b8940e2c1c25
2026-03-01T11:23:03.9079504Z with:
2026-03-01T11:23:03.9079745Z   dotnet-version: 8.0.x
2026-03-01T11:23:03.9080007Z   cache: false
2026-03-01T11:23:03.9080233Z ##[endgroup]
2026-03-01T11:23:04.0872936Z [command]/home/runner/work/_actions/actions/setup-dotnet/3e891b0cb619bf60e2c25674b222b8940e2c1c25/externals/install-dotnet.sh --skip-non-versioned-files --runtime dotnet --channel LTS
2026-03-01T11:23:04.3596381Z dotnet-install: Attempting to download using aka.ms link https://builds.dotnet.microsoft.com/dotnet/Runtime/10.0.3/dotnet-runtime-10.0.3-linux-x64.tar.gz
2026-03-01T11:23:04.5600911Z dotnet-install: Remote file https://builds.dotnet.microsoft.com/dotnet/Runtime/10.0.3/dotnet-runtime-10.0.3-linux-x64.tar.gz size is 36636310 bytes.
2026-03-01T11:23:04.5605284Z dotnet-install: Extracting archive from https://builds.dotnet.microsoft.com/dotnet/Runtime/10.0.3/dotnet-runtime-10.0.3-linux-x64.tar.gz
2026-03-01T11:23:05.2259871Z dotnet-install: Downloaded file size is 36636310 bytes.
2026-03-01T11:23:05.2261185Z dotnet-install: The remote and local file sizes are equal.
2026-03-01T11:23:05.2590324Z dotnet-install: Installed version is 10.0.3
2026-03-01T11:23:05.2653242Z dotnet-install: Adding to current process PATH: `/usr/share/dotnet`. Note: This change will be visible only when sourcing script.
2026-03-01T11:23:05.2654756Z dotnet-install: Note that the script does not resolve dependencies during installation.
2026-03-01T11:23:05.2656068Z dotnet-install: To check the list of dependencies, go to https://learn.microsoft.com/dotnet/core/install, select your operating system and check the "Dependencies" section.
2026-03-01T11:23:05.2657682Z dotnet-install: Installation finished successfully.
2026-03-01T11:23:05.2686969Z [command]/home/runner/work/_actions/actions/setup-dotnet/3e891b0cb619bf60e2c25674b222b8940e2c1c25/externals/install-dotnet.sh --skip-non-versioned-files --channel 8.0
2026-03-01T11:23:05.5216368Z dotnet-install: .NET Core SDK with version '8.0.418' is already installed.
2026-03-01T11:23:05.5356054Z ##[group]Run dotnet restore
2026-03-01T11:23:05.5356386Z [36;1mdotnet restore[0m
2026-03-01T11:23:05.5410047Z shell: /usr/bin/bash -e {0}
2026-03-01T11:23:05.5410312Z env:
2026-03-01T11:23:05.5410501Z   DOTNET_ROOT: /usr/share/dotnet
2026-03-01T11:23:05.5410769Z ##[endgroup]
2026-03-01T11:23:08.2981942Z   Determining projects to restore...
2026-03-01T11:23:12.7118390Z   Restored /home/runner/work/hpoll/hpoll/src/Hpoll.Worker/Hpoll.Worker.csproj (in 3.39 sec).
2026-03-01T11:23:12.8898997Z   Restored /home/runner/work/hpoll/hpoll/src/Hpoll.Core/Hpoll.Core.csproj (in 9 ms).
2026-03-01T11:23:12.8994332Z   Restored /home/runner/work/hpoll/hpoll/src/Hpoll.Admin/Hpoll.Admin.csproj (in 6 ms).
2026-03-01T11:23:12.9085886Z   Restored /home/runner/work/hpoll/hpoll/src/Hpoll.Email/Hpoll.Email.csproj (in 6 ms).
2026-03-01T11:23:12.9240301Z   Restored /home/runner/work/hpoll/hpoll/src/Hpoll.Data/Hpoll.Data.csproj (in 10 ms).
2026-03-01T11:23:13.0675550Z   Restored /home/runner/work/hpoll/hpoll/tests/Hpoll.Admin.Tests/Hpoll.Admin.Tests.csproj (in 3.95 sec).
2026-03-01T11:23:13.0729961Z   Restored /home/runner/work/hpoll/hpoll/tests/Hpoll.Core.Tests/Hpoll.Core.Tests.csproj (in 3.95 sec).
2026-03-01T11:23:13.0744608Z   Restored /home/runner/work/hpoll/hpoll/tests/Hpoll.Worker.Tests/Hpoll.Worker.Tests.csproj (in 3.95 sec).
2026-03-01T11:23:13.1208931Z ##[group]Run dotnet build --no-restore -c Release \
2026-03-01T11:23:13.1209355Z [36;1mdotnet build --no-restore -c Release \[0m
2026-03-01T11:23:13.1209779Z [36;1m  -p:BuildBranch="claude/add-build-info-display-yZ5Zr" \[0m
2026-03-01T11:23:13.1210224Z [36;1m  -p:BuildCommit="9341c7e576a34ff388838d25af6762bac821b359" \[0m
2026-03-01T11:23:13.1210570Z [36;1m  -p:BuildNumber="156" \[0m
2026-03-01T11:23:13.1210841Z [36;1m  -p:BuildRunId="22542376569" \[0m
2026-03-01T11:23:13.1211132Z [36;1m  -p:PullRequestNumber=""[0m
2026-03-01T11:23:13.1260139Z shell: /usr/bin/bash -e {0}
2026-03-01T11:23:13.1260559Z env:
2026-03-01T11:23:13.1260747Z   DOTNET_ROOT: /usr/share/dotnet
2026-03-01T11:23:13.1260984Z ##[endgroup]
2026-03-01T11:23:18.6449642Z   Hpoll.Core -> /home/runner/work/hpoll/hpoll/src/Hpoll.Core/bin/Release/net8.0/Hpoll.Core.dll
2026-03-01T11:23:19.7612410Z   Hpoll.Data -> /home/runner/work/hpoll/hpoll/src/Hpoll.Data/bin/Release/net8.0/Hpoll.Data.dll
2026-03-01T11:23:20.4878666Z   Hpoll.Email -> /home/runner/work/hpoll/hpoll/src/Hpoll.Email/bin/Release/net8.0/Hpoll.Email.dll
2026-03-01T11:23:23.8752531Z   Hpoll.Admin -> /home/runner/work/hpoll/hpoll/src/Hpoll.Admin/bin/Release/net8.0/Hpoll.Admin.dll
2026-03-01T11:23:24.2648317Z   Hpoll.Worker -> /home/runner/work/hpoll/hpoll/src/Hpoll.Worker/bin/Release/net8.0/Hpoll.Worker.dll
2026-03-01T11:23:25.1368413Z   Hpoll.Core.Tests -> /home/runner/work/hpoll/hpoll/tests/Hpoll.Core.Tests/bin/Release/net8.0/Hpoll.Core.Tests.dll
2026-03-01T11:23:25.2888239Z   Hpoll.Admin.Tests -> /home/runner/work/hpoll/hpoll/tests/Hpoll.Admin.Tests/bin/Release/net8.0/Hpoll.Admin.Tests.dll
2026-03-01T11:23:25.8738339Z   Hpoll.Worker.Tests -> /home/runner/work/hpoll/hpoll/tests/Hpoll.Worker.Tests/bin/Release/net8.0/Hpoll.Worker.Tests.dll
2026-03-01T11:23:25.8910701Z 
2026-03-01T11:23:25.8924073Z Build succeeded.
2026-03-01T11:23:25.8927827Z     0 Warning(s)
2026-03-01T11:23:25.8930714Z     0 Error(s)
2026-03-01T11:23:25.8933066Z 
2026-03-01T11:23:25.8935234Z Time Elapsed 00:00:12.50
2026-03-01T11:23:25.9210674Z ##[group]Run dotnet test --no-build -c Release \
2026-03-01T11:23:25.9211071Z [36;1mdotnet test --no-build -c Release \[0m
2026-03-01T11:23:25.9211376Z [36;1m  --settings coverlet.runsettings \[0m
2026-03-01T11:23:25.9211646Z [36;1m  --collect:"XPlat Code Coverage" \[0m
2026-03-01T11:23:25.9212000Z [36;1m  --logger "junit;LogFilePath=TestResults/{assembly}.junit.xml" \[0m
2026-03-01T11:23:25.9212371Z [36;1m  --results-directory TestResults[0m
2026-03-01T11:23:25.9261643Z shell: /usr/bin/bash -e {0}
2026-03-01T11:23:25.9261886Z env:
2026-03-01T11:23:25.9262064Z   DOTNET_ROOT: /usr/share/dotnet
2026-03-01T11:23:25.9262286Z ##[endgroup]
2026-03-01T11:23:27.1588874Z Test run for /home/runner/work/hpoll/hpoll/tests/Hpoll.Core.Tests/bin/Release/net8.0/Hpoll.Core.Tests.dll (.NETCoreApp,Version=v8.0)
2026-03-01T11:23:27.3402167Z Test run for /home/runner/work/hpoll/hpoll/tests/Hpoll.Worker.Tests/bin/Release/net8.0/Hpoll.Worker.Tests.dll (.NETCoreApp,Version=v8.0)
2026-03-01T11:23:27.3490416Z Test run for /home/runner/work/hpoll/hpoll/tests/Hpoll.Admin.Tests/bin/Release/net8.0/Hpoll.Admin.Tests.dll (.NETCoreApp,Version=v8.0)
2026-03-01T11:23:27.3657694Z VSTest version 18.0.1 (x64)
2026-03-01T11:23:27.3677256Z 
2026-03-01T11:23:27.4061324Z VSTest version 18.0.1 (x64)
2026-03-01T11:23:27.4099328Z 
2026-03-01T11:23:27.4155862Z VSTest version 18.0.1 (x64)
2026-03-01T11:23:27.4197344Z 
2026-03-01T11:23:27.6580411Z Starting test execution, please wait...Starting test execution, please wait...
2026-03-01T11:23:27.6627521Z Starting test execution, please wait...
2026-03-01T11:23:27.6632508Z 
2026-03-01T11:23:27.7256763Z A total of 1 test files matched the specified pattern.
2026-03-01T11:23:27.7257863Z A total of 1 test files matched the specified pattern.
2026-03-01T11:23:27.7258577Z A total of 1 test files matched the specified pattern.
2026-03-01T11:23:34.3317148Z Results File: TestResults/Hpoll.Core.Tests.junit.xml
2026-03-01T11:23:34.3321325Z 
2026-03-01T11:23:34.3383586Z Passed!  - Failed:     0, Passed:    79, Skipped:     0, Total:    79, Duration: 1 s - Hpoll.Core.Tests.dll (net8.0)
2026-03-01T11:23:36.2395091Z Results File: TestResults/Hpoll.Admin.Tests.junit.xml
2026-03-01T11:23:36.2398338Z 
2026-03-01T11:23:36.2452232Z Passed!  - Failed:     0, Passed:    55, Skipped:     0, Total:    55, Duration: 2 s - Hpoll.Admin.Tests.dll (net8.0)
2026-03-01T11:24:22.1543142Z Results File: TestResults/Hpoll.Worker.Tests.junit.xml
2026-03-01T11:24:22.1547386Z 
2026-03-01T11:24:22.1583132Z Passed!  - Failed:     0, Passed:    50, Skipped:     0, Total:    50, Duration: 49 s - Hpoll.Worker.Tests.dll (net8.0)
2026-03-01T11:24:22.3631945Z 
2026-03-01T11:24:22.3637282Z Attachments:
2026-03-01T11:24:22.3640106Z   /home/runner/work/hpoll/hpoll/TestResults/ec6da1b8-192c-4715-bb02-c68df81957a2/coverage.cobertura.xml
2026-03-01T11:24:22.3641578Z   /home/runner/work/hpoll/hpoll/TestResults/3106e8fb-f19c-4437-b861-7f85fee81efa/coverage.cobertura.xml
2026-03-01T11:24:22.3642842Z   /home/runner/work/hpoll/hpoll/TestResults/26b7bd51-bbe0-414d-b157-381c820d8821/coverage.cobertura.xml
2026-03-01T11:24:22.4489127Z ##[group]Run codecov/codecov-action@18283e04ce6e62d37312384ff67231eb8fd56d24
2026-03-01T11:24:22.4489532Z with:
2026-03-01T11:24:22.4489870Z   token: ***
2026-03-01T11:24:22.4490051Z   directory: TestResults
2026-03-01T11:24:22.4490253Z   fail_ci_if_error: false
2026-03-01T11:24:22.4490459Z   disable_file_fixes: false
2026-03-01T11:24:22.4490670Z   disable_search: false
2026-03-01T11:24:22.4490869Z   disable_safe_directory: false
2026-03-01T11:24:22.4491084Z   disable_telem: false
2026-03-01T11:24:22.4491282Z   dry_run: false
2026-03-01T11:24:22.4491463Z   git_service: github
2026-03-01T11:24:22.4491653Z   gcov_executable: gcov
2026-03-01T11:24:22.4491855Z   handle_no_reports_found: false
2026-03-01T11:24:22.4492092Z   recurse_submodules: false
2026-03-01T11:24:22.4492311Z   run_command: upload-coverage
2026-03-01T11:24:22.4492530Z   skip_validation: false
2026-03-01T11:24:22.4492744Z   use_legacy_upload_endpoint: false
2026-03-01T11:24:22.4492967Z   use_oidc: false
2026-03-01T11:24:22.4493179Z   use_pypi: false
2026-03-01T11:24:22.4493350Z   verbose: false
2026-03-01T11:24:22.4493523Z   version: latest
2026-03-01T11:24:22.4493690Z env:
2026-03-01T11:24:22.4493858Z   DOTNET_ROOT: /usr/share/dotnet
2026-03-01T11:24:22.4494076Z ##[endgroup]
2026-03-01T11:24:22.4572914Z ##[group]Run CC_ACTION_VERSION=$(cat ${GITHUB_ACTION_PATH}/src/version)
2026-03-01T11:24:22.4573393Z [36;1mCC_ACTION_VERSION=$(cat ${GITHUB_ACTION_PATH}/src/version)[0m
2026-03-01T11:24:22.4573831Z [36;1mecho -e "\033[0;32m==>\033[0m Running Action version $CC_ACTION_VERSION"[0m
2026-03-01T11:24:22.4623941Z shell: /usr/bin/bash --noprofile --norc -e -o pipefail {0}
2026-03-01T11:24:22.4624252Z env:
2026-03-01T11:24:22.4624426Z   DOTNET_ROOT: /usr/share/dotnet
2026-03-01T11:24:22.4624641Z ##[endgroup]
2026-03-01T11:24:22.4709936Z [0;32m==>[0m Running Action version 5.4.3
2026-03-01T11:24:22.4750638Z ##[group]Run git config --global --add safe.directory "/home/runner/work/hpoll/hpoll"
2026-03-01T11:24:22.4751194Z [36;1mgit config --global --add safe.directory "/home/runner/work/hpoll/hpoll"[0m
2026-03-01T11:24:22.4751659Z [36;1mgit config --global --add safe.directory "$GITHUB_WORKSPACE"[0m
2026-03-01T11:24:22.4796999Z shell: /usr/bin/bash --noprofile --norc -e -o pipefail {0}
2026-03-01T11:24:22.4797313Z env:
2026-03-01T11:24:22.4797497Z   DOTNET_ROOT: /usr/share/dotnet
2026-03-01T11:24:22.4797717Z ##[endgroup]
2026-03-01T11:24:22.4914259Z ##[group]Run CC_FORK="false"
2026-03-01T11:24:22.4914499Z [36;1mCC_FORK="false"[0m
2026-03-01T11:24:22.4915039Z [36;1mif [ -n "$GITHUB_EVENT_PULL_REQUEST_HEAD_REPO_FULL_NAME" ] && [ "$GITHUB_EVENT_PULL_REQUEST_HEAD_REPO_FULL_NAME" != "$GITHUB_REPOSITORY" ];[0m
2026-03-01T11:24:22.4915600Z [36;1mthen[0m
2026-03-01T11:24:22.4915815Z [36;1m  echo -e "\033[0;32m==>\033[0m Fork detected"[0m
2026-03-01T11:24:22.4916095Z [36;1m  CC_FORK="true"[0m
2026-03-01T11:24:22.4916293Z [36;1mfi[0m
2026-03-01T11:24:22.4916839Z [36;1mecho "CC_FORK=$CC_FORK" >> "$GITHUB_ENV"[0m
2026-03-01T11:24:22.4960037Z shell: /usr/bin/bash --noprofile --norc -e -o pipefail {0}
2026-03-01T11:24:22.4960352Z env:
2026-03-01T11:24:22.4960525Z   DOTNET_ROOT: /usr/share/dotnet
2026-03-01T11:24:22.4960764Z   GITHUB_EVENT_PULL_REQUEST_HEAD_LABEL: 
2026-03-01T11:24:22.4961043Z   GITHUB_EVENT_PULL_REQUEST_HEAD_REPO_FULL_NAME: 
2026-03-01T11:24:22.4961334Z   GITHUB_REPOSITORY: pkinerd/hpoll
2026-03-01T11:24:22.4961566Z ##[endgroup]
2026-03-01T11:24:22.5109724Z ##[group]Run actions/github-script@v7
2026-03-01T11:24:22.5110125Z with:
2026-03-01T11:24:22.5110681Z   script: if (process.env.CC_USE_OIDC === 'true' && process.env.CC_FORK != 'true') {
  const id_token = await core.getIDToken(process.env.CC_OIDC_AUDIENCE)
  return id_token
}

2026-03-01T11:24:22.5111459Z   github-token: ***
2026-03-01T11:24:22.5111649Z   debug: false
2026-03-01T11:24:22.5111906Z   user-agent: actions/github-script
2026-03-01T11:24:22.5112164Z   result-encoding: json
2026-03-01T11:24:22.5112358Z   retries: 0
2026-03-01T11:24:22.5112734Z   retry-exempt-status-codes: 400,401,403,404,422
2026-03-01T11:24:22.5113004Z env:
2026-03-01T11:24:22.5113173Z   DOTNET_ROOT: /usr/share/dotnet
2026-03-01T11:24:22.5113384Z   CC_FORK: false
2026-03-01T11:24:22.5113580Z   CC_OIDC_AUDIENCE: https://codecov.io
2026-03-01T11:24:22.5113810Z   CC_USE_OIDC: false
2026-03-01T11:24:22.5113991Z ##[endgroup]
2026-03-01T11:24:22.6089182Z ##[group]Run if [ "false" == 'true' ] && [ "$CC_FORK" != 'true' ];
2026-03-01T11:24:22.6089591Z [36;1mif [ "false" == 'true' ] && [ "$CC_FORK" != 'true' ];[0m
2026-03-01T11:24:22.6089892Z [36;1mthen[0m
2026-03-01T11:24:22.6090111Z [36;1m  echo "CC_TOKEN=$CC_OIDC_TOKEN" >> "$GITHUB_ENV"[0m
2026-03-01T11:24:22.6090400Z [36;1melif [ -n "" ];[0m
2026-03-01T11:24:22.6090595Z [36;1mthen[0m
2026-03-01T11:24:22.6090822Z [36;1m  echo -e "\033[0;32m==>\033[0m Token set from env"[0m
2026-03-01T11:24:22.6091129Z [36;1m    echo "CC_TOKEN=" >> "$GITHUB_ENV"[0m
2026-03-01T11:24:22.6091369Z [36;1melse[0m
2026-03-01T11:24:22.6091714Z [36;1m  if [ -n "***" ];[0m
2026-03-01T11:24:22.6091922Z [36;1m  then[0m
2026-03-01T11:24:22.6092149Z [36;1m    echo -e "\033[0;32m==>\033[0m Token set from input"[0m
2026-03-01T11:24:22.6092559Z [36;1m    CC_TOKEN=$(echo "***" | tr -d '\n')[0m
2026-03-01T11:24:22.6092856Z [36;1m    echo "CC_TOKEN=$CC_TOKEN" >> "$GITHUB_ENV"[0m
2026-03-01T11:24:22.6093111Z [36;1m  fi[0m
2026-03-01T11:24:22.6093274Z [36;1mfi[0m
2026-03-01T11:24:22.6142048Z shell: /usr/bin/bash --noprofile --norc -e -o pipefail {0}
2026-03-01T11:24:22.6142370Z env:
2026-03-01T11:24:22.6142553Z   DOTNET_ROOT: /usr/share/dotnet
2026-03-01T11:24:22.6142775Z   CC_FORK: false
2026-03-01T11:24:22.6142954Z   CC_OIDC_TOKEN: 
2026-03-01T11:24:22.6143164Z   CC_OIDC_AUDIENCE: https://codecov.io
2026-03-01T11:24:22.6143407Z ##[endgroup]
2026-03-01T11:24:22.6210577Z [0;32m==>[0m Token set from input
2026-03-01T11:24:22.6247973Z ##[group]Run if [ -z "$CC_BRANCH" ] && [ -z "$CC_TOKEN" ] && [ "$CC_FORK" == 'true' ]
2026-03-01T11:24:22.6248454Z [36;1mif [ -z "$CC_BRANCH" ] && [ -z "$CC_TOKEN" ] && [ "$CC_FORK" == 'true' ][0m
2026-03-01T11:24:22.6248782Z [36;1mthen[0m
2026-03-01T11:24:22.6249153Z [36;1m  echo -e "\033[0;32m==>\033[0m Fork detected, setting branch to $GITHUB_EVENT_PULL_REQUEST_HEAD_LABEL"[0m
2026-03-01T11:24:22.6249661Z [36;1m  TOKENLESS="$GITHUB_EVENT_PULL_REQUEST_HEAD_LABEL"[0m
2026-03-01T11:24:22.6250014Z [36;1m  CC_BRANCH="$GITHUB_EVENT_PULL_REQUEST_HEAD_LABEL"[0m
2026-03-01T11:24:22.6250342Z [36;1m  echo "TOKENLESS=$TOKENLESS" >> "$GITHUB_ENV"[0m
2026-03-01T11:24:22.6250611Z [36;1mfi[0m
2026-03-01T11:24:22.6250767Z [36;1m[0m
2026-03-01T11:24:22.6250967Z [36;1mecho "CC_BRANCH=$CC_BRANCH" >> "$GITHUB_ENV"[0m
2026-03-01T11:24:22.6294005Z shell: /usr/bin/bash --noprofile --norc -e -o pipefail {0}
2026-03-01T11:24:22.6294323Z env:
2026-03-01T11:24:22.6294493Z   DOTNET_ROOT: /usr/share/dotnet
2026-03-01T11:24:22.6294717Z   CC_FORK: false
2026-03-01T11:24:22.6294991Z   CC_TOKEN: ***
2026-03-01T11:24:22.6295158Z   CC_BRANCH: 
2026-03-01T11:24:22.6295355Z   GITHUB_EVENT_PULL_REQUEST_HEAD_LABEL: 
2026-03-01T11:24:22.6295653Z   GITHUB_EVENT_PULL_REQUEST_HEAD_REPO_FULL_NAME: 
2026-03-01T11:24:22.6295935Z   GITHUB_REPOSITORY: pkinerd/hpoll
2026-03-01T11:24:22.6296164Z ##[endgroup]
2026-03-01T11:24:22.6380993Z ##[group]Run if [ -z "$CC_SHA" ];
2026-03-01T11:24:22.6381413Z [36;1mif [ -z "$CC_SHA" ];[0m
2026-03-01T11:24:22.6381632Z [36;1mthen[0m
2026-03-01T11:24:22.6381860Z [36;1m  CC_SHA="$GITHUB_EVENT_PULL_REQUEST_HEAD_SHA"[0m
2026-03-01T11:24:22.6382307Z [36;1mfi[0m
2026-03-01T11:24:22.6382586Z [36;1mif [ -z "$CC_PR" ] && [ "${GITHUB_EVENT_NAME}" == "pull_request_target" ];[0m
2026-03-01T11:24:22.6382937Z [36;1mthen[0m
2026-03-01T11:24:22.6383124Z [36;1m  CC_PR="$GITHUB_EVENT_NUMBER"[0m
2026-03-01T11:24:22.6383362Z [36;1mfi[0m
2026-03-01T11:24:22.6383520Z [36;1m[0m
2026-03-01T11:24:22.6383704Z [36;1mecho "CC_SHA=$CC_SHA" >> "$GITHUB_ENV"[0m
2026-03-01T11:24:22.6383989Z [36;1mecho "CC_PR=$CC_PR" >> "$GITHUB_ENV"[0m
2026-03-01T11:24:22.6427418Z shell: /usr/bin/bash --noprofile --norc -e -o pipefail {0}
2026-03-01T11:24:22.6427730Z env:
2026-03-01T11:24:22.6427910Z   DOTNET_ROOT: /usr/share/dotnet
2026-03-01T11:24:22.6428176Z   CC_FORK: false
2026-03-01T11:24:22.6428439Z   CC_TOKEN: ***
2026-03-01T11:24:22.6428614Z   CC_BRANCH: 
2026-03-01T11:24:22.6428782Z   CC_PR: 
2026-03-01T11:24:22.6428932Z   CC_SHA: 
2026-03-01T11:24:22.6429101Z   GITHUB_EVENT_NAME: push
2026-03-01T11:24:22.6429307Z   GITHUB_EVENT_NUMBER: 
2026-03-01T11:24:22.6429544Z   GITHUB_EVENT_PULL_REQUEST_HEAD_SHA: 
2026-03-01T11:24:22.6429785Z ##[endgroup]
2026-03-01T11:24:22.6518627Z ##[group]Run ${GITHUB_ACTION_PATH}/dist/codecov.sh
2026-03-01T11:24:22.6518969Z [36;1m${GITHUB_ACTION_PATH}/dist/codecov.sh[0m
2026-03-01T11:24:22.6562031Z shell: /usr/bin/bash --noprofile --norc -e -o pipefail {0}
2026-03-01T11:24:22.6562342Z env:
2026-03-01T11:24:22.6562518Z   DOTNET_ROOT: /usr/share/dotnet
2026-03-01T11:24:22.6562732Z   CC_FORK: false
2026-03-01T11:24:22.6563014Z   CC_TOKEN: ***
2026-03-01T11:24:22.6563184Z   CC_BRANCH: 
2026-03-01T11:24:22.6563347Z   CC_SHA: 
2026-03-01T11:24:22.6563504Z   CC_PR: 
2026-03-01T11:24:22.6563660Z   CC_BASE_SHA: 
2026-03-01T11:24:22.6563824Z   CC_BINARY: 
2026-03-01T11:24:22.6563980Z   CC_BUILD: 
2026-03-01T11:24:22.6564141Z   CC_BUILD_URL: 
2026-03-01T11:24:22.6564309Z   CC_CODE: 
2026-03-01T11:24:22.6564464Z   CC_DIR: TestResults
2026-03-01T11:24:22.6564666Z   CC_DISABLE_FILE_FIXES: false
2026-03-01T11:24:22.6564883Z   CC_DISABLE_SEARCH: false
2026-03-01T11:24:22.6565089Z   CC_DISABLE_TELEM: false
2026-03-01T11:24:22.6565283Z   CC_DRY_RUN: false
2026-03-01T11:24:22.6565460Z   CC_ENTERPRISE_URL: 
2026-03-01T11:24:22.6565641Z   CC_ENV: 
2026-03-01T11:24:22.6565792Z   CC_EXCLUDES: 
2026-03-01T11:24:22.6565965Z   CC_FAIL_ON_ERROR: false
2026-03-01T11:24:22.6566155Z   CC_FILES: 
2026-03-01T11:24:22.6566304Z   CC_FLAGS: 
2026-03-01T11:24:22.6566753Z   CC_FORCE: 
2026-03-01T11:24:22.6566913Z   CC_GCOV_ARGS: 
2026-03-01T11:24:22.6567105Z   CC_GCOV_EXECUTABLE: gcov
2026-03-01T11:24:22.6567307Z   CC_GCOV_IGNORE: 
2026-03-01T11:24:22.6567476Z   CC_GCOV_INCLUDE: 
2026-03-01T11:24:22.6567656Z   CC_GIT_SERVICE: github
2026-03-01T11:24:22.6567863Z   CC_HANDLE_NO_REPORTS_FOUND: false
2026-03-01T11:24:22.6568086Z   CC_JOB_CODE: 
2026-03-01T11:24:22.6568254Z   CC_LEGACY: false
2026-03-01T11:24:22.6568415Z   CC_NAME: 
2026-03-01T11:24:22.6568575Z   CC_NETWORK_FILTER: 
2026-03-01T11:24:22.6568758Z   CC_NETWORK_PREFIX: 
2026-03-01T11:24:22.6568942Z   CC_NETWORK_ROOT_FOLDER: 
2026-03-01T11:24:22.6569162Z   CC_OS: 
2026-03-01T11:24:22.6569313Z   CC_PARENT_SHA: 
2026-03-01T11:24:22.6569485Z   CC_PLUGINS: 
2026-03-01T11:24:22.6569662Z   CC_RECURSE_SUBMODULES: false
2026-03-01T11:24:22.6569865Z   CC_REPORT_TYPE: 
2026-03-01T11:24:22.6570050Z   CC_RUN_CMD: upload-coverage
2026-03-01T11:24:22.6570257Z   CC_SERVICE: github
2026-03-01T11:24:22.6570447Z   CC_SKIP_VALIDATION: false
2026-03-01T11:24:22.6570643Z   CC_SLUG: 
2026-03-01T11:24:22.6570803Z   CC_SWIFT_PROJECT: 
2026-03-01T11:24:22.6570983Z   CC_USE_PYPI: false
2026-03-01T11:24:22.6571152Z   CC_VERBOSE: false
2026-03-01T11:24:22.6571326Z   CC_VERSION: latest
2026-03-01T11:24:22.6571498Z   CC_YML_PATH: 
2026-03-01T11:24:22.6571663Z ##[endgroup]
2026-03-01T11:24:22.6658855Z      _____          _
2026-03-01T11:24:22.6659198Z     / ____|        | |
2026-03-01T11:24:22.6659536Z    | |     ___   __| | ___  ___ _____   __
2026-03-01T11:24:22.6659940Z    | |    / _ \ / _` |/ _ \/ __/ _ \ \ / /
2026-03-01T11:24:22.6660573Z    | |___| (_) | (_| |  __/ (_| (_) \ V /
2026-03-01T11:24:22.6660969Z     \_____\___/ \__,_|\___|\___\___/ \_/
2026-03-01T11:24:22.6661655Z                            [0;31m Wrapper-0.2.1[0m
2026-03-01T11:24:22.6662134Z                                   
2026-03-01T11:24:22.6718950Z [0;32m==>[0m Detected [0;36mlinux[0m
2026-03-01T11:24:22.6719624Z [0;32m ->[0m Downloading [0;36mhttps://cli.codecov.io/latest/linux/codecov[0m
2026-03-01T11:24:22.6773677Z   % Total    % Received % Xferd  Average Speed   Time    Time     Time  Current
2026-03-01T11:24:22.6774422Z                                  Dload  Upload   Total   Spent    Left  Speed
2026-03-01T11:24:22.6774802Z 
2026-03-01T11:24:22.7838729Z   0     0    0     0    0     0      0      0 --:--:-- --:--:-- --:--:--     0
2026-03-01T11:24:22.7839612Z 100 10.6M  100 10.6M    0     0  99.8M      0 --:--:-- --:--:-- --:--:--  100M
2026-03-01T11:24:22.7867040Z [0;32m==>[0m Finishing downloading [0;36mlinux:latest[0m
2026-03-01T11:24:22.8380828Z       Version: [0;36mv11.2.6[0m
2026-03-01T11:24:22.8381292Z  
2026-03-01T11:24:22.9850480Z gpg: directory '/home/runner/.gnupg' created
2026-03-01T11:24:22.9854391Z gpg: keybox '/home/runner/.gnupg/pubring.kbx' created
2026-03-01T11:24:22.9875961Z gpg: /home/runner/.gnupg/trustdb.gpg: trustdb created
2026-03-01T11:24:22.9877390Z gpg: key 806BB28AED779869: public key "Codecov Uploader (Codecov Uploader Verification Key) <security@codecov.io>" imported
2026-03-01T11:24:22.9998970Z gpg: Total number processed: 1
2026-03-01T11:24:22.9999443Z gpg:               imported: 1
2026-03-01T11:24:23.0005548Z [0;32m==>[0m Verifying GPG signature integrity
2026-03-01T11:24:23.0006854Z [0;32m ->[0m Downloading [0;36mhttps://cli.codecov.io/latest/linux/codecov.SHA256SUM[0m
2026-03-01T11:24:23.0008223Z [0;32m ->[0m Downloading [0;36mhttps://cli.codecov.io/latest/linux/codecov.SHA256SUM.sig[0m
2026-03-01T11:24:23.0008979Z  
2026-03-01T11:24:23.0927613Z gpg: Signature made Fri Dec  5 15:31:48 2025 UTC
2026-03-01T11:24:23.0928510Z gpg:                using RSA key 27034E7FDB850E0BBC2C62FF806BB28AED779869
2026-03-01T11:24:23.0931193Z gpg: Good signature from "Codecov Uploader (Codecov Uploader Verification Key) <security@codecov.io>" [unknown]
2026-03-01T11:24:23.0932334Z gpg: WARNING: This key is not certified with a trusted signature!
2026-03-01T11:24:23.0933170Z gpg:          There is no indication that the signature belongs to the owner.
2026-03-01T11:24:23.0934070Z Primary key fingerprint: 2703 4E7F DB85 0E0B BC2C  62FF 806B B28A ED77 9869
2026-03-01T11:24:23.1752759Z codecov: OK
2026-03-01T11:24:23.1763697Z [0;32m==>[0m CLI integrity verified
2026-03-01T11:24:23.1764092Z 
2026-03-01T11:24:23.1855988Z [0;32m ->[0m Token of length 36 detected
2026-03-01T11:24:23.2456351Z [0;32m==>[0m Running upload-coverage
2026-03-01T11:24:23.2468201Z       [0;36m./codecov  upload-coverage -t <redacted> --git-service github --dir TestResults --gcov-executable gcov[0m
2026-03-01T11:24:23.6037743Z info - 2026-03-01 11:24:23,603 -- ci service found: github-actions
2026-03-01T11:24:23.6489166Z warning - 2026-03-01 11:24:23,648 -- xcrun is not installed or can't be found.
2026-03-01T11:24:23.6499313Z warning - 2026-03-01 11:24:23,649 -- No gcov data found.
2026-03-01T11:24:23.6503572Z warning - 2026-03-01 11:24:23,650 -- coverage.py is not installed or can't be found.
2026-03-01T11:24:23.6675130Z info - 2026-03-01 11:24:23,667 -- Found 3 coverage files to report
2026-03-01T11:24:23.6676306Z info - 2026-03-01 11:24:23,667 -- > TestResults/3106e8fb-f19c-4437-b861-7f85fee81efa/coverage.cobertura.xml
2026-03-01T11:24:23.6677889Z info - 2026-03-01 11:24:23,667 -- > TestResults/26b7bd51-bbe0-414d-b157-381c820d8821/coverage.cobertura.xml
2026-03-01T11:24:23.6679057Z info - 2026-03-01 11:24:23,667 -- > TestResults/ec6da1b8-192c-4715-bb02-c68df81957a2/coverage.cobertura.xml
2026-03-01T11:24:24.0191640Z info - 2026-03-01 11:24:24,018 -- Your upload is now processing. When finished, results will be available at: https://app.codecov.io/github/pkinerd/hpoll/commit/9341c7e576a34ff388838d25af6762bac821b359
2026-03-01T11:24:24.2506017Z info - 2026-03-01 11:24:24,250 -- Process Upload complete
2026-03-01T11:24:24.3985304Z ##[group]Run codecov/codecov-action@18283e04ce6e62d37312384ff67231eb8fd56d24
2026-03-01T11:24:24.3985686Z with:
2026-03-01T11:24:24.3986195Z   token: ***
2026-03-01T11:24:24.3986386Z   files: TestResults/*.junit.xml
2026-03-01T11:24:24.3986827Z   report_type: test_results
2026-03-01T11:24:24.3987039Z   fail_ci_if_error: false
2026-03-01T11:24:24.3987240Z   disable_file_fixes: false
2026-03-01T11:24:24.3999972Z   disable_search: false
2026-03-01T11:24:24.4000253Z   disable_safe_directory: false
2026-03-01T11:24:24.4000485Z   disable_telem: false
2026-03-01T11:24:24.4000679Z   dry_run: false
2026-03-01T11:24:24.4000861Z   git_service: github
2026-03-01T11:24:24.4001050Z   gcov_executable: gcov
2026-03-01T11:24:24.4001260Z   handle_no_reports_found: false
2026-03-01T11:24:24.4001487Z   recurse_submodules: false
2026-03-01T11:24:24.4001721Z   run_command: upload-coverage
2026-03-01T11:24:24.4001939Z   skip_validation: false
2026-03-01T11:24:24.4002179Z   use_legacy_upload_endpoint: false
2026-03-01T11:24:24.4002400Z   use_oidc: false
2026-03-01T11:24:24.4002575Z   use_pypi: false
2026-03-01T11:24:24.4002739Z   verbose: false
2026-03-01T11:24:24.4002902Z   version: latest
2026-03-01T11:24:24.4003064Z env:
2026-03-01T11:24:24.4003235Z   DOTNET_ROOT: /usr/share/dotnet
2026-03-01T11:24:24.4003454Z   CC_FORK: false
2026-03-01T11:24:24.4003711Z   CC_TOKEN: ***
2026-03-01T11:24:24.4003881Z   CC_BRANCH: 
2026-03-01T11:24:24.4004043Z   CC_SHA: 
2026-03-01T11:24:24.4004189Z   CC_PR: 
2026-03-01T11:24:24.4004346Z ##[endgroup]
2026-03-01T11:24:24.4021607Z ##[group]Run CC_ACTION_VERSION=$(cat ${GITHUB_ACTION_PATH}/src/version)
2026-03-01T11:24:24.4022056Z [36;1mCC_ACTION_VERSION=$(cat ${GITHUB_ACTION_PATH}/src/version)[0m
2026-03-01T11:24:24.4022481Z [36;1mecho -e "\033[0;32m==>\033[0m Running Action version $CC_ACTION_VERSION"[0m
2026-03-01T11:24:24.4071143Z shell: /usr/bin/bash --noprofile --norc -e -o pipefail {0}
2026-03-01T11:24:24.4071453Z env:
2026-03-01T11:24:24.4071641Z   DOTNET_ROOT: /usr/share/dotnet
2026-03-01T11:24:24.4071861Z   CC_FORK: false
2026-03-01T11:24:24.4072144Z   CC_TOKEN: ***
2026-03-01T11:24:24.4072313Z   CC_BRANCH: 
2026-03-01T11:24:24.4072470Z   CC_SHA: 
2026-03-01T11:24:24.4072622Z   CC_PR: 
2026-03-01T11:24:24.4072775Z ##[endgroup]
2026-03-01T11:24:24.4154892Z [0;32m==>[0m Running Action version 5.4.3
2026-03-01T11:24:24.4175837Z ##[group]Run git config --global --add safe.directory "/home/runner/work/hpoll/hpoll"
2026-03-01T11:24:24.4176382Z [36;1mgit config --global --add safe.directory "/home/runner/work/hpoll/hpoll"[0m
2026-03-01T11:24:24.4177138Z [36;1mgit config --global --add safe.directory "$GITHUB_WORKSPACE"[0m
2026-03-01T11:24:24.4221687Z shell: /usr/bin/bash --noprofile --norc -e -o pipefail {0}
2026-03-01T11:24:24.4221995Z env:
2026-03-01T11:24:24.4222167Z   DOTNET_ROOT: /usr/share/dotnet
2026-03-01T11:24:24.4222395Z   CC_FORK: false
2026-03-01T11:24:24.4222669Z   CC_TOKEN: ***
2026-03-01T11:24:24.4222839Z   CC_BRANCH: 
2026-03-01T11:24:24.4223001Z   CC_SHA: 
2026-03-01T11:24:24.4223157Z   CC_PR: 
2026-03-01T11:24:24.4223307Z ##[endgroup]
2026-03-01T11:24:24.4341099Z ##[group]Run CC_FORK="false"
2026-03-01T11:24:24.4341351Z [36;1mCC_FORK="false"[0m
2026-03-01T11:24:24.4341878Z [36;1mif [ -n "$GITHUB_EVENT_PULL_REQUEST_HEAD_REPO_FULL_NAME" ] && [ "$GITHUB_EVENT_PULL_REQUEST_HEAD_REPO_FULL_NAME" != "$GITHUB_REPOSITORY" ];[0m
2026-03-01T11:24:24.4342425Z [36;1mthen[0m
2026-03-01T11:24:24.4342639Z [36;1m  echo -e "\033[0;32m==>\033[0m Fork detected"[0m
2026-03-01T11:24:24.4342910Z [36;1m  CC_FORK="true"[0m
2026-03-01T11:24:24.4343094Z [36;1mfi[0m
2026-03-01T11:24:24.4343292Z [36;1mecho "CC_FORK=$CC_FORK" >> "$GITHUB_ENV"[0m
2026-03-01T11:24:24.4387494Z shell: /usr/bin/bash --noprofile --norc -e -o pipefail {0}
2026-03-01T11:24:24.4387798Z env:
2026-03-01T11:24:24.4387976Z   DOTNET_ROOT: /usr/share/dotnet
2026-03-01T11:24:24.4388375Z   CC_FORK: false
2026-03-01T11:24:24.4388675Z   CC_TOKEN: ***
2026-03-01T11:24:24.4388844Z   CC_BRANCH: 
2026-03-01T11:24:24.4389173Z   CC_SHA: 
2026-03-01T11:24:24.4389328Z   CC_PR: 
2026-03-01T11:24:24.4389508Z   GITHUB_EVENT_PULL_REQUEST_HEAD_LABEL: 
2026-03-01T11:24:24.4389783Z   GITHUB_EVENT_PULL_REQUEST_HEAD_REPO_FULL_NAME: 
2026-03-01T11:24:24.4390067Z   GITHUB_REPOSITORY: pkinerd/hpoll
2026-03-01T11:24:24.4390301Z ##[endgroup]
2026-03-01T11:24:24.4493229Z ##[group]Run actions/github-script@v7
2026-03-01T11:24:24.4493474Z with:
2026-03-01T11:24:24.4494040Z   script: if (process.env.CC_USE_OIDC === 'true' && process.env.CC_FORK != 'true') {
  const id_token = await core.getIDToken(process.env.CC_OIDC_AUDIENCE)
  return id_token
}

2026-03-01T11:24:24.4494813Z   github-token: ***
2026-03-01T11:24:24.4495009Z   debug: false
2026-03-01T11:24:24.4495200Z   user-agent: actions/github-script
2026-03-01T11:24:24.4495450Z   result-encoding: json
2026-03-01T11:24:24.4495653Z   retries: 0
2026-03-01T11:24:24.4495862Z   retry-exempt-status-codes: 400,401,403,404,422
2026-03-01T11:24:24.4496125Z env:
2026-03-01T11:24:24.4496299Z   DOTNET_ROOT: /usr/share/dotnet
2026-03-01T11:24:24.4496885Z   CC_FORK: false
2026-03-01T11:24:24.4497127Z   CC_TOKEN: ***
2026-03-01T11:24:24.4497288Z   CC_BRANCH: 
2026-03-01T11:24:24.4497448Z   CC_SHA: 
2026-03-01T11:24:24.4497592Z   CC_PR: 
2026-03-01T11:24:24.4497777Z   CC_OIDC_AUDIENCE: https://codecov.io
2026-03-01T11:24:24.4498027Z   CC_USE_OIDC: false
2026-03-01T11:24:24.4498207Z ##[endgroup]
2026-03-01T11:24:24.5439750Z ##[group]Run if [ "false" == 'true' ] && [ "$CC_FORK" != 'true' ];
2026-03-01T11:24:24.5440151Z [36;1mif [ "false" == 'true' ] && [ "$CC_FORK" != 'true' ];[0m
2026-03-01T11:24:24.5440431Z [36;1mthen[0m
2026-03-01T11:24:24.5440651Z [36;1m  echo "CC_TOKEN=$CC_OIDC_TOKEN" >> "$GITHUB_ENV"[0m
2026-03-01T11:24:24.5440935Z [36;1melif [ -n "" ];[0m
2026-03-01T11:24:24.5441123Z [36;1mthen[0m
2026-03-01T11:24:24.5441360Z [36;1m  echo -e "\033[0;32m==>\033[0m Token set from env"[0m
2026-03-01T11:24:24.5441667Z [36;1m    echo "CC_TOKEN=" >> "$GITHUB_ENV"[0m
2026-03-01T11:24:24.5441918Z [36;1melse[0m
2026-03-01T11:24:24.5442243Z [36;1m  if [ -n "***" ];[0m
2026-03-01T11:24:24.5442444Z [36;1m  then[0m
2026-03-01T11:24:24.5442672Z [36;1m    echo -e "\033[0;32m==>\033[0m Token set from input"[0m
2026-03-01T11:24:24.5443083Z [36;1m    CC_TOKEN=$(echo "***" | tr -d '\n')[0m
2026-03-01T11:24:24.5443379Z [36;1m    echo "CC_TOKEN=$CC_TOKEN" >> "$GITHUB_ENV"[0m
2026-03-01T11:24:24.5443635Z [36;1m  fi[0m
2026-03-01T11:24:24.5443801Z [36;1mfi[0m
2026-03-01T11:24:24.5492258Z shell: /usr/bin/bash --noprofile --norc -e -o pipefail {0}
2026-03-01T11:24:24.5492574Z env:
2026-03-01T11:24:24.5492748Z   DOTNET_ROOT: /usr/share/dotnet
2026-03-01T11:24:24.5492971Z   CC_FORK: false
2026-03-01T11:24:24.5493227Z   CC_TOKEN: ***
2026-03-01T11:24:24.5493399Z   CC_BRANCH: 
2026-03-01T11:24:24.5493561Z   CC_SHA: 
2026-03-01T11:24:24.5493727Z   CC_PR: 
2026-03-01T11:24:24.5493890Z   CC_OIDC_TOKEN: 
2026-03-01T11:24:24.5494093Z   CC_OIDC_AUDIENCE: https://codecov.io
2026-03-01T11:24:24.5494356Z ##[endgroup]
2026-03-01T11:24:24.5563562Z [0;32m==>[0m Token set from input
2026-03-01T11:24:24.5601607Z ##[group]Run if [ -z "$CC_BRANCH" ] && [ -z "$CC_TOKEN" ] && [ "$CC_FORK" == 'true' ]
2026-03-01T11:24:24.5602106Z [36;1mif [ -z "$CC_BRANCH" ] && [ -z "$CC_TOKEN" ] && [ "$CC_FORK" == 'true' ][0m
2026-03-01T11:24:24.5602434Z [36;1mthen[0m
2026-03-01T11:24:24.5602810Z [36;1m  echo -e "\033[0;32m==>\033[0m Fork detected, setting branch to $GITHUB_EVENT_PULL_REQUEST_HEAD_LABEL"[0m
2026-03-01T11:24:24.5603309Z [36;1m  TOKENLESS="$GITHUB_EVENT_PULL_REQUEST_HEAD_LABEL"[0m
2026-03-01T11:24:24.5603660Z [36;1m  CC_BRANCH="$GITHUB_EVENT_PULL_REQUEST_HEAD_LABEL"[0m
2026-03-01T11:24:24.5603984Z [36;1m  echo "TOKENLESS=$TOKENLESS" >> "$GITHUB_ENV"[0m
2026-03-01T11:24:24.5604249Z [36;1mfi[0m
2026-03-01T11:24:24.5604411Z [36;1m[0m
2026-03-01T11:24:24.5604774Z [36;1mecho "CC_BRANCH=$CC_BRANCH" >> "$GITHUB_ENV"[0m
2026-03-01T11:24:24.5649381Z shell: /usr/bin/bash --noprofile --norc -e -o pipefail {0}
2026-03-01T11:24:24.5649860Z env:
2026-03-01T11:24:24.5650045Z   DOTNET_ROOT: /usr/share/dotnet
2026-03-01T11:24:24.5650267Z   CC_FORK: false
2026-03-01T11:24:24.5650542Z   CC_TOKEN: ***
2026-03-01T11:24:24.5650715Z   CC_BRANCH: 
2026-03-01T11:24:24.5650866Z   CC_SHA: 
2026-03-01T11:24:24.5651018Z   CC_PR: 
2026-03-01T11:24:24.5651187Z   GITHUB_EVENT_PULL_REQUEST_HEAD_LABEL: 
2026-03-01T11:24:24.5651483Z   GITHUB_EVENT_PULL_REQUEST_HEAD_REPO_FULL_NAME: 
2026-03-01T11:24:24.5651777Z   GITHUB_REPOSITORY: pkinerd/hpoll
2026-03-01T11:24:24.5652001Z ##[endgroup]
2026-03-01T11:24:24.5735914Z ##[group]Run if [ -z "$CC_SHA" ];
2026-03-01T11:24:24.5736181Z [36;1mif [ -z "$CC_SHA" ];[0m
2026-03-01T11:24:24.5736592Z [36;1mthen[0m
2026-03-01T11:24:24.5736863Z [36;1m  CC_SHA="$GITHUB_EVENT_PULL_REQUEST_HEAD_SHA"[0m
2026-03-01T11:24:24.5737142Z [36;1mfi[0m
2026-03-01T11:24:24.5737420Z [36;1mif [ -z "$CC_PR" ] && [ "${GITHUB_EVENT_NAME}" == "pull_request_target" ];[0m
2026-03-01T11:24:24.5737772Z [36;1mthen[0m
2026-03-01T11:24:24.5737970Z [36;1m  CC_PR="$GITHUB_EVENT_NUMBER"[0m
2026-03-01T11:24:24.5738208Z [36;1mfi[0m
2026-03-01T11:24:24.5738359Z [36;1m[0m
2026-03-01T11:24:24.5738552Z [36;1mecho "CC_SHA=$CC_SHA" >> "$GITHUB_ENV"[0m
2026-03-01T11:24:24.5738835Z [36;1mecho "CC_PR=$CC_PR" >> "$GITHUB_ENV"[0m
2026-03-01T11:24:24.5782768Z shell: /usr/bin/bash --noprofile --norc -e -o pipefail {0}
2026-03-01T11:24:24.5783084Z env:
2026-03-01T11:24:24.5783263Z   DOTNET_ROOT: /usr/share/dotnet
2026-03-01T11:24:24.5783485Z   CC_FORK: false
2026-03-01T11:24:24.5783773Z   CC_TOKEN: ***
2026-03-01T11:24:24.5783945Z   CC_BRANCH: 
2026-03-01T11:24:24.5784097Z   CC_SHA: 
2026-03-01T11:24:24.5784249Z   CC_PR: 
2026-03-01T11:24:24.5784412Z   GITHUB_EVENT_NAME: push
2026-03-01T11:24:24.5784613Z   GITHUB_EVENT_NUMBER: 
2026-03-01T11:24:24.5784822Z   GITHUB_EVENT_PULL_REQUEST_HEAD_SHA: 
2026-03-01T11:24:24.5785066Z ##[endgroup]
2026-03-01T11:24:24.5875456Z ##[group]Run ${GITHUB_ACTION_PATH}/dist/codecov.sh
2026-03-01T11:24:24.5875795Z [36;1m${GITHUB_ACTION_PATH}/dist/codecov.sh[0m
2026-03-01T11:24:24.5919580Z shell: /usr/bin/bash --noprofile --norc -e -o pipefail {0}
2026-03-01T11:24:24.5919899Z env:
2026-03-01T11:24:24.5920076Z   DOTNET_ROOT: /usr/share/dotnet
2026-03-01T11:24:24.5920291Z   CC_FORK: false
2026-03-01T11:24:24.5920566Z   CC_TOKEN: ***
2026-03-01T11:24:24.5920731Z   CC_BRANCH: 
2026-03-01T11:24:24.5920890Z   CC_SHA: 
2026-03-01T11:24:24.5921045Z   CC_PR: 
2026-03-01T11:24:24.5921194Z   CC_BASE_SHA: 
2026-03-01T11:24:24.5921357Z   CC_BINARY: 
2026-03-01T11:24:24.5921511Z   CC_BUILD: 
2026-03-01T11:24:24.5921670Z   CC_BUILD_URL: 
2026-03-01T11:24:24.5921837Z   CC_CODE: 
2026-03-01T11:24:24.5921986Z   CC_DIR: 
2026-03-01T11:24:24.5922155Z   CC_DISABLE_FILE_FIXES: false
2026-03-01T11:24:24.5922369Z   CC_DISABLE_SEARCH: false
2026-03-01T11:24:24.5922577Z   CC_DISABLE_TELEM: false
2026-03-01T11:24:24.5922782Z   CC_DRY_RUN: false
2026-03-01T11:24:24.5922959Z   CC_ENTERPRISE_URL: 
2026-03-01T11:24:24.5923137Z   CC_ENV: 
2026-03-01T11:24:24.5923295Z   CC_EXCLUDES: 
2026-03-01T11:24:24.5923475Z   CC_FAIL_ON_ERROR: false
2026-03-01T11:24:24.5923687Z   CC_FILES: TestResults/*.junit.xml
2026-03-01T11:24:24.5923905Z   CC_FLAGS: 
2026-03-01T11:24:24.5924064Z   CC_FORCE: 
2026-03-01T11:24:24.5924214Z   CC_GCOV_ARGS: 
2026-03-01T11:24:24.5924392Z   CC_GCOV_EXECUTABLE: gcov
2026-03-01T11:24:24.5924592Z   CC_GCOV_IGNORE: 
2026-03-01T11:24:24.5924759Z   CC_GCOV_INCLUDE: 
2026-03-01T11:24:24.5924940Z   CC_GIT_SERVICE: github
2026-03-01T11:24:24.5925155Z   CC_HANDLE_NO_REPORTS_FOUND: false
2026-03-01T11:24:24.5925367Z   CC_JOB_CODE: 
2026-03-01T11:24:24.5925536Z   CC_LEGACY: false
2026-03-01T11:24:24.5925696Z   CC_NAME: 
2026-03-01T11:24:24.5925853Z   CC_NETWORK_FILTER: 
2026-03-01T11:24:24.5926038Z   CC_NETWORK_PREFIX: 
2026-03-01T11:24:24.5926214Z   CC_NETWORK_ROOT_FOLDER: 
2026-03-01T11:24:24.5926951Z   CC_OS: 
2026-03-01T11:24:24.5927105Z   CC_PARENT_SHA: 
2026-03-01T11:24:24.5927282Z   CC_PLUGINS: 
2026-03-01T11:24:24.5927605Z   CC_RECURSE_SUBMODULES: false
2026-03-01T11:24:24.5927832Z   CC_REPORT_TYPE: test_results
2026-03-01T11:24:24.5928045Z   CC_RUN_CMD: upload-coverage
2026-03-01T11:24:24.5928248Z   CC_SERVICE: github
2026-03-01T11:24:24.5928442Z   CC_SKIP_VALIDATION: false
2026-03-01T11:24:24.5928642Z   CC_SLUG: 
2026-03-01T11:24:24.5928795Z   CC_SWIFT_PROJECT: 
2026-03-01T11:24:24.5928976Z   CC_USE_PYPI: false
2026-03-01T11:24:24.5929148Z   CC_VERBOSE: false
2026-03-01T11:24:24.5929326Z   CC_VERSION: latest
2026-03-01T11:24:24.5929507Z   CC_YML_PATH: 
2026-03-01T11:24:24.5929671Z ##[endgroup]
2026-03-01T11:24:24.6018083Z      _____          _
2026-03-01T11:24:24.6018434Z     / ____|        | |
2026-03-01T11:24:24.6018770Z    | |     ___   __| | ___  ___ _____   __
2026-03-01T11:24:24.6019188Z    | |    / _ \ / _` |/ _ \/ __/ _ \ \ / /
2026-03-01T11:24:24.6019473Z    | |___| (_) | (_| |  __/ (_| (_) \ V /
2026-03-01T11:24:24.6019747Z     \_____\___/ \__,_|\___|\___\___/ \_/
2026-03-01T11:24:24.6020263Z                            [0;31m Wrapper-0.2.1[0m
2026-03-01T11:24:24.6020549Z                                   
2026-03-01T11:24:24.6071338Z [0;32m==>[0m Detected [0;36mlinux[0m
2026-03-01T11:24:24.6072236Z [0;32m ->[0m Downloading [0;36mhttps://cli.codecov.io/latest/linux/codecov[0m
2026-03-01T11:24:24.6126794Z   % Total    % Received % Xferd  Average Speed   Time    Time     Time  Current
2026-03-01T11:24:24.6127535Z                                  Dload  Upload   Total   Spent    Left  Speed
2026-03-01T11:24:24.6127942Z 
2026-03-01T11:24:24.6950836Z   0     0    0     0    0     0      0      0 --:--:-- --:--:-- --:--:--     0
2026-03-01T11:24:24.6951542Z 100 10.6M  100 10.6M    0     0   129M      0 --:--:-- --:--:-- --:--:--  129M
2026-03-01T11:24:24.7009972Z [0;32m==>[0m Finishing downloading [0;36mlinux:latest[0m
2026-03-01T11:24:24.7468051Z       Version: [0;36mv11.2.6[0m
2026-03-01T11:24:24.7468389Z  
2026-03-01T11:24:24.8383609Z gpg: key 806BB28AED779869: "Codecov Uploader (Codecov Uploader Verification Key) <security@codecov.io>" not changed
2026-03-01T11:24:24.8384424Z gpg: Total number processed: 1
2026-03-01T11:24:24.8384931Z gpg:              unchanged: 1
2026-03-01T11:24:24.8388251Z [0;32m==>[0m Verifying GPG signature integrity
2026-03-01T11:24:24.8389042Z [0;32m ->[0m Downloading [0;36mhttps://cli.codecov.io/latest/linux/codecov.SHA256SUM[0m
2026-03-01T11:24:24.8391176Z [0;32m ->[0m Downloading [0;36mhttps://cli.codecov.io/latest/linux/codecov.SHA256SUM.sig[0m
2026-03-01T11:24:24.8391798Z  
2026-03-01T11:24:24.9302458Z gpg: Signature made Fri Dec  5 15:31:48 2025 UTC
2026-03-01T11:24:24.9303217Z gpg:                using RSA key 27034E7FDB850E0BBC2C62FF806BB28AED779869
2026-03-01T11:24:24.9306173Z gpg: Good signature from "Codecov Uploader (Codecov Uploader Verification Key) <security@codecov.io>" [unknown]
2026-03-01T11:24:24.9307424Z gpg: WARNING: This key is not certified with a trusted signature!
2026-03-01T11:24:24.9308243Z gpg:          There is no indication that the signature belongs to the owner.
2026-03-01T11:24:24.9309056Z Primary key fingerprint: 2703 4E7F DB85 0E0B BC2C  62FF 806B B28A ED77 9869
2026-03-01T11:24:24.9943358Z codecov: OK
2026-03-01T11:24:24.9954587Z [0;32m==>[0m CLI integrity verified
2026-03-01T11:24:24.9954946Z 
2026-03-01T11:24:25.0050777Z [0;32m ->[0m Token of length 36 detected
2026-03-01T11:24:25.0697639Z [0;32m==>[0m Running upload-coverage
2026-03-01T11:24:25.0709436Z       [0;36m./codecov  upload-coverage -t <redacted> --git-service github --file TestResults/*.junit.xml --gcov-executable gcov --report-type test_results[0m
2026-03-01T11:24:25.4242831Z info - 2026-03-01 11:24:25,423 -- ci service found: github-actions
2026-03-01T11:24:25.4685587Z info - 2026-03-01 11:24:25,468 -- Using token to create a commit for protected branch `claude/add-build-info-display-yZ5Zr`
2026-03-01T11:24:25.9151760Z info - 2026-03-01 11:24:25,914 -- Process Commit creating complete
2026-03-01T11:24:25.9568175Z warning - 2026-03-01 11:24:25,956 -- Some files were not found --- {"not_found_files": ["TestResults/*.junit.xml"]}
2026-03-01T11:24:25.9876894Z info - 2026-03-01 11:24:25,987 -- Found 3 test_results files to report
2026-03-01T11:24:25.9878393Z info - 2026-03-01 11:24:25,987 -- > /home/runner/work/hpoll/hpoll/tests/Hpoll.Worker.Tests/TestResults/Hpoll.Worker.Tests.junit.xml
2026-03-01T11:24:25.9880032Z info - 2026-03-01 11:24:25,987 -- > /home/runner/work/hpoll/hpoll/tests/Hpoll.Admin.Tests/TestResults/Hpoll.Admin.Tests.junit.xml
2026-03-01T11:24:25.9881212Z info - 2026-03-01 11:24:25,987 -- > /home/runner/work/hpoll/hpoll/tests/Hpoll.Core.Tests/TestResults/Hpoll.Core.Tests.junit.xml
2026-03-01T11:24:26.4357746Z info - 2026-03-01 11:24:26,435 -- Process Upload complete
2026-03-01T11:24:26.5641763Z ##[group]Run actions/upload-artifact@330a01c490aca151604b8cf639adc76d48f6c5d4
2026-03-01T11:24:26.5642160Z with:
2026-03-01T11:24:26.5642342Z   name: test-reports
2026-03-01T11:24:26.5642542Z   path: TestResults/

2026-03-01T11:24:26.5642739Z   if-no-files-found: warn
2026-03-01T11:24:26.5642950Z   compression-level: 6
2026-03-01T11:24:26.5643143Z   overwrite: false
2026-03-01T11:24:26.5643329Z   include-hidden-files: false
2026-03-01T11:24:26.5643537Z env:
2026-03-01T11:24:26.5643700Z   DOTNET_ROOT: /usr/share/dotnet
2026-03-01T11:24:26.5643919Z   CC_FORK: false
2026-03-01T11:24:26.5644247Z   CC_TOKEN: ***
2026-03-01T11:24:26.5644417Z   CC_BRANCH: 
2026-03-01T11:24:26.5644580Z   CC_SHA: 
2026-03-01T11:24:26.5644735Z   CC_PR: 
2026-03-01T11:24:26.5644886Z ##[endgroup]
2026-03-01T11:24:26.7820202Z With the provided path, there will be 3 files uploaded
2026-03-01T11:24:26.7821077Z Artifact name is valid!
2026-03-01T11:24:26.7821499Z Root directory input is valid!
2026-03-01T11:24:26.8994683Z Beginning upload of artifact content to blob storage
2026-03-01T11:24:27.0595959Z Uploaded bytes 34222
2026-03-01T11:24:27.0961168Z Finished uploading artifact content to blob storage!
2026-03-01T11:24:27.0964326Z SHA256 digest of uploaded artifact zip is 97d38ce1ebf4a9480b3c8a15e31535ef89145ffbf6664233ca4ba94c9b6b974d
2026-03-01T11:24:27.0966223Z Finalizing artifact upload
2026-03-01T11:24:27.1918030Z Artifact test-reports.zip successfully finalized. Artifact ID 5709550786
2026-03-01T11:24:27.1919277Z Artifact test-reports has been successfully uploaded! Final size is 34222 bytes. Artifact ID is 5709550786
2026-03-01T11:24:27.1927180Z Artifact download URL: https://github.com/pkinerd/hpoll/actions/runs/22542376569/artifacts/5709550786
2026-03-01T11:24:27.2066164Z Post job cleanup.
2026-03-01T11:24:27.3619250Z Post job cleanup.
2026-03-01T11:24:27.4578633Z [command]/usr/bin/git version
2026-03-01T11:24:27.4615731Z git version 2.53.0
2026-03-01T11:24:27.4655714Z Copying '/home/runner/.gitconfig' to '/home/runner/work/_temp/4fca81e3-ddd6-4b34-bda9-504ea367a1a2/.gitconfig'
2026-03-01T11:24:27.4667439Z Temporarily overriding HOME='/home/runner/work/_temp/4fca81e3-ddd6-4b34-bda9-504ea367a1a2' before making global git config changes
2026-03-01T11:24:27.4669252Z Adding repository directory to the temporary git global config as a safe directory
2026-03-01T11:24:27.4673882Z [command]/usr/bin/git config --global --add safe.directory /home/runner/work/hpoll/hpoll
2026-03-01T11:24:27.4720217Z [command]/usr/bin/git config --local --name-only --get-regexp core\.sshCommand
2026-03-01T11:24:27.4753021Z [command]/usr/bin/git submodule foreach --recursive sh -c "git config --local --name-only --get-regexp 'core\.sshCommand' && git config --local --unset-all 'core.sshCommand' || :"
2026-03-01T11:24:27.4992018Z [command]/usr/bin/git config --local --name-only --get-regexp http\.https\:\/\/github\.com\/\.extraheader
2026-03-01T11:24:27.5016149Z http.https://github.com/.extraheader
2026-03-01T11:24:27.5030127Z [command]/usr/bin/git config --local --unset-all http.https://github.com/.extraheader
2026-03-01T11:24:27.5065522Z [command]/usr/bin/git submodule foreach --recursive sh -c "git config --local --name-only --get-regexp 'http\.https\:\/\/github\.com\/\.extraheader' && git config --local --unset-all 'http.https://github.com/.extraheader' || :"
2026-03-01T11:24:27.5409010Z Cleaning up orphan processes
2026-03-01T11:24:27.5721404Z Terminate orphan process: pid (2538) (dotnet)
2026-03-01T11:24:27.5751481Z Terminate orphan process: pid (2539) (dotnet)
2026-03-01T11:24:27.5806385Z Terminate orphan process: pid (2540) (dotnet)
2026-03-01T11:24:27.5835750Z Terminate orphan process: pid (2662) (dotnet)
2026-03-01T11:24:27.5868225Z Terminate orphan process: pid (2663) (dotnet)
2026-03-01T11:24:27.5899570Z Terminate orphan process: pid (2707) (VBCSCompiler)
