2026-03-01T10:40:14.9988483Z Current runner version: '2.331.0'
2026-03-01T10:40:15.0024166Z ##[group]Runner Image Provisioner
2026-03-01T10:40:15.0025430Z Hosted Compute Agent
2026-03-01T10:40:15.0026394Z Version: 20260213.493
2026-03-01T10:40:15.0027510Z Commit: 5c115507f6dd24b8de37d8bbe0bb4509d0cc0fa3
2026-03-01T10:40:15.0028554Z Build Date: 2026-02-13T00:28:41Z
2026-03-01T10:40:15.0029687Z Worker ID: {d7bdf3a3-ac12-4055-832c-63517cdb5b62}
2026-03-01T10:40:15.0031044Z Azure Region: centralus
2026-03-01T10:40:15.0031953Z ##[endgroup]
2026-03-01T10:40:15.0034110Z ##[group]Operating System
2026-03-01T10:40:15.0035028Z Ubuntu
2026-03-01T10:40:15.0035804Z 24.04.3
2026-03-01T10:40:15.0036582Z LTS
2026-03-01T10:40:15.0037394Z ##[endgroup]
2026-03-01T10:40:15.0038223Z ##[group]Runner Image
2026-03-01T10:40:15.0039042Z Image: ubuntu-24.04
2026-03-01T10:40:15.0039914Z Version: 20260224.36.1
2026-03-01T10:40:15.0041966Z Included Software: https://github.com/actions/runner-images/blob/ubuntu24/20260224.36/images/ubuntu/Ubuntu2404-Readme.md
2026-03-01T10:40:15.0044745Z Image Release: https://github.com/actions/runner-images/releases/tag/ubuntu24%2F20260224.36
2026-03-01T10:40:15.0046386Z ##[endgroup]
2026-03-01T10:40:15.0048940Z ##[group]GITHUB_TOKEN Permissions
2026-03-01T10:40:15.0052261Z Contents: read
2026-03-01T10:40:15.0053154Z Metadata: read
2026-03-01T10:40:15.0054037Z ##[endgroup]
2026-03-01T10:40:15.0057134Z Secret source: Actions
2026-03-01T10:40:15.0058657Z Prepare workflow directory
2026-03-01T10:40:15.0689663Z Prepare all required actions
2026-03-01T10:40:15.0740038Z Getting action download info
2026-03-01T10:40:15.4276178Z Download action repository 'actions/checkout@692973e3d937129bcbf40652eb9f2f61becf3332' (SHA:692973e3d937129bcbf40652eb9f2f61becf3332)
2026-03-01T10:40:15.9312516Z Download action repository 'actions/setup-dotnet@3e891b0cb619bf60e2c25674b222b8940e2c1c25' (SHA:3e891b0cb619bf60e2c25674b222b8940e2c1c25)
2026-03-01T10:40:16.6238653Z Download action repository 'codecov/codecov-action@18283e04ce6e62d37312384ff67231eb8fd56d24' (SHA:18283e04ce6e62d37312384ff67231eb8fd56d24)
2026-03-01T10:40:16.9896514Z Download action repository 'actions/upload-artifact@330a01c490aca151604b8cf639adc76d48f6c5d4' (SHA:330a01c490aca151604b8cf639adc76d48f6c5d4)
2026-03-01T10:40:17.2855256Z Getting action download info
2026-03-01T10:40:17.4032809Z Download action repository 'actions/github-script@v7' (SHA:f28e40c7f34bde8b3046d885e986cb6290c5673b)
2026-03-01T10:40:17.9467472Z Getting action download info
2026-03-01T10:40:18.1759166Z Complete job name: Build & Test
2026-03-01T10:40:18.2663963Z ##[group]Run actions/checkout@692973e3d937129bcbf40652eb9f2f61becf3332
2026-03-01T10:40:18.2665626Z with:
2026-03-01T10:40:18.2666434Z   repository: pkinerd/hpoll
2026-03-01T10:40:18.2667609Z   token: ***
2026-03-01T10:40:18.2668411Z   ssh-strict: true
2026-03-01T10:40:18.2669229Z   ssh-user: git
2026-03-01T10:40:18.2670080Z   persist-credentials: true
2026-03-01T10:40:18.2671195Z   clean: true
2026-03-01T10:40:18.2672037Z   sparse-checkout-cone-mode: true
2026-03-01T10:40:18.2673061Z   fetch-depth: 1
2026-03-01T10:40:18.2673874Z   fetch-tags: false
2026-03-01T10:40:18.2674721Z   show-progress: true
2026-03-01T10:40:18.2675574Z   lfs: false
2026-03-01T10:40:18.2676353Z   submodules: false
2026-03-01T10:40:18.2677178Z   set-safe-directory: true
2026-03-01T10:40:18.2678574Z ##[endgroup]
2026-03-01T10:40:18.3786934Z Syncing repository: pkinerd/hpoll
2026-03-01T10:40:18.3789277Z ##[group]Getting Git version info
2026-03-01T10:40:18.3790788Z Working directory is '/home/runner/work/hpoll/hpoll'
2026-03-01T10:40:18.3792540Z [command]/usr/bin/git version
2026-03-01T10:40:18.3868298Z git version 2.53.0
2026-03-01T10:40:18.3895310Z ##[endgroup]
2026-03-01T10:40:18.3911887Z Temporarily overriding HOME='/home/runner/work/_temp/73d57923-c651-46e2-9da0-c08fcf79e0b7' before making global git config changes
2026-03-01T10:40:18.3916431Z Adding repository directory to the temporary git global config as a safe directory
2026-03-01T10:40:18.3925813Z [command]/usr/bin/git config --global --add safe.directory /home/runner/work/hpoll/hpoll
2026-03-01T10:40:18.3969514Z Deleting the contents of '/home/runner/work/hpoll/hpoll'
2026-03-01T10:40:18.3973802Z ##[group]Initializing the repository
2026-03-01T10:40:18.3978625Z [command]/usr/bin/git init /home/runner/work/hpoll/hpoll
2026-03-01T10:40:18.4101998Z hint: Using 'master' as the name for the initial branch. This default branch name
2026-03-01T10:40:18.4103951Z hint: will change to "main" in Git 3.0. To configure the initial branch name
2026-03-01T10:40:18.4106437Z hint: to use in all of your new repositories, which will suppress this warning,
2026-03-01T10:40:18.4108865Z hint: call:
2026-03-01T10:40:18.4110090Z hint:
2026-03-01T10:40:18.4111931Z hint: 	git config --global init.defaultBranch <name>
2026-03-01T10:40:18.4113887Z hint:
2026-03-01T10:40:18.4115675Z hint: Names commonly chosen instead of 'master' are 'main', 'trunk' and
2026-03-01T10:40:18.4118706Z hint: 'development'. The just-created branch can be renamed via this command:
2026-03-01T10:40:18.4121365Z hint:
2026-03-01T10:40:18.4122569Z hint: 	git branch -m <name>
2026-03-01T10:40:18.4123957Z hint:
2026-03-01T10:40:18.4125982Z hint: Disable this message with "git config set advice.defaultBranchName false"
2026-03-01T10:40:18.4127809Z Initialized empty Git repository in /home/runner/work/hpoll/hpoll/.git/
2026-03-01T10:40:18.4130950Z [command]/usr/bin/git remote add origin https://github.com/pkinerd/hpoll
2026-03-01T10:40:18.4157622Z ##[endgroup]
2026-03-01T10:40:18.4159986Z ##[group]Disabling automatic garbage collection
2026-03-01T10:40:18.4162293Z [command]/usr/bin/git config --local gc.auto 0
2026-03-01T10:40:18.4192568Z ##[endgroup]
2026-03-01T10:40:18.4194776Z ##[group]Setting up auth
2026-03-01T10:40:18.4200045Z [command]/usr/bin/git config --local --name-only --get-regexp core\.sshCommand
2026-03-01T10:40:18.4234627Z [command]/usr/bin/git submodule foreach --recursive sh -c "git config --local --name-only --get-regexp 'core\.sshCommand' && git config --local --unset-all 'core.sshCommand' || :"
2026-03-01T10:40:18.4603223Z [command]/usr/bin/git config --local --name-only --get-regexp http\.https\:\/\/github\.com\/\.extraheader
2026-03-01T10:40:18.4636932Z [command]/usr/bin/git submodule foreach --recursive sh -c "git config --local --name-only --get-regexp 'http\.https\:\/\/github\.com\/\.extraheader' && git config --local --unset-all 'http.https://github.com/.extraheader' || :"
2026-03-01T10:40:18.4868397Z [command]/usr/bin/git config --local http.https://github.com/.extraheader AUTHORIZATION: basic ***
2026-03-01T10:40:18.4904671Z ##[endgroup]
2026-03-01T10:40:18.4906970Z ##[group]Fetching the repository
2026-03-01T10:40:18.4916285Z [command]/usr/bin/git -c protocol.version=2 fetch --no-tags --prune --no-recurse-submodules --depth=1 origin +4733c7b90d1845db2d4934f1a8ed3ee4e7cc68fa:refs/remotes/origin/main
2026-03-01T10:40:18.8875213Z From https://github.com/pkinerd/hpoll
2026-03-01T10:40:18.8877603Z  * [new ref]         4733c7b90d1845db2d4934f1a8ed3ee4e7cc68fa -> origin/main
2026-03-01T10:40:18.8907656Z ##[endgroup]
2026-03-01T10:40:18.8908538Z ##[group]Determining the checkout info
2026-03-01T10:40:18.8910630Z ##[endgroup]
2026-03-01T10:40:18.8916392Z [command]/usr/bin/git sparse-checkout disable
2026-03-01T10:40:18.8999494Z [command]/usr/bin/git config --local --unset-all extensions.worktreeConfig
2026-03-01T10:40:18.9027929Z ##[group]Checking out the ref
2026-03-01T10:40:18.9032546Z [command]/usr/bin/git checkout --progress --force -B main refs/remotes/origin/main
2026-03-01T10:40:18.9147340Z Switched to a new branch 'main'
2026-03-01T10:40:18.9150596Z branch 'main' set up to track 'origin/main'.
2026-03-01T10:40:18.9156464Z ##[endgroup]
2026-03-01T10:40:18.9191878Z [command]/usr/bin/git log -1 --format='%H'
2026-03-01T10:40:18.9214511Z '4733c7b90d1845db2d4934f1a8ed3ee4e7cc68fa'
2026-03-01T10:40:18.9415814Z ##[group]Run actions/setup-dotnet@3e891b0cb619bf60e2c25674b222b8940e2c1c25
2026-03-01T10:40:18.9416318Z with:
2026-03-01T10:40:18.9416599Z   dotnet-version: 8.0.x
2026-03-01T10:40:18.9417069Z   cache: false
2026-03-01T10:40:18.9417342Z ##[endgroup]
2026-03-01T10:40:19.1136314Z [command]/home/runner/work/_actions/actions/setup-dotnet/3e891b0cb619bf60e2c25674b222b8940e2c1c25/externals/install-dotnet.sh --skip-non-versioned-files --runtime dotnet --channel LTS
2026-03-01T10:40:19.5017404Z dotnet-install: Attempting to download using aka.ms link https://builds.dotnet.microsoft.com/dotnet/Runtime/10.0.3/dotnet-runtime-10.0.3-linux-x64.tar.gz
2026-03-01T10:40:19.8357479Z dotnet-install: Remote file https://builds.dotnet.microsoft.com/dotnet/Runtime/10.0.3/dotnet-runtime-10.0.3-linux-x64.tar.gz size is 36636310 bytes.
2026-03-01T10:40:19.8361706Z dotnet-install: Extracting archive from https://builds.dotnet.microsoft.com/dotnet/Runtime/10.0.3/dotnet-runtime-10.0.3-linux-x64.tar.gz
2026-03-01T10:40:20.5207785Z dotnet-install: Downloaded file size is 36636310 bytes.
2026-03-01T10:40:20.5208723Z dotnet-install: The remote and local file sizes are equal.
2026-03-01T10:40:20.5534966Z dotnet-install: Installed version is 10.0.3
2026-03-01T10:40:20.5594838Z dotnet-install: Adding to current process PATH: `/usr/share/dotnet`. Note: This change will be visible only when sourcing script.
2026-03-01T10:40:20.5596470Z dotnet-install: Note that the script does not resolve dependencies during installation.
2026-03-01T10:40:20.5598248Z dotnet-install: To check the list of dependencies, go to https://learn.microsoft.com/dotnet/core/install, select your operating system and check the "Dependencies" section.
2026-03-01T10:40:20.5599830Z dotnet-install: Installation finished successfully.
2026-03-01T10:40:20.5627085Z [command]/home/runner/work/_actions/actions/setup-dotnet/3e891b0cb619bf60e2c25674b222b8940e2c1c25/externals/install-dotnet.sh --skip-non-versioned-files --channel 8.0
2026-03-01T10:40:20.8747966Z dotnet-install: .NET Core SDK with version '8.0.418' is already installed.
2026-03-01T10:40:20.8898352Z ##[group]Run dotnet restore
2026-03-01T10:40:20.8898664Z [36;1mdotnet restore[0m
2026-03-01T10:40:20.8953018Z shell: /usr/bin/bash -e {0}
2026-03-01T10:40:20.8953274Z env:
2026-03-01T10:40:20.8953462Z   DOTNET_ROOT: /usr/share/dotnet
2026-03-01T10:40:20.8953702Z ##[endgroup]
2026-03-01T10:40:23.7411799Z   Determining projects to restore...
2026-03-01T10:40:27.3549649Z   Restored /home/runner/work/hpoll/hpoll/src/Hpoll.Core/Hpoll.Core.csproj (in 2.69 sec).
2026-03-01T10:40:27.3601731Z   Restored /home/runner/work/hpoll/hpoll/src/Hpoll.Admin/Hpoll.Admin.csproj (in 2.69 sec).
2026-03-01T10:40:27.5952314Z   Restored /home/runner/work/hpoll/hpoll/src/Hpoll.Worker/Hpoll.Worker.csproj (in 2.83 sec).
2026-03-01T10:40:27.8555706Z   Restored /home/runner/work/hpoll/hpoll/src/Hpoll.Email/Hpoll.Email.csproj (in 20 ms).
2026-03-01T10:40:28.0323907Z   Restored /home/runner/work/hpoll/hpoll/src/Hpoll.Data/Hpoll.Data.csproj (in 10 ms).
2026-03-01T10:40:28.6027467Z   Restored /home/runner/work/hpoll/hpoll/tests/Hpoll.Worker.Tests/Hpoll.Worker.Tests.csproj (in 1.14 sec).
2026-03-01T10:40:28.6050065Z   Restored /home/runner/work/hpoll/hpoll/tests/Hpoll.Core.Tests/Hpoll.Core.Tests.csproj (in 1.12 sec).
2026-03-01T10:40:28.6053782Z   Restored /home/runner/work/hpoll/hpoll/tests/Hpoll.Admin.Tests/Hpoll.Admin.Tests.csproj (in 4.02 sec).
2026-03-01T10:40:28.6463336Z ##[group]Run dotnet build --no-restore -c Release
2026-03-01T10:40:28.6463753Z [36;1mdotnet build --no-restore -c Release[0m
2026-03-01T10:40:28.6513500Z shell: /usr/bin/bash -e {0}
2026-03-01T10:40:28.6513753Z env:
2026-03-01T10:40:28.6514209Z   DOTNET_ROOT: /usr/share/dotnet
2026-03-01T10:40:28.6514489Z ##[endgroup]
2026-03-01T10:40:34.4142134Z   Hpoll.Core -> /home/runner/work/hpoll/hpoll/src/Hpoll.Core/bin/Release/net8.0/Hpoll.Core.dll
2026-03-01T10:40:35.4224021Z   Hpoll.Data -> /home/runner/work/hpoll/hpoll/src/Hpoll.Data/bin/Release/net8.0/Hpoll.Data.dll
2026-03-01T10:40:36.1735246Z   Hpoll.Email -> /home/runner/work/hpoll/hpoll/src/Hpoll.Email/bin/Release/net8.0/Hpoll.Email.dll
2026-03-01T10:40:37.2277277Z   Hpoll.Core.Tests -> /home/runner/work/hpoll/hpoll/tests/Hpoll.Core.Tests/bin/Release/net8.0/Hpoll.Core.Tests.dll
2026-03-01T10:40:40.7242015Z   Hpoll.Worker -> /home/runner/work/hpoll/hpoll/src/Hpoll.Worker/bin/Release/net8.0/Hpoll.Worker.dll
2026-03-01T10:40:40.8425957Z   Hpoll.Admin -> /home/runner/work/hpoll/hpoll/src/Hpoll.Admin/bin/Release/net8.0/Hpoll.Admin.dll
2026-03-01T10:40:41.3235394Z   Hpoll.Admin.Tests -> /home/runner/work/hpoll/hpoll/tests/Hpoll.Admin.Tests/bin/Release/net8.0/Hpoll.Admin.Tests.dll
2026-03-01T10:40:41.9803598Z   Hpoll.Worker.Tests -> /home/runner/work/hpoll/hpoll/tests/Hpoll.Worker.Tests/bin/Release/net8.0/Hpoll.Worker.Tests.dll
2026-03-01T10:40:41.9931542Z 
2026-03-01T10:40:41.9942007Z Build succeeded.
2026-03-01T10:40:41.9942977Z     0 Warning(s)
2026-03-01T10:40:41.9945616Z     0 Error(s)
2026-03-01T10:40:41.9948799Z 
2026-03-01T10:40:41.9949101Z Time Elapsed 00:00:13.09
2026-03-01T10:40:42.0276476Z ##[group]Run dotnet test --no-build -c Release \
2026-03-01T10:40:42.0276865Z [36;1mdotnet test --no-build -c Release \[0m
2026-03-01T10:40:42.0277202Z [36;1m  --settings coverlet.runsettings \[0m
2026-03-01T10:40:42.0277495Z [36;1m  --collect:"XPlat Code Coverage" \[0m
2026-03-01T10:40:42.0277851Z [36;1m  --logger "junit;LogFilePath=TestResults/{assembly}.junit.xml" \[0m
2026-03-01T10:40:42.0278236Z [36;1m  --results-directory TestResults[0m
2026-03-01T10:40:42.0326476Z shell: /usr/bin/bash -e {0}
2026-03-01T10:40:42.0326710Z env:
2026-03-01T10:40:42.0326888Z   DOTNET_ROOT: /usr/share/dotnet
2026-03-01T10:40:42.0327115Z ##[endgroup]
2026-03-01T10:40:43.1856897Z Test run for /home/runner/work/hpoll/hpoll/tests/Hpoll.Core.Tests/bin/Release/net8.0/Hpoll.Core.Tests.dll (.NETCoreApp,Version=v8.0)
2026-03-01T10:40:43.3438583Z Test run for /home/runner/work/hpoll/hpoll/tests/Hpoll.Worker.Tests/bin/Release/net8.0/Hpoll.Worker.Tests.dll (.NETCoreApp,Version=v8.0)
2026-03-01T10:40:43.3635532Z Test run for /home/runner/work/hpoll/hpoll/tests/Hpoll.Admin.Tests/bin/Release/net8.0/Hpoll.Admin.Tests.dll (.NETCoreApp,Version=v8.0)
2026-03-01T10:40:43.3951522Z VSTest version 18.0.1 (x64)
2026-03-01T10:40:43.3987673Z 
2026-03-01T10:40:43.4044967Z VSTest version 18.0.1 (x64)
2026-03-01T10:40:43.4073402Z 
2026-03-01T10:40:43.4084368Z VSTest version 18.0.1 (x64)
2026-03-01T10:40:43.4129953Z 
2026-03-01T10:40:43.6611829Z Starting test execution, please wait...
2026-03-01T10:40:43.6613084Z Starting test execution, please wait...
2026-03-01T10:40:43.6621022Z Starting test execution, please wait...
2026-03-01T10:40:43.7461631Z A total of 1 test files matched the specified pattern.A total of 1 test files matched the specified pattern.
2026-03-01T10:40:43.7462953Z 
2026-03-01T10:40:43.7485383Z A total of 1 test files matched the specified pattern.
2026-03-01T10:40:48.4704351Z Results File: TestResults/Hpoll.Core.Tests.junit.xml
2026-03-01T10:40:48.4730711Z 
2026-03-01T10:40:48.4758350Z Passed!  - Failed:     0, Passed:    79, Skipped:     0, Total:    79, Duration: 1 s - Hpoll.Core.Tests.dll (net8.0)
2026-03-01T10:40:50.9239040Z Results File: TestResults/Hpoll.Admin.Tests.junit.xml
2026-03-01T10:40:50.9241953Z 
2026-03-01T10:40:50.9281289Z Passed!  - Failed:     0, Passed:    51, Skipped:     0, Total:    51, Duration: 2 s - Hpoll.Admin.Tests.dll (net8.0)
2026-03-01T10:41:36.4359166Z Results File: TestResults/Hpoll.Worker.Tests.junit.xml
2026-03-01T10:41:36.4361561Z 
2026-03-01T10:41:36.4398353Z Passed!  - Failed:     0, Passed:    50, Skipped:     0, Total:    50, Duration: 49 s - Hpoll.Worker.Tests.dll (net8.0)
2026-03-01T10:41:36.6432639Z 
2026-03-01T10:41:36.6438036Z Attachments:
2026-03-01T10:41:36.6440930Z   /home/runner/work/hpoll/hpoll/TestResults/8ea2cd71-9e7e-472d-92f9-95a4ded343ea/coverage.cobertura.xml
2026-03-01T10:41:36.6442595Z   /home/runner/work/hpoll/hpoll/TestResults/814eb9b4-c932-4e63-8caa-c5a478106aa8/coverage.cobertura.xml
2026-03-01T10:41:36.6443943Z   /home/runner/work/hpoll/hpoll/TestResults/a0531493-1505-47e7-8b8c-4672485fc351/coverage.cobertura.xml
2026-03-01T10:41:36.7290514Z ##[group]Run codecov/codecov-action@18283e04ce6e62d37312384ff67231eb8fd56d24
2026-03-01T10:41:36.7291102Z with:
2026-03-01T10:41:36.7291705Z   token: ***
2026-03-01T10:41:36.7291894Z   directory: TestResults
2026-03-01T10:41:36.7292105Z   fail_ci_if_error: false
2026-03-01T10:41:36.7292310Z   disable_file_fixes: false
2026-03-01T10:41:36.7292517Z   disable_search: false
2026-03-01T10:41:36.7292720Z   disable_safe_directory: false
2026-03-01T10:41:36.7292936Z   disable_telem: false
2026-03-01T10:41:36.7293123Z   dry_run: false
2026-03-01T10:41:36.7293294Z   git_service: github
2026-03-01T10:41:36.7293481Z   gcov_executable: gcov
2026-03-01T10:41:36.7293684Z   handle_no_reports_found: false
2026-03-01T10:41:36.7293912Z   recurse_submodules: false
2026-03-01T10:41:36.7294138Z   run_command: upload-coverage
2026-03-01T10:41:36.7294360Z   skip_validation: false
2026-03-01T10:41:36.7294574Z   use_legacy_upload_endpoint: false
2026-03-01T10:41:36.7294804Z   use_oidc: false
2026-03-01T10:41:36.7295012Z   use_pypi: false
2026-03-01T10:41:36.7295181Z   verbose: false
2026-03-01T10:41:36.7295357Z   version: latest
2026-03-01T10:41:36.7295523Z env:
2026-03-01T10:41:36.7295684Z   DOTNET_ROOT: /usr/share/dotnet
2026-03-01T10:41:36.7295906Z ##[endgroup]
2026-03-01T10:41:36.7371899Z ##[group]Run CC_ACTION_VERSION=$(cat ${GITHUB_ACTION_PATH}/src/version)
2026-03-01T10:41:36.7372361Z [36;1mCC_ACTION_VERSION=$(cat ${GITHUB_ACTION_PATH}/src/version)[0m
2026-03-01T10:41:36.7372804Z [36;1mecho -e "\033[0;32m==>\033[0m Running Action version $CC_ACTION_VERSION"[0m
2026-03-01T10:41:36.7422079Z shell: /usr/bin/bash --noprofile --norc -e -o pipefail {0}
2026-03-01T10:41:36.7422395Z env:
2026-03-01T10:41:36.7422576Z   DOTNET_ROOT: /usr/share/dotnet
2026-03-01T10:41:36.7422793Z ##[endgroup]
2026-03-01T10:41:36.7505399Z [0;32m==>[0m Running Action version 5.4.3
2026-03-01T10:41:36.7560673Z ##[group]Run git config --global --add safe.directory "/home/runner/work/hpoll/hpoll"
2026-03-01T10:41:36.7561267Z [36;1mgit config --global --add safe.directory "/home/runner/work/hpoll/hpoll"[0m
2026-03-01T10:41:36.7561745Z [36;1mgit config --global --add safe.directory "$GITHUB_WORKSPACE"[0m
2026-03-01T10:41:36.7606135Z shell: /usr/bin/bash --noprofile --norc -e -o pipefail {0}
2026-03-01T10:41:36.7606448Z env:
2026-03-01T10:41:36.7606632Z   DOTNET_ROOT: /usr/share/dotnet
2026-03-01T10:41:36.7606860Z ##[endgroup]
2026-03-01T10:41:36.7723876Z ##[group]Run CC_FORK="false"
2026-03-01T10:41:36.7724127Z [36;1mCC_FORK="false"[0m
2026-03-01T10:41:36.7724681Z [36;1mif [ -n "$GITHUB_EVENT_PULL_REQUEST_HEAD_REPO_FULL_NAME" ] && [ "$GITHUB_EVENT_PULL_REQUEST_HEAD_REPO_FULL_NAME" != "$GITHUB_REPOSITORY" ];[0m
2026-03-01T10:41:36.7725263Z [36;1mthen[0m
2026-03-01T10:41:36.7725481Z [36;1m  echo -e "\033[0;32m==>\033[0m Fork detected"[0m
2026-03-01T10:41:36.7725766Z [36;1m  CC_FORK="true"[0m
2026-03-01T10:41:36.7725966Z [36;1mfi[0m
2026-03-01T10:41:36.7726160Z [36;1mecho "CC_FORK=$CC_FORK" >> "$GITHUB_ENV"[0m
2026-03-01T10:41:36.7769213Z shell: /usr/bin/bash --noprofile --norc -e -o pipefail {0}
2026-03-01T10:41:36.7769537Z env:
2026-03-01T10:41:36.7769715Z   DOTNET_ROOT: /usr/share/dotnet
2026-03-01T10:41:36.7769954Z   GITHUB_EVENT_PULL_REQUEST_HEAD_LABEL: 
2026-03-01T10:41:36.7770239Z   GITHUB_EVENT_PULL_REQUEST_HEAD_REPO_FULL_NAME: 
2026-03-01T10:41:36.7770764Z   GITHUB_REPOSITORY: pkinerd/hpoll
2026-03-01T10:41:36.7770994Z ##[endgroup]
2026-03-01T10:41:36.7898253Z ##[group]Run actions/github-script@v7
2026-03-01T10:41:36.7898490Z with:
2026-03-01T10:41:36.7899068Z   script: if (process.env.CC_USE_OIDC === 'true' && process.env.CC_FORK != 'true') {
  const id_token = await core.getIDToken(process.env.CC_OIDC_AUDIENCE)
  return id_token
}

2026-03-01T10:41:36.7899868Z   github-token: ***
2026-03-01T10:41:36.7900061Z   debug: false
2026-03-01T10:41:36.7900246Z   user-agent: actions/github-script
2026-03-01T10:41:36.7900734Z   result-encoding: json
2026-03-01T10:41:36.7900993Z   retries: 0
2026-03-01T10:41:36.7901437Z   retry-exempt-status-codes: 400,401,403,404,422
2026-03-01T10:41:36.7922946Z env:
2026-03-01T10:41:36.7923517Z   DOTNET_ROOT: /usr/share/dotnet
2026-03-01T10:41:36.7923918Z   CC_FORK: false
2026-03-01T10:41:36.7924166Z   CC_OIDC_AUDIENCE: https://codecov.io
2026-03-01T10:41:36.7924428Z   CC_USE_OIDC: false
2026-03-01T10:41:36.7924613Z ##[endgroup]
2026-03-01T10:41:36.8869297Z ##[group]Run if [ "false" == 'true' ] && [ "$CC_FORK" != 'true' ];
2026-03-01T10:41:36.8869704Z [36;1mif [ "false" == 'true' ] && [ "$CC_FORK" != 'true' ];[0m
2026-03-01T10:41:36.8869992Z [36;1mthen[0m
2026-03-01T10:41:36.8870210Z [36;1m  echo "CC_TOKEN=$CC_OIDC_TOKEN" >> "$GITHUB_ENV"[0m
2026-03-01T10:41:36.8870837Z [36;1melif [ -n "" ];[0m
2026-03-01T10:41:36.8871041Z [36;1mthen[0m
2026-03-01T10:41:36.8871259Z [36;1m  echo -e "\033[0;32m==>\033[0m Token set from env"[0m
2026-03-01T10:41:36.8871578Z [36;1m    echo "CC_TOKEN=" >> "$GITHUB_ENV"[0m
2026-03-01T10:41:36.8871825Z [36;1melse[0m
2026-03-01T10:41:36.8872154Z [36;1m  if [ -n "***" ];[0m
2026-03-01T10:41:36.8872358Z [36;1m  then[0m
2026-03-01T10:41:36.8872597Z [36;1m    echo -e "\033[0;32m==>\033[0m Token set from input"[0m
2026-03-01T10:41:36.8873011Z [36;1m    CC_TOKEN=$(echo "***" | tr -d '\n')[0m
2026-03-01T10:41:36.8873311Z [36;1m    echo "CC_TOKEN=$CC_TOKEN" >> "$GITHUB_ENV"[0m
2026-03-01T10:41:36.8873571Z [36;1m  fi[0m
2026-03-01T10:41:36.8873737Z [36;1mfi[0m
2026-03-01T10:41:36.8921549Z shell: /usr/bin/bash --noprofile --norc -e -o pipefail {0}
2026-03-01T10:41:36.8921868Z env:
2026-03-01T10:41:36.8922038Z   DOTNET_ROOT: /usr/share/dotnet
2026-03-01T10:41:36.8922263Z   CC_FORK: false
2026-03-01T10:41:36.8922430Z   CC_OIDC_TOKEN: 
2026-03-01T10:41:36.8922639Z   CC_OIDC_AUDIENCE: https://codecov.io
2026-03-01T10:41:36.8922883Z ##[endgroup]
2026-03-01T10:41:36.8989755Z [0;32m==>[0m Token set from input
2026-03-01T10:41:36.9028176Z ##[group]Run if [ -z "$CC_BRANCH" ] && [ -z "$CC_TOKEN" ] && [ "$CC_FORK" == 'true' ]
2026-03-01T10:41:36.9028671Z [36;1mif [ -z "$CC_BRANCH" ] && [ -z "$CC_TOKEN" ] && [ "$CC_FORK" == 'true' ][0m
2026-03-01T10:41:36.9029028Z [36;1mthen[0m
2026-03-01T10:41:36.9029404Z [36;1m  echo -e "\033[0;32m==>\033[0m Fork detected, setting branch to $GITHUB_EVENT_PULL_REQUEST_HEAD_LABEL"[0m
2026-03-01T10:41:36.9029907Z [36;1m  TOKENLESS="$GITHUB_EVENT_PULL_REQUEST_HEAD_LABEL"[0m
2026-03-01T10:41:36.9030254Z [36;1m  CC_BRANCH="$GITHUB_EVENT_PULL_REQUEST_HEAD_LABEL"[0m
2026-03-01T10:41:36.9030831Z [36;1m  echo "TOKENLESS=$TOKENLESS" >> "$GITHUB_ENV"[0m
2026-03-01T10:41:36.9031122Z [36;1mfi[0m
2026-03-01T10:41:36.9031282Z [36;1m[0m
2026-03-01T10:41:36.9031491Z [36;1mecho "CC_BRANCH=$CC_BRANCH" >> "$GITHUB_ENV"[0m
2026-03-01T10:41:36.9074789Z shell: /usr/bin/bash --noprofile --norc -e -o pipefail {0}
2026-03-01T10:41:36.9075109Z env:
2026-03-01T10:41:36.9075282Z   DOTNET_ROOT: /usr/share/dotnet
2026-03-01T10:41:36.9075506Z   CC_FORK: false
2026-03-01T10:41:36.9075778Z   CC_TOKEN: ***
2026-03-01T10:41:36.9075942Z   CC_BRANCH: 
2026-03-01T10:41:36.9076137Z   GITHUB_EVENT_PULL_REQUEST_HEAD_LABEL: 
2026-03-01T10:41:36.9076427Z   GITHUB_EVENT_PULL_REQUEST_HEAD_REPO_FULL_NAME: 
2026-03-01T10:41:36.9076707Z   GITHUB_REPOSITORY: pkinerd/hpoll
2026-03-01T10:41:36.9076934Z ##[endgroup]
2026-03-01T10:41:36.9160437Z ##[group]Run if [ -z "$CC_SHA" ];
2026-03-01T10:41:36.9160752Z [36;1mif [ -z "$CC_SHA" ];[0m
2026-03-01T10:41:36.9160970Z [36;1mthen[0m
2026-03-01T10:41:36.9161190Z [36;1m  CC_SHA="$GITHUB_EVENT_PULL_REQUEST_HEAD_SHA"[0m
2026-03-01T10:41:36.9161476Z [36;1mfi[0m
2026-03-01T10:41:36.9161752Z [36;1mif [ -z "$CC_PR" ] && [ "${GITHUB_EVENT_NAME}" == "pull_request_target" ];[0m
2026-03-01T10:41:36.9162094Z [36;1mthen[0m
2026-03-01T10:41:36.9162282Z [36;1m  CC_PR="$GITHUB_EVENT_NUMBER"[0m
2026-03-01T10:41:36.9162511Z [36;1mfi[0m
2026-03-01T10:41:36.9162670Z [36;1m[0m
2026-03-01T10:41:36.9162858Z [36;1mecho "CC_SHA=$CC_SHA" >> "$GITHUB_ENV"[0m
2026-03-01T10:41:36.9163135Z [36;1mecho "CC_PR=$CC_PR" >> "$GITHUB_ENV"[0m
2026-03-01T10:41:36.9206164Z shell: /usr/bin/bash --noprofile --norc -e -o pipefail {0}
2026-03-01T10:41:36.9206600Z env:
2026-03-01T10:41:36.9206772Z   DOTNET_ROOT: /usr/share/dotnet
2026-03-01T10:41:36.9206994Z   CC_FORK: false
2026-03-01T10:41:36.9207269Z   CC_TOKEN: ***
2026-03-01T10:41:36.9207435Z   CC_BRANCH: 
2026-03-01T10:41:36.9207597Z   CC_PR: 
2026-03-01T10:41:36.9207747Z   CC_SHA: 
2026-03-01T10:41:36.9207914Z   GITHUB_EVENT_NAME: push
2026-03-01T10:41:36.9208125Z   GITHUB_EVENT_NUMBER: 
2026-03-01T10:41:36.9208332Z   GITHUB_EVENT_PULL_REQUEST_HEAD_SHA: 
2026-03-01T10:41:36.9208571Z ##[endgroup]
2026-03-01T10:41:36.9298341Z ##[group]Run ${GITHUB_ACTION_PATH}/dist/codecov.sh
2026-03-01T10:41:36.9298688Z [36;1m${GITHUB_ACTION_PATH}/dist/codecov.sh[0m
2026-03-01T10:41:36.9342009Z shell: /usr/bin/bash --noprofile --norc -e -o pipefail {0}
2026-03-01T10:41:36.9342334Z env:
2026-03-01T10:41:36.9342515Z   DOTNET_ROOT: /usr/share/dotnet
2026-03-01T10:41:36.9342734Z   CC_FORK: false
2026-03-01T10:41:36.9343004Z   CC_TOKEN: ***
2026-03-01T10:41:36.9343178Z   CC_BRANCH: 
2026-03-01T10:41:36.9343351Z   CC_SHA: 
2026-03-01T10:41:36.9343505Z   CC_PR: 
2026-03-01T10:41:36.9343657Z   CC_BASE_SHA: 
2026-03-01T10:41:36.9343821Z   CC_BINARY: 
2026-03-01T10:41:36.9343979Z   CC_BUILD: 
2026-03-01T10:41:36.9344144Z   CC_BUILD_URL: 
2026-03-01T10:41:36.9344312Z   CC_CODE: 
2026-03-01T10:41:36.9344468Z   CC_DIR: TestResults
2026-03-01T10:41:36.9344670Z   CC_DISABLE_FILE_FIXES: false
2026-03-01T10:41:36.9344880Z   CC_DISABLE_SEARCH: false
2026-03-01T10:41:36.9345086Z   CC_DISABLE_TELEM: false
2026-03-01T10:41:36.9345284Z   CC_DRY_RUN: false
2026-03-01T10:41:36.9345463Z   CC_ENTERPRISE_URL: 
2026-03-01T10:41:36.9345642Z   CC_ENV: 
2026-03-01T10:41:36.9345795Z   CC_EXCLUDES: 
2026-03-01T10:41:36.9345968Z   CC_FAIL_ON_ERROR: false
2026-03-01T10:41:36.9346154Z   CC_FILES: 
2026-03-01T10:41:36.9346305Z   CC_FLAGS: 
2026-03-01T10:41:36.9346460Z   CC_FORCE: 
2026-03-01T10:41:36.9346609Z   CC_GCOV_ARGS: 
2026-03-01T10:41:36.9346791Z   CC_GCOV_EXECUTABLE: gcov
2026-03-01T10:41:36.9346991Z   CC_GCOV_IGNORE: 
2026-03-01T10:41:36.9347168Z   CC_GCOV_INCLUDE: 
2026-03-01T10:41:36.9347344Z   CC_GIT_SERVICE: github
2026-03-01T10:41:36.9347556Z   CC_HANDLE_NO_REPORTS_FOUND: false
2026-03-01T10:41:36.9347780Z   CC_JOB_CODE: 
2026-03-01T10:41:36.9347951Z   CC_LEGACY: false
2026-03-01T10:41:36.9348122Z   CC_NAME: 
2026-03-01T10:41:36.9348285Z   CC_NETWORK_FILTER: 
2026-03-01T10:41:36.9348472Z   CC_NETWORK_PREFIX: 
2026-03-01T10:41:36.9348654Z   CC_NETWORK_ROOT_FOLDER: 
2026-03-01T10:41:36.9348851Z   CC_OS: 
2026-03-01T10:41:36.9349002Z   CC_PARENT_SHA: 
2026-03-01T10:41:36.9349175Z   CC_PLUGINS: 
2026-03-01T10:41:36.9349355Z   CC_RECURSE_SUBMODULES: false
2026-03-01T10:41:36.9349562Z   CC_REPORT_TYPE: 
2026-03-01T10:41:36.9349751Z   CC_RUN_CMD: upload-coverage
2026-03-01T10:41:36.9349956Z   CC_SERVICE: github
2026-03-01T10:41:36.9350151Z   CC_SKIP_VALIDATION: false
2026-03-01T10:41:36.9350525Z   CC_SLUG: 
2026-03-01T10:41:36.9350702Z   CC_SWIFT_PROJECT: 
2026-03-01T10:41:36.9350898Z   CC_USE_PYPI: false
2026-03-01T10:41:36.9351077Z   CC_VERBOSE: false
2026-03-01T10:41:36.9351263Z   CC_VERSION: latest
2026-03-01T10:41:36.9351473Z   CC_YML_PATH: 
2026-03-01T10:41:36.9351649Z ##[endgroup]
2026-03-01T10:41:36.9438610Z      _____          _
2026-03-01T10:41:36.9438958Z     / ____|        | |
2026-03-01T10:41:36.9439285Z    | |     ___   __| | ___  ___ _____   __
2026-03-01T10:41:36.9439688Z    | |    / _ \ / _` |/ _ \/ __/ _ \ \ / /
2026-03-01T10:41:36.9440089Z    | |___| (_) | (_| |  __/ (_| (_) \ V /
2026-03-01T10:41:36.9440634Z     \_____\___/ \__,_|\___|\___\___/ \_/
2026-03-01T10:41:36.9441311Z                            [0;31m Wrapper-0.2.1[0m
2026-03-01T10:41:36.9441761Z                                   
2026-03-01T10:41:36.9502252Z [0;32m==>[0m Detected [0;36mlinux[0m
2026-03-01T10:41:36.9503124Z [0;32m ->[0m Downloading [0;36mhttps://cli.codecov.io/latest/linux/codecov[0m
2026-03-01T10:41:36.9557195Z   % Total    % Received % Xferd  Average Speed   Time    Time     Time  Current
2026-03-01T10:41:36.9558531Z                                  Dload  Upload   Total   Spent    Left  Speed
2026-03-01T10:41:36.9559184Z 
2026-03-01T10:41:37.2030126Z   0     0    0     0    0     0      0      0 --:--:-- --:--:-- --:--:--     0
2026-03-01T10:41:37.2031142Z 100 10.6M  100 10.6M    0     0  43.0M      0 --:--:-- --:--:-- --:--:-- 43.1M
2026-03-01T10:41:37.2055753Z [0;32m==>[0m Finishing downloading [0;36mlinux:latest[0m
2026-03-01T10:41:37.2804558Z       Version: [0;36mv11.2.6[0m
2026-03-01T10:41:37.2805040Z  
2026-03-01T10:41:37.6364339Z gpg: directory '/home/runner/.gnupg' created
2026-03-01T10:41:37.6371279Z gpg: keybox '/home/runner/.gnupg/pubring.kbx' created
2026-03-01T10:41:37.6492913Z gpg: /home/runner/.gnupg/trustdb.gpg: trustdb created
2026-03-01T10:41:37.6494743Z gpg: key 806BB28AED779869: public key "Codecov Uploader (Codecov Uploader Verification Key) <security@codecov.io>" imported
2026-03-01T10:41:37.6849406Z gpg: Total number processed: 1
2026-03-01T10:41:37.6849917Z gpg:               imported: 1
2026-03-01T10:41:37.6855925Z [0;32m==>[0m Verifying GPG signature integrity
2026-03-01T10:41:37.6856706Z [0;32m ->[0m Downloading [0;36mhttps://cli.codecov.io/latest/linux/codecov.SHA256SUM[0m
2026-03-01T10:41:37.6857518Z [0;32m ->[0m Downloading [0;36mhttps://cli.codecov.io/latest/linux/codecov.SHA256SUM.sig[0m
2026-03-01T10:41:37.6858041Z  
2026-03-01T10:41:37.8055747Z gpg: Signature made Fri Dec  5 15:31:48 2025 UTC
2026-03-01T10:41:37.8056494Z gpg:                using RSA key 27034E7FDB850E0BBC2C62FF806BB28AED779869
2026-03-01T10:41:37.8058716Z gpg: Good signature from "Codecov Uploader (Codecov Uploader Verification Key) <security@codecov.io>" [unknown]
2026-03-01T10:41:37.8059833Z gpg: WARNING: This key is not certified with a trusted signature!
2026-03-01T10:41:37.8061143Z gpg:          There is no indication that the signature belongs to the owner.
2026-03-01T10:41:37.8062059Z Primary key fingerprint: 2703 4E7F DB85 0E0B BC2C  62FF 806B B28A ED77 9869
2026-03-01T10:41:37.8965083Z codecov: OK
2026-03-01T10:41:37.8974020Z [0;32m==>[0m CLI integrity verified
2026-03-01T10:41:37.8974363Z 
2026-03-01T10:41:37.9058795Z [0;32m ->[0m Token of length 36 detected
2026-03-01T10:41:37.9652393Z [0;32m==>[0m Running upload-coverage
2026-03-01T10:41:37.9663242Z       [0;36m./codecov  upload-coverage -t <redacted> --git-service github --dir TestResults --gcov-executable gcov[0m
2026-03-01T10:41:38.3185739Z info - 2026-03-01 10:41:38,318 -- ci service found: github-actions
2026-03-01T10:41:38.3614440Z warning - 2026-03-01 10:41:38,361 -- xcrun is not installed or can't be found.
2026-03-01T10:41:38.3623653Z warning - 2026-03-01 10:41:38,362 -- No gcov data found.
2026-03-01T10:41:38.3626846Z warning - 2026-03-01 10:41:38,362 -- coverage.py is not installed or can't be found.
2026-03-01T10:41:38.3826886Z info - 2026-03-01 10:41:38,382 -- Found 3 coverage files to report
2026-03-01T10:41:38.3828075Z info - 2026-03-01 10:41:38,382 -- > TestResults/814eb9b4-c932-4e63-8caa-c5a478106aa8/coverage.cobertura.xml
2026-03-01T10:41:38.3829315Z info - 2026-03-01 10:41:38,382 -- > TestResults/8ea2cd71-9e7e-472d-92f9-95a4ded343ea/coverage.cobertura.xml
2026-03-01T10:41:38.3830716Z info - 2026-03-01 10:41:38,382 -- > TestResults/a0531493-1505-47e7-8b8c-4672485fc351/coverage.cobertura.xml
2026-03-01T10:41:38.7911207Z info - 2026-03-01 10:41:38,790 -- Your upload is now processing. When finished, results will be available at: https://app.codecov.io/github/pkinerd/hpoll/commit/4733c7b90d1845db2d4934f1a8ed3ee4e7cc68fa
2026-03-01T10:41:39.1096709Z info - 2026-03-01 10:41:39,109 -- Process Upload complete
2026-03-01T10:41:39.3056181Z ##[group]Run codecov/codecov-action@18283e04ce6e62d37312384ff67231eb8fd56d24
2026-03-01T10:41:39.3056561Z with:
2026-03-01T10:41:39.3056868Z   token: ***
2026-03-01T10:41:39.3057055Z   files: TestResults/*.junit.xml
2026-03-01T10:41:39.3057279Z   report_type: test_results
2026-03-01T10:41:39.3057491Z   fail_ci_if_error: false
2026-03-01T10:41:39.3057693Z   disable_file_fixes: false
2026-03-01T10:41:39.3057896Z   disable_search: false
2026-03-01T10:41:39.3058270Z   disable_safe_directory: false
2026-03-01T10:41:39.3058483Z   disable_telem: false
2026-03-01T10:41:39.3058669Z   dry_run: false
2026-03-01T10:41:39.3058838Z   git_service: github
2026-03-01T10:41:39.3059025Z   gcov_executable: gcov
2026-03-01T10:41:39.3059226Z   handle_no_reports_found: false
2026-03-01T10:41:39.3059448Z   recurse_submodules: false
2026-03-01T10:41:39.3059663Z   run_command: upload-coverage
2026-03-01T10:41:39.3059875Z   skip_validation: false
2026-03-01T10:41:39.3060113Z   use_legacy_upload_endpoint: false
2026-03-01T10:41:39.3060489Z   use_oidc: false
2026-03-01T10:41:39.3060664Z   use_pypi: false
2026-03-01T10:41:39.3060833Z   verbose: false
2026-03-01T10:41:39.3060998Z   version: latest
2026-03-01T10:41:39.3061163Z env:
2026-03-01T10:41:39.3061326Z   DOTNET_ROOT: /usr/share/dotnet
2026-03-01T10:41:39.3061549Z   CC_FORK: false
2026-03-01T10:41:39.3061762Z   CC_TOKEN: ***
2026-03-01T10:41:39.3061925Z   CC_BRANCH: 
2026-03-01T10:41:39.3062086Z   CC_SHA: 
2026-03-01T10:41:39.3062241Z   CC_PR: 
2026-03-01T10:41:39.3062395Z ##[endgroup]
2026-03-01T10:41:39.3078176Z ##[group]Run CC_ACTION_VERSION=$(cat ${GITHUB_ACTION_PATH}/src/version)
2026-03-01T10:41:39.3078779Z [36;1mCC_ACTION_VERSION=$(cat ${GITHUB_ACTION_PATH}/src/version)[0m
2026-03-01T10:41:39.3079282Z [36;1mecho -e "\033[0;32m==>\033[0m Running Action version $CC_ACTION_VERSION"[0m
2026-03-01T10:41:39.3127027Z shell: /usr/bin/bash --noprofile --norc -e -o pipefail {0}
2026-03-01T10:41:39.3127334Z env:
2026-03-01T10:41:39.3127519Z   DOTNET_ROOT: /usr/share/dotnet
2026-03-01T10:41:39.3127737Z   CC_FORK: false
2026-03-01T10:41:39.3127979Z   CC_TOKEN: ***
2026-03-01T10:41:39.3128153Z   CC_BRANCH: 
2026-03-01T10:41:39.3128312Z   CC_SHA: 
2026-03-01T10:41:39.3128467Z   CC_PR: 
2026-03-01T10:41:39.3128621Z ##[endgroup]
2026-03-01T10:41:39.3219930Z [0;32m==>[0m Running Action version 5.4.3
2026-03-01T10:41:39.3239048Z ##[group]Run git config --global --add safe.directory "/home/runner/work/hpoll/hpoll"
2026-03-01T10:41:39.3239607Z [36;1mgit config --global --add safe.directory "/home/runner/work/hpoll/hpoll"[0m
2026-03-01T10:41:39.3240082Z [36;1mgit config --global --add safe.directory "$GITHUB_WORKSPACE"[0m
2026-03-01T10:41:39.3283391Z shell: /usr/bin/bash --noprofile --norc -e -o pipefail {0}
2026-03-01T10:41:39.3283706Z env:
2026-03-01T10:41:39.3283882Z   DOTNET_ROOT: /usr/share/dotnet
2026-03-01T10:41:39.3284096Z   CC_FORK: false
2026-03-01T10:41:39.3284336Z   CC_TOKEN: ***
2026-03-01T10:41:39.3284503Z   CC_BRANCH: 
2026-03-01T10:41:39.3284666Z   CC_SHA: 
2026-03-01T10:41:39.3284821Z   CC_PR: 
2026-03-01T10:41:39.3284976Z ##[endgroup]
2026-03-01T10:41:39.3397420Z ##[group]Run CC_FORK="false"
2026-03-01T10:41:39.3397655Z [36;1mCC_FORK="false"[0m
2026-03-01T10:41:39.3398198Z [36;1mif [ -n "$GITHUB_EVENT_PULL_REQUEST_HEAD_REPO_FULL_NAME" ] && [ "$GITHUB_EVENT_PULL_REQUEST_HEAD_REPO_FULL_NAME" != "$GITHUB_REPOSITORY" ];[0m
2026-03-01T10:41:39.3398767Z [36;1mthen[0m
2026-03-01T10:41:39.3398989Z [36;1m  echo -e "\033[0;32m==>\033[0m Fork detected"[0m
2026-03-01T10:41:39.3399265Z [36;1m  CC_FORK="true"[0m
2026-03-01T10:41:39.3399451Z [36;1mfi[0m
2026-03-01T10:41:39.3399643Z [36;1mecho "CC_FORK=$CC_FORK" >> "$GITHUB_ENV"[0m
2026-03-01T10:41:39.3442930Z shell: /usr/bin/bash --noprofile --norc -e -o pipefail {0}
2026-03-01T10:41:39.3443236Z env:
2026-03-01T10:41:39.3443410Z   DOTNET_ROOT: /usr/share/dotnet
2026-03-01T10:41:39.3443628Z   CC_FORK: false
2026-03-01T10:41:39.3443883Z   CC_TOKEN: ***
2026-03-01T10:41:39.3444059Z   CC_BRANCH: 
2026-03-01T10:41:39.3444404Z   CC_SHA: 
2026-03-01T10:41:39.3444560Z   CC_PR: 
2026-03-01T10:41:39.3444746Z   GITHUB_EVENT_PULL_REQUEST_HEAD_LABEL: 
2026-03-01T10:41:39.3445023Z   GITHUB_EVENT_PULL_REQUEST_HEAD_REPO_FULL_NAME: 
2026-03-01T10:41:39.3445310Z   GITHUB_REPOSITORY: pkinerd/hpoll
2026-03-01T10:41:39.3445538Z ##[endgroup]
2026-03-01T10:41:39.3544978Z ##[group]Run actions/github-script@v7
2026-03-01T10:41:39.3545219Z with:
2026-03-01T10:41:39.3545789Z   script: if (process.env.CC_USE_OIDC === 'true' && process.env.CC_FORK != 'true') {
  const id_token = await core.getIDToken(process.env.CC_OIDC_AUDIENCE)
  return id_token
}

2026-03-01T10:41:39.3546702Z   github-token: ***
2026-03-01T10:41:39.3546887Z   debug: false
2026-03-01T10:41:39.3547069Z   user-agent: actions/github-script
2026-03-01T10:41:39.3547310Z   result-encoding: json
2026-03-01T10:41:39.3547502Z   retries: 0
2026-03-01T10:41:39.3547703Z   retry-exempt-status-codes: 400,401,403,404,422
2026-03-01T10:41:39.3547960Z env:
2026-03-01T10:41:39.3548130Z   DOTNET_ROOT: /usr/share/dotnet
2026-03-01T10:41:39.3548344Z   CC_FORK: false
2026-03-01T10:41:39.3548552Z   CC_TOKEN: ***
2026-03-01T10:41:39.3548713Z   CC_BRANCH: 
2026-03-01T10:41:39.3548869Z   CC_SHA: 
2026-03-01T10:41:39.3549015Z   CC_PR: 
2026-03-01T10:41:39.3549194Z   CC_OIDC_AUDIENCE: https://codecov.io
2026-03-01T10:41:39.3549429Z   CC_USE_OIDC: false
2026-03-01T10:41:39.3549609Z ##[endgroup]
2026-03-01T10:41:39.4465063Z ##[group]Run if [ "false" == 'true' ] && [ "$CC_FORK" != 'true' ];
2026-03-01T10:41:39.4465501Z [36;1mif [ "false" == 'true' ] && [ "$CC_FORK" != 'true' ];[0m
2026-03-01T10:41:39.4465806Z [36;1mthen[0m
2026-03-01T10:41:39.4466029Z [36;1m  echo "CC_TOKEN=$CC_OIDC_TOKEN" >> "$GITHUB_ENV"[0m
2026-03-01T10:41:39.4466323Z [36;1melif [ -n "" ];[0m
2026-03-01T10:41:39.4466518Z [36;1mthen[0m
2026-03-01T10:41:39.4466743Z [36;1m  echo -e "\033[0;32m==>\033[0m Token set from env"[0m
2026-03-01T10:41:39.4467063Z [36;1m    echo "CC_TOKEN=" >> "$GITHUB_ENV"[0m
2026-03-01T10:41:39.4467327Z [36;1melse[0m
2026-03-01T10:41:39.4467634Z [36;1m  if [ -n "***" ];[0m
2026-03-01T10:41:39.4467841Z [36;1m  then[0m
2026-03-01T10:41:39.4468074Z [36;1m    echo -e "\033[0;32m==>\033[0m Token set from input"[0m
2026-03-01T10:41:39.4468494Z [36;1m    CC_TOKEN=$(echo "***" | tr -d '\n')[0m
2026-03-01T10:41:39.4468797Z [36;1m    echo "CC_TOKEN=$CC_TOKEN" >> "$GITHUB_ENV"[0m
2026-03-01T10:41:39.4469064Z [36;1m  fi[0m
2026-03-01T10:41:39.4469235Z [36;1mfi[0m
2026-03-01T10:41:39.4517292Z shell: /usr/bin/bash --noprofile --norc -e -o pipefail {0}
2026-03-01T10:41:39.4517609Z env:
2026-03-01T10:41:39.4517783Z   DOTNET_ROOT: /usr/share/dotnet
2026-03-01T10:41:39.4518008Z   CC_FORK: false
2026-03-01T10:41:39.4518245Z   CC_TOKEN: ***
2026-03-01T10:41:39.4518426Z   CC_BRANCH: 
2026-03-01T10:41:39.4518593Z   CC_SHA: 
2026-03-01T10:41:39.4518743Z   CC_PR: 
2026-03-01T10:41:39.4518903Z   CC_OIDC_TOKEN: 
2026-03-01T10:41:39.4519105Z   CC_OIDC_AUDIENCE: https://codecov.io
2026-03-01T10:41:39.4519360Z ##[endgroup]
2026-03-01T10:41:39.4585548Z [0;32m==>[0m Token set from input
2026-03-01T10:41:39.4622609Z ##[group]Run if [ -z "$CC_BRANCH" ] && [ -z "$CC_TOKEN" ] && [ "$CC_FORK" == 'true' ]
2026-03-01T10:41:39.4623082Z [36;1mif [ -z "$CC_BRANCH" ] && [ -z "$CC_TOKEN" ] && [ "$CC_FORK" == 'true' ][0m
2026-03-01T10:41:39.4623425Z [36;1mthen[0m
2026-03-01T10:41:39.4623801Z [36;1m  echo -e "\033[0;32m==>\033[0m Fork detected, setting branch to $GITHUB_EVENT_PULL_REQUEST_HEAD_LABEL"[0m
2026-03-01T10:41:39.4624311Z [36;1m  TOKENLESS="$GITHUB_EVENT_PULL_REQUEST_HEAD_LABEL"[0m
2026-03-01T10:41:39.4624660Z [36;1m  CC_BRANCH="$GITHUB_EVENT_PULL_REQUEST_HEAD_LABEL"[0m
2026-03-01T10:41:39.4624985Z [36;1m  echo "TOKENLESS=$TOKENLESS" >> "$GITHUB_ENV"[0m
2026-03-01T10:41:39.4625251Z [36;1mfi[0m
2026-03-01T10:41:39.4625411Z [36;1m[0m
2026-03-01T10:41:39.4625605Z [36;1mecho "CC_BRANCH=$CC_BRANCH" >> "$GITHUB_ENV"[0m
2026-03-01T10:41:39.4668818Z shell: /usr/bin/bash --noprofile --norc -e -o pipefail {0}
2026-03-01T10:41:39.4669289Z env:
2026-03-01T10:41:39.4669465Z   DOTNET_ROOT: /usr/share/dotnet
2026-03-01T10:41:39.4669687Z   CC_FORK: false
2026-03-01T10:41:39.4669932Z   CC_TOKEN: ***
2026-03-01T10:41:39.4670096Z   CC_BRANCH: 
2026-03-01T10:41:39.4670253Z   CC_SHA: 
2026-03-01T10:41:39.4670598Z   CC_PR: 
2026-03-01T10:41:39.4670770Z   GITHUB_EVENT_PULL_REQUEST_HEAD_LABEL: 
2026-03-01T10:41:39.4671060Z   GITHUB_EVENT_PULL_REQUEST_HEAD_REPO_FULL_NAME: 
2026-03-01T10:41:39.4671488Z   GITHUB_REPOSITORY: pkinerd/hpoll
2026-03-01T10:41:39.4671719Z ##[endgroup]
2026-03-01T10:41:39.4752821Z ##[group]Run if [ -z "$CC_SHA" ];
2026-03-01T10:41:39.4753082Z [36;1mif [ -z "$CC_SHA" ];[0m
2026-03-01T10:41:39.4753299Z [36;1mthen[0m
2026-03-01T10:41:39.4753515Z [36;1m  CC_SHA="$GITHUB_EVENT_PULL_REQUEST_HEAD_SHA"[0m
2026-03-01T10:41:39.4753794Z [36;1mfi[0m
2026-03-01T10:41:39.4754074Z [36;1mif [ -z "$CC_PR" ] && [ "${GITHUB_EVENT_NAME}" == "pull_request_target" ];[0m
2026-03-01T10:41:39.4754428Z [36;1mthen[0m
2026-03-01T10:41:39.4754633Z [36;1m  CC_PR="$GITHUB_EVENT_NUMBER"[0m
2026-03-01T10:41:39.4754866Z [36;1mfi[0m
2026-03-01T10:41:39.4755037Z [36;1m[0m
2026-03-01T10:41:39.4755228Z [36;1mecho "CC_SHA=$CC_SHA" >> "$GITHUB_ENV"[0m
2026-03-01T10:41:39.4755522Z [36;1mecho "CC_PR=$CC_PR" >> "$GITHUB_ENV"[0m
2026-03-01T10:41:39.4798491Z shell: /usr/bin/bash --noprofile --norc -e -o pipefail {0}
2026-03-01T10:41:39.4798800Z env:
2026-03-01T10:41:39.4798983Z   DOTNET_ROOT: /usr/share/dotnet
2026-03-01T10:41:39.4799212Z   CC_FORK: false
2026-03-01T10:41:39.4799479Z   CC_TOKEN: ***
2026-03-01T10:41:39.4799647Z   CC_BRANCH: 
2026-03-01T10:41:39.4799808Z   CC_SHA: 
2026-03-01T10:41:39.4799954Z   CC_PR: 
2026-03-01T10:41:39.4800117Z   GITHUB_EVENT_NAME: push
2026-03-01T10:41:39.4800530Z   GITHUB_EVENT_NUMBER: 
2026-03-01T10:41:39.4800796Z   GITHUB_EVENT_PULL_REQUEST_HEAD_SHA: 
2026-03-01T10:41:39.4801039Z ##[endgroup]
2026-03-01T10:41:39.4892654Z ##[group]Run ${GITHUB_ACTION_PATH}/dist/codecov.sh
2026-03-01T10:41:39.4892987Z [36;1m${GITHUB_ACTION_PATH}/dist/codecov.sh[0m
2026-03-01T10:41:39.4936334Z shell: /usr/bin/bash --noprofile --norc -e -o pipefail {0}
2026-03-01T10:41:39.4936652Z env:
2026-03-01T10:41:39.4936828Z   DOTNET_ROOT: /usr/share/dotnet
2026-03-01T10:41:39.4937043Z   CC_FORK: false
2026-03-01T10:41:39.4937285Z   CC_TOKEN: ***
2026-03-01T10:41:39.4937457Z   CC_BRANCH: 
2026-03-01T10:41:39.4937616Z   CC_SHA: 
2026-03-01T10:41:39.4937766Z   CC_PR: 
2026-03-01T10:41:39.4937919Z   CC_BASE_SHA: 
2026-03-01T10:41:39.4938079Z   CC_BINARY: 
2026-03-01T10:41:39.4938229Z   CC_BUILD: 
2026-03-01T10:41:39.4938384Z   CC_BUILD_URL: 
2026-03-01T10:41:39.4938550Z   CC_CODE: 
2026-03-01T10:41:39.4938693Z   CC_DIR: 
2026-03-01T10:41:39.4938857Z   CC_DISABLE_FILE_FIXES: false
2026-03-01T10:41:39.4939069Z   CC_DISABLE_SEARCH: false
2026-03-01T10:41:39.4939272Z   CC_DISABLE_TELEM: false
2026-03-01T10:41:39.4939467Z   CC_DRY_RUN: false
2026-03-01T10:41:39.4939648Z   CC_ENTERPRISE_URL: 
2026-03-01T10:41:39.4939832Z   CC_ENV: 
2026-03-01T10:41:39.4939985Z   CC_EXCLUDES: 
2026-03-01T10:41:39.4940159Z   CC_FAIL_ON_ERROR: false
2026-03-01T10:41:39.4940611Z   CC_FILES: TestResults/*.junit.xml
2026-03-01T10:41:39.4940837Z   CC_FLAGS: 
2026-03-01T10:41:39.4940992Z   CC_FORCE: 
2026-03-01T10:41:39.4941146Z   CC_GCOV_ARGS: 
2026-03-01T10:41:39.4941315Z   CC_GCOV_EXECUTABLE: gcov
2026-03-01T10:41:39.4941512Z   CC_GCOV_IGNORE: 
2026-03-01T10:41:39.4941677Z   CC_GCOV_INCLUDE: 
2026-03-01T10:41:39.4941860Z   CC_GIT_SERVICE: github
2026-03-01T10:41:39.4942067Z   CC_HANDLE_NO_REPORTS_FOUND: false
2026-03-01T10:41:39.4942282Z   CC_JOB_CODE: 
2026-03-01T10:41:39.4942447Z   CC_LEGACY: false
2026-03-01T10:41:39.4942609Z   CC_NAME: 
2026-03-01T10:41:39.4942776Z   CC_NETWORK_FILTER: 
2026-03-01T10:41:39.4942963Z   CC_NETWORK_PREFIX: 
2026-03-01T10:41:39.4943146Z   CC_NETWORK_ROOT_FOLDER: 
2026-03-01T10:41:39.4943346Z   CC_OS: 
2026-03-01T10:41:39.4943498Z   CC_PARENT_SHA: 
2026-03-01T10:41:39.4943674Z   CC_PLUGINS: 
2026-03-01T10:41:39.4944009Z   CC_RECURSE_SUBMODULES: false
2026-03-01T10:41:39.4944235Z   CC_REPORT_TYPE: test_results
2026-03-01T10:41:39.4944454Z   CC_RUN_CMD: upload-coverage
2026-03-01T10:41:39.4944657Z   CC_SERVICE: github
2026-03-01T10:41:39.4944852Z   CC_SKIP_VALIDATION: false
2026-03-01T10:41:39.4945052Z   CC_SLUG: 
2026-03-01T10:41:39.4945206Z   CC_SWIFT_PROJECT: 
2026-03-01T10:41:39.4945385Z   CC_USE_PYPI: false
2026-03-01T10:41:39.4945566Z   CC_VERBOSE: false
2026-03-01T10:41:39.4945865Z   CC_VERSION: latest
2026-03-01T10:41:39.4946047Z   CC_YML_PATH: 
2026-03-01T10:41:39.4946212Z ##[endgroup]
2026-03-01T10:41:39.5032437Z      _____          _
2026-03-01T10:41:39.5032807Z     / ____|        | |
2026-03-01T10:41:39.5033142Z    | |     ___   __| | ___  ___ _____   __
2026-03-01T10:41:39.5033557Z    | |    / _ \ / _` |/ _ \/ __/ _ \ \ / /
2026-03-01T10:41:39.5033975Z    | |___| (_) | (_| |  __/ (_| (_) \ V /
2026-03-01T10:41:39.5034379Z     \_____\___/ \__,_|\___|\___\___/ \_/
2026-03-01T10:41:39.5035029Z                            [0;31m Wrapper-0.2.1[0m
2026-03-01T10:41:39.5035481Z                                   
2026-03-01T10:41:39.5085950Z [0;32m==>[0m Detected [0;36mlinux[0m
2026-03-01T10:41:39.5086854Z [0;32m ->[0m Downloading [0;36mhttps://cli.codecov.io/latest/linux/codecov[0m
2026-03-01T10:41:39.5139461Z   % Total    % Received % Xferd  Average Speed   Time    Time     Time  Current
2026-03-01T10:41:39.5140442Z                                  Dload  Upload   Total   Spent    Left  Speed
2026-03-01T10:41:39.5141031Z 
2026-03-01T10:41:39.5491847Z   0     0    0     0    0     0      0      0 --:--:-- --:--:-- --:--:--     0
2026-03-01T10:41:39.6615025Z   0     0    0     0    0     0      0      0 --:--:-- --:--:-- --:--:--     0
2026-03-01T10:41:39.6615875Z 100 10.6M  100 10.6M    0     0  72.1M      0 --:--:-- --:--:-- --:--:-- 71.9M
2026-03-01T10:41:39.6661864Z [0;32m==>[0m Finishing downloading [0;36mlinux:latest[0m
2026-03-01T10:41:39.7453831Z       Version: [0;36mv11.2.6[0m
2026-03-01T10:41:39.7454238Z  
2026-03-01T10:41:39.8713300Z gpg: key 806BB28AED779869: "Codecov Uploader (Codecov Uploader Verification Key) <security@codecov.io>" not changed
2026-03-01T10:41:39.8713891Z gpg: Total number processed: 1
2026-03-01T10:41:39.8717988Z gpg:              unchanged: 1
2026-03-01T10:41:39.8718755Z [0;32m==>[0m Verifying GPG signature integrity
2026-03-01T10:41:39.8719753Z [0;32m ->[0m Downloading [0;36mhttps://cli.codecov.io/latest/linux/codecov.SHA256SUM[0m
2026-03-01T10:41:39.8721243Z [0;32m ->[0m Downloading [0;36mhttps://cli.codecov.io/latest/linux/codecov.SHA256SUM.sig[0m
2026-03-01T10:41:39.8721800Z  
2026-03-01T10:41:40.0153392Z gpg: Signature made Fri Dec  5 15:31:48 2025 UTC
2026-03-01T10:41:40.0154156Z gpg:                using RSA key 27034E7FDB850E0BBC2C62FF806BB28AED779869
2026-03-01T10:41:40.0157300Z gpg: Good signature from "Codecov Uploader (Codecov Uploader Verification Key) <security@codecov.io>" [unknown]
2026-03-01T10:41:40.0158319Z gpg: WARNING: This key is not certified with a trusted signature!
2026-03-01T10:41:40.0158877Z gpg:          There is no indication that the signature belongs to the owner.
2026-03-01T10:41:40.0159461Z Primary key fingerprint: 2703 4E7F DB85 0E0B BC2C  62FF 806B B28A ED77 9869
2026-03-01T10:41:40.0779304Z codecov: OK
2026-03-01T10:41:40.0789772Z [0;32m==>[0m CLI integrity verified
2026-03-01T10:41:40.0790135Z 
2026-03-01T10:41:40.0873589Z [0;32m ->[0m Token of length 36 detected
2026-03-01T10:41:40.1454698Z [0;32m==>[0m Running upload-coverage
2026-03-01T10:41:40.1465771Z       [0;36m./codecov  upload-coverage -t <redacted> --git-service github --file TestResults/*.junit.xml --gcov-executable gcov --report-type test_results[0m
2026-03-01T10:41:40.4982516Z info - 2026-03-01 10:41:40,497 -- ci service found: github-actions
2026-03-01T10:41:40.5446137Z info - 2026-03-01 10:41:40,544 -- Using token to create a commit for protected branch `main`
2026-03-01T10:41:40.9470072Z info - 2026-03-01 10:41:40,946 -- Process Commit creating complete
2026-03-01T10:41:40.9879778Z warning - 2026-03-01 10:41:40,987 -- Some files were not found --- {"not_found_files": ["TestResults/*.junit.xml"]}
2026-03-01T10:41:41.0183678Z info - 2026-03-01 10:41:41,018 -- Found 3 test_results files to report
2026-03-01T10:41:41.0184787Z info - 2026-03-01 10:41:41,018 -- > /home/runner/work/hpoll/hpoll/tests/Hpoll.Worker.Tests/TestResults/Hpoll.Worker.Tests.junit.xml
2026-03-01T10:41:41.0186224Z info - 2026-03-01 10:41:41,018 -- > /home/runner/work/hpoll/hpoll/tests/Hpoll.Core.Tests/TestResults/Hpoll.Core.Tests.junit.xml
2026-03-01T10:41:41.0187690Z info - 2026-03-01 10:41:41,018 -- > /home/runner/work/hpoll/hpoll/tests/Hpoll.Admin.Tests/TestResults/Hpoll.Admin.Tests.junit.xml
2026-03-01T10:41:41.7262759Z info - 2026-03-01 10:41:41,725 -- Process Upload complete
2026-03-01T10:41:41.8705103Z ##[group]Run actions/upload-artifact@330a01c490aca151604b8cf639adc76d48f6c5d4
2026-03-01T10:41:41.8705495Z with:
2026-03-01T10:41:41.8705663Z   name: test-reports
2026-03-01T10:41:41.8705860Z   path: TestResults/

2026-03-01T10:41:41.8706055Z   if-no-files-found: warn
2026-03-01T10:41:41.8706265Z   compression-level: 6
2026-03-01T10:41:41.8706448Z   overwrite: false
2026-03-01T10:41:41.8706640Z   include-hidden-files: false
2026-03-01T10:41:41.8706846Z env:
2026-03-01T10:41:41.8707005Z   DOTNET_ROOT: /usr/share/dotnet
2026-03-01T10:41:41.8707224Z   CC_FORK: false
2026-03-01T10:41:41.8707482Z   CC_TOKEN: ***
2026-03-01T10:41:41.8707663Z   CC_BRANCH: 
2026-03-01T10:41:41.8707838Z   CC_SHA: 
2026-03-01T10:41:41.8707990Z   CC_PR: 
2026-03-01T10:41:41.8708144Z ##[endgroup]
2026-03-01T10:41:42.0863926Z With the provided path, there will be 3 files uploaded
2026-03-01T10:41:42.0869619Z Artifact name is valid!
2026-03-01T10:41:42.0871352Z Root directory input is valid!
2026-03-01T10:41:42.2435056Z Beginning upload of artifact content to blob storage
2026-03-01T10:41:42.4730550Z Uploaded bytes 32021
2026-03-01T10:41:42.5225927Z Finished uploading artifact content to blob storage!
2026-03-01T10:41:42.5229407Z SHA256 digest of uploaded artifact zip is 4ffdb88e99449ba51df65f5f69ce1a7c3618dbe1c1fb80018ff7f5ebeb442fde
2026-03-01T10:41:42.5231484Z Finalizing artifact upload
2026-03-01T10:41:42.6216607Z Artifact test-reports.zip successfully finalized. Artifact ID 5709360429
2026-03-01T10:41:42.6218243Z Artifact test-reports has been successfully uploaded! Final size is 32021 bytes. Artifact ID is 5709360429
2026-03-01T10:41:42.6226068Z Artifact download URL: https://github.com/pkinerd/hpoll/actions/runs/22541681280/artifacts/5709360429
2026-03-01T10:41:42.6356737Z Post job cleanup.
2026-03-01T10:41:42.7900004Z Post job cleanup.
2026-03-01T10:41:42.8850159Z [command]/usr/bin/git version
2026-03-01T10:41:42.8887199Z git version 2.53.0
2026-03-01T10:41:42.8925116Z Copying '/home/runner/.gitconfig' to '/home/runner/work/_temp/048f62b4-b849-4d6c-98bc-5edd14d5a355/.gitconfig'
2026-03-01T10:41:42.8935013Z Temporarily overriding HOME='/home/runner/work/_temp/048f62b4-b849-4d6c-98bc-5edd14d5a355' before making global git config changes
2026-03-01T10:41:42.8936452Z Adding repository directory to the temporary git global config as a safe directory
2026-03-01T10:41:42.8948297Z [command]/usr/bin/git config --global --add safe.directory /home/runner/work/hpoll/hpoll
2026-03-01T10:41:42.8985886Z [command]/usr/bin/git config --local --name-only --get-regexp core\.sshCommand
2026-03-01T10:41:42.9021093Z [command]/usr/bin/git submodule foreach --recursive sh -c "git config --local --name-only --get-regexp 'core\.sshCommand' && git config --local --unset-all 'core.sshCommand' || :"
2026-03-01T10:41:42.9271693Z [command]/usr/bin/git config --local --name-only --get-regexp http\.https\:\/\/github\.com\/\.extraheader
2026-03-01T10:41:42.9296073Z http.https://github.com/.extraheader
2026-03-01T10:41:42.9310086Z [command]/usr/bin/git config --local --unset-all http.https://github.com/.extraheader
2026-03-01T10:41:42.9346972Z [command]/usr/bin/git submodule foreach --recursive sh -c "git config --local --name-only --get-regexp 'http\.https\:\/\/github\.com\/\.extraheader' && git config --local --unset-all 'http.https://github.com/.extraheader' || :"
2026-03-01T10:41:42.9696447Z Cleaning up orphan processes
2026-03-01T10:41:42.9986108Z Terminate orphan process: pid (2557) (dotnet)
2026-03-01T10:41:43.0016953Z Terminate orphan process: pid (2558) (dotnet)
2026-03-01T10:41:43.0051336Z Terminate orphan process: pid (2559) (dotnet)
2026-03-01T10:41:43.0098753Z Terminate orphan process: pid (2679) (dotnet)
2026-03-01T10:41:43.0121422Z Terminate orphan process: pid (2705) (VBCSCompiler)
