2026-03-01T11:20:45.4488172Z Current runner version: '2.331.0'
2026-03-01T11:20:45.4524327Z ##[group]Runner Image Provisioner
2026-03-01T11:20:45.4525577Z Hosted Compute Agent
2026-03-01T11:20:45.4526472Z Version: 20260213.493
2026-03-01T11:20:45.4527530Z Commit: 5c115507f6dd24b8de37d8bbe0bb4509d0cc0fa3
2026-03-01T11:20:45.4528719Z Build Date: 2026-02-13T00:28:41Z
2026-03-01T11:20:45.4530071Z Worker ID: {6b53c6fe-39ab-4b00-89b7-3328e47b9680}
2026-03-01T11:20:45.4531520Z Azure Region: eastus2
2026-03-01T11:20:45.4532315Z ##[endgroup]
2026-03-01T11:20:45.4535211Z ##[group]Operating System
2026-03-01T11:20:45.4536202Z Ubuntu
2026-03-01T11:20:45.4536938Z 24.04.3
2026-03-01T11:20:45.4537900Z LTS
2026-03-01T11:20:45.4538657Z ##[endgroup]
2026-03-01T11:20:45.4539517Z ##[group]Runner Image
2026-03-01T11:20:45.4540561Z Image: ubuntu-24.04
2026-03-01T11:20:45.4541639Z Version: 20260224.36.1
2026-03-01T11:20:45.4543773Z Included Software: https://github.com/actions/runner-images/blob/ubuntu24/20260224.36/images/ubuntu/Ubuntu2404-Readme.md
2026-03-01T11:20:45.4546360Z Image Release: https://github.com/actions/runner-images/releases/tag/ubuntu24%2F20260224.36
2026-03-01T11:20:45.4548070Z ##[endgroup]
2026-03-01T11:20:45.4549709Z ##[group]GITHUB_TOKEN Permissions
2026-03-01T11:20:45.4552855Z Contents: read
2026-03-01T11:20:45.4553725Z Metadata: read
2026-03-01T11:20:45.4554568Z ##[endgroup]
2026-03-01T11:20:45.4558711Z Secret source: Actions
2026-03-01T11:20:45.4559959Z Prepare workflow directory
2026-03-01T11:20:45.5028682Z Prepare all required actions
2026-03-01T11:20:45.5085603Z Getting action download info
2026-03-01T11:20:45.8096487Z Download action repository 'actions/checkout@692973e3d937129bcbf40652eb9f2f61becf3332' (SHA:692973e3d937129bcbf40652eb9f2f61becf3332)
2026-03-01T11:20:45.9825267Z Download action repository 'actions/setup-dotnet@3e891b0cb619bf60e2c25674b222b8940e2c1c25' (SHA:3e891b0cb619bf60e2c25674b222b8940e2c1c25)
2026-03-01T11:20:46.3218089Z Download action repository 'codecov/codecov-action@18283e04ce6e62d37312384ff67231eb8fd56d24' (SHA:18283e04ce6e62d37312384ff67231eb8fd56d24)
2026-03-01T11:20:46.5655734Z Download action repository 'actions/upload-artifact@330a01c490aca151604b8cf639adc76d48f6c5d4' (SHA:330a01c490aca151604b8cf639adc76d48f6c5d4)
2026-03-01T11:20:46.8541852Z Getting action download info
2026-03-01T11:20:46.9635102Z Download action repository 'actions/github-script@v7' (SHA:f28e40c7f34bde8b3046d885e986cb6290c5673b)
2026-03-01T11:20:47.3011919Z Getting action download info
2026-03-01T11:20:47.5037384Z Complete job name: Build & Test
2026-03-01T11:20:47.5978311Z ##[group]Run actions/checkout@692973e3d937129bcbf40652eb9f2f61becf3332
2026-03-01T11:20:47.5979941Z with:
2026-03-01T11:20:47.5980695Z   repository: pkinerd/hpoll
2026-03-01T11:20:47.5982034Z   token: ***
2026-03-01T11:20:47.5982773Z   ssh-strict: true
2026-03-01T11:20:47.5983531Z   ssh-user: git
2026-03-01T11:20:47.5984300Z   persist-credentials: true
2026-03-01T11:20:47.5985160Z   clean: true
2026-03-01T11:20:47.5985938Z   sparse-checkout-cone-mode: true
2026-03-01T11:20:47.5986904Z   fetch-depth: 1
2026-03-01T11:20:47.5987674Z   fetch-tags: false
2026-03-01T11:20:47.5988458Z   show-progress: true
2026-03-01T11:20:47.5989230Z   lfs: false
2026-03-01T11:20:47.5989961Z   submodules: false
2026-03-01T11:20:47.5990750Z   set-safe-directory: true
2026-03-01T11:20:47.5992286Z ##[endgroup]
2026-03-01T11:20:47.7134413Z Syncing repository: pkinerd/hpoll
2026-03-01T11:20:47.7137013Z ##[group]Getting Git version info
2026-03-01T11:20:47.7138257Z Working directory is '/home/runner/work/hpoll/hpoll'
2026-03-01T11:20:47.7139964Z [command]/usr/bin/git version
2026-03-01T11:20:47.7256889Z git version 2.53.0
2026-03-01T11:20:47.7284188Z ##[endgroup]
2026-03-01T11:20:47.7298692Z Temporarily overriding HOME='/home/runner/work/_temp/5fe7c093-16b2-4d18-9e34-04e955e5ad4c' before making global git config changes
2026-03-01T11:20:47.7301467Z Adding repository directory to the temporary git global config as a safe directory
2026-03-01T11:20:47.7311938Z [command]/usr/bin/git config --global --add safe.directory /home/runner/work/hpoll/hpoll
2026-03-01T11:20:47.7356210Z Deleting the contents of '/home/runner/work/hpoll/hpoll'
2026-03-01T11:20:47.7359993Z ##[group]Initializing the repository
2026-03-01T11:20:47.7364094Z [command]/usr/bin/git init /home/runner/work/hpoll/hpoll
2026-03-01T11:20:47.7501107Z hint: Using 'master' as the name for the initial branch. This default branch name
2026-03-01T11:20:47.7503406Z hint: will change to "main" in Git 3.0. To configure the initial branch name
2026-03-01T11:20:47.7506436Z hint: to use in all of your new repositories, which will suppress this warning,
2026-03-01T11:20:47.7509667Z hint: call:
2026-03-01T11:20:47.7511508Z hint:
2026-03-01T11:20:47.7513108Z hint: 	git config --global init.defaultBranch <name>
2026-03-01T11:20:47.7515120Z hint:
2026-03-01T11:20:47.7516928Z hint: Names commonly chosen instead of 'master' are 'main', 'trunk' and
2026-03-01T11:20:47.7520007Z hint: 'development'. The just-created branch can be renamed via this command:
2026-03-01T11:20:47.7522899Z hint:
2026-03-01T11:20:47.7524157Z hint: 	git branch -m <name>
2026-03-01T11:20:47.7525528Z hint:
2026-03-01T11:20:47.7527570Z hint: Disable this message with "git config set advice.defaultBranchName false"
2026-03-01T11:20:47.7529451Z Initialized empty Git repository in /home/runner/work/hpoll/hpoll/.git/
2026-03-01T11:20:47.7532863Z [command]/usr/bin/git remote add origin https://github.com/pkinerd/hpoll
2026-03-01T11:20:47.7560296Z ##[endgroup]
2026-03-01T11:20:47.7562906Z ##[group]Disabling automatic garbage collection
2026-03-01T11:20:47.7565114Z [command]/usr/bin/git config --local gc.auto 0
2026-03-01T11:20:47.7597050Z ##[endgroup]
2026-03-01T11:20:47.7599186Z ##[group]Setting up auth
2026-03-01T11:20:47.7605339Z [command]/usr/bin/git config --local --name-only --get-regexp core\.sshCommand
2026-03-01T11:20:47.7640537Z [command]/usr/bin/git submodule foreach --recursive sh -c "git config --local --name-only --get-regexp 'core\.sshCommand' && git config --local --unset-all 'core.sshCommand' || :"
2026-03-01T11:20:47.8052641Z [command]/usr/bin/git config --local --name-only --get-regexp http\.https\:\/\/github\.com\/\.extraheader
2026-03-01T11:20:47.8083818Z [command]/usr/bin/git submodule foreach --recursive sh -c "git config --local --name-only --get-regexp 'http\.https\:\/\/github\.com\/\.extraheader' && git config --local --unset-all 'http.https://github.com/.extraheader' || :"
2026-03-01T11:20:47.8322770Z [command]/usr/bin/git config --local http.https://github.com/.extraheader AUTHORIZATION: basic ***
2026-03-01T11:20:47.8368519Z ##[endgroup]
2026-03-01T11:20:47.8370792Z ##[group]Fetching the repository
2026-03-01T11:20:47.8381583Z [command]/usr/bin/git -c protocol.version=2 fetch --no-tags --prune --no-recurse-submodules --depth=1 origin +6d1cc99105b1025316f77fe6a343b725dffe5620:refs/remotes/origin/claude/fix-callback-url-display-3GLxF
2026-03-01T11:20:48.0493657Z From https://github.com/pkinerd/hpoll
2026-03-01T11:20:48.0496024Z  * [new ref]         6d1cc99105b1025316f77fe6a343b725dffe5620 -> origin/claude/fix-callback-url-display-3GLxF
2026-03-01T11:20:48.0533105Z ##[endgroup]
2026-03-01T11:20:48.0537466Z ##[group]Determining the checkout info
2026-03-01T11:20:48.0539143Z ##[endgroup]
2026-03-01T11:20:48.0540781Z [command]/usr/bin/git sparse-checkout disable
2026-03-01T11:20:48.0582713Z [command]/usr/bin/git config --local --unset-all extensions.worktreeConfig
2026-03-01T11:20:48.0612548Z ##[group]Checking out the ref
2026-03-01T11:20:48.0616761Z [command]/usr/bin/git checkout --progress --force -B claude/fix-callback-url-display-3GLxF refs/remotes/origin/claude/fix-callback-url-display-3GLxF
2026-03-01T11:20:48.0743089Z Switched to a new branch 'claude/fix-callback-url-display-3GLxF'
2026-03-01T11:20:48.0746487Z branch 'claude/fix-callback-url-display-3GLxF' set up to track 'origin/claude/fix-callback-url-display-3GLxF'.
2026-03-01T11:20:48.0752797Z ##[endgroup]
2026-03-01T11:20:48.0791853Z [command]/usr/bin/git log -1 --format='%H'
2026-03-01T11:20:48.0816671Z '6d1cc99105b1025316f77fe6a343b725dffe5620'
2026-03-01T11:20:48.1084360Z ##[group]Run actions/setup-dotnet@3e891b0cb619bf60e2c25674b222b8940e2c1c25
2026-03-01T11:20:48.1085689Z with:
2026-03-01T11:20:48.1086382Z   dotnet-version: 8.0.x
2026-03-01T11:20:48.1087162Z   cache: false
2026-03-01T11:20:48.1087866Z ##[endgroup]
2026-03-01T11:20:48.2859898Z [command]/home/runner/work/_actions/actions/setup-dotnet/3e891b0cb619bf60e2c25674b222b8940e2c1c25/externals/install-dotnet.sh --skip-non-versioned-files --runtime dotnet --channel LTS
2026-03-01T11:20:48.5511274Z dotnet-install: Attempting to download using aka.ms link https://builds.dotnet.microsoft.com/dotnet/Runtime/10.0.3/dotnet-runtime-10.0.3-linux-x64.tar.gz
2026-03-01T11:20:48.7614750Z dotnet-install: Remote file https://builds.dotnet.microsoft.com/dotnet/Runtime/10.0.3/dotnet-runtime-10.0.3-linux-x64.tar.gz size is 36636310 bytes.
2026-03-01T11:20:48.7621811Z dotnet-install: Extracting archive from https://builds.dotnet.microsoft.com/dotnet/Runtime/10.0.3/dotnet-runtime-10.0.3-linux-x64.tar.gz
2026-03-01T11:20:49.4449353Z dotnet-install: Downloaded file size is 36636310 bytes.
2026-03-01T11:20:49.4450734Z dotnet-install: The remote and local file sizes are equal.
2026-03-01T11:20:49.4788851Z dotnet-install: Installed version is 10.0.3
2026-03-01T11:20:49.4860486Z dotnet-install: Adding to current process PATH: `/usr/share/dotnet`. Note: This change will be visible only when sourcing script.
2026-03-01T11:20:49.4862936Z dotnet-install: Note that the script does not resolve dependencies during installation.
2026-03-01T11:20:49.4865473Z dotnet-install: To check the list of dependencies, go to https://learn.microsoft.com/dotnet/core/install, select your operating system and check the "Dependencies" section.
2026-03-01T11:20:49.4867252Z dotnet-install: Installation finished successfully.
2026-03-01T11:20:49.4894372Z [command]/home/runner/work/_actions/actions/setup-dotnet/3e891b0cb619bf60e2c25674b222b8940e2c1c25/externals/install-dotnet.sh --skip-non-versioned-files --channel 8.0
2026-03-01T11:20:49.7644269Z dotnet-install: .NET Core SDK with version '8.0.418' is already installed.
2026-03-01T11:20:49.7800435Z ##[group]Run dotnet restore
2026-03-01T11:20:49.7800813Z [36;1mdotnet restore[0m
2026-03-01T11:20:49.7855211Z shell: /usr/bin/bash -e {0}
2026-03-01T11:20:49.7855517Z env:
2026-03-01T11:20:49.7855744Z   DOTNET_ROOT: /usr/share/dotnet
2026-03-01T11:20:49.7856010Z ##[endgroup]
2026-03-01T11:20:52.8005596Z   Determining projects to restore...
2026-03-01T11:20:57.4891109Z   Restored /home/runner/work/hpoll/hpoll/src/Hpoll.Admin/Hpoll.Admin.csproj (in 3.75 sec).
2026-03-01T11:20:57.4897166Z   Restored /home/runner/work/hpoll/hpoll/src/Hpoll.Core/Hpoll.Core.csproj (in 3.74 sec).
2026-03-01T11:20:59.0004490Z   Restored /home/runner/work/hpoll/hpoll/tests/Hpoll.Core.Tests/Hpoll.Core.Tests.csproj (in 5.29 sec).
2026-03-01T11:20:59.0014215Z   Restored /home/runner/work/hpoll/hpoll/tests/Hpoll.Admin.Tests/Hpoll.Admin.Tests.csproj (in 1.36 sec).
2026-03-01T11:20:59.0031829Z   Restored /home/runner/work/hpoll/hpoll/tests/Hpoll.Worker.Tests/Hpoll.Worker.Tests.csproj (in 5.29 sec).
2026-03-01T11:20:59.0128214Z   Restored /home/runner/work/hpoll/hpoll/src/Hpoll.Email/Hpoll.Email.csproj (in 8 ms).
2026-03-01T11:20:59.0477846Z   Restored /home/runner/work/hpoll/hpoll/src/Hpoll.Data/Hpoll.Data.csproj (in 42 ms).
2026-03-01T11:20:59.0488198Z   Restored /home/runner/work/hpoll/hpoll/src/Hpoll.Worker/Hpoll.Worker.csproj (in 1.41 sec).
2026-03-01T11:20:59.0976142Z ##[group]Run dotnet build --no-restore -c Release
2026-03-01T11:20:59.0976560Z [36;1mdotnet build --no-restore -c Release[0m
2026-03-01T11:20:59.1024959Z shell: /usr/bin/bash -e {0}
2026-03-01T11:20:59.1025219Z env:
2026-03-01T11:20:59.1025422Z   DOTNET_ROOT: /usr/share/dotnet
2026-03-01T11:20:59.1025697Z ##[endgroup]
2026-03-01T11:21:04.8489618Z   Hpoll.Core -> /home/runner/work/hpoll/hpoll/src/Hpoll.Core/bin/Release/net8.0/Hpoll.Core.dll
2026-03-01T11:21:05.9001548Z   Hpoll.Data -> /home/runner/work/hpoll/hpoll/src/Hpoll.Data/bin/Release/net8.0/Hpoll.Data.dll
2026-03-01T11:21:09.9286122Z   Hpoll.Email -> /home/runner/work/hpoll/hpoll/src/Hpoll.Email/bin/Release/net8.0/Hpoll.Email.dll
2026-03-01T11:21:10.1125010Z   Hpoll.Admin -> /home/runner/work/hpoll/hpoll/src/Hpoll.Admin/bin/Release/net8.0/Hpoll.Admin.dll
2026-03-01T11:21:11.4071778Z   Hpoll.Worker -> /home/runner/work/hpoll/hpoll/src/Hpoll.Worker/bin/Release/net8.0/Hpoll.Worker.dll
2026-03-01T11:21:11.5874979Z   Hpoll.Core.Tests -> /home/runner/work/hpoll/hpoll/tests/Hpoll.Core.Tests/bin/Release/net8.0/Hpoll.Core.Tests.dll
2026-03-01T11:21:11.6120425Z   Hpoll.Admin.Tests -> /home/runner/work/hpoll/hpoll/tests/Hpoll.Admin.Tests/bin/Release/net8.0/Hpoll.Admin.Tests.dll
2026-03-01T11:21:12.3239492Z   Hpoll.Worker.Tests -> /home/runner/work/hpoll/hpoll/tests/Hpoll.Worker.Tests/bin/Release/net8.0/Hpoll.Worker.Tests.dll
2026-03-01T11:21:12.3457109Z 
2026-03-01T11:21:12.3468336Z Build succeeded.
2026-03-01T11:21:12.3468873Z     0 Warning(s)
2026-03-01T11:21:12.3469307Z     0 Error(s)
2026-03-01T11:21:12.3470045Z 
2026-03-01T11:21:12.3470426Z Time Elapsed 00:00:12.97
2026-03-01T11:21:12.3743480Z ##[group]Run dotnet test --no-build -c Release \
2026-03-01T11:21:12.3743929Z [36;1mdotnet test --no-build -c Release \[0m
2026-03-01T11:21:12.3744275Z [36;1m  --settings coverlet.runsettings \[0m
2026-03-01T11:21:12.3744619Z [36;1m  --collect:"XPlat Code Coverage" \[0m
2026-03-01T11:21:12.3745010Z [36;1m  --logger "junit;LogFilePath=TestResults/{assembly}.junit.xml" \[0m
2026-03-01T11:21:12.3745433Z [36;1m  --results-directory TestResults[0m
2026-03-01T11:21:12.3794360Z shell: /usr/bin/bash -e {0}
2026-03-01T11:21:12.3794644Z env:
2026-03-01T11:21:12.3794854Z   DOTNET_ROOT: /usr/share/dotnet
2026-03-01T11:21:12.3795138Z ##[endgroup]
2026-03-01T11:21:13.4613768Z Test run for /home/runner/work/hpoll/hpoll/tests/Hpoll.Core.Tests/bin/Release/net8.0/Hpoll.Core.Tests.dll (.NETCoreApp,Version=v8.0)
2026-03-01T11:21:13.6119810Z Test run for /home/runner/work/hpoll/hpoll/tests/Hpoll.Worker.Tests/bin/Release/net8.0/Hpoll.Worker.Tests.dll (.NETCoreApp,Version=v8.0)
2026-03-01T11:21:13.6156028Z Test run for /home/runner/work/hpoll/hpoll/tests/Hpoll.Admin.Tests/bin/Release/net8.0/Hpoll.Admin.Tests.dll (.NETCoreApp,Version=v8.0)
2026-03-01T11:21:13.6597397Z VSTest version 18.0.1 (x64)
2026-03-01T11:21:13.6629140Z 
2026-03-01T11:21:13.6671745Z VSTest version 18.0.1 (x64)
2026-03-01T11:21:13.6743514Z VSTest version 18.0.1 (x64)
2026-03-01T11:21:13.6748101Z 
2026-03-01T11:21:13.6762515Z 
2026-03-01T11:21:13.9140122Z Starting test execution, please wait...
2026-03-01T11:21:13.9159013Z Starting test execution, please wait...Starting test execution, please wait...
2026-03-01T11:21:13.9159944Z 
2026-03-01T11:21:13.9649031Z A total of 1 test files matched the specified pattern.
2026-03-01T11:21:13.9723396Z A total of 1 test files matched the specified pattern.
2026-03-01T11:21:13.9749413Z A total of 1 test files matched the specified pattern.
2026-03-01T11:21:20.4548844Z Results File: TestResults/Hpoll.Core.Tests.junit.xml
2026-03-01T11:21:20.4562652Z 
2026-03-01T11:21:20.4625146Z Passed!  - Failed:     0, Passed:    79, Skipped:     0, Total:    79, Duration: 1 s - Hpoll.Core.Tests.dll (net8.0)
2026-03-01T11:21:22.3530743Z Results File: TestResults/Hpoll.Admin.Tests.junit.xml
2026-03-01T11:21:22.3533881Z 
2026-03-01T11:21:22.3587185Z Passed!  - Failed:     0, Passed:    59, Skipped:     0, Total:    59, Duration: 1 s - Hpoll.Admin.Tests.dll (net8.0)
2026-03-01T11:22:08.2531399Z Results File: TestResults/Hpoll.Worker.Tests.junit.xml
2026-03-01T11:22:08.2534354Z 
2026-03-01T11:22:08.2580410Z Passed!  - Failed:     0, Passed:    50, Skipped:     0, Total:    50, Duration: 49 s - Hpoll.Worker.Tests.dll (net8.0)
2026-03-01T11:22:08.4652060Z 
2026-03-01T11:22:08.4657949Z Attachments:
2026-03-01T11:22:08.4660118Z   /home/runner/work/hpoll/hpoll/TestResults/75a1e4b6-533c-4545-a54d-9e739530582d/coverage.cobertura.xml
2026-03-01T11:22:08.4661750Z   /home/runner/work/hpoll/hpoll/TestResults/3447d4a4-689f-43c5-90ac-31e80c7f6e40/coverage.cobertura.xml
2026-03-01T11:22:08.4663631Z   /home/runner/work/hpoll/hpoll/TestResults/3993c076-64ea-44a4-abd8-346e3faf717d/coverage.cobertura.xml
2026-03-01T11:22:08.5587623Z ##[group]Run codecov/codecov-action@18283e04ce6e62d37312384ff67231eb8fd56d24
2026-03-01T11:22:08.5588023Z with:
2026-03-01T11:22:08.5588338Z   token: ***
2026-03-01T11:22:08.5588526Z   directory: TestResults
2026-03-01T11:22:08.5588736Z   fail_ci_if_error: false
2026-03-01T11:22:08.5588956Z   disable_file_fixes: false
2026-03-01T11:22:08.5589169Z   disable_search: false
2026-03-01T11:22:08.5589373Z   disable_safe_directory: false
2026-03-01T11:22:08.5589604Z   disable_telem: false
2026-03-01T11:22:08.5589801Z   dry_run: false
2026-03-01T11:22:08.5589995Z   git_service: github
2026-03-01T11:22:08.5590197Z   gcov_executable: gcov
2026-03-01T11:22:08.5590408Z   handle_no_reports_found: false
2026-03-01T11:22:08.5590647Z   recurse_submodules: false
2026-03-01T11:22:08.5591152Z   run_command: upload-coverage
2026-03-01T11:22:08.5591412Z   skip_validation: false
2026-03-01T11:22:08.5591664Z   use_legacy_upload_endpoint: false
2026-03-01T11:22:08.5591898Z   use_oidc: false
2026-03-01T11:22:08.5592129Z   use_pypi: false
2026-03-01T11:22:08.5592302Z   verbose: false
2026-03-01T11:22:08.5592480Z   version: latest
2026-03-01T11:22:08.5592647Z env:
2026-03-01T11:22:08.5592822Z   DOTNET_ROOT: /usr/share/dotnet
2026-03-01T11:22:08.5593050Z ##[endgroup]
2026-03-01T11:22:08.5671978Z ##[group]Run CC_ACTION_VERSION=$(cat ${GITHUB_ACTION_PATH}/src/version)
2026-03-01T11:22:08.5672435Z [36;1mCC_ACTION_VERSION=$(cat ${GITHUB_ACTION_PATH}/src/version)[0m
2026-03-01T11:22:08.5672866Z [36;1mecho -e "\033[0;32m==>\033[0m Running Action version $CC_ACTION_VERSION"[0m
2026-03-01T11:22:08.5722961Z shell: /usr/bin/bash --noprofile --norc -e -o pipefail {0}
2026-03-01T11:22:08.5723289Z env:
2026-03-01T11:22:08.5723477Z   DOTNET_ROOT: /usr/share/dotnet
2026-03-01T11:22:08.5723704Z ##[endgroup]
2026-03-01T11:22:08.5812406Z [0;32m==>[0m Running Action version 5.4.3
2026-03-01T11:22:08.5869233Z ##[group]Run git config --global --add safe.directory "/home/runner/work/hpoll/hpoll"
2026-03-01T11:22:08.5869863Z [36;1mgit config --global --add safe.directory "/home/runner/work/hpoll/hpoll"[0m
2026-03-01T11:22:08.5870337Z [36;1mgit config --global --add safe.directory "$GITHUB_WORKSPACE"[0m
2026-03-01T11:22:08.5918067Z shell: /usr/bin/bash --noprofile --norc -e -o pipefail {0}
2026-03-01T11:22:08.5918393Z env:
2026-03-01T11:22:08.5918576Z   DOTNET_ROOT: /usr/share/dotnet
2026-03-01T11:22:08.5918811Z ##[endgroup]
2026-03-01T11:22:08.6047645Z ##[group]Run CC_FORK="false"
2026-03-01T11:22:08.6047913Z [36;1mCC_FORK="false"[0m
2026-03-01T11:22:08.6048461Z [36;1mif [ -n "$GITHUB_EVENT_PULL_REQUEST_HEAD_REPO_FULL_NAME" ] && [ "$GITHUB_EVENT_PULL_REQUEST_HEAD_REPO_FULL_NAME" != "$GITHUB_REPOSITORY" ];[0m
2026-03-01T11:22:08.6049037Z [36;1mthen[0m
2026-03-01T11:22:08.6049262Z [36;1m  echo -e "\033[0;32m==>\033[0m Fork detected"[0m
2026-03-01T11:22:08.6049537Z [36;1m  CC_FORK="true"[0m
2026-03-01T11:22:08.6049752Z [36;1mfi[0m
2026-03-01T11:22:08.6049966Z [36;1mecho "CC_FORK=$CC_FORK" >> "$GITHUB_ENV"[0m
2026-03-01T11:22:08.6096957Z shell: /usr/bin/bash --noprofile --norc -e -o pipefail {0}
2026-03-01T11:22:08.6097278Z env:
2026-03-01T11:22:08.6097460Z   DOTNET_ROOT: /usr/share/dotnet
2026-03-01T11:22:08.6097715Z   GITHUB_EVENT_PULL_REQUEST_HEAD_LABEL: 
2026-03-01T11:22:08.6098004Z   GITHUB_EVENT_PULL_REQUEST_HEAD_REPO_FULL_NAME: 
2026-03-01T11:22:08.6098298Z   GITHUB_REPOSITORY: pkinerd/hpoll
2026-03-01T11:22:08.6098522Z ##[endgroup]
2026-03-01T11:22:08.6234798Z ##[group]Run actions/github-script@v7
2026-03-01T11:22:08.6235049Z with:
2026-03-01T11:22:08.6235637Z   script: if (process.env.CC_USE_OIDC === 'true' && process.env.CC_FORK != 'true') {
  const id_token = await core.getIDToken(process.env.CC_OIDC_AUDIENCE)
  return id_token
}

2026-03-01T11:22:08.6236467Z   github-token: ***
2026-03-01T11:22:08.6236675Z   debug: false
2026-03-01T11:22:08.6236875Z   user-agent: actions/github-script
2026-03-01T11:22:08.6237312Z   result-encoding: json
2026-03-01T11:22:08.6237508Z   retries: 0
2026-03-01T11:22:08.6237904Z   retry-exempt-status-codes: 400,401,403,404,422
2026-03-01T11:22:08.6238179Z env:
2026-03-01T11:22:08.6238414Z   DOTNET_ROOT: /usr/share/dotnet
2026-03-01T11:22:08.6262378Z   CC_FORK: false
2026-03-01T11:22:08.6262684Z   CC_OIDC_AUDIENCE: https://codecov.io
2026-03-01T11:22:08.6262961Z   CC_USE_OIDC: false
2026-03-01T11:22:08.6263170Z ##[endgroup]
2026-03-01T11:22:08.7245453Z ##[group]Run if [ "false" == 'true' ] && [ "$CC_FORK" != 'true' ];
2026-03-01T11:22:08.7245894Z [36;1mif [ "false" == 'true' ] && [ "$CC_FORK" != 'true' ];[0m
2026-03-01T11:22:08.7246205Z [36;1mthen[0m
2026-03-01T11:22:08.7246452Z [36;1m  echo "CC_TOKEN=$CC_OIDC_TOKEN" >> "$GITHUB_ENV"[0m
2026-03-01T11:22:08.7246770Z [36;1melif [ -n "" ];[0m
2026-03-01T11:22:08.7246979Z [36;1mthen[0m
2026-03-01T11:22:08.7247221Z [36;1m  echo -e "\033[0;32m==>\033[0m Token set from env"[0m
2026-03-01T11:22:08.7247567Z [36;1m    echo "CC_TOKEN=" >> "$GITHUB_ENV"[0m
2026-03-01T11:22:08.7247826Z [36;1melse[0m
2026-03-01T11:22:08.7248177Z [36;1m  if [ -n "***" ];[0m
2026-03-01T11:22:08.7248397Z [36;1m  then[0m
2026-03-01T11:22:08.7248639Z [36;1m    echo -e "\033[0;32m==>\033[0m Token set from input"[0m
2026-03-01T11:22:08.7249056Z [36;1m    CC_TOKEN=$(echo "***" | tr -d '\n')[0m
2026-03-01T11:22:08.7249363Z [36;1m    echo "CC_TOKEN=$CC_TOKEN" >> "$GITHUB_ENV"[0m
2026-03-01T11:22:08.7249630Z [36;1m  fi[0m
2026-03-01T11:22:08.7249801Z [36;1mfi[0m
2026-03-01T11:22:08.7298431Z shell: /usr/bin/bash --noprofile --norc -e -o pipefail {0}
2026-03-01T11:22:08.7298775Z env:
2026-03-01T11:22:08.7298964Z   DOTNET_ROOT: /usr/share/dotnet
2026-03-01T11:22:08.7299248Z   CC_FORK: false
2026-03-01T11:22:08.7299650Z   CC_OIDC_TOKEN: 
2026-03-01T11:22:08.7299913Z   CC_OIDC_AUDIENCE: https://codecov.io
2026-03-01T11:22:08.7300195Z ##[endgroup]
2026-03-01T11:22:08.7371625Z [0;32m==>[0m Token set from input
2026-03-01T11:22:08.7411005Z ##[group]Run if [ -z "$CC_BRANCH" ] && [ -z "$CC_TOKEN" ] && [ "$CC_FORK" == 'true' ]
2026-03-01T11:22:08.7411610Z [36;1mif [ -z "$CC_BRANCH" ] && [ -z "$CC_TOKEN" ] && [ "$CC_FORK" == 'true' ][0m
2026-03-01T11:22:08.7411970Z [36;1mthen[0m
2026-03-01T11:22:08.7412367Z [36;1m  echo -e "\033[0;32m==>\033[0m Fork detected, setting branch to $GITHUB_EVENT_PULL_REQUEST_HEAD_LABEL"[0m
2026-03-01T11:22:08.7412896Z [36;1m  TOKENLESS="$GITHUB_EVENT_PULL_REQUEST_HEAD_LABEL"[0m
2026-03-01T11:22:08.7413260Z [36;1m  CC_BRANCH="$GITHUB_EVENT_PULL_REQUEST_HEAD_LABEL"[0m
2026-03-01T11:22:08.7413594Z [36;1m  echo "TOKENLESS=$TOKENLESS" >> "$GITHUB_ENV"[0m
2026-03-01T11:22:08.7413872Z [36;1mfi[0m
2026-03-01T11:22:08.7414031Z [36;1m[0m
2026-03-01T11:22:08.7414239Z [36;1mecho "CC_BRANCH=$CC_BRANCH" >> "$GITHUB_ENV"[0m
2026-03-01T11:22:08.7459572Z shell: /usr/bin/bash --noprofile --norc -e -o pipefail {0}
2026-03-01T11:22:08.7459922Z env:
2026-03-01T11:22:08.7460102Z   DOTNET_ROOT: /usr/share/dotnet
2026-03-01T11:22:08.7460344Z   CC_FORK: false
2026-03-01T11:22:08.7460638Z   CC_TOKEN: ***
2026-03-01T11:22:08.7460815Z   CC_BRANCH: 
2026-03-01T11:22:08.7461323Z   GITHUB_EVENT_PULL_REQUEST_HEAD_LABEL: 
2026-03-01T11:22:08.7461625Z   GITHUB_EVENT_PULL_REQUEST_HEAD_REPO_FULL_NAME: 
2026-03-01T11:22:08.7461918Z   GITHUB_REPOSITORY: pkinerd/hpoll
2026-03-01T11:22:08.7462157Z ##[endgroup]
2026-03-01T11:22:08.7551491Z ##[group]Run if [ -z "$CC_SHA" ];
2026-03-01T11:22:08.7551787Z [36;1mif [ -z "$CC_SHA" ];[0m
2026-03-01T11:22:08.7552006Z [36;1mthen[0m
2026-03-01T11:22:08.7552236Z [36;1m  CC_SHA="$GITHUB_EVENT_PULL_REQUEST_HEAD_SHA"[0m
2026-03-01T11:22:08.7552522Z [36;1mfi[0m
2026-03-01T11:22:08.7552793Z [36;1mif [ -z "$CC_PR" ] && [ "${GITHUB_EVENT_NAME}" == "pull_request_target" ];[0m
2026-03-01T11:22:08.7553137Z [36;1mthen[0m
2026-03-01T11:22:08.7553332Z [36;1m  CC_PR="$GITHUB_EVENT_NUMBER"[0m
2026-03-01T11:22:08.7553564Z [36;1mfi[0m
2026-03-01T11:22:08.7553720Z [36;1m[0m
2026-03-01T11:22:08.7554086Z [36;1mecho "CC_SHA=$CC_SHA" >> "$GITHUB_ENV"[0m
2026-03-01T11:22:08.7554379Z [36;1mecho "CC_PR=$CC_PR" >> "$GITHUB_ENV"[0m
2026-03-01T11:22:08.7599418Z shell: /usr/bin/bash --noprofile --norc -e -o pipefail {0}
2026-03-01T11:22:08.7599752Z env:
2026-03-01T11:22:08.7599932Z   DOTNET_ROOT: /usr/share/dotnet
2026-03-01T11:22:08.7600168Z   CC_FORK: false
2026-03-01T11:22:08.7600475Z   CC_TOKEN: ***
2026-03-01T11:22:08.7600644Z   CC_BRANCH: 
2026-03-01T11:22:08.7600808Z   CC_PR: 
2026-03-01T11:22:08.7601168Z   CC_SHA: 
2026-03-01T11:22:08.7601338Z   GITHUB_EVENT_NAME: push
2026-03-01T11:22:08.7601554Z   GITHUB_EVENT_NUMBER: 
2026-03-01T11:22:08.7601766Z   GITHUB_EVENT_PULL_REQUEST_HEAD_SHA: 
2026-03-01T11:22:08.7602012Z ##[endgroup]
2026-03-01T11:22:08.7697458Z ##[group]Run ${GITHUB_ACTION_PATH}/dist/codecov.sh
2026-03-01T11:22:08.7697818Z [36;1m${GITHUB_ACTION_PATH}/dist/codecov.sh[0m
2026-03-01T11:22:08.7743027Z shell: /usr/bin/bash --noprofile --norc -e -o pipefail {0}
2026-03-01T11:22:08.7743382Z env:
2026-03-01T11:22:08.7743569Z   DOTNET_ROOT: /usr/share/dotnet
2026-03-01T11:22:08.7743803Z   CC_FORK: false
2026-03-01T11:22:08.7744136Z   CC_TOKEN: ***
2026-03-01T11:22:08.7744317Z   CC_BRANCH: 
2026-03-01T11:22:08.7744495Z   CC_SHA: 
2026-03-01T11:22:08.7744659Z   CC_PR: 
2026-03-01T11:22:08.7744816Z   CC_BASE_SHA: 
2026-03-01T11:22:08.7744990Z   CC_BINARY: 
2026-03-01T11:22:08.7745149Z   CC_BUILD: 
2026-03-01T11:22:08.7745319Z   CC_BUILD_URL: 
2026-03-01T11:22:08.7745495Z   CC_CODE: 
2026-03-01T11:22:08.7745659Z   CC_DIR: TestResults
2026-03-01T11:22:08.7745872Z   CC_DISABLE_FILE_FIXES: false
2026-03-01T11:22:08.7746097Z   CC_DISABLE_SEARCH: false
2026-03-01T11:22:08.7746314Z   CC_DISABLE_TELEM: false
2026-03-01T11:22:08.7746522Z   CC_DRY_RUN: false
2026-03-01T11:22:08.7746705Z   CC_ENTERPRISE_URL: 
2026-03-01T11:22:08.7746895Z   CC_ENV: 
2026-03-01T11:22:08.7747053Z   CC_EXCLUDES: 
2026-03-01T11:22:08.7747235Z   CC_FAIL_ON_ERROR: false
2026-03-01T11:22:08.7747436Z   CC_FILES: 
2026-03-01T11:22:08.7747600Z   CC_FLAGS: 
2026-03-01T11:22:08.7747767Z   CC_FORCE: 
2026-03-01T11:22:08.7747927Z   CC_GCOV_ARGS: 
2026-03-01T11:22:08.7748120Z   CC_GCOV_EXECUTABLE: gcov
2026-03-01T11:22:08.7748335Z   CC_GCOV_IGNORE: 
2026-03-01T11:22:08.7748515Z   CC_GCOV_INCLUDE: 
2026-03-01T11:22:08.7748708Z   CC_GIT_SERVICE: github
2026-03-01T11:22:08.7748933Z   CC_HANDLE_NO_REPORTS_FOUND: false
2026-03-01T11:22:08.7749177Z   CC_JOB_CODE: 
2026-03-01T11:22:08.7749358Z   CC_LEGACY: false
2026-03-01T11:22:08.7749531Z   CC_NAME: 
2026-03-01T11:22:08.7749700Z   CC_NETWORK_FILTER: 
2026-03-01T11:22:08.7749897Z   CC_NETWORK_PREFIX: 
2026-03-01T11:22:08.7750089Z   CC_NETWORK_ROOT_FOLDER: 
2026-03-01T11:22:08.7750298Z   CC_OS: 
2026-03-01T11:22:08.7750458Z   CC_PARENT_SHA: 
2026-03-01T11:22:08.7750646Z   CC_PLUGINS: 
2026-03-01T11:22:08.7751003Z   CC_RECURSE_SUBMODULES: false
2026-03-01T11:22:08.7751300Z   CC_REPORT_TYPE: 
2026-03-01T11:22:08.7751500Z   CC_RUN_CMD: upload-coverage
2026-03-01T11:22:08.7751723Z   CC_SERVICE: github
2026-03-01T11:22:08.7751936Z   CC_SKIP_VALIDATION: false
2026-03-01T11:22:08.7752154Z   CC_SLUG: 
2026-03-01T11:22:08.7752326Z   CC_SWIFT_PROJECT: 
2026-03-01T11:22:08.7752520Z   CC_USE_PYPI: false
2026-03-01T11:22:08.7752705Z   CC_VERBOSE: false
2026-03-01T11:22:08.7752900Z   CC_VERSION: latest
2026-03-01T11:22:08.7753089Z   CC_YML_PATH: 
2026-03-01T11:22:08.7753265Z ##[endgroup]
2026-03-01T11:22:08.7845079Z      _____          _
2026-03-01T11:22:08.7845496Z     / ____|        | |
2026-03-01T11:22:08.7845894Z    | |     ___   __| | ___  ___ _____   __
2026-03-01T11:22:08.7846320Z    | |    / _ \ / _` |/ _ \/ __/ _ \ \ / /
2026-03-01T11:22:08.7846627Z    | |___| (_) | (_| |  __/ (_| (_) \ V /
2026-03-01T11:22:08.7846937Z     \_____\___/ \__,_|\___|\___\___/ \_/
2026-03-01T11:22:08.7847508Z                            [0;31m Wrapper-0.2.1[0m
2026-03-01T11:22:08.7847855Z                                   
2026-03-01T11:22:08.7906895Z [0;32m==>[0m Detected [0;36mlinux[0m
2026-03-01T11:22:08.7907544Z [0;32m ->[0m Downloading [0;36mhttps://cli.codecov.io/latest/linux/codecov[0m
2026-03-01T11:22:08.7963057Z   % Total    % Received % Xferd  Average Speed   Time    Time     Time  Current
2026-03-01T11:22:08.7963865Z                                  Dload  Upload   Total   Spent    Left  Speed
2026-03-01T11:22:08.7965503Z 
2026-03-01T11:22:08.9842008Z   0     0    0     0    0     0      0      0 --:--:-- --:--:-- --:--:--     0
2026-03-01T11:22:08.9843170Z 100 10.6M  100 10.6M    0     0  56.6M      0 --:--:-- --:--:-- --:--:-- 56.9M
2026-03-01T11:22:08.9885687Z [0;32m==>[0m Finishing downloading [0;36mlinux:latest[0m
2026-03-01T11:22:09.0463421Z       Version: [0;36mv11.2.6[0m
2026-03-01T11:22:09.0463974Z  
2026-03-01T11:22:09.1811672Z gpg: directory '/home/runner/.gnupg' created
2026-03-01T11:22:09.1818004Z gpg: keybox '/home/runner/.gnupg/pubring.kbx' created
2026-03-01T11:22:09.2003532Z gpg: /home/runner/.gnupg/trustdb.gpg: trustdb created
2026-03-01T11:22:09.2005028Z gpg: key 806BB28AED779869: public key "Codecov Uploader (Codecov Uploader Verification Key) <security@codecov.io>" imported
2026-03-01T11:22:09.2447679Z gpg: Total number processed: 1
2026-03-01T11:22:09.2448280Z gpg:               imported: 1
2026-03-01T11:22:09.2454686Z [0;32m==>[0m Verifying GPG signature integrity
2026-03-01T11:22:09.2455550Z [0;32m ->[0m Downloading [0;36mhttps://cli.codecov.io/latest/linux/codecov.SHA256SUM[0m
2026-03-01T11:22:09.2456801Z [0;32m ->[0m Downloading [0;36mhttps://cli.codecov.io/latest/linux/codecov.SHA256SUM.sig[0m
2026-03-01T11:22:09.2457572Z  
2026-03-01T11:22:09.3498298Z gpg: Signature made Fri Dec  5 15:31:48 2025 UTC
2026-03-01T11:22:09.3499280Z gpg:                using RSA key 27034E7FDB850E0BBC2C62FF806BB28AED779869
2026-03-01T11:22:09.3502672Z gpg: Good signature from "Codecov Uploader (Codecov Uploader Verification Key) <security@codecov.io>" [unknown]
2026-03-01T11:22:09.3503872Z gpg: WARNING: This key is not certified with a trusted signature!
2026-03-01T11:22:09.3504799Z gpg:          There is no indication that the signature belongs to the owner.
2026-03-01T11:22:09.3505820Z Primary key fingerprint: 2703 4E7F DB85 0E0B BC2C  62FF 806B B28A ED77 9869
2026-03-01T11:22:09.4332793Z codecov: OK
2026-03-01T11:22:09.4342918Z [0;32m==>[0m CLI integrity verified
2026-03-01T11:22:09.4343263Z 
2026-03-01T11:22:09.4437320Z [0;32m ->[0m Token of length 36 detected
2026-03-01T11:22:09.5072124Z [0;32m==>[0m Running upload-coverage
2026-03-01T11:22:09.5083039Z       [0;36m./codecov  upload-coverage -t <redacted> --git-service github --dir TestResults --gcov-executable gcov[0m
2026-03-01T11:22:09.8709192Z info - 2026-03-01 11:22:09,870 -- ci service found: github-actions
2026-03-01T11:22:09.9159983Z warning - 2026-03-01 11:22:09,915 -- xcrun is not installed or can't be found.
2026-03-01T11:22:09.9169384Z warning - 2026-03-01 11:22:09,916 -- No gcov data found.
2026-03-01T11:22:09.9173049Z warning - 2026-03-01 11:22:09,917 -- coverage.py is not installed or can't be found.
2026-03-01T11:22:09.9346028Z info - 2026-03-01 11:22:09,934 -- Found 3 coverage files to report
2026-03-01T11:22:09.9347269Z info - 2026-03-01 11:22:09,934 -- > TestResults/75a1e4b6-533c-4545-a54d-9e739530582d/coverage.cobertura.xml
2026-03-01T11:22:09.9348498Z info - 2026-03-01 11:22:09,934 -- > TestResults/3993c076-64ea-44a4-abd8-346e3faf717d/coverage.cobertura.xml
2026-03-01T11:22:09.9349839Z info - 2026-03-01 11:22:09,934 -- > TestResults/3447d4a4-689f-43c5-90ac-31e80c7f6e40/coverage.cobertura.xml
2026-03-01T11:22:10.2454883Z info - 2026-03-01 11:22:10,245 -- Your upload is now processing. When finished, results will be available at: https://app.codecov.io/github/pkinerd/hpoll/commit/6d1cc99105b1025316f77fe6a343b725dffe5620
2026-03-01T11:22:10.3481913Z info - 2026-03-01 11:22:10,347 -- Process Upload complete
2026-03-01T11:22:10.4692057Z ##[group]Run codecov/codecov-action@18283e04ce6e62d37312384ff67231eb8fd56d24
2026-03-01T11:22:10.4692452Z with:
2026-03-01T11:22:10.4692983Z   token: ***
2026-03-01T11:22:10.4693179Z   files: TestResults/*.junit.xml
2026-03-01T11:22:10.4693614Z   report_type: test_results
2026-03-01T11:22:10.4693830Z   fail_ci_if_error: false
2026-03-01T11:22:10.4694032Z   disable_file_fixes: false
2026-03-01T11:22:10.4694239Z   disable_search: false
2026-03-01T11:22:10.4694448Z   disable_safe_directory: false
2026-03-01T11:22:10.4694660Z   disable_telem: false
2026-03-01T11:22:10.4694850Z   dry_run: false
2026-03-01T11:22:10.4695023Z   git_service: github
2026-03-01T11:22:10.4695214Z   gcov_executable: gcov
2026-03-01T11:22:10.4695424Z   handle_no_reports_found: false
2026-03-01T11:22:10.4695647Z   recurse_submodules: false
2026-03-01T11:22:10.4695866Z   run_command: upload-coverage
2026-03-01T11:22:10.4696081Z   skip_validation: false
2026-03-01T11:22:10.4696327Z   use_legacy_upload_endpoint: false
2026-03-01T11:22:10.4696555Z   use_oidc: false
2026-03-01T11:22:10.4696734Z   use_pypi: false
2026-03-01T11:22:10.4696906Z   verbose: false
2026-03-01T11:22:10.4697072Z   version: latest
2026-03-01T11:22:10.4697243Z env:
2026-03-01T11:22:10.4697418Z   DOTNET_ROOT: /usr/share/dotnet
2026-03-01T11:22:10.4697638Z   CC_FORK: false
2026-03-01T11:22:10.4697861Z   CC_TOKEN: ***
2026-03-01T11:22:10.4698026Z   CC_BRANCH: 
2026-03-01T11:22:10.4698187Z   CC_SHA: 
2026-03-01T11:22:10.4698337Z   CC_PR: 
2026-03-01T11:22:10.4698503Z ##[endgroup]
2026-03-01T11:22:10.4715352Z ##[group]Run CC_ACTION_VERSION=$(cat ${GITHUB_ACTION_PATH}/src/version)
2026-03-01T11:22:10.4715817Z [36;1mCC_ACTION_VERSION=$(cat ${GITHUB_ACTION_PATH}/src/version)[0m
2026-03-01T11:22:10.4716250Z [36;1mecho -e "\033[0;32m==>\033[0m Running Action version $CC_ACTION_VERSION"[0m
2026-03-01T11:22:10.4769875Z shell: /usr/bin/bash --noprofile --norc -e -o pipefail {0}
2026-03-01T11:22:10.4770191Z env:
2026-03-01T11:22:10.4770387Z   DOTNET_ROOT: /usr/share/dotnet
2026-03-01T11:22:10.4770611Z   CC_FORK: false
2026-03-01T11:22:10.4771135Z   CC_TOKEN: ***
2026-03-01T11:22:10.4771322Z   CC_BRANCH: 
2026-03-01T11:22:10.4771483Z   CC_SHA: 
2026-03-01T11:22:10.4771641Z   CC_PR: 
2026-03-01T11:22:10.4771800Z ##[endgroup]
2026-03-01T11:22:10.4868992Z [0;32m==>[0m Running Action version 5.4.3
2026-03-01T11:22:10.4890704Z ##[group]Run git config --global --add safe.directory "/home/runner/work/hpoll/hpoll"
2026-03-01T11:22:10.4891492Z [36;1mgit config --global --add safe.directory "/home/runner/work/hpoll/hpoll"[0m
2026-03-01T11:22:10.4891964Z [36;1mgit config --global --add safe.directory "$GITHUB_WORKSPACE"[0m
2026-03-01T11:22:10.4937238Z shell: /usr/bin/bash --noprofile --norc -e -o pipefail {0}
2026-03-01T11:22:10.4937558Z env:
2026-03-01T11:22:10.4937737Z   DOTNET_ROOT: /usr/share/dotnet
2026-03-01T11:22:10.4937967Z   CC_FORK: false
2026-03-01T11:22:10.4938241Z   CC_TOKEN: ***
2026-03-01T11:22:10.4938428Z   CC_BRANCH: 
2026-03-01T11:22:10.4938641Z   CC_SHA: 
2026-03-01T11:22:10.4938794Z   CC_PR: 
2026-03-01T11:22:10.4938957Z ##[endgroup]
2026-03-01T11:22:10.5059289Z ##[group]Run CC_FORK="false"
2026-03-01T11:22:10.5059565Z [36;1mCC_FORK="false"[0m
2026-03-01T11:22:10.5060163Z [36;1mif [ -n "$GITHUB_EVENT_PULL_REQUEST_HEAD_REPO_FULL_NAME" ] && [ "$GITHUB_EVENT_PULL_REQUEST_HEAD_REPO_FULL_NAME" != "$GITHUB_REPOSITORY" ];[0m
2026-03-01T11:22:10.5060772Z [36;1mthen[0m
2026-03-01T11:22:10.5061235Z [36;1m  echo -e "\033[0;32m==>\033[0m Fork detected"[0m
2026-03-01T11:22:10.5061529Z [36;1m  CC_FORK="true"[0m
2026-03-01T11:22:10.5061726Z [36;1mfi[0m
2026-03-01T11:22:10.5061937Z [36;1mecho "CC_FORK=$CC_FORK" >> "$GITHUB_ENV"[0m
2026-03-01T11:22:10.5106293Z shell: /usr/bin/bash --noprofile --norc -e -o pipefail {0}
2026-03-01T11:22:10.5106609Z env:
2026-03-01T11:22:10.5106792Z   DOTNET_ROOT: /usr/share/dotnet
2026-03-01T11:22:10.5107019Z   CC_FORK: false
2026-03-01T11:22:10.5107339Z   CC_TOKEN: ***
2026-03-01T11:22:10.5107514Z   CC_BRANCH: 
2026-03-01T11:22:10.5107880Z   CC_SHA: 
2026-03-01T11:22:10.5108039Z   CC_PR: 
2026-03-01T11:22:10.5108220Z   GITHUB_EVENT_PULL_REQUEST_HEAD_LABEL: 
2026-03-01T11:22:10.5108505Z   GITHUB_EVENT_PULL_REQUEST_HEAD_REPO_FULL_NAME: 
2026-03-01T11:22:10.5108932Z   GITHUB_REPOSITORY: pkinerd/hpoll
2026-03-01T11:22:10.5109165Z ##[endgroup]
2026-03-01T11:22:10.5213499Z ##[group]Run actions/github-script@v7
2026-03-01T11:22:10.5213753Z with:
2026-03-01T11:22:10.5214329Z   script: if (process.env.CC_USE_OIDC === 'true' && process.env.CC_FORK != 'true') {
  const id_token = await core.getIDToken(process.env.CC_OIDC_AUDIENCE)
  return id_token
}

2026-03-01T11:22:10.5215110Z   github-token: ***
2026-03-01T11:22:10.5215305Z   debug: false
2026-03-01T11:22:10.5215492Z   user-agent: actions/github-script
2026-03-01T11:22:10.5215739Z   result-encoding: json
2026-03-01T11:22:10.5215927Z   retries: 0
2026-03-01T11:22:10.5216139Z   retry-exempt-status-codes: 400,401,403,404,422
2026-03-01T11:22:10.5216407Z env:
2026-03-01T11:22:10.5216586Z   DOTNET_ROOT: /usr/share/dotnet
2026-03-01T11:22:10.5216814Z   CC_FORK: false
2026-03-01T11:22:10.5217038Z   CC_TOKEN: ***
2026-03-01T11:22:10.5217205Z   CC_BRANCH: 
2026-03-01T11:22:10.5217372Z   CC_SHA: 
2026-03-01T11:22:10.5217528Z   CC_PR: 
2026-03-01T11:22:10.5217722Z   CC_OIDC_AUDIENCE: https://codecov.io
2026-03-01T11:22:10.5217978Z   CC_USE_OIDC: false
2026-03-01T11:22:10.5218160Z ##[endgroup]
2026-03-01T11:22:10.6162151Z ##[group]Run if [ "false" == 'true' ] && [ "$CC_FORK" != 'true' ];
2026-03-01T11:22:10.6162590Z [36;1mif [ "false" == 'true' ] && [ "$CC_FORK" != 'true' ];[0m
2026-03-01T11:22:10.6162889Z [36;1mthen[0m
2026-03-01T11:22:10.6163127Z [36;1m  echo "CC_TOKEN=$CC_OIDC_TOKEN" >> "$GITHUB_ENV"[0m
2026-03-01T11:22:10.6163428Z [36;1melif [ -n "" ];[0m
2026-03-01T11:22:10.6163623Z [36;1mthen[0m
2026-03-01T11:22:10.6163856Z [36;1m  echo -e "\033[0;32m==>\033[0m Token set from env"[0m
2026-03-01T11:22:10.6164166Z [36;1m    echo "CC_TOKEN=" >> "$GITHUB_ENV"[0m
2026-03-01T11:22:10.6164438Z [36;1melse[0m
2026-03-01T11:22:10.6164767Z [36;1m  if [ -n "***" ];[0m
2026-03-01T11:22:10.6164972Z [36;1m  then[0m
2026-03-01T11:22:10.6165222Z [36;1m    echo -e "\033[0;32m==>\033[0m Token set from input"[0m
2026-03-01T11:22:10.6165673Z [36;1m    CC_TOKEN=$(echo "***" | tr -d '\n')[0m
2026-03-01T11:22:10.6165984Z [36;1m    echo "CC_TOKEN=$CC_TOKEN" >> "$GITHUB_ENV"[0m
2026-03-01T11:22:10.6166252Z [36;1m  fi[0m
2026-03-01T11:22:10.6166420Z [36;1mfi[0m
2026-03-01T11:22:10.6215460Z shell: /usr/bin/bash --noprofile --norc -e -o pipefail {0}
2026-03-01T11:22:10.6215782Z env:
2026-03-01T11:22:10.6215963Z   DOTNET_ROOT: /usr/share/dotnet
2026-03-01T11:22:10.6216196Z   CC_FORK: false
2026-03-01T11:22:10.6216453Z   CC_TOKEN: ***
2026-03-01T11:22:10.6216630Z   CC_BRANCH: 
2026-03-01T11:22:10.6216791Z   CC_SHA: 
2026-03-01T11:22:10.6216947Z   CC_PR: 
2026-03-01T11:22:10.6217105Z   CC_OIDC_TOKEN: 
2026-03-01T11:22:10.6217313Z   CC_OIDC_AUDIENCE: https://codecov.io
2026-03-01T11:22:10.6217585Z ##[endgroup]
2026-03-01T11:22:10.6287242Z [0;32m==>[0m Token set from input
2026-03-01T11:22:10.6325394Z ##[group]Run if [ -z "$CC_BRANCH" ] && [ -z "$CC_TOKEN" ] && [ "$CC_FORK" == 'true' ]
2026-03-01T11:22:10.6326213Z [36;1mif [ -z "$CC_BRANCH" ] && [ -z "$CC_TOKEN" ] && [ "$CC_FORK" == 'true' ][0m
2026-03-01T11:22:10.6326618Z [36;1mthen[0m
2026-03-01T11:22:10.6327011Z [36;1m  echo -e "\033[0;32m==>\033[0m Fork detected, setting branch to $GITHUB_EVENT_PULL_REQUEST_HEAD_LABEL"[0m
2026-03-01T11:22:10.6327543Z [36;1m  TOKENLESS="$GITHUB_EVENT_PULL_REQUEST_HEAD_LABEL"[0m
2026-03-01T11:22:10.6327908Z [36;1m  CC_BRANCH="$GITHUB_EVENT_PULL_REQUEST_HEAD_LABEL"[0m
2026-03-01T11:22:10.6328236Z [36;1m  echo "TOKENLESS=$TOKENLESS" >> "$GITHUB_ENV"[0m
2026-03-01T11:22:10.6328500Z [36;1mfi[0m
2026-03-01T11:22:10.6328667Z [36;1m[0m
2026-03-01T11:22:10.6328871Z [36;1mecho "CC_BRANCH=$CC_BRANCH" >> "$GITHUB_ENV"[0m
2026-03-01T11:22:10.6373911Z shell: /usr/bin/bash --noprofile --norc -e -o pipefail {0}
2026-03-01T11:22:10.6374390Z env:
2026-03-01T11:22:10.6374581Z   DOTNET_ROOT: /usr/share/dotnet
2026-03-01T11:22:10.6374802Z   CC_FORK: false
2026-03-01T11:22:10.6375072Z   CC_TOKEN: ***
2026-03-01T11:22:10.6375251Z   CC_BRANCH: 
2026-03-01T11:22:10.6375546Z   CC_SHA: 
2026-03-01T11:22:10.6375702Z   CC_PR: 
2026-03-01T11:22:10.6375876Z   GITHUB_EVENT_PULL_REQUEST_HEAD_LABEL: 
2026-03-01T11:22:10.6376164Z   GITHUB_EVENT_PULL_REQUEST_HEAD_REPO_FULL_NAME: 
2026-03-01T11:22:10.6376454Z   GITHUB_REPOSITORY: pkinerd/hpoll
2026-03-01T11:22:10.6376681Z ##[endgroup]
2026-03-01T11:22:10.6471164Z ##[group]Run if [ -z "$CC_SHA" ];
2026-03-01T11:22:10.6471442Z [36;1mif [ -z "$CC_SHA" ];[0m
2026-03-01T11:22:10.6471657Z [36;1mthen[0m
2026-03-01T11:22:10.6471879Z [36;1m  CC_SHA="$GITHUB_EVENT_PULL_REQUEST_HEAD_SHA"[0m
2026-03-01T11:22:10.6472160Z [36;1mfi[0m
2026-03-01T11:22:10.6472435Z [36;1mif [ -z "$CC_PR" ] && [ "${GITHUB_EVENT_NAME}" == "pull_request_target" ];[0m
2026-03-01T11:22:10.6472777Z [36;1mthen[0m
2026-03-01T11:22:10.6472980Z [36;1m  CC_PR="$GITHUB_EVENT_NUMBER"[0m
2026-03-01T11:22:10.6473214Z [36;1mfi[0m
2026-03-01T11:22:10.6473373Z [36;1m[0m
2026-03-01T11:22:10.6473568Z [36;1mecho "CC_SHA=$CC_SHA" >> "$GITHUB_ENV"[0m
2026-03-01T11:22:10.6473853Z [36;1mecho "CC_PR=$CC_PR" >> "$GITHUB_ENV"[0m
2026-03-01T11:22:10.6517145Z shell: /usr/bin/bash --noprofile --norc -e -o pipefail {0}
2026-03-01T11:22:10.6517468Z env:
2026-03-01T11:22:10.6517645Z   DOTNET_ROOT: /usr/share/dotnet
2026-03-01T11:22:10.6517878Z   CC_FORK: false
2026-03-01T11:22:10.6518160Z   CC_TOKEN: ***
2026-03-01T11:22:10.6518332Z   CC_BRANCH: 
2026-03-01T11:22:10.6518500Z   CC_SHA: 
2026-03-01T11:22:10.6518649Z   CC_PR: 
2026-03-01T11:22:10.6518819Z   GITHUB_EVENT_NAME: push
2026-03-01T11:22:10.6519042Z   GITHUB_EVENT_NUMBER: 
2026-03-01T11:22:10.6519253Z   GITHUB_EVENT_PULL_REQUEST_HEAD_SHA: 
2026-03-01T11:22:10.6519501Z ##[endgroup]
2026-03-01T11:22:10.6612126Z ##[group]Run ${GITHUB_ACTION_PATH}/dist/codecov.sh
2026-03-01T11:22:10.6612474Z [36;1m${GITHUB_ACTION_PATH}/dist/codecov.sh[0m
2026-03-01T11:22:10.6656630Z shell: /usr/bin/bash --noprofile --norc -e -o pipefail {0}
2026-03-01T11:22:10.6656952Z env:
2026-03-01T11:22:10.6657125Z   DOTNET_ROOT: /usr/share/dotnet
2026-03-01T11:22:10.6657371Z   CC_FORK: false
2026-03-01T11:22:10.6657639Z   CC_TOKEN: ***
2026-03-01T11:22:10.6657811Z   CC_BRANCH: 
2026-03-01T11:22:10.6657974Z   CC_SHA: 
2026-03-01T11:22:10.6658123Z   CC_PR: 
2026-03-01T11:22:10.6658281Z   CC_BASE_SHA: 
2026-03-01T11:22:10.6658438Z   CC_BINARY: 
2026-03-01T11:22:10.6658597Z   CC_BUILD: 
2026-03-01T11:22:10.6658758Z   CC_BUILD_URL: 
2026-03-01T11:22:10.6658919Z   CC_CODE: 
2026-03-01T11:22:10.6659071Z   CC_DIR: 
2026-03-01T11:22:10.6659236Z   CC_DISABLE_FILE_FIXES: false
2026-03-01T11:22:10.6659458Z   CC_DISABLE_SEARCH: false
2026-03-01T11:22:10.6659674Z   CC_DISABLE_TELEM: false
2026-03-01T11:22:10.6659874Z   CC_DRY_RUN: false
2026-03-01T11:22:10.6660066Z   CC_ENTERPRISE_URL: 
2026-03-01T11:22:10.6660242Z   CC_ENV: 
2026-03-01T11:22:10.6660414Z   CC_EXCLUDES: 
2026-03-01T11:22:10.6660596Z   CC_FAIL_ON_ERROR: false
2026-03-01T11:22:10.6660806Z   CC_FILES: TestResults/*.junit.xml
2026-03-01T11:22:10.6661304Z   CC_FLAGS: 
2026-03-01T11:22:10.6661471Z   CC_FORCE: 
2026-03-01T11:22:10.6661633Z   CC_GCOV_ARGS: 
2026-03-01T11:22:10.6661820Z   CC_GCOV_EXECUTABLE: gcov
2026-03-01T11:22:10.6662021Z   CC_GCOV_IGNORE: 
2026-03-01T11:22:10.6662197Z   CC_GCOV_INCLUDE: 
2026-03-01T11:22:10.6662379Z   CC_GIT_SERVICE: github
2026-03-01T11:22:10.6662587Z   CC_HANDLE_NO_REPORTS_FOUND: false
2026-03-01T11:22:10.6662815Z   CC_JOB_CODE: 
2026-03-01T11:22:10.6662979Z   CC_LEGACY: false
2026-03-01T11:22:10.6663149Z   CC_NAME: 
2026-03-01T11:22:10.6663309Z   CC_NETWORK_FILTER: 
2026-03-01T11:22:10.6663495Z   CC_NETWORK_PREFIX: 
2026-03-01T11:22:10.6663684Z   CC_NETWORK_ROOT_FOLDER: 
2026-03-01T11:22:10.6663876Z   CC_OS: 
2026-03-01T11:22:10.6664035Z   CC_PARENT_SHA: 
2026-03-01T11:22:10.6664211Z   CC_PLUGINS: 
2026-03-01T11:22:10.6664611Z   CC_RECURSE_SUBMODULES: false
2026-03-01T11:22:10.6664846Z   CC_REPORT_TYPE: test_results
2026-03-01T11:22:10.6665071Z   CC_RUN_CMD: upload-coverage
2026-03-01T11:22:10.6665285Z   CC_SERVICE: github
2026-03-01T11:22:10.6665478Z   CC_SKIP_VALIDATION: false
2026-03-01T11:22:10.6665798Z   CC_SLUG: 
2026-03-01T11:22:10.6665966Z   CC_SWIFT_PROJECT: 
2026-03-01T11:22:10.6666145Z   CC_USE_PYPI: false
2026-03-01T11:22:10.6666322Z   CC_VERBOSE: false
2026-03-01T11:22:10.6666497Z   CC_VERSION: latest
2026-03-01T11:22:10.6666664Z   CC_YML_PATH: 
2026-03-01T11:22:10.6666832Z ##[endgroup]
2026-03-01T11:22:10.6755992Z      _____          _
2026-03-01T11:22:10.6756389Z     / ____|        | |
2026-03-01T11:22:10.6756742Z    | |     ___   __| | ___  ___ _____   __
2026-03-01T11:22:10.6757159Z    | |    / _ \ / _` |/ _ \/ __/ _ \ \ / /
2026-03-01T11:22:10.6757432Z    | |___| (_) | (_| |  __/ (_| (_) \ V /
2026-03-01T11:22:10.6757687Z     \_____\___/ \__,_|\___|\___\___/ \_/
2026-03-01T11:22:10.6758177Z                            [0;31m Wrapper-0.2.1[0m
2026-03-01T11:22:10.6758468Z                                   
2026-03-01T11:22:10.6809867Z [0;32m==>[0m Detected [0;36mlinux[0m
2026-03-01T11:22:10.6810794Z [0;32m ->[0m Downloading [0;36mhttps://cli.codecov.io/latest/linux/codecov[0m
2026-03-01T11:22:10.6867972Z   % Total    % Received % Xferd  Average Speed   Time    Time     Time  Current
2026-03-01T11:22:10.6868723Z                                  Dload  Upload   Total   Spent    Left  Speed
2026-03-01T11:22:10.6869176Z 
2026-03-01T11:22:10.7869448Z   0     0    0     0    0     0      0      0 --:--:-- --:--:-- --:--:--     0
2026-03-01T11:22:10.7870160Z 100 10.6M  100 10.6M    0     0   106M      0 --:--:-- --:--:-- --:--:--  106M
2026-03-01T11:22:10.7916744Z [0;32m==>[0m Finishing downloading [0;36mlinux:latest[0m
2026-03-01T11:22:10.8465012Z       Version: [0;36mv11.2.6[0m
2026-03-01T11:22:10.8465509Z  
2026-03-01T11:22:10.9392463Z gpg: key 806BB28AED779869: "Codecov Uploader (Codecov Uploader Verification Key) <security@codecov.io>" not changed
2026-03-01T11:22:10.9393536Z gpg: Total number processed: 1
2026-03-01T11:22:10.9394005Z gpg:              unchanged: 1
2026-03-01T11:22:10.9397075Z [0;32m==>[0m Verifying GPG signature integrity
2026-03-01T11:22:10.9398454Z [0;32m ->[0m Downloading [0;36mhttps://cli.codecov.io/latest/linux/codecov.SHA256SUM[0m
2026-03-01T11:22:10.9400148Z [0;32m ->[0m Downloading [0;36mhttps://cli.codecov.io/latest/linux/codecov.SHA256SUM.sig[0m
2026-03-01T11:22:10.9401327Z  
2026-03-01T11:22:11.0453891Z gpg: Signature made Fri Dec  5 15:31:48 2025 UTC
2026-03-01T11:22:11.0454958Z gpg:                using RSA key 27034E7FDB850E0BBC2C62FF806BB28AED779869
2026-03-01T11:22:11.0456969Z gpg: Good signature from "Codecov Uploader (Codecov Uploader Verification Key) <security@codecov.io>" [unknown]
2026-03-01T11:22:11.0458379Z gpg: WARNING: This key is not certified with a trusted signature!
2026-03-01T11:22:11.0459997Z gpg:          There is no indication that the signature belongs to the owner.
2026-03-01T11:22:11.0461400Z Primary key fingerprint: 2703 4E7F DB85 0E0B BC2C  62FF 806B B28A ED77 9869
2026-03-01T11:22:11.1094473Z codecov: OK
2026-03-01T11:22:11.1105875Z [0;32m==>[0m CLI integrity verified
2026-03-01T11:22:11.1106278Z 
2026-03-01T11:22:11.1200400Z [0;32m ->[0m Token of length 36 detected
2026-03-01T11:22:11.1842492Z [0;32m==>[0m Running upload-coverage
2026-03-01T11:22:11.1853408Z       [0;36m./codecov  upload-coverage -t <redacted> --git-service github --file TestResults/*.junit.xml --gcov-executable gcov --report-type test_results[0m
2026-03-01T11:22:11.5496561Z info - 2026-03-01 11:22:11,549 -- ci service found: github-actions
2026-03-01T11:22:11.5963358Z info - 2026-03-01 11:22:11,595 -- Using token to create a commit for protected branch `claude/fix-callback-url-display-3GLxF`
2026-03-01T11:22:11.9018251Z info - 2026-03-01 11:22:11,901 -- Process Commit creating complete
2026-03-01T11:22:11.9491852Z warning - 2026-03-01 11:22:11,948 -- Some files were not found --- {"not_found_files": ["TestResults/*.junit.xml"]}
2026-03-01T11:22:11.9803754Z info - 2026-03-01 11:22:11,980 -- Found 3 test_results files to report
2026-03-01T11:22:11.9805798Z info - 2026-03-01 11:22:11,980 -- > /home/runner/work/hpoll/hpoll/tests/Hpoll.Core.Tests/TestResults/Hpoll.Core.Tests.junit.xml
2026-03-01T11:22:11.9808945Z info - 2026-03-01 11:22:11,980 -- > /home/runner/work/hpoll/hpoll/tests/Hpoll.Worker.Tests/TestResults/Hpoll.Worker.Tests.junit.xml
2026-03-01T11:22:11.9811386Z info - 2026-03-01 11:22:11,980 -- > /home/runner/work/hpoll/hpoll/tests/Hpoll.Admin.Tests/TestResults/Hpoll.Admin.Tests.junit.xml
2026-03-01T11:22:12.3434673Z info - 2026-03-01 11:22:12,343 -- Process Upload complete
2026-03-01T11:22:12.4205325Z ##[group]Run actions/upload-artifact@330a01c490aca151604b8cf639adc76d48f6c5d4
2026-03-01T11:22:12.4206247Z with:
2026-03-01T11:22:12.4206876Z   name: test-reports
2026-03-01T11:22:12.4207329Z   path: TestResults/

2026-03-01T11:22:12.4207867Z   if-no-files-found: warn
2026-03-01T11:22:12.4208414Z   compression-level: 6
2026-03-01T11:22:12.4208949Z   overwrite: false
2026-03-01T11:22:12.4209459Z   include-hidden-files: false
2026-03-01T11:22:12.4210034Z env:
2026-03-01T11:22:12.4210539Z   DOTNET_ROOT: /usr/share/dotnet
2026-03-01T11:22:12.4225912Z   CC_FORK: false
2026-03-01T11:22:12.4226459Z   CC_TOKEN: ***
2026-03-01T11:22:12.4226780Z   CC_BRANCH: 
2026-03-01T11:22:12.4227078Z   CC_SHA: 
2026-03-01T11:22:12.4227357Z   CC_PR: 
2026-03-01T11:22:12.4227641Z ##[endgroup]
2026-03-01T11:22:12.6392518Z With the provided path, there will be 3 files uploaded
2026-03-01T11:22:12.6397636Z Artifact name is valid!
2026-03-01T11:22:12.6398798Z Root directory input is valid!
2026-03-01T11:22:12.7191540Z Beginning upload of artifact content to blob storage
2026-03-01T11:22:12.7808178Z Uploaded bytes 33407
2026-03-01T11:22:12.7956107Z Finished uploading artifact content to blob storage!
2026-03-01T11:22:12.7959478Z SHA256 digest of uploaded artifact zip is 1e9e7b2cf1445898709e79a15c4b9f09c414fc46e77dadcfc3c567c31fd0a4a4
2026-03-01T11:22:12.7961004Z Finalizing artifact upload
2026-03-01T11:22:12.8749658Z Artifact test-reports.zip successfully finalized. Artifact ID 5709541343
2026-03-01T11:22:12.8751058Z Artifact test-reports has been successfully uploaded! Final size is 33407 bytes. Artifact ID is 5709541343
2026-03-01T11:22:12.8757788Z Artifact download URL: https://github.com/pkinerd/hpoll/actions/runs/22542339519/artifacts/5709541343
2026-03-01T11:22:12.8877383Z Post job cleanup.
2026-03-01T11:22:13.0487647Z Post job cleanup.
2026-03-01T11:22:13.1489170Z [command]/usr/bin/git version
2026-03-01T11:22:13.1527500Z git version 2.53.0
2026-03-01T11:22:13.1567231Z Copying '/home/runner/.gitconfig' to '/home/runner/work/_temp/8f4dee88-540c-4897-b57c-514e8ced5100/.gitconfig'
2026-03-01T11:22:13.1577439Z Temporarily overriding HOME='/home/runner/work/_temp/8f4dee88-540c-4897-b57c-514e8ced5100' before making global git config changes
2026-03-01T11:22:13.1578941Z Adding repository directory to the temporary git global config as a safe directory
2026-03-01T11:22:13.1592664Z [command]/usr/bin/git config --global --add safe.directory /home/runner/work/hpoll/hpoll
2026-03-01T11:22:13.1631754Z [command]/usr/bin/git config --local --name-only --get-regexp core\.sshCommand
2026-03-01T11:22:13.1667238Z [command]/usr/bin/git submodule foreach --recursive sh -c "git config --local --name-only --get-regexp 'core\.sshCommand' && git config --local --unset-all 'core.sshCommand' || :"
2026-03-01T11:22:13.1919921Z [command]/usr/bin/git config --local --name-only --get-regexp http\.https\:\/\/github\.com\/\.extraheader
2026-03-01T11:22:13.1943786Z http.https://github.com/.extraheader
2026-03-01T11:22:13.1959430Z [command]/usr/bin/git config --local --unset-all http.https://github.com/.extraheader
2026-03-01T11:22:13.1994772Z [command]/usr/bin/git submodule foreach --recursive sh -c "git config --local --name-only --get-regexp 'http\.https\:\/\/github\.com\/\.extraheader' && git config --local --unset-all 'http.https://github.com/.extraheader' || :"
2026-03-01T11:22:13.2352492Z Cleaning up orphan processes
2026-03-01T11:22:13.2657598Z Terminate orphan process: pid (2529) (dotnet)
2026-03-01T11:22:13.2689759Z Terminate orphan process: pid (2530) (dotnet)
2026-03-01T11:22:13.2722914Z Terminate orphan process: pid (2531) (dotnet)
2026-03-01T11:22:13.2782999Z Terminate orphan process: pid (2671) (VBCSCompiler)
