2026-03-01T10:52:19.0746755Z Current runner version: '2.331.0'
2026-03-01T10:52:19.0771826Z ##[group]Runner Image Provisioner
2026-03-01T10:52:19.0772633Z Hosted Compute Agent
2026-03-01T10:52:19.0773194Z Version: 20260213.493
2026-03-01T10:52:19.0773882Z Commit: 5c115507f6dd24b8de37d8bbe0bb4509d0cc0fa3
2026-03-01T10:52:19.0774986Z Build Date: 2026-02-13T00:28:41Z
2026-03-01T10:52:19.0775639Z Worker ID: {68a8d91d-e006-4885-996f-f588e28063ee}
2026-03-01T10:52:19.0776396Z Azure Region: northcentralus
2026-03-01T10:52:19.0776981Z ##[endgroup]
2026-03-01T10:52:19.0778420Z ##[group]Operating System
2026-03-01T10:52:19.0779075Z Ubuntu
2026-03-01T10:52:19.0779595Z 24.04.3
2026-03-01T10:52:19.0780044Z LTS
2026-03-01T10:52:19.0780544Z ##[endgroup]
2026-03-01T10:52:19.0781098Z ##[group]Runner Image
2026-03-01T10:52:19.0781646Z Image: ubuntu-24.04
2026-03-01T10:52:19.0782277Z Version: 20260224.36.1
2026-03-01T10:52:19.0783431Z Included Software: https://github.com/actions/runner-images/blob/ubuntu24/20260224.36/images/ubuntu/Ubuntu2404-Readme.md
2026-03-01T10:52:19.0785150Z Image Release: https://github.com/actions/runner-images/releases/tag/ubuntu24%2F20260224.36
2026-03-01T10:52:19.0786044Z ##[endgroup]
2026-03-01T10:52:19.0787152Z ##[group]GITHUB_TOKEN Permissions
2026-03-01T10:52:19.0789529Z Contents: read
2026-03-01T10:52:19.0790070Z Metadata: read
2026-03-01T10:52:19.0791073Z ##[endgroup]
2026-03-01T10:52:19.0793194Z Secret source: Actions
2026-03-01T10:52:19.0794587Z Prepare workflow directory
2026-03-01T10:52:19.1836208Z Prepare all required actions
2026-03-01T10:52:19.1873977Z Getting action download info
2026-03-01T10:52:19.4802406Z Download action repository 'actions/checkout@692973e3d937129bcbf40652eb9f2f61becf3332' (SHA:692973e3d937129bcbf40652eb9f2f61becf3332)
2026-03-01T10:52:19.6260734Z Download action repository 'docker/setup-buildx-action@b5ca514318bd6ebac0fb2aedd5d36ec1b5c232a2' (SHA:b5ca514318bd6ebac0fb2aedd5d36ec1b5c232a2)
2026-03-01T10:52:20.1110949Z Download action repository 'docker/login-action@74a5d142397b4f367a81961eba4e8cd7edddf772' (SHA:74a5d142397b4f367a81961eba4e8cd7edddf772)
2026-03-01T10:52:20.5764127Z Download action repository 'docker/build-push-action@14487ce63c7a62a4a324b0bfb37086795e31c6c1' (SHA:14487ce63c7a62a4a324b0bfb37086795e31c6c1)
2026-03-01T10:52:21.3949508Z Complete job name: Docker Build & Push
2026-03-01T10:52:21.7035978Z ##[group]Run actions/checkout@692973e3d937129bcbf40652eb9f2f61becf3332
2026-03-01T10:52:21.7037695Z with:
2026-03-01T10:52:21.7038592Z   repository: ***/hpoll
2026-03-01T10:52:21.7039667Z   token: ***
2026-03-01T10:52:21.7040406Z   ssh-strict: true
2026-03-01T10:52:21.7041172Z   ssh-user: git
2026-03-01T10:52:21.7041947Z   persist-credentials: true
2026-03-01T10:52:21.7042818Z   clean: true
2026-03-01T10:52:21.7043602Z   sparse-checkout-cone-mode: true
2026-03-01T10:52:21.7044748Z   fetch-depth: 1
2026-03-01T10:52:21.7045524Z   fetch-tags: false
2026-03-01T10:52:21.7046312Z   show-progress: true
2026-03-01T10:52:21.7047113Z   lfs: false
2026-03-01T10:52:21.7047838Z   submodules: false
2026-03-01T10:52:21.7048672Z   set-safe-directory: true
2026-03-01T10:52:21.7049812Z ##[endgroup]
2026-03-01T10:52:21.8161632Z Syncing repository: ***/hpoll
2026-03-01T10:52:21.8164079Z ##[group]Getting Git version info
2026-03-01T10:52:21.8165726Z Working directory is '/home/runner/work/hpoll/hpoll'
2026-03-01T10:52:21.8167465Z [command]/usr/bin/git version
2026-03-01T10:52:21.8260894Z git version 2.53.0
2026-03-01T10:52:21.8288449Z ##[endgroup]
2026-03-01T10:52:21.8310838Z Temporarily overriding HOME='/home/runner/work/_temp/9f71dbd5-e640-4d54-8428-c3445f5705bb' before making global git config changes
2026-03-01T10:52:21.8313460Z Adding repository directory to the temporary git global config as a safe directory
2026-03-01T10:52:21.8316424Z [command]/usr/bin/git config --global --add safe.directory /home/runner/work/hpoll/hpoll
2026-03-01T10:52:21.8358494Z Deleting the contents of '/home/runner/work/hpoll/hpoll'
2026-03-01T10:52:21.8362359Z ##[group]Initializing the repository
2026-03-01T10:52:21.8366286Z [command]/usr/bin/git init /home/runner/work/hpoll/hpoll
2026-03-01T10:52:21.8484948Z hint: Using 'master' as the name for the initial branch. This default branch name
2026-03-01T10:52:21.8486820Z hint: will change to "main" in Git 3.0. To configure the initial branch name
2026-03-01T10:52:21.8489418Z hint: to use in all of your new repositories, which will suppress this warning,
2026-03-01T10:52:21.8490824Z hint: call:
2026-03-01T10:52:21.8491530Z hint:
2026-03-01T10:52:21.8492463Z hint: 	git config --global init.defaultBranch <name>
2026-03-01T10:52:21.8493853Z hint:
2026-03-01T10:52:21.8495325Z hint: Names commonly chosen instead of 'master' are 'main', 'trunk' and
2026-03-01T10:52:21.8497085Z hint: 'development'. The just-created branch can be renamed via this command:
2026-03-01T10:52:21.8498450Z hint:
2026-03-01T10:52:21.8499433Z hint: 	git branch -m <name>
2026-03-01T10:52:21.8500305Z hint:
2026-03-01T10:52:21.8501426Z hint: Disable this message with "git config set advice.defaultBranchName false"
2026-03-01T10:52:21.8503280Z Initialized empty Git repository in /home/runner/work/hpoll/hpoll/.git/
2026-03-01T10:52:21.8506923Z [command]/usr/bin/git remote add origin https://github.com/***/hpoll
2026-03-01T10:52:21.8538741Z ##[endgroup]
2026-03-01T10:52:21.8540154Z ##[group]Disabling automatic garbage collection
2026-03-01T10:52:21.8542673Z [command]/usr/bin/git config --local gc.auto 0
2026-03-01T10:52:21.8575273Z ##[endgroup]
2026-03-01T10:52:21.8577518Z ##[group]Setting up auth
2026-03-01T10:52:21.8582906Z [command]/usr/bin/git config --local --name-only --get-regexp core\.sshCommand
2026-03-01T10:52:21.8617873Z [command]/usr/bin/git submodule foreach --recursive sh -c "git config --local --name-only --get-regexp 'core\.sshCommand' && git config --local --unset-all 'core.sshCommand' || :"
2026-03-01T10:52:21.8993683Z [command]/usr/bin/git config --local --name-only --get-regexp http\.https\:\/\/github\.com\/\.extraheader
2026-03-01T10:52:21.9027553Z [command]/usr/bin/git submodule foreach --recursive sh -c "git config --local --name-only --get-regexp 'http\.https\:\/\/github\.com\/\.extraheader' && git config --local --unset-all 'http.https://github.com/.extraheader' || :"
2026-03-01T10:52:21.9262893Z [command]/usr/bin/git config --local http.https://github.com/.extraheader AUTHORIZATION: basic ***
2026-03-01T10:52:21.9305493Z ##[endgroup]
2026-03-01T10:52:21.9307898Z ##[group]Fetching the repository
2026-03-01T10:52:21.9316960Z [command]/usr/bin/git -c protocol.version=2 fetch --no-tags --prune --no-recurse-submodules --depth=1 origin +e9c56e973f8b91b91c0a708922821dc6d58b4d87:refs/remotes/origin/main
2026-03-01T10:52:22.2343141Z From https://github.com/***/hpoll
2026-03-01T10:52:22.2376990Z  * [new ref]         e9c56e973f8b91b91c0a708922821dc6d58b4d87 -> origin/main
2026-03-01T10:52:22.2382096Z ##[endgroup]
2026-03-01T10:52:22.2383835Z ##[group]Determining the checkout info
2026-03-01T10:52:22.2386313Z ##[endgroup]
2026-03-01T10:52:22.2387760Z [command]/usr/bin/git sparse-checkout disable
2026-03-01T10:52:22.2429274Z [command]/usr/bin/git config --local --unset-all extensions.worktreeConfig
2026-03-01T10:52:22.2459752Z ##[group]Checking out the ref
2026-03-01T10:52:22.2462337Z [command]/usr/bin/git checkout --progress --force -B main refs/remotes/origin/main
2026-03-01T10:52:22.2582544Z Switched to a new branch 'main'
2026-03-01T10:52:22.2584771Z branch 'main' set up to track 'origin/main'.
2026-03-01T10:52:22.2593228Z ##[endgroup]
2026-03-01T10:52:22.2630888Z [command]/usr/bin/git log -1 --format='%H'
2026-03-01T10:52:22.2655512Z 'e9c56e973f8b91b91c0a708922821dc6d58b4d87'
2026-03-01T10:52:22.4452760Z ##[group]Run docker/setup-buildx-action@b5ca514318bd6ebac0fb2aedd5d36ec1b5c232a2
2026-03-01T10:52:22.4454362Z with:
2026-03-01T10:52:22.4455094Z   driver: docker-container
2026-03-01T10:52:22.4455940Z   install: false
2026-03-01T10:52:22.4456659Z   use: true
2026-03-01T10:52:22.4457358Z   cache-binary: true
2026-03-01T10:52:22.4458140Z   cleanup: true
2026-03-01T10:52:22.4458861Z ##[endgroup]
2026-03-01T10:52:22.6990038Z ##[group]Docker info
2026-03-01T10:52:22.7019867Z [command]/usr/bin/docker version
2026-03-01T10:52:22.7996865Z Client: Docker Engine - Community
2026-03-01T10:52:22.7998562Z  Version:           28.0.4
2026-03-01T10:52:22.7999961Z  API version:       1.48
2026-03-01T10:52:22.8001381Z  Go version:        go1.23.7
2026-03-01T10:52:22.8002898Z  Git commit:        b8034c0
2026-03-01T10:52:22.8004697Z  Built:             Tue Mar 25 15:07:16 2025
2026-03-01T10:52:22.8005858Z  OS/Arch:           linux/amd64
2026-03-01T10:52:22.8006740Z  Context:           default
2026-03-01T10:52:22.8007665Z 
2026-03-01T10:52:22.8008091Z Server: Docker Engine - Community
2026-03-01T10:52:22.8009079Z  Engine:
2026-03-01T10:52:22.8009768Z   Version:          28.0.4
2026-03-01T10:52:22.8010710Z   API version:      1.48 (minimum version 1.24)
2026-03-01T10:52:22.8011758Z   Go version:       go1.23.7
2026-03-01T10:52:22.8012618Z   Git commit:       6430e49
2026-03-01T10:52:22.8013510Z   Built:            Tue Mar 25 15:07:16 2025
2026-03-01T10:52:22.8014755Z   OS/Arch:          linux/amd64
2026-03-01T10:52:22.8015645Z   Experimental:     false
2026-03-01T10:52:22.8016473Z  containerd:
2026-03-01T10:52:22.8017197Z   Version:          v2.2.1
2026-03-01T10:52:22.8018230Z   GitCommit:        dea7da592f5d1d2b7755e3a161be07f43fad8f75
2026-03-01T10:52:22.8019336Z  runc:
2026-03-01T10:52:22.8020023Z   Version:          1.3.4
2026-03-01T10:52:22.8020872Z   GitCommit:        v1.3.4-0-gd6d73eb8
2026-03-01T10:52:22.8021834Z  docker-init:
2026-03-01T10:52:22.8022562Z   Version:          0.19.0
2026-03-01T10:52:22.8023410Z   GitCommit:        de40ad0
2026-03-01T10:52:22.8051592Z [command]/usr/bin/docker info
2026-03-01T10:52:25.1798391Z Client: Docker Engine - Community
2026-03-01T10:52:25.1799203Z  Version:    28.0.4
2026-03-01T10:52:25.1801581Z  Context:    default
2026-03-01T10:52:25.1801998Z  Debug Mode: false
2026-03-01T10:52:25.1802366Z  Plugins:
2026-03-01T10:52:25.1802721Z   buildx: Docker Buildx (Docker Inc.)
2026-03-01T10:52:25.1803187Z     Version:  v0.31.1
2026-03-01T10:52:25.1803751Z     Path:     /usr/libexec/docker/cli-plugins/docker-buildx
2026-03-01T10:52:25.1804682Z   compose: Docker Compose (Docker Inc.)
2026-03-01T10:52:25.1805172Z     Version:  v2.38.2
2026-03-01T10:52:25.1805669Z     Path:     /usr/libexec/docker/cli-plugins/docker-compose
2026-03-01T10:52:25.1806112Z 
2026-03-01T10:52:25.1806242Z Server:
2026-03-01T10:52:25.1806563Z  Containers: 0
2026-03-01T10:52:25.1806891Z   Running: 0
2026-03-01T10:52:25.1807299Z   Paused: 0
2026-03-01T10:52:25.1807606Z   Stopped: 0
2026-03-01T10:52:25.1807902Z  Images: 1
2026-03-01T10:52:25.1808118Z  Server Version: 28.0.4
2026-03-01T10:52:25.1808362Z  Storage Driver: overlay2
2026-03-01T10:52:25.1808616Z   Backing Filesystem: extfs
2026-03-01T10:52:25.1808881Z   Supports d_type: true
2026-03-01T10:52:25.1809111Z   Using metacopy: false
2026-03-01T10:52:25.1809349Z   Native Overlay Diff: false
2026-03-01T10:52:25.1809583Z   userxattr: false
2026-03-01T10:52:25.1809791Z  Logging Driver: json-file
2026-03-01T10:52:25.1810024Z  Cgroup Driver: systemd
2026-03-01T10:52:25.1810239Z  Cgroup Version: 2
2026-03-01T10:52:25.1810430Z  Plugins:
2026-03-01T10:52:25.1810814Z   Volume: local
2026-03-01T10:52:25.1811370Z   Network: bridge host ipvlan macvlan null overlay
2026-03-01T10:52:25.1812162Z   Log: awslogs fluentd gcplogs gelf journald json-file local splunk syslog
2026-03-01T10:52:25.1812832Z  Swarm: inactive
2026-03-01T10:52:25.1813248Z  Runtimes: io.containerd.runc.v2 runc
2026-03-01T10:52:25.1813728Z  Default Runtime: runc
2026-03-01T10:52:25.1815061Z  Init Binary: docker-init
2026-03-01T10:52:25.1815669Z  containerd version: dea7da592f5d1d2b7755e3a161be07f43fad8f75
2026-03-01T10:52:25.1816226Z  runc version: v1.3.4-0-gd6d73eb8
2026-03-01T10:52:25.1816629Z  init version: de40ad0
2026-03-01T10:52:25.1816982Z  Security Options:
2026-03-01T10:52:25.1817321Z   apparmor
2026-03-01T10:52:25.1817625Z   seccomp
2026-03-01T10:52:25.1817908Z    Profile: builtin
2026-03-01T10:52:25.1818247Z   cgroupns
2026-03-01T10:52:25.1818853Z  Kernel Version: 6.14.0-1017-azure
2026-03-01T10:52:25.1819313Z  Operating System: Ubuntu 24.04.3 LTS
2026-03-01T10:52:25.1819765Z  OSType: linux
2026-03-01T10:52:25.1820071Z  Architecture: x86_64
2026-03-01T10:52:25.1820403Z  CPUs: 4
2026-03-01T10:52:25.1820706Z  Total Memory: 15.62GiB
2026-03-01T10:52:25.1821061Z  Name: runnervmnay03
2026-03-01T10:52:25.1821442Z  ID: 2798490f-3934-4089-859a-ba9f3856e68c
2026-03-01T10:52:25.1821919Z  Docker Root Dir: /var/lib/docker
2026-03-01T10:52:25.1822342Z  Debug Mode: false
2026-03-01T10:52:25.1822706Z  Username: githubactions
2026-03-01T10:52:25.1823087Z  Experimental: false
2026-03-01T10:52:25.1823424Z  Insecure Registries:
2026-03-01T10:52:25.1828762Z   ::1/128
2026-03-01T10:52:25.1829113Z   127.0.0.0/8
2026-03-01T10:52:25.1829483Z  Live Restore Enabled: false
2026-03-01T10:52:25.1829788Z 
2026-03-01T10:52:25.1830471Z ##[endgroup]
2026-03-01T10:52:25.3056659Z ##[group]Buildx version
2026-03-01T10:52:25.3085908Z [command]/usr/bin/docker buildx version
2026-03-01T10:52:25.3747073Z github.com/docker/buildx v0.31.1 a2675950d46b2cb171b23c2015ca44fb88607531
2026-03-01T10:52:25.3782214Z ##[endgroup]
2026-03-01T10:52:25.3939564Z ##[group]Inspecting default docker context
2026-03-01T10:52:25.4100324Z [
2026-03-01T10:52:25.4100689Z   {
2026-03-01T10:52:25.4100994Z     "Name": "default",
2026-03-01T10:52:25.4101414Z     "Metadata": {},
2026-03-01T10:52:25.4101739Z     "Endpoints": {
2026-03-01T10:52:25.4102078Z       "docker": {
2026-03-01T10:52:25.4102446Z         "Host": "unix:///var/run/docker.sock",
2026-03-01T10:52:25.4102970Z         "SkipTLSVerify": false
2026-03-01T10:52:25.4103352Z       }
2026-03-01T10:52:25.4103639Z     },
2026-03-01T10:52:25.4103940Z     "TLSMaterial": {},
2026-03-01T10:52:25.4104532Z     "Storage": {
2026-03-01T10:52:25.4104893Z       "MetadataPath": "<IN MEMORY>",
2026-03-01T10:52:25.4105355Z       "TLSPath": "<IN MEMORY>"
2026-03-01T10:52:25.4105734Z     }
2026-03-01T10:52:25.4105994Z   }
2026-03-01T10:52:25.4106260Z ]
2026-03-01T10:52:25.4107075Z ##[endgroup]
2026-03-01T10:52:25.4107741Z ##[group]Creating a new builder instance
2026-03-01T10:52:25.5054954Z [command]/usr/bin/docker buildx create --name builder-db6c5e19-ceb3-4579-9b94-c34cf81d16ff --driver docker-container --buildkitd-flags --allow-insecure-entitlement security.insecure --allow-insecure-entitlement network.host --use
2026-03-01T10:52:25.5769945Z builder-db6c5e19-ceb3-4579-9b94-c34cf81d16ff
2026-03-01T10:52:25.5807485Z ##[endgroup]
2026-03-01T10:52:25.5808286Z ##[group]Booting builder
2026-03-01T10:52:25.5840125Z [command]/usr/bin/docker buildx inspect --bootstrap --builder builder-db6c5e19-ceb3-4579-9b94-c34cf81d16ff
2026-03-01T10:52:25.6448145Z #1 [internal] booting buildkit
2026-03-01T10:52:25.7952088Z #1 pulling image moby/buildkit:buildx-stable-1
2026-03-01T10:52:28.1295306Z #1 pulling image moby/buildkit:buildx-stable-1 2.5s done
2026-03-01T10:52:28.2796634Z #1 creating container buildx_buildkit_builder-db6c5e19-ceb3-4579-9b94-c34cf81d16ff0
2026-03-01T10:52:28.3985477Z #1 creating container buildx_buildkit_builder-db6c5e19-ceb3-4579-9b94-c34cf81d16ff0 0.3s done
2026-03-01T10:52:28.4008783Z #1 DONE 2.8s
2026-03-01T10:52:28.4350753Z Name:          builder-db6c5e19-ceb3-4579-9b94-c34cf81d16ff
2026-03-01T10:52:28.4351368Z Driver:        docker-container
2026-03-01T10:52:28.4351814Z Last Activity: 2026-03-01 10:52:25 +0000 UTC
2026-03-01T10:52:28.4352218Z 
2026-03-01T10:52:28.4352402Z Nodes:
2026-03-01T10:52:28.4352829Z Name:                  builder-db6c5e19-ceb3-4579-9b94-c34cf81d16ff0
2026-03-01T10:52:28.4353889Z Endpoint:              unix:///var/run/docker.sock
2026-03-01T10:52:28.4354778Z Status:                running
2026-03-01T10:52:28.4355658Z BuildKit daemon flags: --allow-insecure-entitlement security.insecure --allow-insecure-entitlement network.host
2026-03-01T10:52:28.4356267Z BuildKit version:      v0.27.1
2026-03-01T10:52:28.4356600Z Platforms:             linux/amd64, linux/amd64/v2, linux/amd64/v3, linux/386
2026-03-01T10:52:28.4356944Z Labels:
2026-03-01T10:52:28.4357416Z  org.mobyproject.buildkit.worker.executor:         oci
2026-03-01T10:52:28.4357814Z  org.mobyproject.buildkit.worker.hostname:         94aa89cd9d0f
2026-03-01T10:52:28.4358221Z  org.mobyproject.buildkit.worker.network:          host
2026-03-01T10:52:28.4358612Z  org.mobyproject.buildkit.worker.oci.process-mode: sandbox
2026-03-01T10:52:28.4359010Z  org.mobyproject.buildkit.worker.selinux.enabled:  false
2026-03-01T10:52:28.4359410Z  org.mobyproject.buildkit.worker.snapshotter:      overlayfs
2026-03-01T10:52:28.4359735Z GC Policy rule#0:
2026-03-01T10:52:28.4360029Z  All:            false
2026-03-01T10:52:28.4360370Z  Filters:        type==source.local,type==exec.cachemount,type==source.git.checkout
2026-03-01T10:52:28.4360766Z  Keep Duration:  48h0m0s
2026-03-01T10:52:28.4360978Z  Max Used Space: 488.3MiB
2026-03-01T10:52:28.4361191Z GC Policy rule#1:
2026-03-01T10:52:28.4361383Z  All:            false
2026-03-01T10:52:28.4361582Z  Keep Duration:  1440h0m0s
2026-03-01T10:52:28.4361803Z  Reserved Space: 9.313GiB
2026-03-01T10:52:28.4362028Z  Max Used Space: 93.13GiB
2026-03-01T10:52:28.4362227Z  Min Free Space: 27.01GiB
2026-03-01T10:52:28.4362432Z GC Policy rule#2:
2026-03-01T10:52:28.4362615Z  All:            false
2026-03-01T10:52:28.4362805Z  Reserved Space: 9.313GiB
2026-03-01T10:52:28.4363011Z  Max Used Space: 93.13GiB
2026-03-01T10:52:28.4363212Z  Min Free Space: 27.01GiB
2026-03-01T10:52:28.4363406Z GC Policy rule#3:
2026-03-01T10:52:28.4363591Z  All:            true
2026-03-01T10:52:28.4363788Z  Reserved Space: 9.313GiB
2026-03-01T10:52:28.4363990Z  Max Used Space: 93.13GiB
2026-03-01T10:52:28.4364388Z  Min Free Space: 27.01GiB
2026-03-01T10:52:28.4416368Z ##[endgroup]
2026-03-01T10:52:28.5466151Z ##[group]Inspect builder
2026-03-01T10:52:28.5468408Z {
2026-03-01T10:52:28.5469192Z   "nodes": [
2026-03-01T10:52:28.5469630Z     {
2026-03-01T10:52:28.5470021Z       "name": "builder-db6c5e19-ceb3-4579-9b94-c34cf81d16ff0",
2026-03-01T10:52:28.5470571Z       "endpoint": "unix:///var/run/docker.sock",
2026-03-01T10:52:28.5471084Z       "status": "running",
2026-03-01T10:52:28.5471924Z       "buildkitd-flags": "--allow-insecure-entitlement security.insecure --allow-insecure-entitlement network.host",
2026-03-01T10:52:28.5472821Z       "buildkit": "v0.27.1",
2026-03-01T10:52:28.5473346Z       "platforms": "linux/amd64,linux/amd64/v2,linux/amd64/v3,linux/386",
2026-03-01T10:52:28.5473916Z       "features": {
2026-03-01T10:52:28.5474668Z         "Automatically load images to the Docker Engine image store": true,
2026-03-01T10:52:28.5475322Z         "Cache export": true,
2026-03-01T10:52:28.5475704Z         "Direct push": true,
2026-03-01T10:52:28.5476074Z         "Docker exporter": true,
2026-03-01T10:52:28.5476377Z         "Multi-platform build": true,
2026-03-01T10:52:28.5476639Z         "OCI exporter": true
2026-03-01T10:52:28.5476836Z       },
2026-03-01T10:52:28.5477004Z       "labels": {
2026-03-01T10:52:28.5477258Z         "org.mobyproject.buildkit.worker.executor": "oci",
2026-03-01T10:52:28.5477655Z         "org.mobyproject.buildkit.worker.hostname": "94aa89cd9d0f",
2026-03-01T10:52:28.5478044Z         "org.mobyproject.buildkit.worker.network": "host",
2026-03-01T10:52:28.5478498Z         "org.mobyproject.buildkit.worker.oci.process-mode": "sandbox",
2026-03-01T10:52:28.5478964Z         "org.mobyproject.buildkit.worker.selinux.enabled": "false",
2026-03-01T10:52:28.5479419Z         "org.mobyproject.buildkit.worker.snapshotter": "overlayfs"
2026-03-01T10:52:28.5479829Z       },
2026-03-01T10:52:28.5479996Z       "gcPolicy": [
2026-03-01T10:52:28.5480419Z         {
2026-03-01T10:52:28.5480601Z           "all": false,
2026-03-01T10:52:28.5480797Z           "filter": [
2026-03-01T10:52:28.5480999Z             "type==source.local",
2026-03-01T10:52:28.5481238Z             "type==exec.cachemount",
2026-03-01T10:52:28.5481496Z             "type==source.git.checkout"
2026-03-01T10:52:28.5481744Z           ],
2026-03-01T10:52:28.5481935Z           "keepDuration": "48h0m0s"
2026-03-01T10:52:28.5482159Z         },
2026-03-01T10:52:28.5482444Z         {
2026-03-01T10:52:28.5482640Z           "all": false,
2026-03-01T10:52:28.5482852Z           "keepDuration": "1440h0m0s"
2026-03-01T10:52:28.5483092Z         },
2026-03-01T10:52:28.5483251Z         {
2026-03-01T10:52:28.5483413Z           "all": false
2026-03-01T10:52:28.5483596Z         },
2026-03-01T10:52:28.5483753Z         {
2026-03-01T10:52:28.5483919Z           "all": true
2026-03-01T10:52:28.5484095Z         }
2026-03-01T10:52:28.5484797Z       ]
2026-03-01T10:52:28.5484985Z     }
2026-03-01T10:52:28.5485139Z   ],
2026-03-01T10:52:28.5485393Z   "name": "builder-db6c5e19-ceb3-4579-9b94-c34cf81d16ff",
2026-03-01T10:52:28.5485718Z   "driver": "docker-container",
2026-03-01T10:52:28.5485969Z   "lastActivity": "2026-03-01T10:52:25.000Z"
2026-03-01T10:52:28.5486219Z }
2026-03-01T10:52:28.5486620Z ##[endgroup]
2026-03-01T10:52:28.5486955Z ##[group]BuildKit version
2026-03-01T10:52:28.5487232Z builder-db6c5e19-ceb3-4579-9b94-c34cf81d16ff0: v0.27.1
2026-03-01T10:52:28.5487663Z ##[endgroup]
2026-03-01T10:52:28.6427264Z ##[group]Run docker/login-action@74a5d142397b4f367a81961eba4e8cd7edddf772
2026-03-01T10:52:28.6427664Z with:
2026-03-01T10:52:28.6428078Z   username: ***
2026-03-01T10:52:28.6428342Z   password: ***
2026-03-01T10:52:28.6428530Z   ecr: auto
2026-03-01T10:52:28.6428704Z   logout: true
2026-03-01T10:52:28.6428878Z ##[endgroup]
2026-03-01T10:52:28.9382506Z Logging into Docker Hub...
2026-03-01T10:52:29.1723825Z Login Succeeded!
2026-03-01T10:52:29.1958139Z ##[group]Run SHORT_SHA=$(echo "e9c56e973f8b91b91c0a708922821dc6d58b4d87" | cut -c1-7)
2026-03-01T10:52:29.1958851Z [36;1mSHORT_SHA=$(echo "e9c56e973f8b91b91c0a708922821dc6d58b4d87" | cut -c1-7)[0m
2026-03-01T10:52:29.1959345Z [36;1mIMAGE="***/hpoll"[0m
2026-03-01T10:52:29.1959641Z [36;1mecho "short_sha=${SHORT_SHA}" >> "$GITHUB_OUTPUT"[0m
2026-03-01T10:52:29.1959992Z [36;1mecho "image=${IMAGE}" >> "$GITHUB_OUTPUT"[0m
2026-03-01T10:52:29.1960266Z [36;1m[0m
2026-03-01T10:52:29.1960467Z [36;1m# Build tag list based on context[0m
2026-03-01T10:52:29.1960802Z [36;1mTAGS="${IMAGE}:${SHORT_SHA},${IMAGE}:latest-any"[0m
2026-03-01T10:52:29.1961153Z [36;1mif [ "refs/heads/main" = "refs/heads/main" ]; then[0m
2026-03-01T10:52:29.1961459Z [36;1m  TAGS="${TAGS},${IMAGE}:latest"[0m
2026-03-01T10:52:29.1961771Z [36;1melif [ "refs/heads/main" = "refs/heads/dev" ]; then[0m
2026-03-01T10:52:29.1962081Z [36;1m  TAGS="${TAGS},${IMAGE}:dev"[0m
2026-03-01T10:52:29.1962390Z [36;1melif [ "push" = "pull_request" ]; then[0m
2026-03-01T10:52:29.1962672Z [36;1m  TAGS="${TAGS},${IMAGE}:pr-"[0m
2026-03-01T10:52:29.1962924Z [36;1melse[0m
2026-03-01T10:52:29.1963191Z [36;1m  # Branch build — sanitize branch name for use as a tag[0m
2026-03-01T10:52:29.1963629Z [36;1m  BRANCH_TAG=$(echo "main" | sed 's|[^a-zA-Z0-9._-]|-|g' | cut -c1-128)[0m
2026-03-01T10:52:29.1964020Z [36;1m  TAGS="${TAGS},${IMAGE}:${BRANCH_TAG}"[0m
2026-03-01T10:52:29.1964513Z [36;1mfi[0m
2026-03-01T10:52:29.1964727Z [36;1mecho "tags=${TAGS}" >> "$GITHUB_OUTPUT"[0m
2026-03-01T10:52:29.2017966Z shell: /usr/bin/bash -e {0}
2026-03-01T10:52:29.2018222Z ##[endgroup]
2026-03-01T10:52:29.2780462Z ##[group]Run docker/build-push-action@14487ce63c7a62a4a324b0bfb37086795e31c6c1
2026-03-01T10:52:29.2780873Z with:
2026-03-01T10:52:29.2781043Z   context: .
2026-03-01T10:52:29.2781219Z   push: true
2026-03-01T10:52:29.2781567Z   tags: ***/hpoll:e9c56e9,***/hpoll:latest-any,***/hpoll:latest
2026-03-01T10:52:29.2781894Z   cache-from: type=gha
2026-03-01T10:52:29.2782118Z   cache-to: type=gha,mode=max
2026-03-01T10:52:29.2782341Z   load: false
2026-03-01T10:52:29.2782512Z   no-cache: false
2026-03-01T10:52:29.2782693Z   pull: false
2026-03-01T10:52:29.2782976Z   github-token: ***
2026-03-01T10:52:29.2783171Z ##[endgroup]
2026-03-01T10:52:29.5216580Z ##[group]GitHub Actions runtime token ACs
2026-03-01T10:52:29.5227346Z refs/heads/main: read/write
2026-03-01T10:52:29.5228429Z ##[endgroup]
2026-03-01T10:52:29.5229042Z ##[group]Docker info
2026-03-01T10:52:29.5295893Z [command]/usr/bin/docker version
2026-03-01T10:52:29.5506481Z Client: Docker Engine - Community
2026-03-01T10:52:29.5507024Z  Version:           28.0.4
2026-03-01T10:52:29.5507401Z  API version:       1.48
2026-03-01T10:52:29.5510015Z  Go version:        go1.23.7
2026-03-01T10:52:29.5510390Z  Git commit:        b8034c0
2026-03-01T10:52:29.5510766Z  Built:             Tue Mar 25 15:07:16 2025
2026-03-01T10:52:29.5511204Z  OS/Arch:           linux/amd64
2026-03-01T10:52:29.5511582Z  Context:           default
2026-03-01T10:52:29.5511804Z 
2026-03-01T10:52:29.5511954Z Server: Docker Engine - Community
2026-03-01T10:52:29.5512339Z  Engine:
2026-03-01T10:52:29.5512624Z   Version:          28.0.4
2026-03-01T10:52:29.5513025Z   API version:      1.48 (minimum version 1.24)
2026-03-01T10:52:29.5513493Z   Go version:       go1.23.7
2026-03-01T10:52:29.5513903Z   Git commit:       6430e49
2026-03-01T10:52:29.5514442Z   Built:            Tue Mar 25 15:07:16 2025
2026-03-01T10:52:29.5514892Z   OS/Arch:          linux/amd64
2026-03-01T10:52:29.5515299Z   Experimental:     false
2026-03-01T10:52:29.5515650Z  containerd:
2026-03-01T10:52:29.5515957Z   Version:          v2.2.1
2026-03-01T10:52:29.5516426Z   GitCommit:        dea7da592f5d1d2b7755e3a161be07f43fad8f75
2026-03-01T10:52:29.5516931Z  runc:
2026-03-01T10:52:29.5517218Z   Version:          1.3.4
2026-03-01T10:52:29.5517577Z   GitCommit:        v1.3.4-0-gd6d73eb8
2026-03-01T10:52:29.5517996Z  docker-init:
2026-03-01T10:52:29.5518380Z   Version:          0.19.0
2026-03-01T10:52:29.5518733Z   GitCommit:        de40ad0
2026-03-01T10:52:29.5559328Z [command]/usr/bin/docker info
2026-03-01T10:52:29.6150788Z Client: Docker Engine - Community
2026-03-01T10:52:29.6151319Z  Version:    28.0.4
2026-03-01T10:52:29.6151633Z  Context:    default
2026-03-01T10:52:29.6151854Z  Debug Mode: false
2026-03-01T10:52:29.6152045Z  Plugins:
2026-03-01T10:52:29.6152235Z   buildx: Docker Buildx (Docker Inc.)
2026-03-01T10:52:29.6152497Z     Version:  v0.31.1
2026-03-01T10:52:29.6152770Z     Path:     /usr/libexec/docker/cli-plugins/docker-buildx
2026-03-01T10:52:29.6153139Z   compose: Docker Compose (Docker Inc.)
2026-03-01T10:52:29.6153381Z     Version:  v2.38.2
2026-03-01T10:52:29.6153639Z     Path:     /usr/libexec/docker/cli-plugins/docker-compose
2026-03-01T10:52:29.6153993Z 
2026-03-01T10:52:29.6154120Z Server:
2026-03-01T10:52:29.6154663Z  Containers: 1
2026-03-01T10:52:29.6154971Z   Running: 1
2026-03-01T10:52:29.6155259Z   Paused: 0
2026-03-01T10:52:29.6155533Z   Stopped: 0
2026-03-01T10:52:29.6155783Z  Images: 2
2026-03-01T10:52:29.6156001Z  Server Version: 28.0.4
2026-03-01T10:52:29.6156225Z  Storage Driver: overlay2
2026-03-01T10:52:29.6156450Z   Backing Filesystem: extfs
2026-03-01T10:52:29.6156670Z   Supports d_type: true
2026-03-01T10:52:29.6156874Z   Using metacopy: false
2026-03-01T10:52:29.6157080Z   Native Overlay Diff: false
2026-03-01T10:52:29.6157297Z   userxattr: false
2026-03-01T10:52:29.6157490Z  Logging Driver: json-file
2026-03-01T10:52:29.6157702Z  Cgroup Driver: systemd
2026-03-01T10:52:29.6157913Z  Cgroup Version: 2
2026-03-01T10:52:29.6158116Z  Plugins:
2026-03-01T10:52:29.6158684Z   Volume: local
2026-03-01T10:52:29.6158937Z   Network: bridge host ipvlan macvlan null overlay
2026-03-01T10:52:29.6159337Z   Log: awslogs fluentd gcplogs gelf journald json-file local splunk syslog
2026-03-01T10:52:29.6159692Z  Swarm: inactive
2026-03-01T10:52:29.6159902Z  Runtimes: io.containerd.runc.v2 runc
2026-03-01T10:52:29.6160158Z  Default Runtime: runc
2026-03-01T10:52:29.6160371Z  Init Binary: docker-init
2026-03-01T10:52:29.6160665Z  containerd version: dea7da592f5d1d2b7755e3a161be07f43fad8f75
2026-03-01T10:52:29.6161145Z  runc version: v1.3.4-0-gd6d73eb8
2026-03-01T10:52:29.6161398Z  init version: de40ad0
2026-03-01T10:52:29.6161639Z  Security Options:
2026-03-01T10:52:29.6161823Z   apparmor
2026-03-01T10:52:29.6161999Z   seccomp
2026-03-01T10:52:29.6162179Z    Profile: builtin
2026-03-01T10:52:29.6162372Z   cgroupns
2026-03-01T10:52:29.6162557Z  Kernel Version: 6.14.0-1017-azure
2026-03-01T10:52:29.6163000Z  Operating System: Ubuntu 24.04.3 LTS
2026-03-01T10:52:29.6163237Z  OSType: linux
2026-03-01T10:52:29.6163427Z  Architecture: x86_64
2026-03-01T10:52:29.6163623Z  CPUs: 4
2026-03-01T10:52:29.6163790Z  Total Memory: 15.62GiB
2026-03-01T10:52:29.6163990Z  Name: runnervmnay03
2026-03-01T10:52:29.6164438Z  ID: 2798490f-3934-4089-859a-ba9f3856e68c
2026-03-01T10:52:29.6164883Z  Docker Root Dir: /var/lib/docker
2026-03-01T10:52:29.6165292Z  Debug Mode: false
2026-03-01T10:52:29.6165748Z  Username: ***
2026-03-01T10:52:29.6166090Z  Experimental: false
2026-03-01T10:52:29.6166453Z  Insecure Registries:
2026-03-01T10:52:29.6166887Z   ::1/128
2026-03-01T10:52:29.6167181Z   127.0.0.0/8
2026-03-01T10:52:29.6167508Z  Live Restore Enabled: false
2026-03-01T10:52:29.6167766Z 
2026-03-01T10:52:29.6179300Z ##[endgroup]
2026-03-01T10:52:29.6180166Z ##[group]Proxy configuration
2026-03-01T10:52:29.6185174Z No proxy configuration found
2026-03-01T10:52:29.6186487Z ##[endgroup]
2026-03-01T10:52:29.6993062Z ##[group]Buildx version
2026-03-01T10:52:29.7025676Z [command]/usr/bin/docker buildx version
2026-03-01T10:52:29.7610305Z github.com/docker/buildx v0.31.1 a2675950d46b2cb171b23c2015ca44fb88607531
2026-03-01T10:52:29.7649568Z ##[endgroup]
2026-03-01T10:52:29.7650360Z ##[group]Builder info
2026-03-01T10:52:29.8827187Z {
2026-03-01T10:52:29.8832871Z   "nodes": [
2026-03-01T10:52:29.8833284Z     {
2026-03-01T10:52:29.8833913Z       "name": "builder-db6c5e19-ceb3-4579-9b94-c34cf81d16ff0",
2026-03-01T10:52:29.8834752Z       "endpoint": "unix:///var/run/docker.sock",
2026-03-01T10:52:29.8835275Z       "status": "running",
2026-03-01T10:52:29.8836190Z       "buildkitd-flags": "--allow-insecure-entitlement security.insecure --allow-insecure-entitlement network.host",
2026-03-01T10:52:29.8837150Z       "buildkit": "v0.27.1",
2026-03-01T10:52:29.8837707Z       "platforms": "linux/amd64,linux/amd64/v2,linux/amd64/v3,linux/386",
2026-03-01T10:52:29.8838332Z       "features": {
2026-03-01T10:52:29.8838858Z         "Automatically load images to the Docker Engine image store": true,
2026-03-01T10:52:29.8839553Z         "Cache export": true,
2026-03-01T10:52:29.8839964Z         "Direct push": true,
2026-03-01T10:52:29.8840357Z         "Docker exporter": true,
2026-03-01T10:52:29.8840790Z         "Multi-platform build": true,
2026-03-01T10:52:29.8841237Z         "OCI exporter": true
2026-03-01T10:52:29.8841615Z       },
2026-03-01T10:52:29.8841906Z       "labels": {
2026-03-01T10:52:29.8842351Z         "org.mobyproject.buildkit.worker.executor": "oci",
2026-03-01T10:52:29.8843056Z         "org.mobyproject.buildkit.worker.hostname": "94aa89cd9d0f",
2026-03-01T10:52:29.8843778Z         "org.mobyproject.buildkit.worker.network": "host",
2026-03-01T10:52:29.8846811Z         "org.mobyproject.buildkit.worker.oci.process-mode": "sandbox",
2026-03-01T10:52:29.8847668Z         "org.mobyproject.buildkit.worker.selinux.enabled": "false",
2026-03-01T10:52:29.8848471Z         "org.mobyproject.buildkit.worker.snapshotter": "overlayfs"
2026-03-01T10:52:29.8849075Z       },
2026-03-01T10:52:29.8849365Z       "gcPolicy": [
2026-03-01T10:52:29.8849693Z         {
2026-03-01T10:52:29.8850399Z           "all": false,
2026-03-01T10:52:29.8850778Z           "filter": [
2026-03-01T10:52:29.8851140Z             "type==source.local",
2026-03-01T10:52:29.8851579Z             "type==exec.cachemount",
2026-03-01T10:52:29.8852034Z             "type==source.git.checkout"
2026-03-01T10:52:29.8852463Z           ],
2026-03-01T10:52:29.8852796Z           "keepDuration": "48h0m0s"
2026-03-01T10:52:29.8853195Z         },
2026-03-01T10:52:29.8853489Z         {
2026-03-01T10:52:29.8853798Z           "all": false,
2026-03-01T10:52:29.8854175Z           "keepDuration": "1440h0m0s"
2026-03-01T10:52:29.8854813Z         },
2026-03-01T10:52:29.8855096Z         {
2026-03-01T10:52:29.8855381Z           "all": false
2026-03-01T10:52:29.8855716Z         },
2026-03-01T10:52:29.8856004Z         {
2026-03-01T10:52:29.8856291Z           "all": true
2026-03-01T10:52:29.8856635Z         }
2026-03-01T10:52:29.8857223Z       ]
2026-03-01T10:52:29.8857510Z     }
2026-03-01T10:52:29.8857781Z   ],
2026-03-01T10:52:29.8858210Z   "name": "builder-db6c5e19-ceb3-4579-9b94-c34cf81d16ff",
2026-03-01T10:52:29.8858790Z   "driver": "docker-container",
2026-03-01T10:52:29.8859236Z   "lastActivity": "2026-03-01T10:52:25.000Z"
2026-03-01T10:52:29.8859681Z }
2026-03-01T10:52:29.8860380Z ##[endgroup]
2026-03-01T10:52:30.0890704Z [command]/usr/bin/docker buildx build --cache-from type=gha --cache-to type=gha,mode=max --iidfile /home/runner/work/_temp/docker-actions-toolkit-BNSqoH/build-iidfile-d927ae483d.txt --attest type=provenance,mode=max,builder-id=https://github.com/***/hpoll/actions/runs/22541844865/attempts/1 --tag ***/hpoll:e9c56e9 --tag ***/hpoll:latest-any --tag ***/hpoll:latest --metadata-file /home/runner/work/_temp/docker-actions-toolkit-BNSqoH/build-metadata-297f23fbe9.json --push .
2026-03-01T10:52:30.3785539Z #0 building with "builder-db6c5e19-ceb3-4579-9b94-c34cf81d16ff" instance using docker-container driver
2026-03-01T10:52:30.3786238Z 
2026-03-01T10:52:30.3786417Z #1 [internal] load build definition from Dockerfile
2026-03-01T10:52:30.3786833Z #1 transferring dockerfile: 1.40kB done
2026-03-01T10:52:30.3787153Z #1 DONE 0.0s
2026-03-01T10:52:30.3787291Z 
2026-03-01T10:52:30.3787516Z #2 [internal] load metadata for mcr.microsoft.com/dotnet/runtime:8.0
2026-03-01T10:52:30.3942798Z #2 ...
2026-03-01T10:52:30.3943002Z 
2026-03-01T10:52:30.3943668Z #3 [internal] load metadata for mcr.microsoft.com/dotnet/sdk:8.0
2026-03-01T10:52:30.3944340Z #3 DONE 0.2s
2026-03-01T10:52:30.4957200Z 
2026-03-01T10:52:30.4957783Z #2 [internal] load metadata for mcr.microsoft.com/dotnet/runtime:8.0
2026-03-01T10:52:30.4958328Z #2 DONE 0.3s
2026-03-01T10:52:30.6596888Z 
2026-03-01T10:52:30.6597285Z #4 [internal] load .dockerignore
2026-03-01T10:52:30.6598445Z #4 transferring context: 192B done
2026-03-01T10:52:30.6598891Z #4 DONE 0.0s
2026-03-01T10:52:30.6599083Z 
2026-03-01T10:52:30.6599267Z #5 [internal] load build context
2026-03-01T10:52:30.6599693Z #5 DONE 0.0s
2026-03-01T10:52:30.6599880Z 
2026-03-01T10:52:30.6600893Z #6 [runtime 1/4] FROM mcr.microsoft.com/dotnet/runtime:8.0@sha256:d304745fcb833f4dd78a0be39812f594722c598303cf0ed3feefd1cbb5d8cc48
2026-03-01T10:52:30.6602578Z #6 resolve mcr.microsoft.com/dotnet/runtime:8.0@sha256:d304745fcb833f4dd78a0be39812f594722c598303cf0ed3feefd1cbb5d8cc48 done
2026-03-01T10:52:30.6603597Z #6 DONE 0.0s
2026-03-01T10:52:30.6603761Z 
2026-03-01T10:52:30.6604585Z #7 [build  1/14] FROM mcr.microsoft.com/dotnet/sdk:8.0@sha256:bfb6ed602caa605141700aea7dc7d42574b74b704368e67d683c71a002123808
2026-03-01T10:52:30.6606099Z #7 resolve mcr.microsoft.com/dotnet/sdk:8.0@sha256:bfb6ed602caa605141700aea7dc7d42574b74b704368e67d683c71a002123808 done
2026-03-01T10:52:30.6607104Z #7 DONE 0.0s
2026-03-01T10:52:30.6607251Z 
2026-03-01T10:52:30.6607512Z #8 importing cache manifest from gha:3625696080580634503
2026-03-01T10:52:30.6607875Z #8 DONE 0.2s
2026-03-01T10:52:30.8596400Z 
2026-03-01T10:52:30.8598787Z #5 [internal] load build context
2026-03-01T10:52:30.8599279Z #5 transferring context: 476.30kB 0.0s done
2026-03-01T10:52:30.8600034Z #5 DONE 0.0s
2026-03-01T10:52:30.8600244Z 
2026-03-01T10:52:30.8600566Z #9 [build  5/14] COPY src/Hpoll.Data/Hpoll.Data.csproj src/Hpoll.Data/
2026-03-01T10:52:30.8601417Z #9 CACHED
2026-03-01T10:52:30.8601694Z 
2026-03-01T10:52:30.8602255Z #10 [build  7/14] COPY src/Hpoll.Worker/Hpoll.Worker.csproj src/Hpoll.Worker/
2026-03-01T10:52:30.8603278Z #10 CACHED
2026-03-01T10:52:30.8603539Z 
2026-03-01T10:52:30.8603785Z #11 [build  2/14] WORKDIR /src
2026-03-01T10:52:30.8604531Z #11 CACHED
2026-03-01T10:52:30.8604807Z 
2026-03-01T10:52:30.8605322Z #12 [build  8/14] COPY src/Hpoll.Admin/Hpoll.Admin.csproj src/Hpoll.Admin/
2026-03-01T10:52:30.8606317Z #12 CACHED
2026-03-01T10:52:30.8606634Z 
2026-03-01T10:52:30.8607299Z #13 [build  9/14] COPY tests/Hpoll.Core.Tests/Hpoll.Core.Tests.csproj tests/Hpoll.Core.Tests/
2026-03-01T10:52:30.8607998Z #13 CACHED
2026-03-01T10:52:30.8608458Z 
2026-03-01T10:52:30.8608764Z #14 [build 11/14] COPY tests/Hpoll.Admin.Tests/Hpoll.Admin.Tests.csproj tests/Hpoll.Admin.Tests/
2026-03-01T10:52:30.8609202Z #14 CACHED
2026-03-01T10:52:30.8609299Z 
2026-03-01T10:52:30.8609389Z #15 [build  3/14] COPY Hpoll.sln ./
2026-03-01T10:52:30.8609642Z #15 CACHED
2026-03-01T10:52:30.8609738Z 
2026-03-01T10:52:30.8610031Z #16 [build 10/14] COPY tests/Hpoll.Worker.Tests/Hpoll.Worker.Tests.csproj tests/Hpoll.Worker.Tests/
2026-03-01T10:52:30.8610484Z #16 CACHED
2026-03-01T10:52:30.8610588Z 
2026-03-01T10:52:30.8610919Z #17 [build  6/14] COPY src/Hpoll.Email/Hpoll.Email.csproj src/Hpoll.Email/
2026-03-01T10:52:30.8611557Z #17 CACHED
2026-03-01T10:52:30.8611664Z 
2026-03-01T10:52:30.8611898Z #18 [build  4/14] COPY src/Hpoll.Core/Hpoll.Core.csproj src/Hpoll.Core/
2026-03-01T10:52:30.8612477Z #18 CACHED
2026-03-01T10:52:30.8612647Z 
2026-03-01T10:52:30.8612791Z #19 [build 12/14] RUN dotnet restore
2026-03-01T10:52:30.8895195Z #19 CACHED
2026-03-01T10:52:30.9921134Z 
2026-03-01T10:52:30.9921991Z #19 [build 12/14] RUN dotnet restore
2026-03-01T10:52:30.9923232Z #19 sha256:58505a14f4783daab3a14d1d100ba9c7b9569706b6b84fcadc3911eeec80aeb3 640B / 640B 0.1s done
2026-03-01T10:52:30.9924566Z #19 sha256:53b57a86df7b5cb3c499d2cc8040a53f9f5f8e4503a0d51f63d0bf7ad974ca2d 636B / 636B 0.1s done
2026-03-01T10:52:31.0948441Z #19 sha256:d6cd7593170e8df54eda9b6b2e983f17d1b2f19eb36b1d416cf24007c39363d5 432B / 432B 0.0s done
2026-03-01T10:52:31.0949574Z #19 sha256:661871e247a780d2fac9ee84668cc730ff50e62f24d541738c6c4092fc0bc68e 612B / 612B 0.1s done
2026-03-01T10:52:31.0950623Z #19 sha256:286a5ecb2900ab7345c40400ae544fc53627b5b665b07946231f4b8bf89c72f1 1.05MB / 322.94MB 0.2s
2026-03-01T10:52:31.0951745Z #19 sha256:ae9845391a7b7e1e73b41182789c5546f58935cf4fa0fd7660d8bea060bf3115 594B / 594B 0.1s done
2026-03-01T10:52:31.0952683Z #19 sha256:0ff09e8ac5c8ef1065312e6465abab644c66223c1534c7eeeceb4828e028056f 400B / 400B 0.1s done
2026-03-01T10:52:31.2163945Z #19 sha256:0b05218a473144e6378b65e85ca25e7304575bcfc4b4fbd65eabf8e6a3f02c04 481B / 481B 0.1s done
2026-03-01T10:52:31.2166183Z #19 sha256:371913f3b27c5732c4bd964c1e7157b77e3d7b88fc66500bf68615454713bc93 92B / 92B 0.0s done
2026-03-01T10:52:31.2167362Z #19 sha256:41590cf6ca307ac823b295263a6168e5b268c7ed4cf2a488a1afbe7ba575c66d 390B / 390B 0.1s done
2026-03-01T10:52:31.2168591Z #19 sha256:ffaade7316815c08ffa02c35dd54cac16554dd707b681cb5414615ae2b89cbe4 2.66kB / 2.66kB 0.0s done
2026-03-01T10:52:31.2169554Z #19 sha256:7253e7304328f7c629d36a0e592e67a931d65c9cb8aee8f335a2567420e7b548 1.08kB / 1.08kB 0.1s done
2026-03-01T10:52:31.3431934Z #19 sha256:1ce3163978bfc6eebe1a4096128a10c15e3d549bfe4dbafecae7eaff5d880684 0B / 16.95MB 0.2s
2026-03-01T10:52:31.4949550Z #19 sha256:286a5ecb2900ab7345c40400ae544fc53627b5b665b07946231f4b8bf89c72f1 19.92MB / 322.94MB 0.6s
2026-03-01T10:52:31.4950933Z #19 sha256:1ce3163978bfc6eebe1a4096128a10c15e3d549bfe4dbafecae7eaff5d880684 3.15MB / 16.95MB 0.3s
2026-03-01T10:52:31.4951764Z #19 sha256:9eda903160eb5e12fea5b62a67b1bb5352c4c8b202fc57b903734be5a40b37e5 8.39MB / 178.33MB 0.3s
2026-03-01T10:52:31.4952903Z #19 sha256:45ab1d744fc2985dca4080064c8b46c5b8941b3283a00471a17589dfc7afbed7 0B / 30.89MB 0.2s
2026-03-01T10:52:31.6427079Z #19 sha256:1ce3163978bfc6eebe1a4096128a10c15e3d549bfe4dbafecae7eaff5d880684 10.49MB / 16.95MB 0.5s
2026-03-01T10:52:31.6428199Z #19 sha256:45ab1d744fc2985dca4080064c8b46c5b8941b3283a00471a17589dfc7afbed7 4.19MB / 30.89MB 0.3s
2026-03-01T10:52:31.7936816Z #19 sha256:1ce3163978bfc6eebe1a4096128a10c15e3d549bfe4dbafecae7eaff5d880684 16.95MB / 16.95MB 0.5s done
2026-03-01T10:52:31.7938285Z #19 sha256:9eda903160eb5e12fea5b62a67b1bb5352c4c8b202fc57b903734be5a40b37e5 33.55MB / 178.33MB 0.6s
2026-03-01T10:52:31.7939325Z #19 sha256:45ab1d744fc2985dca4080064c8b46c5b8941b3283a00471a17589dfc7afbed7 10.49MB / 30.89MB 0.5s
2026-03-01T10:52:31.9447008Z #19 sha256:9eda903160eb5e12fea5b62a67b1bb5352c4c8b202fc57b903734be5a40b37e5 49.28MB / 178.33MB 0.8s
2026-03-01T10:52:31.9448187Z #19 sha256:45ab1d744fc2985dca4080064c8b46c5b8941b3283a00471a17589dfc7afbed7 18.87MB / 30.89MB 0.6s
2026-03-01T10:52:31.9449356Z #19 sha256:19f55511eb974d5ee74ad8626035b17e0a3611f057acbf4d6c9c613eb504f4fe 11.09MB / 11.09MB 0.2s done
2026-03-01T10:52:32.0965227Z #19 sha256:286a5ecb2900ab7345c40400ae544fc53627b5b665b07946231f4b8bf89c72f1 37.75MB / 322.94MB 1.2s
2026-03-01T10:52:32.0966776Z #19 sha256:9eda903160eb5e12fea5b62a67b1bb5352c4c8b202fc57b903734be5a40b37e5 61.87MB / 178.33MB 0.9s
2026-03-01T10:52:32.0968127Z #19 sha256:45ab1d744fc2985dca4080064c8b46c5b8941b3283a00471a17589dfc7afbed7 30.89MB / 30.89MB 0.7s done
2026-03-01T10:52:32.0969444Z #19 sha256:43a7330b8fe1a06cd7b7d2668fa5daf63b5867377b2abebd3d46ac0b27224d72 154B / 154B 0.1s done
2026-03-01T10:52:32.0970685Z #19 sha256:f44ac69775562043a6e719dca01c62092c6d241d2a45bea7babbf93622d707f6 3.28kB / 3.28kB 0.0s done
2026-03-01T10:52:32.2432939Z #19 sha256:b7bc0c57d439a6849239c7c833f51f7c00415322241dd47c619017035bf99b46 8.39MB / 32.25MB 0.2s
2026-03-01T10:52:32.2434749Z #19 sha256:5582c10cde677db7178e9112555100eeb65c2af51e3c59619e63098a6648f000 0B / 18.74MB 0.2s
2026-03-01T10:52:32.3937943Z #19 sha256:9eda903160eb5e12fea5b62a67b1bb5352c4c8b202fc57b903734be5a40b37e5 74.45MB / 178.33MB 1.1s
2026-03-01T10:52:32.3938970Z #19 sha256:b7bc0c57d439a6849239c7c833f51f7c00415322241dd47c619017035bf99b46 20.97MB / 32.25MB 0.3s
2026-03-01T10:52:32.3940137Z #19 sha256:5582c10cde677db7178e9112555100eeb65c2af51e3c59619e63098a6648f000 2.10MB / 18.74MB 0.3s
2026-03-01T10:52:32.5427483Z #19 sha256:286a5ecb2900ab7345c40400ae544fc53627b5b665b07946231f4b8bf89c72f1 55.57MB / 322.94MB 1.7s
2026-03-01T10:52:32.5428664Z #19 sha256:9eda903160eb5e12fea5b62a67b1bb5352c4c8b202fc57b903734be5a40b37e5 88.08MB / 178.33MB 1.2s
2026-03-01T10:52:32.5430357Z #19 sha256:b7bc0c57d439a6849239c7c833f51f7c00415322241dd47c619017035bf99b46 32.25MB / 32.25MB 0.4s done
2026-03-01T10:52:32.5431679Z #19 sha256:5582c10cde677db7178e9112555100eeb65c2af51e3c59619e63098a6648f000 10.49MB / 18.74MB 0.5s
2026-03-01T10:52:32.6936333Z #19 sha256:9eda903160eb5e12fea5b62a67b1bb5352c4c8b202fc57b903734be5a40b37e5 100.66MB / 178.33MB 1.4s
2026-03-01T10:52:32.6937965Z #19 sha256:5582c10cde677db7178e9112555100eeb65c2af51e3c59619e63098a6648f000 18.74MB / 18.74MB 0.6s done
2026-03-01T10:52:32.6939037Z #19 sha256:84a2afebaf4de2e8eb885634a69abd0087b79c947c53fa4f0481235d6dfadc6c 0B / 28.24MB 0.2s
2026-03-01T10:52:32.9943618Z #19 sha256:9eda903160eb5e12fea5b62a67b1bb5352c4c8b202fc57b903734be5a40b37e5 132.12MB / 178.33MB 1.8s
2026-03-01T10:52:32.9944841Z #19 sha256:84a2afebaf4de2e8eb885634a69abd0087b79c947c53fa4f0481235d6dfadc6c 4.19MB / 28.24MB 0.5s
2026-03-01T10:52:33.1437632Z #19 sha256:286a5ecb2900ab7345c40400ae544fc53627b5b665b07946231f4b8bf89c72f1 75.50MB / 322.94MB 2.3s
2026-03-01T10:52:33.1438677Z #19 sha256:9eda903160eb5e12fea5b62a67b1bb5352c4c8b202fc57b903734be5a40b37e5 144.70MB / 178.33MB 2.0s
2026-03-01T10:52:33.1439649Z #19 sha256:84a2afebaf4de2e8eb885634a69abd0087b79c947c53fa4f0481235d6dfadc6c 10.49MB / 28.24MB 0.6s
2026-03-01T10:52:33.2654996Z #19 sha256:84a2afebaf4de2e8eb885634a69abd0087b79c947c53fa4f0481235d6dfadc6c 28.24MB / 28.24MB 0.9s done
2026-03-01T10:52:33.4433093Z #19 sha256:9eda903160eb5e12fea5b62a67b1bb5352c4c8b202fc57b903734be5a40b37e5 159.38MB / 178.33MB 2.1s
2026-03-01T10:52:33.4434572Z #19 extracting sha256:84a2afebaf4de2e8eb885634a69abd0087b79c947c53fa4f0481235d6dfadc6c
2026-03-01T10:52:33.5928260Z #19 sha256:286a5ecb2900ab7345c40400ae544fc53627b5b665b07946231f4b8bf89c72f1 92.27MB / 322.94MB 2.7s
2026-03-01T10:52:33.5933187Z #19 sha256:9eda903160eb5e12fea5b62a67b1bb5352c4c8b202fc57b903734be5a40b37e5 168.46MB / 178.33MB 2.3s
2026-03-01T10:52:33.7430592Z #19 sha256:9eda903160eb5e12fea5b62a67b1bb5352c4c8b202fc57b903734be5a40b37e5 178.33MB / 178.33MB 2.5s done
2026-03-01T10:52:34.0429563Z #19 sha256:286a5ecb2900ab7345c40400ae544fc53627b5b665b07946231f4b8bf89c72f1 111.15MB / 322.94MB 3.2s
2026-03-01T10:52:34.1932823Z #19 extracting sha256:84a2afebaf4de2e8eb885634a69abd0087b79c947c53fa4f0481235d6dfadc6c 0.8s done
2026-03-01T10:52:34.1934008Z #19 extracting sha256:5582c10cde677db7178e9112555100eeb65c2af51e3c59619e63098a6648f000
2026-03-01T10:52:34.3367801Z #19 extracting sha256:5582c10cde677db7178e9112555100eeb65c2af51e3c59619e63098a6648f000 0.3s done
2026-03-01T10:52:34.4930841Z #19 sha256:286a5ecb2900ab7345c40400ae544fc53627b5b665b07946231f4b8bf89c72f1 131.07MB / 322.94MB 3.6s
2026-03-01T10:52:34.4933278Z #19 extracting sha256:f44ac69775562043a6e719dca01c62092c6d241d2a45bea7babbf93622d707f6 done
2026-03-01T10:52:34.4934842Z #19 extracting sha256:b7bc0c57d439a6849239c7c833f51f7c00415322241dd47c619017035bf99b46
2026-03-01T10:52:34.7931172Z #19 extracting sha256:b7bc0c57d439a6849239c7c833f51f7c00415322241dd47c619017035bf99b46 0.4s done
2026-03-01T10:52:34.7932418Z #19 extracting sha256:43a7330b8fe1a06cd7b7d2668fa5daf63b5867377b2abebd3d46ac0b27224d72 done
2026-03-01T10:52:34.7934683Z #19 extracting sha256:19f55511eb974d5ee74ad8626035b17e0a3611f057acbf4d6c9c613eb504f4fe
2026-03-01T10:52:34.9430415Z #19 sha256:286a5ecb2900ab7345c40400ae544fc53627b5b665b07946231f4b8bf89c72f1 147.85MB / 322.94MB 4.1s
2026-03-01T10:52:34.9431718Z #19 extracting sha256:19f55511eb974d5ee74ad8626035b17e0a3611f057acbf4d6c9c613eb504f4fe 0.1s done
2026-03-01T10:52:34.9432799Z #19 extracting sha256:45ab1d744fc2985dca4080064c8b46c5b8941b3283a00471a17589dfc7afbed7
2026-03-01T10:52:35.3932065Z #19 sha256:286a5ecb2900ab7345c40400ae544fc53627b5b665b07946231f4b8bf89c72f1 167.77MB / 322.94MB 4.5s
2026-03-01T10:52:35.6928544Z #19 extracting sha256:45ab1d744fc2985dca4080064c8b46c5b8941b3283a00471a17589dfc7afbed7 0.7s done
2026-03-01T10:52:35.6930069Z #19 extracting sha256:9eda903160eb5e12fea5b62a67b1bb5352c4c8b202fc57b903734be5a40b37e5
2026-03-01T10:52:35.8428685Z #19 sha256:286a5ecb2900ab7345c40400ae544fc53627b5b665b07946231f4b8bf89c72f1 185.60MB / 322.94MB 5.0s
2026-03-01T10:52:36.2929748Z #19 sha256:286a5ecb2900ab7345c40400ae544fc53627b5b665b07946231f4b8bf89c72f1 202.38MB / 322.94MB 5.4s
2026-03-01T10:52:36.7429450Z #19 sha256:286a5ecb2900ab7345c40400ae544fc53627b5b665b07946231f4b8bf89c72f1 220.20MB / 322.94MB 5.9s
2026-03-01T10:52:37.1937290Z #19 sha256:286a5ecb2900ab7345c40400ae544fc53627b5b665b07946231f4b8bf89c72f1 239.08MB / 322.94MB 6.3s
2026-03-01T10:52:37.6427477Z #19 sha256:286a5ecb2900ab7345c40400ae544fc53627b5b665b07946231f4b8bf89c72f1 259.00MB / 322.94MB 6.8s
2026-03-01T10:52:38.2434141Z #19 sha256:286a5ecb2900ab7345c40400ae544fc53627b5b665b07946231f4b8bf89c72f1 281.02MB / 322.94MB 7.4s
2026-03-01T10:52:38.3925499Z #19 extracting sha256:9eda903160eb5e12fea5b62a67b1bb5352c4c8b202fc57b903734be5a40b37e5 2.7s done
2026-03-01T10:52:38.3927661Z #19 extracting sha256:ffaade7316815c08ffa02c35dd54cac16554dd707b681cb5414615ae2b89cbe4 done
2026-03-01T10:52:38.3928755Z #19 extracting sha256:1ce3163978bfc6eebe1a4096128a10c15e3d549bfe4dbafecae7eaff5d880684
2026-03-01T10:52:38.6930409Z #19 sha256:286a5ecb2900ab7345c40400ae544fc53627b5b665b07946231f4b8bf89c72f1 297.80MB / 322.94MB 7.8s
2026-03-01T10:52:38.6934528Z #19 extracting sha256:1ce3163978bfc6eebe1a4096128a10c15e3d549bfe4dbafecae7eaff5d880684 0.3s done
2026-03-01T10:52:38.6935696Z #19 extracting sha256:371913f3b27c5732c4bd964c1e7157b77e3d7b88fc66500bf68615454713bc93 done
2026-03-01T10:52:38.6936842Z #19 extracting sha256:7253e7304328f7c629d36a0e592e67a931d65c9cb8aee8f335a2567420e7b548 done
2026-03-01T10:52:38.6937653Z #19 extracting sha256:41590cf6ca307ac823b295263a6168e5b268c7ed4cf2a488a1afbe7ba575c66d done
2026-03-01T10:52:38.6938525Z #19 extracting sha256:0b05218a473144e6378b65e85ca25e7304575bcfc4b4fbd65eabf8e6a3f02c04 done
2026-03-01T10:52:38.6939279Z #19 extracting sha256:0ff09e8ac5c8ef1065312e6465abab644c66223c1534c7eeeceb4828e028056f done
2026-03-01T10:52:38.6940025Z #19 extracting sha256:ae9845391a7b7e1e73b41182789c5546f58935cf4fa0fd7660d8bea060bf3115 done
2026-03-01T10:52:38.6940755Z #19 extracting sha256:d6cd7593170e8df54eda9b6b2e983f17d1b2f19eb36b1d416cf24007c39363d5 done
2026-03-01T10:52:38.6941493Z #19 extracting sha256:661871e247a780d2fac9ee84668cc730ff50e62f24d541738c6c4092fc0bc68e done
2026-03-01T10:52:38.6942152Z #19 extracting sha256:58505a14f4783daab3a14d1d100ba9c7b9569706b6b84fcadc3911eeec80aeb3 done
2026-03-01T10:52:38.6943191Z #19 extracting sha256:53b57a86df7b5cb3c499d2cc8040a53f9f5f8e4503a0d51f63d0bf7ad974ca2d done
2026-03-01T10:52:39.2935988Z #19 sha256:286a5ecb2900ab7345c40400ae544fc53627b5b665b07946231f4b8bf89c72f1 318.77MB / 322.94MB 8.4s
2026-03-01T10:52:39.9281071Z #19 sha256:286a5ecb2900ab7345c40400ae544fc53627b5b665b07946231f4b8bf89c72f1 322.94MB / 322.94MB 8.9s done
2026-03-01T10:52:39.9282245Z #19 extracting sha256:286a5ecb2900ab7345c40400ae544fc53627b5b665b07946231f4b8bf89c72f1
2026-03-01T10:52:42.7689355Z #19 extracting sha256:286a5ecb2900ab7345c40400ae544fc53627b5b665b07946231f4b8bf89c72f1 3.0s done
2026-03-01T10:52:42.7690214Z #19 DONE 12.1s
2026-03-01T10:52:42.9194838Z 
2026-03-01T10:52:42.9195109Z #20 [build 13/14] COPY . .
2026-03-01T10:52:45.6251344Z #20 DONE 2.9s
2026-03-01T10:52:45.7766183Z 
2026-03-01T10:52:45.7767007Z #21 [build 14/14] RUN dotnet publish src/Hpoll.Worker/Hpoll.Worker.csproj -c Release -o /app/publish --no-restore
2026-03-01T10:52:49.1833410Z #21 3.557   Hpoll.Core -> /src/src/Hpoll.Core/bin/Release/net8.0/Hpoll.Core.dll
2026-03-01T10:52:50.3468555Z #21 4.720   Hpoll.Data -> /src/src/Hpoll.Data/bin/Release/net8.0/Hpoll.Data.dll
2026-03-01T10:52:51.4321257Z #21 5.805   Hpoll.Email -> /src/src/Hpoll.Email/bin/Release/net8.0/Hpoll.Email.dll
2026-03-01T10:52:52.7953476Z #21 7.169   Hpoll.Worker -> /src/src/Hpoll.Worker/bin/Release/net8.0/Hpoll.Worker.dll
2026-03-01T10:52:53.1780902Z #21 7.552   Hpoll.Worker -> /app/publish/
2026-03-01T10:52:53.3090545Z #21 DONE 7.6s
2026-03-01T10:52:53.3091074Z 
2026-03-01T10:52:53.3091258Z #22 [runtime 2/4] WORKDIR /app
2026-03-01T10:52:53.3091673Z #22 CACHED
2026-03-01T10:52:53.3091839Z 
2026-03-01T10:52:53.3092505Z #23 [runtime 3/4] RUN adduser --disabled-password --gecos "" appuser     && mkdir -p /app/data     && chown -R appuser:appuser /app
2026-03-01T10:52:53.4492827Z #23 sha256:d230724188601b8f1f345e64b5b93d49bfee4898c7e4bdf5ec76317b0c37cc8d 3.42kB / 3.42kB 0.0s done
2026-03-01T10:52:53.4494818Z #23 sha256:ed46139303e33826cdca7115a6d97050bdec4dfbdfb9b9fae1d65b6401b7e1a1 93B / 93B 0.1s done
2026-03-01T10:52:53.4495769Z #23 DONE 0.1s
2026-03-01T10:52:53.6746688Z 
2026-03-01T10:52:53.6747544Z #23 [runtime 3/4] RUN adduser --disabled-password --gecos "" appuser     && mkdir -p /app/data     && chown -R appuser:appuser /app
2026-03-01T10:52:53.6748845Z #23 extracting sha256:ed46139303e33826cdca7115a6d97050bdec4dfbdfb9b9fae1d65b6401b7e1a1 done
2026-03-01T10:52:53.6749900Z #23 extracting sha256:d230724188601b8f1f345e64b5b93d49bfee4898c7e4bdf5ec76317b0c37cc8d done
2026-03-01T10:52:53.6750639Z #23 DONE 0.2s
2026-03-01T10:52:53.6750820Z 
2026-03-01T10:52:53.6751167Z #24 [runtime 4/4] COPY --from=build --chown=appuser:appuser /app/publish .
2026-03-01T10:52:53.6751768Z #24 DONE 0.1s
2026-03-01T10:52:53.6751940Z 
2026-03-01T10:52:53.6752071Z #25 exporting to image
2026-03-01T10:52:53.6752414Z #25 exporting layers
2026-03-01T10:52:54.7835758Z #25 exporting layers 1.3s done
2026-03-01T10:52:55.0275932Z #25 ...
2026-03-01T10:52:55.0276174Z 
2026-03-01T10:52:55.0276988Z #26 [auth] ***/hpoll:pull,push token for registry-1.docker.io
2026-03-01T10:52:55.0277434Z #26 DONE 0.0s
2026-03-01T10:52:55.0277558Z 
2026-03-01T10:52:55.0277653Z #25 exporting to image
2026-03-01T10:52:55.0278118Z #25 exporting manifest sha256:ec271ab14b7a4cc952c4993e24897b8022dacc7d7a37e7cfb1828475f4798021 done
2026-03-01T10:52:55.0278879Z #25 exporting config sha256:039efc7ea7f789f78c6667075efdde49c39a146df06826c68dda41a5673c43c5 done
2026-03-01T10:52:55.0279661Z #25 exporting attestation manifest sha256:927df1cd7ce1a60e416581f3c6919a9d0b26e3470d6b9f2e7c3ea9d4404d7de5 done
2026-03-01T10:52:55.0280467Z #25 exporting manifest list sha256:83ecd4190ab7866d56ccb9a4e5b769c8c1ba5a28dcdb0990c7b6f485385a10e8 done
2026-03-01T10:52:55.0280994Z #25 pushing layers
2026-03-01T10:52:56.3235462Z #25 pushing layers 1.5s done
2026-03-01T10:52:58.4698599Z #25 pushing manifest for docker.io/***/hpoll:e9c56e9@sha256:83ecd4190ab7866d56ccb9a4e5b769c8c1ba5a28dcdb0990c7b6f485385a10e8
2026-03-01T10:52:58.4700404Z #25 pushing manifest for docker.io/***/hpoll:e9c56e9@sha256:83ecd4190ab7866d56ccb9a4e5b769c8c1ba5a28dcdb0990c7b6f485385a10e8 2.1s done
2026-03-01T10:52:58.7065379Z #25 pushing layers 0.1s done
2026-03-01T10:52:58.7066371Z #25 pushing manifest for docker.io/***/hpoll:latest-any@sha256:83ecd4190ab7866d56ccb9a4e5b769c8c1ba5a28dcdb0990c7b6f485385a10e8
2026-03-01T10:53:00.2824036Z #25 pushing manifest for docker.io/***/hpoll:latest-any@sha256:83ecd4190ab7866d56ccb9a4e5b769c8c1ba5a28dcdb0990c7b6f485385a10e8 1.7s done
2026-03-01T10:53:00.5156961Z #25 pushing layers 0.1s done
2026-03-01T10:53:00.5157805Z #25 pushing manifest for docker.io/***/hpoll:latest@sha256:83ecd4190ab7866d56ccb9a4e5b769c8c1ba5a28dcdb0990c7b6f485385a10e8
2026-03-01T10:53:02.0833707Z #25 pushing manifest for docker.io/***/hpoll:latest@sha256:83ecd4190ab7866d56ccb9a4e5b769c8c1ba5a28dcdb0990c7b6f485385a10e8 1.7s done
2026-03-01T10:53:02.0834748Z #25 DONE 8.6s
2026-03-01T10:53:02.0834872Z 
2026-03-01T10:53:02.0835004Z #27 exporting to GitHub Actions Cache
2026-03-01T10:53:02.0835470Z #27 preparing build cache for export
2026-03-01T10:53:05.6524529Z #27 writing layer sha256:3466fc61ee7a78ffca772f8039ecdb3f32acb4d134eccfe03462bc8688b04185
2026-03-01T10:53:08.0995744Z #27 writing layer sha256:3466fc61ee7a78ffca772f8039ecdb3f32acb4d134eccfe03462bc8688b04185 2.4s done
2026-03-01T10:53:08.4551025Z #27 writing layer sha256:c9f439a94bb0f9cd15f24e9222a5482c5b9492506276e44568c966d263435060
2026-03-01T10:53:08.6470957Z #27 writing layer sha256:c9f439a94bb0f9cd15f24e9222a5482c5b9492506276e44568c966d263435060 0.2s done
2026-03-01T10:53:08.8941850Z #27 writing layer sha256:f18a99d4756d7fac8fb9b6292990c2ae30ac3191f06eb8676a7d65886293e0f7
2026-03-01T10:53:10.2008864Z #27 writing layer sha256:f18a99d4756d7fac8fb9b6292990c2ae30ac3191f06eb8676a7d65886293e0f7 1.5s done
2026-03-01T10:53:10.4566491Z #27 preparing build cache for export 8.4s done
2026-03-01T10:53:10.4568340Z #27 DONE 8.4s
2026-03-01T10:53:10.4856342Z 
2026-03-01T10:53:10.4856731Z #28 resolving provenance for metadata file
2026-03-01T10:53:10.4857249Z #28 DONE 0.0s
2026-03-01T10:53:10.4945301Z ##[group]ImageID
2026-03-01T10:53:10.4945697Z sha256:83ecd4190ab7866d56ccb9a4e5b769c8c1ba5a28dcdb0990c7b6f485385a10e8
2026-03-01T10:53:10.4946800Z ##[endgroup]
2026-03-01T10:53:10.4947316Z ##[group]Digest
2026-03-01T10:53:10.4947631Z sha256:83ecd4190ab7866d56ccb9a4e5b769c8c1ba5a28dcdb0990c7b6f485385a10e8
2026-03-01T10:53:10.4948567Z ##[endgroup]
2026-03-01T10:53:10.4949149Z ##[group]Metadata
2026-03-01T10:53:10.4950267Z {
2026-03-01T10:53:10.4950594Z   "buildx.build.provenance": {
2026-03-01T10:53:10.4951020Z     "builder": {
2026-03-01T10:53:10.4951650Z       "id": "https://github.com/***/hpoll/actions/runs/22541844865/attempts/1"
2026-03-01T10:53:10.4952262Z     },
2026-03-01T10:53:10.4952683Z     "buildType": "https://mobyproject.org/buildkit@v1",
2026-03-01T10:53:10.4953405Z     "materials": [
2026-03-01T10:53:10.4953732Z       {
2026-03-01T10:53:10.4960601Z         "uri": "pkg:docker/mcr.microsoft.com/dotnet/runtime@8.0?platform=linux%2Famd64",
2026-03-01T10:53:10.4961648Z         "digest": {
2026-03-01T10:53:10.4962210Z           "sha256": "d304745fcb833f4dd78a0be39812f594722c598303cf0ed3feefd1cbb5d8cc48"
2026-03-01T10:53:10.4962860Z         }
2026-03-01T10:53:10.4963225Z       },
2026-03-01T10:53:10.4963496Z       {
2026-03-01T10:53:10.4964015Z         "uri": "pkg:docker/mcr.microsoft.com/dotnet/sdk@8.0?platform=linux%2Famd64",
2026-03-01T10:53:10.4965123Z         "digest": {
2026-03-01T10:53:10.4968138Z           "sha256": "bfb6ed602caa605141700aea7dc7d42574b74b704368e67d683c71a002123808"
2026-03-01T10:53:10.4968786Z         }
2026-03-01T10:53:10.4969047Z       }
2026-03-01T10:53:10.4969282Z     ],
2026-03-01T10:53:10.4969540Z     "invocation": {
2026-03-01T10:53:10.4969842Z       "configSource": {
2026-03-01T10:53:10.4970299Z         "entryPoint": "Dockerfile"
2026-03-01T10:53:10.4970684Z       },
2026-03-01T10:53:10.4970943Z       "parameters": {
2026-03-01T10:53:10.4971635Z         "frontend": "dockerfile.v0",
2026-03-01T10:53:10.4972071Z         "locals": [
2026-03-01T10:53:10.4972435Z           {
2026-03-01T10:53:10.4972754Z             "name": "context"
2026-03-01T10:53:10.4973126Z           },
2026-03-01T10:53:10.4973427Z           {
2026-03-01T10:53:10.4973731Z             "name": "dockerfile"
2026-03-01T10:53:10.4974110Z           }
2026-03-01T10:53:10.4974572Z         ]
2026-03-01T10:53:10.4974823Z       },
2026-03-01T10:53:10.4975140Z       "environment": {
2026-03-01T10:53:10.4975601Z         "github_actor": "***",
2026-03-01T10:53:10.4976023Z         "github_actor_id": "169779439",
2026-03-01T10:53:10.4976499Z         "github_event_name": "push",
2026-03-01T10:53:10.4976949Z         "github_event_payload": {
2026-03-01T10:53:10.4977437Z           "after": "e9c56e973f8b91b91c0a708922821dc6d58b4d87",
2026-03-01T10:53:10.4977975Z           "base_ref": null,
2026-03-01T10:53:10.4978438Z           "before": "4733c7b90d1845db2d4934f1a8ed3ee4e7cc68fa",
2026-03-01T10:53:10.4978961Z           "commits": [
2026-03-01T10:53:10.4979304Z             {
2026-03-01T10:53:10.4979633Z               "author": {
2026-03-01T10:53:10.4980034Z                 "email": "noreply@anthropic.com",
2026-03-01T10:53:10.4980509Z                 "name": "Claude",
2026-03-01T10:53:10.4980918Z                 "username": "claude"
2026-03-01T10:53:10.4981322Z               },
2026-03-01T10:53:10.4981653Z               "committer": {
2026-03-01T10:53:10.4982093Z                 "email": "noreply@anthropic.com",
2026-03-01T10:53:10.4982562Z                 "name": "Claude",
2026-03-01T10:53:10.4982957Z                 "username": "claude"
2026-03-01T10:53:10.4983365Z               },
2026-03-01T10:53:10.4983693Z               "distinct": false,
2026-03-01T10:53:10.4984163Z               "id": "ecf7ad66d0b38148b9d84c065a956b076ca40e1d",
2026-03-01T10:53:10.4989635Z               "message": "Add SystemInfo key/value table for worker config and runtime metrics\n\nThe worker process now writes its configuration settings and runtime\nmetrics to a SystemInfo table in the shared SQLite database. The admin\nAbout page reads this table and displays entries grouped by category\n(System, Polling, Email, Hue, Runtime), replacing the previous\nhardcoded build info sections.\n\n- New SystemInfo entity with string PK, Category, Value, UpdatedAt\n- SystemInfoService singleton for centralized upsert/clear operations\n- Worker populates config on startup, updates runtime metrics per cycle\n- Admin About page dynamically renders grouped sections from the table\n- All existing tests updated for new constructor signatures\n\nhttps://claude.ai/code/session_01MKbHf1DNvTBx7Nt88xTv84",
2026-03-01T10:53:10.4995030Z               "timestamp": "2026-03-01T09:42:34Z",
2026-03-01T10:53:10.4995714Z               "tree_id": "e7d9c4926302e1c54ff4a1d55c51a8659d6d26f1",
2026-03-01T10:53:10.4996821Z               "url": "https://github.com/***/hpoll/commit/ecf7ad66d0b38148b9d84c065a956b076ca40e1d"
2026-03-01T10:53:10.4997554Z             },
2026-03-01T10:53:10.4997844Z             {
2026-03-01T10:53:10.4998129Z               "author": {
2026-03-01T10:53:10.4998764Z                 "email": "noreply@anthropic.com",
2026-03-01T10:53:10.4999275Z                 "name": "Claude",
2026-03-01T10:53:10.4999663Z                 "username": "claude"
2026-03-01T10:53:10.5000046Z               },
2026-03-01T10:53:10.5000352Z               "committer": {
2026-03-01T10:53:10.5000757Z                 "email": "noreply@anthropic.com",
2026-03-01T10:53:10.5001195Z                 "name": "Claude",
2026-03-01T10:53:10.5001642Z                 "username": "claude"
2026-03-01T10:53:10.5002164Z               },
2026-03-01T10:53:10.5002555Z               "distinct": false,
2026-03-01T10:53:10.5003018Z               "id": "6fb36192dedfd84e78a62bb5ce65322e3f975eb4",
2026-03-01T10:53:10.5003907Z               "message": "Merge remote-tracking branch 'origin/main' into claude/explore-devices-table-ga0Rs",
2026-03-01T10:53:10.5004959Z               "timestamp": "2026-03-01T10:19:27Z",
2026-03-01T10:53:10.5005791Z               "tree_id": "93ceb6aa837a6d04731b6f8e08999364c8ef6f2a",
2026-03-01T10:53:10.5006787Z               "url": "https://github.com/***/hpoll/commit/6fb36192dedfd84e78a62bb5ce65322e3f975eb4"
2026-03-01T10:53:10.5007436Z             },
2026-03-01T10:53:10.5007802Z             {
2026-03-01T10:53:10.5008128Z               "author": {
2026-03-01T10:53:10.5008506Z                 "email": "noreply@anthropic.com",
2026-03-01T10:53:10.5008919Z                 "name": "Claude",
2026-03-01T10:53:10.5009278Z                 "username": "claude"
2026-03-01T10:53:10.5009632Z               },
2026-03-01T10:53:10.5009920Z               "committer": {
2026-03-01T10:53:10.5010289Z                 "email": "noreply@anthropic.com",
2026-03-01T10:53:10.5010740Z                 "name": "Claude",
2026-03-01T10:53:10.5011084Z                 "username": "claude"
2026-03-01T10:53:10.5011435Z               },
2026-03-01T10:53:10.5011744Z               "distinct": false,
2026-03-01T10:53:10.5012197Z               "id": "e62cd111752add694d69c5d88a4369eb038f1a80",
2026-03-01T10:53:10.5012957Z               "message": "Merge remote-tracking branch 'origin/main' into claude/explore-devices-table-ga0Rs",
2026-03-01T10:53:10.5013734Z               "timestamp": "2026-03-01T10:41:46Z",
2026-03-01T10:53:10.5014432Z               "tree_id": "7ccc8eabbd77839d4c50b7a90951dc1748809088",
2026-03-01T10:53:10.5015242Z               "url": "https://github.com/***/hpoll/commit/e62cd111752add694d69c5d88a4369eb038f1a80"
2026-03-01T10:53:10.5015851Z             },
2026-03-01T10:53:10.5016127Z             {
2026-03-01T10:53:10.5016479Z               "author": {
2026-03-01T10:53:10.5016950Z                 "email": "demerit_hamlet_0m@icloud.com",
2026-03-01T10:53:10.5017452Z                 "name": "***",
2026-03-01T10:53:10.5017795Z                 "username": "***"
2026-03-01T10:53:10.5018063Z               },
2026-03-01T10:53:10.5018367Z               "committer": {
2026-03-01T10:53:10.5018761Z                 "email": "noreply@github.com",
2026-03-01T10:53:10.5019210Z                 "name": "GitHub",
2026-03-01T10:53:10.5019600Z                 "username": "web-flow"
2026-03-01T10:53:10.5019995Z               },
2026-03-01T10:53:10.5020302Z               "distinct": true,
2026-03-01T10:53:10.5020731Z               "id": "e9c56e973f8b91b91c0a708922821dc6d58b4d87",
2026-03-01T10:53:10.5021981Z               "message": "Merge pull request #31 from ***/claude/explore-devices-table-ga0Rs\n\nAdd SystemInfo key/value table for worker config and runtime metrics",
2026-03-01T10:53:10.5023136Z               "timestamp": "2026-03-01T21:50:35+11:00",
2026-03-01T10:53:10.5023682Z               "tree_id": "7ccc8eabbd77839d4c50b7a90951dc1748809088",
2026-03-01T10:53:10.5024773Z               "url": "https://github.com/***/hpoll/commit/e9c56e973f8b91b91c0a708922821dc6d58b4d87"
2026-03-01T10:53:10.5025454Z             }
2026-03-01T10:53:10.5025738Z           ],
2026-03-01T10:53:10.5026303Z           "compare": "https://github.com/***/hpoll/compare/4733c7b90d18...e9c56e973f8b",
2026-03-01T10:53:10.5027050Z           "created": false,
2026-03-01T10:53:10.5027623Z           "deleted": false,
2026-03-01T10:53:10.5027979Z           "forced": false,
2026-03-01T10:53:10.5028322Z           "head_commit": {
2026-03-01T10:53:10.5028663Z             "author": {
2026-03-01T10:53:10.5029046Z               "email": "demerit_hamlet_0m@icloud.com",
2026-03-01T10:53:10.5029530Z               "name": "***",
2026-03-01T10:53:10.5029908Z               "username": "***"
2026-03-01T10:53:10.5030263Z             },
2026-03-01T10:53:10.5030558Z             "committer": {
2026-03-01T10:53:10.5030971Z               "email": "noreply@github.com",
2026-03-01T10:53:10.5031398Z               "name": "GitHub",
2026-03-01T10:53:10.5031771Z               "username": "web-flow"
2026-03-01T10:53:10.5032151Z             },
2026-03-01T10:53:10.5032450Z             "distinct": true,
2026-03-01T10:53:10.5032888Z             "id": "e9c56e973f8b91b91c0a708922821dc6d58b4d87",
2026-03-01T10:53:10.5034556Z             "message": "Merge pull request #31 from ***/claude/explore-devices-table-ga0Rs\n\nAdd SystemInfo key/value table for worker config and runtime metrics",
2026-03-01T10:53:10.5035747Z             "timestamp": "2026-03-01T21:50:35+11:00",
2026-03-01T10:53:10.5036306Z             "tree_id": "7ccc8eabbd77839d4c50b7a90951dc1748809088",
2026-03-01T10:53:10.5037130Z             "url": "https://github.com/***/hpoll/commit/e9c56e973f8b91b91c0a708922821dc6d58b4d87"
2026-03-01T10:53:10.5037763Z           },
2026-03-01T10:53:10.5038043Z           "pusher": {
2026-03-01T10:53:10.5038422Z             "email": "demerit_hamlet_0m@icloud.com",
2026-03-01T10:53:10.5038865Z             "name": "***"
2026-03-01T10:53:10.5039164Z           },
2026-03-01T10:53:10.5039449Z           "ref": "refs/heads/main",
2026-03-01T10:53:10.5039848Z           "repository": {
2026-03-01T10:53:10.5040179Z             "allow_forking": true,
2026-03-01T10:53:10.5040912Z             "archive_url": "https://api.github.com/repos/***/hpoll/{archive_format}{/ref}",
2026-03-01T10:53:10.5041602Z             "archived": false,
2026-03-01T10:53:10.5042224Z             "assignees_url": "https://api.github.com/repos/***/hpoll/assignees{/user}",
2026-03-01T10:53:10.5043055Z             "blobs_url": "https://api.github.com/repos/***/hpoll/git/blobs{/sha}",
2026-03-01T10:53:10.5044001Z             "branches_url": "https://api.github.com/repos/***/hpoll/branches{/branch}",
2026-03-01T10:53:10.5044947Z             "clone_url": "https://github.com/***/hpoll.git",
2026-03-01T10:53:10.5045612Z             "collaborators_url": "https://api.github.com/repos/***/hpoll/collaborators{/collaborator}",
2026-03-01T10:53:10.5046198Z             "comments_url": "https://api.github.com/repos/***/hpoll/comments{/number}",
2026-03-01T10:53:10.5046713Z             "commits_url": "https://api.github.com/repos/***/hpoll/commits{/sha}",
2026-03-01T10:53:10.5047253Z             "compare_url": "https://api.github.com/repos/***/hpoll/compare/{base}...{head}",
2026-03-01T10:53:10.5047794Z             "contents_url": "https://api.github.com/repos/***/hpoll/contents/{+path}",
2026-03-01T10:53:10.5048314Z             "contributors_url": "https://api.github.com/repos/***/hpoll/contributors",
2026-03-01T10:53:10.5048695Z             "created_at": 1772100118,
2026-03-01T10:53:10.5048942Z             "default_branch": "main",
2026-03-01T10:53:10.5049312Z             "deployments_url": "https://api.github.com/repos/***/hpoll/deployments",
2026-03-01T10:53:10.5049686Z             "description": null,
2026-03-01T10:53:10.5049916Z             "disabled": false,
2026-03-01T10:53:10.5050261Z             "downloads_url": "https://api.github.com/repos/***/hpoll/downloads",
2026-03-01T10:53:10.5050719Z             "events_url": "https://api.github.com/repos/***/hpoll/events",
2026-03-01T10:53:10.5051055Z             "fork": false,
2026-03-01T10:53:10.5051260Z             "forks": 0,
2026-03-01T10:53:10.5051462Z             "forks_count": 0,
2026-03-01T10:53:10.5051781Z             "forks_url": "https://api.github.com/repos/***/hpoll/forks",
2026-03-01T10:53:10.5052384Z             "full_name": "***/hpoll",
2026-03-01T10:53:10.5052810Z             "git_commits_url": "https://api.github.com/repos/***/hpoll/git/commits{/sha}",
2026-03-01T10:53:10.5053335Z             "git_refs_url": "https://api.github.com/repos/***/hpoll/git/refs{/sha}",
2026-03-01T10:53:10.5053817Z             "git_tags_url": "https://api.github.com/repos/***/hpoll/git/tags{/sha}",
2026-03-01T10:53:10.5054449Z             "git_url": "git://github.com/***/hpoll.git",
2026-03-01T10:53:10.5054923Z             "has_discussions": false,
2026-03-01T10:53:10.5055311Z             "has_downloads": true,
2026-03-01T10:53:10.5055687Z             "has_issues": true,
2026-03-01T10:53:10.5056056Z             "has_pages": false,
2026-03-01T10:53:10.5056348Z             "has_projects": true,
2026-03-01T10:53:10.5056608Z             "has_pull_requests": true,
2026-03-01T10:53:10.5056860Z             "has_wiki": true,
2026-03-01T10:53:10.5057241Z             "homepage": null,
2026-03-01T10:53:10.5057574Z             "hooks_url": "https://api.github.com/repos/***/hpoll/hooks",
2026-03-01T10:53:10.5057967Z             "html_url": "https://github.com/***/hpoll",
2026-03-01T10:53:10.5058251Z             "id": 1167451352,
2026-03-01T10:53:10.5058476Z             "is_template": false,
2026-03-01T10:53:10.5058886Z             "issue_comment_url": "https://api.github.com/repos/***/hpoll/issues/comments{/number}",
2026-03-01T10:53:10.5059483Z             "issue_events_url": "https://api.github.com/repos/***/hpoll/issues/events{/number}",
2026-03-01T10:53:10.5060012Z             "issues_url": "https://api.github.com/repos/***/hpoll/issues{/number}",
2026-03-01T10:53:10.5060486Z             "keys_url": "https://api.github.com/repos/***/hpoll/keys{/key_id}",
2026-03-01T10:53:10.5060944Z             "labels_url": "https://api.github.com/repos/***/hpoll/labels{/name}",
2026-03-01T10:53:10.5061294Z             "language": "C#",
2026-03-01T10:53:10.5061629Z             "languages_url": "https://api.github.com/repos/***/hpoll/languages",
2026-03-01T10:53:10.5061985Z             "license": null,
2026-03-01T10:53:10.5062208Z             "master_branch": "main",
2026-03-01T10:53:10.5062586Z             "merges_url": "https://api.github.com/repos/***/hpoll/merges",
2026-03-01T10:53:10.5063074Z             "milestones_url": "https://api.github.com/repos/***/hpoll/milestones{/number}",
2026-03-01T10:53:10.5063464Z             "mirror_url": null,
2026-03-01T10:53:10.5063686Z             "name": "hpoll",
2026-03-01T10:53:10.5063908Z             "node_id": "R_kgDORZXk2A",
2026-03-01T10:53:10.5064691Z             "notifications_url": "https://api.github.com/repos/***/hpoll/notifications{?since,all,participating}",
2026-03-01T10:53:10.5065175Z             "open_issues": 0,
2026-03-01T10:53:10.5065400Z             "open_issues_count": 0,
2026-03-01T10:53:10.5065629Z             "owner": {
2026-03-01T10:53:10.5065941Z               "avatar_url": "https://avatars.githubusercontent.com/u/169779439?v=4",
2026-03-01T10:53:10.5066356Z               "email": "demerit_hamlet_0m@icloud.com",
2026-03-01T10:53:10.5066742Z               "events_url": "https://api.github.com/users/***/events{/privacy}",
2026-03-01T10:53:10.5067190Z               "followers_url": "https://api.github.com/users/***/followers",
2026-03-01T10:53:10.5067664Z               "following_url": "https://api.github.com/users/***/following{/other_user}",
2026-03-01T10:53:10.5068156Z               "gists_url": "https://api.github.com/users/***/gists{/gist_id}",
2026-03-01T10:53:10.5068506Z               "gravatar_id": "",
2026-03-01T10:53:10.5068778Z               "html_url": "https://github.com/***",
2026-03-01T10:53:10.5069047Z               "id": 169779439,
2026-03-01T10:53:10.5069271Z               "login": "***",
2026-03-01T10:53:10.5069495Z               "name": "***",
2026-03-01T10:53:10.5069720Z               "node_id": "U_kgDOCh6g7w",
2026-03-01T10:53:10.5070078Z               "organizations_url": "https://api.github.com/users/***/orgs",
2026-03-01T10:53:10.5070693Z               "received_events_url": "https://api.github.com/users/***/received_events",
2026-03-01T10:53:10.5071146Z               "repos_url": "https://api.github.com/users/***/repos",
2026-03-01T10:53:10.5071459Z               "site_admin": false,
2026-03-01T10:53:10.5071826Z               "starred_url": "https://api.github.com/users/***/starred{/owner}{/repo}",
2026-03-01T10:53:10.5072328Z               "subscriptions_url": "https://api.github.com/users/***/subscriptions",
2026-03-01T10:53:10.5072693Z               "type": "User",
2026-03-01T10:53:10.5072954Z               "url": "https://api.github.com/users/***",
2026-03-01T10:53:10.5073246Z               "user_view_type": "public"
2026-03-01T10:53:10.5073481Z             },
2026-03-01T10:53:10.5073658Z             "private": false,
2026-03-01T10:53:10.5073901Z             "pull_request_creation_policy": "all",
2026-03-01T10:53:10.5074550Z             "pulls_url": "https://api.github.com/repos/***/hpoll/pulls{/number}",
2026-03-01T10:53:10.5075288Z             "pushed_at": 1772362235,
2026-03-01T10:53:10.5075672Z             "releases_url": "https://api.github.com/repos/***/hpoll/releases{/id}",
2026-03-01T10:53:10.5076033Z             "size": 1425,
2026-03-01T10:53:10.5076289Z             "ssh_url": "git@github.com:***/hpoll.git",
2026-03-01T10:53:10.5076562Z             "stargazers": 0,
2026-03-01T10:53:10.5076777Z             "stargazers_count": 0,
2026-03-01T10:53:10.5077128Z             "stargazers_url": "https://api.github.com/repos/***/hpoll/stargazers",
2026-03-01T10:53:10.5077611Z             "statuses_url": "https://api.github.com/repos/***/hpoll/statuses/{sha}",
2026-03-01T10:53:10.5078100Z             "subscribers_url": "https://api.github.com/repos/***/hpoll/subscribers",
2026-03-01T10:53:10.5078600Z             "subscription_url": "https://api.github.com/repos/***/hpoll/subscription",
2026-03-01T10:53:10.5079017Z             "svn_url": "https://github.com/***/hpoll",
2026-03-01T10:53:10.5079381Z             "tags_url": "https://api.github.com/repos/***/hpoll/tags",
2026-03-01T10:53:10.5079786Z             "teams_url": "https://api.github.com/repos/***/hpoll/teams",
2026-03-01T10:53:10.5080108Z             "topics": [],
2026-03-01T10:53:10.5080429Z             "trees_url": "https://api.github.com/repos/***/hpoll/git/trees{/sha}",
2026-03-01T10:53:10.5080803Z             "updated_at": "2026-03-01T10:40:13Z",
2026-03-01T10:53:10.5081126Z             "url": "https://api.github.com/repos/***/hpoll",
2026-03-01T10:53:10.5081423Z             "visibility": "public",
2026-03-01T10:53:10.5081658Z             "watchers": 0,
2026-03-01T10:53:10.5081864Z             "watchers_count": 0,
2026-03-01T10:53:10.5082108Z             "web_commit_signoff_required": false
2026-03-01T10:53:10.5082360Z           },
2026-03-01T10:53:10.5082527Z           "sender": {
2026-03-01T10:53:10.5082846Z             "avatar_url": "https://avatars.githubusercontent.com/u/169779439?v=4",
2026-03-01T10:53:10.5083322Z             "events_url": "https://api.github.com/users/***/events{/privacy}",
2026-03-01T10:53:10.5083771Z             "followers_url": "https://api.github.com/users/***/followers",
2026-03-01T10:53:10.5084593Z             "following_url": "https://api.github.com/users/***/following{/other_user}",
2026-03-01T10:53:10.5085217Z             "gists_url": "https://api.github.com/users/***/gists{/gist_id}",
2026-03-01T10:53:10.5085551Z             "gravatar_id": "",
2026-03-01T10:53:10.5085811Z             "html_url": "https://github.com/***",
2026-03-01T10:53:10.5086075Z             "id": 169779439,
2026-03-01T10:53:10.5086296Z             "login": "***",
2026-03-01T10:53:10.5086512Z             "node_id": "U_kgDOCh6g7w",
2026-03-01T10:53:10.5086857Z             "organizations_url": "https://api.github.com/users/***/orgs",
2026-03-01T10:53:10.5087330Z             "received_events_url": "https://api.github.com/users/***/received_events",
2026-03-01T10:53:10.5087781Z             "repos_url": "https://api.github.com/users/***/repos",
2026-03-01T10:53:10.5088108Z             "site_admin": false,
2026-03-01T10:53:10.5088602Z             "starred_url": "https://api.github.com/users/***/starred{/owner}{/repo}",
2026-03-01T10:53:10.5089101Z             "subscriptions_url": "https://api.github.com/users/***/subscriptions",
2026-03-01T10:53:10.5089462Z             "type": "User",
2026-03-01T10:53:10.5089733Z             "url": "https://api.github.com/users/***",
2026-03-01T10:53:10.5090021Z             "user_view_type": "public"
2026-03-01T10:53:10.5090256Z           }
2026-03-01T10:53:10.5090427Z         },
2026-03-01T10:53:10.5090602Z         "github_job": "docker",
2026-03-01T10:53:10.5090831Z         "github_ref": "refs/heads/main",
2026-03-01T10:53:10.5091090Z         "github_ref_name": "main",
2026-03-01T10:53:10.5091331Z         "github_ref_protected": "false",
2026-03-01T10:53:10.5091575Z         "github_ref_type": "branch",
2026-03-01T10:53:10.5091847Z         "github_repository": "***/hpoll",
2026-03-01T10:53:10.5092244Z         "github_repository_id": "1167451352",
2026-03-01T10:53:10.5092528Z         "github_repository_owner": "***",
2026-03-01T10:53:10.5092800Z         "github_repository_owner_id": "169779439",
2026-03-01T10:53:10.5093071Z         "github_run_attempt": "1",
2026-03-01T10:53:10.5093310Z         "github_run_id": "22541844865",
2026-03-01T10:53:10.5093548Z         "github_run_number": "153",
2026-03-01T10:53:10.5093786Z         "github_runner_arch": "X64",
2026-03-01T10:53:10.5094061Z         "github_runner_environment": "github-hosted",
2026-03-01T10:53:10.5094480Z         "github_runner_image_os": "ubuntu24",
2026-03-01T10:53:10.5094781Z         "github_runner_image_version": "20260224.36.1",
2026-03-01T10:53:10.5095095Z         "github_runner_name": "GitHub Actions 1000000883",
2026-03-01T10:53:10.5095375Z         "github_runner_os": "Linux",
2026-03-01T10:53:10.5095725Z         "github_runner_tracking_id": "github_0d0ee605-5617-44ec-91dc-a85190d5f025",
2026-03-01T10:53:10.5096124Z         "github_server_url": "https://github.com",
2026-03-01T10:53:10.5096428Z         "github_triggering_actor": "***",
2026-03-01T10:53:10.5096694Z         "github_workflow": "Build & Test",
2026-03-01T10:53:10.5097134Z         "github_workflow_ref": "***/hpoll/.github/workflows/build-and-test.yml@refs/heads/main",
2026-03-01T10:53:10.5097654Z         "github_workflow_sha": "e9c56e973f8b91b91c0a708922821dc6d58b4d87",
2026-03-01T10:53:10.5097992Z         "platform": "linux/amd64"
2026-03-01T10:53:10.5098221Z       }
2026-03-01T10:53:10.5098380Z     }
2026-03-01T10:53:10.5098531Z   },
2026-03-01T10:53:10.5099075Z   "buildx.build.ref": "builder-db6c5e19-ceb3-4579-9b94-c34cf81d16ff/builder-db6c5e19-ceb3-4579-9b94-c34cf81d16ff0/fkym5t5sja4k7jx5kih9l087b",
2026-03-01T10:53:10.5099725Z   "containerimage.descriptor": {
2026-03-01T10:53:10.5100030Z     "mediaType": "application/vnd.oci.image.index.v1+json",
2026-03-01T10:53:10.5100485Z     "digest": "sha256:83ecd4190ab7866d56ccb9a4e5b769c8c1ba5a28dcdb0990c7b6f485385a10e8",
2026-03-01T10:53:10.5100897Z     "size": 856
2026-03-01T10:53:10.5101071Z   },
2026-03-01T10:53:10.5101443Z   "containerimage.digest": "sha256:83ecd4190ab7866d56ccb9a4e5b769c8c1ba5a28dcdb0990c7b6f485385a10e8",
2026-03-01T10:53:10.5102090Z   "image.name": "***/hpoll:e9c56e9,***/hpoll:latest-any,***/hpoll:latest"
2026-03-01T10:53:10.5102418Z }
2026-03-01T10:53:10.5102844Z ##[endgroup]
2026-03-01T10:53:10.5103176Z ##[group]Reference
2026-03-01T10:53:10.5103679Z builder-db6c5e19-ceb3-4579-9b94-c34cf81d16ff/builder-db6c5e19-ceb3-4579-9b94-c34cf81d16ff0/fkym5t5sja4k7jx5kih9l087b
2026-03-01T10:53:10.5104625Z ##[endgroup]
2026-03-01T10:53:10.5104964Z ##[group]Check build summary support
2026-03-01T10:53:10.5105348Z Build summary supported!
2026-03-01T10:53:10.5105679Z ##[endgroup]
2026-03-01T10:53:10.5722693Z Post job cleanup.
2026-03-01T10:53:10.8077507Z ##[group]Generating build summary
2026-03-01T10:53:10.9275672Z exporting build record to /home/runner/work/_temp/docker-actions-toolkit-W58Qd8/export
2026-03-01T10:53:13.9339852Z [command]/usr/bin/mkfifo /home/runner/work/_temp/docker-actions-toolkit-W58Qd8/buildx-in-2Z4Dbg.fifo
2026-03-01T10:53:13.9399795Z [command]/usr/bin/mkfifo /home/runner/work/_temp/docker-actions-toolkit-W58Qd8/buildx-out-t63xup.fifo
2026-03-01T10:53:13.9445385Z [command]docker buildx --builder builder-db6c5e19-ceb3-4579-9b94-c34cf81d16ff dial-stdio
2026-03-01T10:53:13.9480051Z [command]docker run --rm -i -v /home/runner/.docker/buildx/refs:/buildx-refs -v /home/runner/work/_temp/docker-actions-toolkit-W58Qd8/export:/out docker.io/dockereng/export-build:latest --ref-state-dir=/buildx-refs --node=builder-db6c5e19-ceb3-4579-9b94-c34cf81d16ff/builder-db6c5e19-ceb3-4579-9b94-c34cf81d16ff0 --ref=fkym5t5sja4k7jx5kih9l087b --uid=1001 --gid=1001
2026-03-01T10:53:13.9627712Z Unable to find image 'dockereng/export-build:latest' locally
2026-03-01T10:53:14.3411279Z latest: Pulling from dockereng/export-build
2026-03-01T10:53:14.4687355Z 5f398fcfd265: Pulling fs layer
2026-03-01T10:53:14.4688476Z 152e015ae384: Pulling fs layer
2026-03-01T10:53:14.5655113Z 152e015ae384: Verifying Checksum
2026-03-01T10:53:14.5655554Z 152e015ae384: Download complete
2026-03-01T10:53:14.6294700Z 5f398fcfd265: Verifying Checksum
2026-03-01T10:53:14.6295192Z 5f398fcfd265: Download complete
2026-03-01T10:53:14.7335843Z 5f398fcfd265: Pull complete
2026-03-01T10:53:14.7521552Z 152e015ae384: Pull complete
2026-03-01T10:53:14.7556180Z Digest: sha256:8a8d92fc2d7cc8a8855400970bb971436fc117bd39366595f55f7e1283a1e961
2026-03-01T10:53:14.7567156Z Status: Downloaded newer image for dockereng/export-build:latest
2026-03-01T10:53:15.3956550Z Process "docker run" exited with code 0
2026-03-01T10:53:15.3958118Z Parsing /home/runner/work/_temp/docker-actions-toolkit-W58Qd8/export/summary.json
2026-03-01T10:53:15.3959742Z Build record written to /home/runner/work/_temp/docker-actions-toolkit-W58Qd8/export/***~hpoll~FKYM5T.dockerbuild (61.7 KB)
2026-03-01T10:53:15.3985824Z Uploading ***~hpoll~FKYM5T.dockerbuild to blob storage
2026-03-01T10:53:15.4306661Z ERROR: read unix @->/run/docker.sock: use of closed network connection
2026-03-01T10:53:15.4343963Z Process "buildx dial-stdio" was killed with signal SIGKILL
2026-03-01T10:53:15.5111699Z Beginning upload of artifact content to blob storage
2026-03-01T10:53:15.5202420Z Uploaded bytes 63179
2026-03-01T10:53:15.6523481Z Finished uploading artifact content to blob storage!
2026-03-01T10:53:15.6529850Z SHA256 hash of uploaded artifact is c9ae00ce8f043919e25efc38ec114d62d31d64ed9ebf0b7164591b2a4efafd45
2026-03-01T10:53:15.6531147Z Finalizing artifact upload
2026-03-01T10:53:15.7995558Z Artifact successfully finalized (5709409611)
2026-03-01T10:53:15.7997484Z Artifact download URL: https://github.com/***/hpoll/actions/runs/22541844865/artifacts/5709409611
2026-03-01T10:53:15.8021770Z Writing summary
2026-03-01T10:53:15.8035100Z ##[endgroup]
2026-03-01T10:53:15.8036073Z ##[group]Removing temp folder /home/runner/work/_temp/docker-actions-toolkit-BNSqoH
2026-03-01T10:53:15.8045289Z ##[endgroup]
2026-03-01T10:53:15.8045951Z ##[group]Post cache
2026-03-01T10:53:15.8047274Z State not set
2026-03-01T10:53:15.8047958Z ##[endgroup]
2026-03-01T10:53:15.8335705Z Post job cleanup.
2026-03-01T10:53:16.1304774Z [command]/usr/bin/docker logout 
2026-03-01T10:53:16.1443994Z Removing login credentials for https://index.docker.io/v1/
2026-03-01T10:53:16.1476633Z ##[group]Post cache
2026-03-01T10:53:16.1477850Z State not set
2026-03-01T10:53:16.1479062Z ##[endgroup]
2026-03-01T10:53:16.1941210Z Post job cleanup.
2026-03-01T10:53:16.4420582Z ##[group]Removing builder
2026-03-01T10:53:16.5501112Z [command]/usr/bin/docker buildx rm builder-db6c5e19-ceb3-4579-9b94-c34cf81d16ff
2026-03-01T10:53:17.6058050Z builder-db6c5e19-ceb3-4579-9b94-c34cf81d16ff removed
2026-03-01T10:53:17.6096779Z ##[endgroup]
2026-03-01T10:53:17.6099037Z ##[group]Cleaning up certificates
2026-03-01T10:53:17.6106240Z ##[endgroup]
2026-03-01T10:53:17.6106880Z ##[group]Post cache
2026-03-01T10:53:17.6109206Z State not set
2026-03-01T10:53:17.6109947Z ##[endgroup]
2026-03-01T10:53:17.6656579Z Post job cleanup.
2026-03-01T10:53:17.7697987Z [command]/usr/bin/git version
2026-03-01T10:53:17.7737977Z git version 2.53.0
2026-03-01T10:53:17.7784506Z Temporarily overriding HOME='/home/runner/work/_temp/4d8094d4-04d4-478a-b9c1-02ec524203d6' before making global git config changes
2026-03-01T10:53:17.7785756Z Adding repository directory to the temporary git global config as a safe directory
2026-03-01T10:53:17.7797621Z [command]/usr/bin/git config --global --add safe.directory /home/runner/work/hpoll/hpoll
2026-03-01T10:53:17.7834871Z [command]/usr/bin/git config --local --name-only --get-regexp core\.sshCommand
2026-03-01T10:53:17.7869364Z [command]/usr/bin/git submodule foreach --recursive sh -c "git config --local --name-only --get-regexp 'core\.sshCommand' && git config --local --unset-all 'core.sshCommand' || :"
2026-03-01T10:53:17.8118794Z [command]/usr/bin/git config --local --name-only --get-regexp http\.https\:\/\/github\.com\/\.extraheader
2026-03-01T10:53:17.8141362Z http.https://github.com/.extraheader
2026-03-01T10:53:17.8153891Z [command]/usr/bin/git config --local --unset-all http.https://github.com/.extraheader
2026-03-01T10:53:17.8186958Z [command]/usr/bin/git submodule foreach --recursive sh -c "git config --local --name-only --get-regexp 'http\.https\:\/\/github\.com\/\.extraheader' && git config --local --unset-all 'http.https://github.com/.extraheader' || :"
2026-03-01T10:53:17.8539582Z Cleaning up orphan processes
