2026-03-01T10:45:19.1996875Z Current runner version: '2.331.0'
2026-03-01T10:45:19.2022783Z ##[group]Runner Image Provisioner
2026-03-01T10:45:19.2023805Z Hosted Compute Agent
2026-03-01T10:45:19.2024700Z Version: 20260213.493
2026-03-01T10:45:19.2025315Z Commit: 5c115507f6dd24b8de37d8bbe0bb4509d0cc0fa3
2026-03-01T10:45:19.2026113Z Build Date: 2026-02-13T00:28:41Z
2026-03-01T10:45:19.2026813Z Worker ID: {ac2e1e21-a584-4a01-a110-77208192416c}
2026-03-01T10:45:19.2027460Z Azure Region: centralus
2026-03-01T10:45:19.2028085Z ##[endgroup]
2026-03-01T10:45:19.2030122Z ##[group]Operating System
2026-03-01T10:45:19.2030772Z Ubuntu
2026-03-01T10:45:19.2031299Z 24.04.3
2026-03-01T10:45:19.2031818Z LTS
2026-03-01T10:45:19.2032357Z ##[endgroup]
2026-03-01T10:45:19.2032894Z ##[group]Runner Image
2026-03-01T10:45:19.2033502Z Image: ubuntu-24.04
2026-03-01T10:45:19.2034324Z Version: 20260224.36.1
2026-03-01T10:45:19.2035639Z Included Software: https://github.com/actions/runner-images/blob/ubuntu24/20260224.36/images/ubuntu/Ubuntu2404-Readme.md
2026-03-01T10:45:19.2037183Z Image Release: https://github.com/actions/runner-images/releases/tag/ubuntu24%2F20260224.36
2026-03-01T10:45:19.2038599Z ##[endgroup]
2026-03-01T10:45:19.2039671Z ##[group]GITHUB_TOKEN Permissions
2026-03-01T10:45:19.2041924Z Contents: read
2026-03-01T10:45:19.2042557Z Metadata: read
2026-03-01T10:45:19.2043135Z ##[endgroup]
2026-03-01T10:45:19.2046107Z Secret source: Actions
2026-03-01T10:45:19.2047106Z Prepare workflow directory
2026-03-01T10:45:19.2392237Z Prepare all required actions
2026-03-01T10:45:19.2435349Z Getting action download info
2026-03-01T10:45:19.5665295Z Download action repository 'actions/checkout@692973e3d937129bcbf40652eb9f2f61becf3332' (SHA:692973e3d937129bcbf40652eb9f2f61becf3332)
2026-03-01T10:45:19.7792166Z Download action repository 'docker/setup-buildx-action@b5ca514318bd6ebac0fb2aedd5d36ec1b5c232a2' (SHA:b5ca514318bd6ebac0fb2aedd5d36ec1b5c232a2)
2026-03-01T10:45:20.4180805Z Download action repository 'docker/login-action@74a5d142397b4f367a81961eba4e8cd7edddf772' (SHA:74a5d142397b4f367a81961eba4e8cd7edddf772)
2026-03-01T10:45:21.0851648Z Download action repository 'docker/build-push-action@14487ce63c7a62a4a324b0bfb37086795e31c6c1' (SHA:14487ce63c7a62a4a324b0bfb37086795e31c6c1)
2026-03-01T10:45:21.9684392Z Complete job name: Docker Build & Push (Admin)
2026-03-01T10:45:22.0586896Z ##[group]Run actions/checkout@692973e3d937129bcbf40652eb9f2f61becf3332
2026-03-01T10:45:22.0588805Z with:
2026-03-01T10:45:22.0589798Z   repository: ***/hpoll
2026-03-01T10:45:22.0590885Z   token: ***
2026-03-01T10:45:22.0591852Z   ssh-strict: true
2026-03-01T10:45:22.0592688Z   ssh-user: git
2026-03-01T10:45:22.0593585Z   persist-credentials: true
2026-03-01T10:45:22.0594811Z   clean: true
2026-03-01T10:45:22.0595710Z   sparse-checkout-cone-mode: true
2026-03-01T10:45:22.0596790Z   fetch-depth: 1
2026-03-01T10:45:22.0597766Z   fetch-tags: false
2026-03-01T10:45:22.0598628Z   show-progress: true
2026-03-01T10:45:22.0599553Z   lfs: false
2026-03-01T10:45:22.0600435Z   submodules: false
2026-03-01T10:45:22.0601361Z   set-safe-directory: true
2026-03-01T10:45:22.0602694Z ##[endgroup]
2026-03-01T10:45:22.1802006Z Syncing repository: ***/hpoll
2026-03-01T10:45:22.1806055Z ##[group]Getting Git version info
2026-03-01T10:45:22.1807856Z Working directory is '/home/runner/work/hpoll/hpoll'
2026-03-01T10:45:22.1811051Z [command]/usr/bin/git version
2026-03-01T10:45:22.1912951Z git version 2.53.0
2026-03-01T10:45:22.1942460Z ##[endgroup]
2026-03-01T10:45:22.1967812Z Temporarily overriding HOME='/home/runner/work/_temp/b27ed0ae-e1e5-442e-ad89-facf019187d2' before making global git config changes
2026-03-01T10:45:22.1970860Z Adding repository directory to the temporary git global config as a safe directory
2026-03-01T10:45:22.1973766Z [command]/usr/bin/git config --global --add safe.directory /home/runner/work/hpoll/hpoll
2026-03-01T10:45:22.2030212Z Deleting the contents of '/home/runner/work/hpoll/hpoll'
2026-03-01T10:45:22.2034962Z ##[group]Initializing the repository
2026-03-01T10:45:22.2040452Z [command]/usr/bin/git init /home/runner/work/hpoll/hpoll
2026-03-01T10:45:22.2208024Z hint: Using 'master' as the name for the initial branch. This default branch name
2026-03-01T10:45:22.2212074Z hint: will change to "main" in Git 3.0. To configure the initial branch name
2026-03-01T10:45:22.2215660Z hint: to use in all of your new repositories, which will suppress this warning,
2026-03-01T10:45:22.2218390Z hint: call:
2026-03-01T10:45:22.2219799Z hint:
2026-03-01T10:45:22.2221569Z hint: 	git config --global init.defaultBranch <name>
2026-03-01T10:45:22.2223855Z hint:
2026-03-01T10:45:22.2226225Z hint: Names commonly chosen instead of 'master' are 'main', 'trunk' and
2026-03-01T10:45:22.2229417Z hint: 'development'. The just-created branch can be renamed via this command:
2026-03-01T10:45:22.2232208Z hint:
2026-03-01T10:45:22.2233624Z hint: 	git branch -m <name>
2026-03-01T10:45:22.2235446Z hint:
2026-03-01T10:45:22.2237787Z hint: Disable this message with "git config set advice.defaultBranchName false"
2026-03-01T10:45:22.2241115Z Initialized empty Git repository in /home/runner/work/hpoll/hpoll/.git/
2026-03-01T10:45:22.2247371Z [command]/usr/bin/git remote add origin https://github.com/***/hpoll
2026-03-01T10:45:22.2289610Z ##[endgroup]
2026-03-01T10:45:22.2292424Z ##[group]Disabling automatic garbage collection
2026-03-01T10:45:22.2295237Z [command]/usr/bin/git config --local gc.auto 0
2026-03-01T10:45:22.2335855Z ##[endgroup]
2026-03-01T10:45:22.2338425Z ##[group]Setting up auth
2026-03-01T10:45:22.2346470Z [command]/usr/bin/git config --local --name-only --get-regexp core\.sshCommand
2026-03-01T10:45:22.2388941Z [command]/usr/bin/git submodule foreach --recursive sh -c "git config --local --name-only --get-regexp 'core\.sshCommand' && git config --local --unset-all 'core.sshCommand' || :"
2026-03-01T10:45:22.2818262Z [command]/usr/bin/git config --local --name-only --get-regexp http\.https\:\/\/github\.com\/\.extraheader
2026-03-01T10:45:22.2856336Z [command]/usr/bin/git submodule foreach --recursive sh -c "git config --local --name-only --get-regexp 'http\.https\:\/\/github\.com\/\.extraheader' && git config --local --unset-all 'http.https://github.com/.extraheader' || :"
2026-03-01T10:45:22.3111444Z [command]/usr/bin/git config --local http.https://github.com/.extraheader AUTHORIZATION: basic ***
2026-03-01T10:45:22.3156750Z ##[endgroup]
2026-03-01T10:45:22.3158805Z ##[group]Fetching the repository
2026-03-01T10:45:22.3166834Z [command]/usr/bin/git -c protocol.version=2 fetch --no-tags --prune --no-recurse-submodules --depth=1 origin +e62cd111752add694d69c5d88a4369eb038f1a80:refs/remotes/origin/claude/explore-devices-table-ga0Rs
2026-03-01T10:45:22.8028687Z From https://github.com/***/hpoll
2026-03-01T10:45:22.8030332Z  * [new ref]         e62cd111752add694d69c5d88a4369eb038f1a80 -> origin/claude/explore-devices-table-ga0Rs
2026-03-01T10:45:22.8067075Z ##[endgroup]
2026-03-01T10:45:22.8067553Z ##[group]Determining the checkout info
2026-03-01T10:45:22.8069536Z ##[endgroup]
2026-03-01T10:45:22.8075186Z [command]/usr/bin/git sparse-checkout disable
2026-03-01T10:45:22.8121038Z [command]/usr/bin/git config --local --unset-all extensions.worktreeConfig
2026-03-01T10:45:22.8152162Z ##[group]Checking out the ref
2026-03-01T10:45:22.8157546Z [command]/usr/bin/git checkout --progress --force -B claude/explore-devices-table-ga0Rs refs/remotes/origin/claude/explore-devices-table-ga0Rs
2026-03-01T10:45:22.8288544Z Switched to a new branch 'claude/explore-devices-table-ga0Rs'
2026-03-01T10:45:22.8289879Z branch 'claude/explore-devices-table-ga0Rs' set up to track 'origin/claude/explore-devices-table-ga0Rs'.
2026-03-01T10:45:22.8296544Z ##[endgroup]
2026-03-01T10:45:22.8338336Z [command]/usr/bin/git log -1 --format='%H'
2026-03-01T10:45:22.8365870Z 'e62cd111752add694d69c5d88a4369eb038f1a80'
2026-03-01T10:45:22.8613866Z ##[group]Run docker/setup-buildx-action@b5ca514318bd6ebac0fb2aedd5d36ec1b5c232a2
2026-03-01T10:45:22.8614949Z with:
2026-03-01T10:45:22.8615369Z   driver: docker-container
2026-03-01T10:45:22.8615832Z   install: false
2026-03-01T10:45:22.8616588Z   use: true
2026-03-01T10:45:22.8616978Z   cache-binary: true
2026-03-01T10:45:22.8617393Z   cleanup: true
2026-03-01T10:45:22.8617802Z ##[endgroup]
2026-03-01T10:45:23.1197598Z ##[group]Docker info
2026-03-01T10:45:23.1217550Z [command]/usr/bin/docker version
2026-03-01T10:45:23.2357039Z Client: Docker Engine - Community
2026-03-01T10:45:23.2360912Z  Version:           28.0.4
2026-03-01T10:45:23.2361751Z  API version:       1.48
2026-03-01T10:45:23.2362899Z  Go version:        go1.23.7
2026-03-01T10:45:23.2364220Z  Git commit:        b8034c0
2026-03-01T10:45:23.2365000Z  Built:             Tue Mar 25 15:07:16 2025
2026-03-01T10:45:23.2366661Z  OS/Arch:           linux/amd64
2026-03-01T10:45:23.2367718Z  Context:           default
2026-03-01T10:45:23.2368198Z 
2026-03-01T10:45:23.2368643Z Server: Docker Engine - Community
2026-03-01T10:45:23.2369329Z  Engine:
2026-03-01T10:45:23.2369874Z   Version:          28.0.4
2026-03-01T10:45:23.2372290Z   API version:      1.48 (minimum version 1.24)
2026-03-01T10:45:23.2372863Z   Go version:       go1.23.7
2026-03-01T10:45:23.2373289Z   Git commit:       6430e49
2026-03-01T10:45:23.2373726Z   Built:            Tue Mar 25 15:07:16 2025
2026-03-01T10:45:23.2374434Z   OS/Arch:          linux/amd64
2026-03-01T10:45:23.2374877Z   Experimental:     false
2026-03-01T10:45:23.2375258Z  containerd:
2026-03-01T10:45:23.2375620Z   Version:          v2.2.1
2026-03-01T10:45:23.2376144Z   GitCommit:        dea7da592f5d1d2b7755e3a161be07f43fad8f75
2026-03-01T10:45:23.2376683Z  runc:
2026-03-01T10:45:23.2376998Z   Version:          1.3.4
2026-03-01T10:45:23.2377405Z   GitCommit:        v1.3.4-0-gd6d73eb8
2026-03-01T10:45:23.2377841Z  docker-init:
2026-03-01T10:45:23.2378190Z   Version:          0.19.0
2026-03-01T10:45:23.2378597Z   GitCommit:        de40ad0
2026-03-01T10:45:23.2437811Z [command]/usr/bin/docker info
2026-03-01T10:45:25.4334865Z Client: Docker Engine - Community
2026-03-01T10:45:25.4336776Z  Version:    28.0.4
2026-03-01T10:45:25.4339011Z  Context:    default
2026-03-01T10:45:25.4339399Z  Debug Mode: false
2026-03-01T10:45:25.4339740Z  Plugins:
2026-03-01T10:45:25.4340065Z   buildx: Docker Buildx (Docker Inc.)
2026-03-01T10:45:25.4340487Z     Version:  v0.31.1
2026-03-01T10:45:25.4340948Z     Path:     /usr/libexec/docker/cli-plugins/docker-buildx
2026-03-01T10:45:25.4342178Z   compose: Docker Compose (Docker Inc.)
2026-03-01T10:45:25.4342628Z     Version:  v2.38.2
2026-03-01T10:45:25.4343128Z     Path:     /usr/libexec/docker/cli-plugins/docker-compose
2026-03-01T10:45:25.4343521Z 
2026-03-01T10:45:25.4343638Z Server:
2026-03-01T10:45:25.4344108Z  Containers: 0
2026-03-01T10:45:25.4344445Z   Running: 0
2026-03-01T10:45:25.4344771Z   Paused: 0
2026-03-01T10:45:25.4345031Z   Stopped: 0
2026-03-01T10:45:25.4345234Z  Images: 1
2026-03-01T10:45:25.4345407Z  Server Version: 28.0.4
2026-03-01T10:45:25.4345627Z  Storage Driver: overlay2
2026-03-01T10:45:25.4345862Z   Backing Filesystem: extfs
2026-03-01T10:45:25.4346085Z   Supports d_type: true
2026-03-01T10:45:25.4346300Z   Using metacopy: false
2026-03-01T10:45:25.4346507Z   Native Overlay Diff: false
2026-03-01T10:45:25.4346718Z   userxattr: false
2026-03-01T10:45:25.4346922Z  Logging Driver: json-file
2026-03-01T10:45:25.4347155Z  Cgroup Driver: systemd
2026-03-01T10:45:25.4347467Z  Cgroup Version: 2
2026-03-01T10:45:25.4347793Z  Plugins:
2026-03-01T10:45:25.4348111Z   Volume: local
2026-03-01T10:45:25.4348352Z   Network: bridge host ipvlan macvlan null overlay
2026-03-01T10:45:25.4348891Z   Log: awslogs fluentd gcplogs gelf journald json-file local splunk syslog
2026-03-01T10:45:25.4349256Z  Swarm: inactive
2026-03-01T10:45:25.4349460Z  Runtimes: io.containerd.runc.v2 runc
2026-03-01T10:45:25.4349714Z  Default Runtime: runc
2026-03-01T10:45:25.4350302Z  Init Binary: docker-init
2026-03-01T10:45:25.4350612Z  containerd version: dea7da592f5d1d2b7755e3a161be07f43fad8f75
2026-03-01T10:45:25.4350941Z  runc version: v1.3.4-0-gd6d73eb8
2026-03-01T10:45:25.4351180Z  init version: de40ad0
2026-03-01T10:45:25.4351519Z  Security Options:
2026-03-01T10:45:25.4351704Z   apparmor
2026-03-01T10:45:25.4351871Z   seccomp
2026-03-01T10:45:25.4352033Z    Profile: builtin
2026-03-01T10:45:25.4352220Z   cgroupns
2026-03-01T10:45:25.4352397Z  Kernel Version: 6.14.0-1017-azure
2026-03-01T10:45:25.4352639Z  Operating System: Ubuntu 24.04.3 LTS
2026-03-01T10:45:25.4352880Z  OSType: linux
2026-03-01T10:45:25.4353065Z  Architecture: x86_64
2026-03-01T10:45:25.4353252Z  CPUs: 4
2026-03-01T10:45:25.4353421Z  Total Memory: 15.62GiB
2026-03-01T10:45:25.4353625Z  Name: runnervmnay03
2026-03-01T10:45:25.4353828Z  ID: 2798490f-3934-4089-859a-ba9f3856e68c
2026-03-01T10:45:25.4354388Z  Docker Root Dir: /var/lib/docker
2026-03-01T10:45:25.4354620Z  Debug Mode: false
2026-03-01T10:45:25.4354814Z  Username: githubactions
2026-03-01T10:45:25.4355027Z  Experimental: false
2026-03-01T10:45:25.4355366Z  Insecure Registries:
2026-03-01T10:45:25.4359878Z   ::1/128
2026-03-01T10:45:25.4360095Z   127.0.0.0/8
2026-03-01T10:45:25.4360304Z  Live Restore Enabled: false
2026-03-01T10:45:25.4360485Z 
2026-03-01T10:45:25.4360946Z ##[endgroup]
2026-03-01T10:45:25.5279864Z ##[group]Buildx version
2026-03-01T10:45:25.5306843Z [command]/usr/bin/docker buildx version
2026-03-01T10:45:25.6139983Z github.com/docker/buildx v0.31.1 a2675950d46b2cb171b23c2015ca44fb88607531
2026-03-01T10:45:25.6175640Z ##[endgroup]
2026-03-01T10:45:25.6376485Z ##[group]Inspecting default docker context
2026-03-01T10:45:25.6558095Z [
2026-03-01T10:45:25.6558440Z   {
2026-03-01T10:45:25.6558731Z     "Name": "default",
2026-03-01T10:45:25.6559110Z     "Metadata": {},
2026-03-01T10:45:25.6559437Z     "Endpoints": {
2026-03-01T10:45:25.6559757Z       "docker": {
2026-03-01T10:45:25.6560115Z         "Host": "unix:///var/run/docker.sock",
2026-03-01T10:45:25.6560626Z         "SkipTLSVerify": false
2026-03-01T10:45:25.6561003Z       }
2026-03-01T10:45:25.6561266Z     },
2026-03-01T10:45:25.6561547Z     "TLSMaterial": {},
2026-03-01T10:45:25.6561883Z     "Storage": {
2026-03-01T10:45:25.6562183Z       "MetadataPath": "<IN MEMORY>",
2026-03-01T10:45:25.6562447Z       "TLSPath": "<IN MEMORY>"
2026-03-01T10:45:25.6562655Z     }
2026-03-01T10:45:25.6562811Z   }
2026-03-01T10:45:25.6562955Z ]
2026-03-01T10:45:25.6563500Z ##[endgroup]
2026-03-01T10:45:25.6563880Z ##[group]Creating a new builder instance
2026-03-01T10:45:25.7313283Z [command]/usr/bin/docker buildx create --name builder-53913cc8-8ff3-4376-9d33-e7425c77bf96 --driver docker-container --buildkitd-flags --allow-insecure-entitlement security.insecure --allow-insecure-entitlement network.host --use
2026-03-01T10:45:25.7949001Z builder-53913cc8-8ff3-4376-9d33-e7425c77bf96
2026-03-01T10:45:25.7986629Z ##[endgroup]
2026-03-01T10:45:25.7987365Z ##[group]Booting builder
2026-03-01T10:45:25.8026523Z [command]/usr/bin/docker buildx inspect --bootstrap --builder builder-53913cc8-8ff3-4376-9d33-e7425c77bf96
2026-03-01T10:45:25.8751601Z #1 [internal] booting buildkit
2026-03-01T10:45:26.0256276Z #1 pulling image moby/buildkit:buildx-stable-1
2026-03-01T10:45:29.3838260Z #1 pulling image moby/buildkit:buildx-stable-1 3.5s done
2026-03-01T10:45:29.5346201Z #1 creating container buildx_buildkit_builder-53913cc8-8ff3-4376-9d33-e7425c77bf960
2026-03-01T10:45:29.6701279Z #1 creating container buildx_buildkit_builder-53913cc8-8ff3-4376-9d33-e7425c77bf960 0.3s done
2026-03-01T10:45:29.6730693Z #1 DONE 3.8s
2026-03-01T10:45:29.7066261Z Name:          builder-53913cc8-8ff3-4376-9d33-e7425c77bf96
2026-03-01T10:45:29.7066697Z Driver:        docker-container
2026-03-01T10:45:29.7067826Z Last Activity: 2026-03-01 10:45:25 +0000 UTC
2026-03-01T10:45:29.7068134Z 
2026-03-01T10:45:29.7068255Z Nodes:
2026-03-01T10:45:29.7068651Z Name:                  builder-53913cc8-8ff3-4376-9d33-e7425c77bf960
2026-03-01T10:45:29.7069483Z Endpoint:              unix:///var/run/docker.sock
2026-03-01T10:45:29.7069823Z Status:                running
2026-03-01T10:45:29.7070531Z BuildKit daemon flags: --allow-insecure-entitlement security.insecure --allow-insecure-entitlement network.host
2026-03-01T10:45:29.7071380Z BuildKit version:      v0.27.1
2026-03-01T10:45:29.7072290Z Platforms:             linux/amd64, linux/amd64/v2, linux/amd64/v3, linux/386
2026-03-01T10:45:29.7072626Z Labels:
2026-03-01T10:45:29.7072970Z  org.mobyproject.buildkit.worker.executor:         oci
2026-03-01T10:45:29.7073389Z  org.mobyproject.buildkit.worker.hostname:         cab97a524b85
2026-03-01T10:45:29.7073871Z  org.mobyproject.buildkit.worker.network:          host
2026-03-01T10:45:29.7075620Z  org.mobyproject.buildkit.worker.oci.process-mode: sandbox
2026-03-01T10:45:29.7076324Z  org.mobyproject.buildkit.worker.selinux.enabled:  false
2026-03-01T10:45:29.7076938Z  org.mobyproject.buildkit.worker.snapshotter:      overlayfs
2026-03-01T10:45:29.7077264Z GC Policy rule#0:
2026-03-01T10:45:29.7077476Z  All:            false
2026-03-01T10:45:29.7077811Z  Filters:        type==source.local,type==exec.cachemount,type==source.git.checkout
2026-03-01T10:45:29.7078189Z  Keep Duration:  48h0m0s
2026-03-01T10:45:29.7078400Z  Max Used Space: 488.3MiB
2026-03-01T10:45:29.7078612Z GC Policy rule#1:
2026-03-01T10:45:29.7078790Z  All:            false
2026-03-01T10:45:29.7078985Z  Keep Duration:  1440h0m0s
2026-03-01T10:45:29.7079192Z  Reserved Space: 9.313GiB
2026-03-01T10:45:29.7079384Z  Max Used Space: 93.13GiB
2026-03-01T10:45:29.7079577Z  Min Free Space: 27.01GiB
2026-03-01T10:45:29.7079767Z GC Policy rule#2:
2026-03-01T10:45:29.7079937Z  All:            false
2026-03-01T10:45:29.7080137Z  Reserved Space: 9.313GiB
2026-03-01T10:45:29.7080340Z  Max Used Space: 93.13GiB
2026-03-01T10:45:29.7080528Z  Min Free Space: 27.01GiB
2026-03-01T10:45:29.7080721Z GC Policy rule#3:
2026-03-01T10:45:29.7080911Z  All:            true
2026-03-01T10:45:29.7081099Z  Reserved Space: 9.313GiB
2026-03-01T10:45:29.7081302Z  Max Used Space: 93.13GiB
2026-03-01T10:45:29.7081502Z  Min Free Space: 27.01GiB
2026-03-01T10:45:29.7145491Z ##[endgroup]
2026-03-01T10:45:29.8116051Z ##[group]Inspect builder
2026-03-01T10:45:29.8118655Z {
2026-03-01T10:45:29.8118957Z   "nodes": [
2026-03-01T10:45:29.8119288Z     {
2026-03-01T10:45:29.8119683Z       "name": "builder-53913cc8-8ff3-4376-9d33-e7425c77bf960",
2026-03-01T10:45:29.8120278Z       "endpoint": "unix:///var/run/docker.sock",
2026-03-01T10:45:29.8120659Z       "status": "running",
2026-03-01T10:45:29.8121543Z       "buildkitd-flags": "--allow-insecure-entitlement security.insecure --allow-insecure-entitlement network.host",
2026-03-01T10:45:29.8123235Z       "buildkit": "v0.27.1",
2026-03-01T10:45:29.8124185Z       "platforms": "linux/amd64,linux/amd64/v2,linux/amd64/v3,linux/386",
2026-03-01T10:45:29.8124808Z       "features": {
2026-03-01T10:45:29.8125345Z         "Automatically load images to the Docker Engine image store": true,
2026-03-01T10:45:29.8126326Z         "Cache export": true,
2026-03-01T10:45:29.8126726Z         "Direct push": true,
2026-03-01T10:45:29.8127113Z         "Docker exporter": true,
2026-03-01T10:45:29.8127514Z         "Multi-platform build": true,
2026-03-01T10:45:29.8127948Z         "OCI exporter": true
2026-03-01T10:45:29.8128298Z       },
2026-03-01T10:45:29.8128596Z       "labels": {
2026-03-01T10:45:29.8129025Z         "org.mobyproject.buildkit.worker.executor": "oci",
2026-03-01T10:45:29.8129706Z         "org.mobyproject.buildkit.worker.hostname": "cab97a524b85",
2026-03-01T10:45:29.8130356Z         "org.mobyproject.buildkit.worker.network": "host",
2026-03-01T10:45:29.8131878Z         "org.mobyproject.buildkit.worker.oci.process-mode": "sandbox",
2026-03-01T10:45:29.8132653Z         "org.mobyproject.buildkit.worker.selinux.enabled": "false",
2026-03-01T10:45:29.8133241Z         "org.mobyproject.buildkit.worker.snapshotter": "overlayfs"
2026-03-01T10:45:29.8133594Z       },
2026-03-01T10:45:29.8133807Z       "gcPolicy": [
2026-03-01T10:45:29.8134686Z         {
2026-03-01T10:45:29.8134874Z           "all": false,
2026-03-01T10:45:29.8135076Z           "filter": [
2026-03-01T10:45:29.8135284Z             "type==source.local",
2026-03-01T10:45:29.8135518Z             "type==exec.cachemount",
2026-03-01T10:45:29.8135909Z             "type==source.git.checkout"
2026-03-01T10:45:29.8136141Z           ],
2026-03-01T10:45:29.8136315Z           "keepDuration": "48h0m0s"
2026-03-01T10:45:29.8136531Z         },
2026-03-01T10:45:29.8136685Z         {
2026-03-01T10:45:29.8136836Z           "all": false,
2026-03-01T10:45:29.8137038Z           "keepDuration": "1440h0m0s"
2026-03-01T10:45:29.8137260Z         },
2026-03-01T10:45:29.8137405Z         {
2026-03-01T10:45:29.8137836Z           "all": false
2026-03-01T10:45:29.8138114Z         },
2026-03-01T10:45:29.8138350Z         {
2026-03-01T10:45:29.8138601Z           "all": true
2026-03-01T10:45:29.8138886Z         }
2026-03-01T10:45:29.8139129Z       ]
2026-03-01T10:45:29.8139371Z     }
2026-03-01T10:45:29.8139605Z   ],
2026-03-01T10:45:29.8139981Z   "name": "builder-53913cc8-8ff3-4376-9d33-e7425c77bf96",
2026-03-01T10:45:29.8140476Z   "driver": "docker-container",
2026-03-01T10:45:29.8140858Z   "lastActivity": "2026-03-01T10:45:25.000Z"
2026-03-01T10:45:29.8141265Z }
2026-03-01T10:45:29.8141667Z ##[endgroup]
2026-03-01T10:45:29.8141990Z ##[group]BuildKit version
2026-03-01T10:45:29.8142265Z builder-53913cc8-8ff3-4376-9d33-e7425c77bf960: v0.27.1
2026-03-01T10:45:29.8142672Z ##[endgroup]
2026-03-01T10:45:29.8287896Z ##[group]Run docker/login-action@74a5d142397b4f367a81961eba4e8cd7edddf772
2026-03-01T10:45:29.8288285Z with:
2026-03-01T10:45:29.8288586Z   username: ***
2026-03-01T10:45:29.8288836Z   password: ***
2026-03-01T10:45:29.8289012Z   ecr: auto
2026-03-01T10:45:29.8289172Z   logout: true
2026-03-01T10:45:29.8289348Z ##[endgroup]
2026-03-01T10:45:30.1387680Z Logging into Docker Hub...
2026-03-01T10:45:30.4662819Z Login Succeeded!
2026-03-01T10:45:30.4820807Z ##[group]Run SHORT_SHA=$(echo "e62cd111752add694d69c5d88a4369eb038f1a80" | cut -c1-7)
2026-03-01T10:45:30.4821484Z [36;1mSHORT_SHA=$(echo "e62cd111752add694d69c5d88a4369eb038f1a80" | cut -c1-7)[0m
2026-03-01T10:45:30.4822031Z [36;1mIMAGE="***/hpoll-admin"[0m
2026-03-01T10:45:30.4822349Z [36;1mecho "short_sha=${SHORT_SHA}" >> "$GITHUB_OUTPUT"[0m
2026-03-01T10:45:30.4822706Z [36;1mecho "image=${IMAGE}" >> "$GITHUB_OUTPUT"[0m
2026-03-01T10:45:30.4822981Z [36;1m[0m
2026-03-01T10:45:30.4823175Z [36;1m# Build tag list based on context[0m
2026-03-01T10:45:30.4823480Z [36;1mTAGS="${IMAGE}:${SHORT_SHA},${IMAGE}:latest-any"[0m
2026-03-01T10:45:30.4824119Z [36;1mif [ "refs/heads/claude/explore-devices-table-ga0Rs" = "refs/heads/main" ]; then[0m
2026-03-01T10:45:30.4824582Z [36;1m  TAGS="${TAGS},${IMAGE}:latest"[0m
2026-03-01T10:45:30.4824987Z [36;1melif [ "refs/heads/claude/explore-devices-table-ga0Rs" = "refs/heads/dev" ]; then[0m
2026-03-01T10:45:30.4825447Z [36;1m  TAGS="${TAGS},${IMAGE}:dev"[0m
2026-03-01T10:45:30.4825719Z [36;1melif [ "push" = "pull_request" ]; then[0m
2026-03-01T10:45:30.4825992Z [36;1m  TAGS="${TAGS},${IMAGE}:pr-"[0m
2026-03-01T10:45:30.4826228Z [36;1melse[0m
2026-03-01T10:45:30.4826491Z [36;1m  # Branch build — sanitize branch name for use as a tag[0m
2026-03-01T10:45:30.4827055Z [36;1m  BRANCH_TAG=$(echo "claude/explore-devices-table-ga0Rs" | sed 's|[^a-zA-Z0-9._-]|-|g' | cut -c1-128)[0m
2026-03-01T10:45:30.4827551Z [36;1m  TAGS="${TAGS},${IMAGE}:${BRANCH_TAG}"[0m
2026-03-01T10:45:30.4827810Z [36;1mfi[0m
2026-03-01T10:45:30.4828005Z [36;1mecho "tags=${TAGS}" >> "$GITHUB_OUTPUT"[0m
2026-03-01T10:45:30.4881666Z shell: /usr/bin/bash -e {0}
2026-03-01T10:45:30.4881964Z ##[endgroup]
2026-03-01T10:45:30.5138315Z ##[group]Run docker/build-push-action@14487ce63c7a62a4a324b0bfb37086795e31c6c1
2026-03-01T10:45:30.5138863Z with:
2026-03-01T10:45:30.5139090Z   context: .
2026-03-01T10:45:30.5139514Z   file: Dockerfile.admin
2026-03-01T10:45:30.5139841Z   push: true
2026-03-01T10:45:30.5140548Z   tags: ***/hpoll-admin:e62cd11,***/hpoll-admin:latest-any,***/hpoll-admin:claude-explore-devices-table-ga0Rs
2026-03-01T10:45:30.5141143Z   cache-from: type=gha,scope=admin
2026-03-01T10:45:30.5141521Z   cache-to: type=gha,mode=max,scope=admin
2026-03-01T10:45:30.5141919Z   load: false
2026-03-01T10:45:30.5142413Z   no-cache: false
2026-03-01T10:45:30.5142716Z   pull: false
2026-03-01T10:45:30.5143217Z   github-token: ***
2026-03-01T10:45:30.5143547Z ##[endgroup]
2026-03-01T10:45:30.7669465Z ##[group]GitHub Actions runtime token ACs
2026-03-01T10:45:30.7680422Z refs/heads/claude/explore-devices-table-ga0Rs: read/write
2026-03-01T10:45:30.7681481Z refs/heads/main: read
2026-03-01T10:45:30.7682675Z ##[endgroup]
2026-03-01T10:45:30.7683704Z ##[group]Docker info
2026-03-01T10:45:30.7753752Z [command]/usr/bin/docker version
2026-03-01T10:45:30.7962494Z Client: Docker Engine - Community
2026-03-01T10:45:30.7963187Z  Version:           28.0.4
2026-03-01T10:45:30.7966917Z  API version:       1.48
2026-03-01T10:45:30.7967456Z  Go version:        go1.23.7
2026-03-01T10:45:30.7968115Z  Git commit:        b8034c0
2026-03-01T10:45:30.7968658Z  Built:             Tue Mar 25 15:07:16 2025
2026-03-01T10:45:30.7969156Z  OS/Arch:           linux/amd64
2026-03-01T10:45:30.7969552Z  Context:           default
2026-03-01T10:45:30.7969747Z 
2026-03-01T10:45:30.7969875Z Server: Docker Engine - Community
2026-03-01T10:45:30.7970207Z  Engine:
2026-03-01T10:45:30.7970566Z   Version:          28.0.4
2026-03-01T10:45:30.7970875Z   API version:      1.48 (minimum version 1.24)
2026-03-01T10:45:30.7971249Z   Go version:       go1.23.7
2026-03-01T10:45:30.7971687Z   Git commit:       6430e49
2026-03-01T10:45:30.7972031Z   Built:            Tue Mar 25 15:07:16 2025
2026-03-01T10:45:30.7972345Z   OS/Arch:          linux/amd64
2026-03-01T10:45:30.7972750Z   Experimental:     false
2026-03-01T10:45:30.7973061Z  containerd:
2026-03-01T10:45:30.7973301Z   Version:          v2.2.1
2026-03-01T10:45:30.7973720Z   GitCommit:        dea7da592f5d1d2b7755e3a161be07f43fad8f75
2026-03-01T10:45:30.7974558Z  runc:
2026-03-01T10:45:30.7974958Z   Version:          1.3.4
2026-03-01T10:45:30.7975568Z   GitCommit:        v1.3.4-0-gd6d73eb8
2026-03-01T10:45:30.7975923Z  docker-init:
2026-03-01T10:45:30.7976166Z   Version:          0.19.0
2026-03-01T10:45:30.7976540Z   GitCommit:        de40ad0
2026-03-01T10:45:30.8017533Z [command]/usr/bin/docker info
2026-03-01T10:45:30.8598000Z Client: Docker Engine - Community
2026-03-01T10:45:30.8598822Z  Version:    28.0.4
2026-03-01T10:45:30.8599405Z  Context:    default
2026-03-01T10:45:30.8599917Z  Debug Mode: false
2026-03-01T10:45:30.8600458Z  Plugins:
2026-03-01T10:45:30.8600919Z   buildx: Docker Buildx (Docker Inc.)
2026-03-01T10:45:30.8601439Z     Version:  v0.31.1
2026-03-01T10:45:30.8601949Z     Path:     /usr/libexec/docker/cli-plugins/docker-buildx
2026-03-01T10:45:30.8602398Z   compose: Docker Compose (Docker Inc.)
2026-03-01T10:45:30.8602729Z     Version:  v2.38.2
2026-03-01T10:45:30.8603162Z     Path:     /usr/libexec/docker/cli-plugins/docker-compose
2026-03-01T10:45:30.8603421Z 
2026-03-01T10:45:30.8603566Z Server:
2026-03-01T10:45:30.8603864Z  Containers: 1
2026-03-01T10:45:30.8604350Z   Running: 1
2026-03-01T10:45:30.8604627Z   Paused: 0
2026-03-01T10:45:30.8604984Z   Stopped: 0
2026-03-01T10:45:30.8605244Z  Images: 2
2026-03-01T10:45:30.8605519Z  Server Version: 28.0.4
2026-03-01T10:45:30.8606042Z  Storage Driver: overlay2
2026-03-01T10:45:30.8606349Z   Backing Filesystem: extfs
2026-03-01T10:45:30.8606671Z   Supports d_type: true
2026-03-01T10:45:30.8607041Z   Using metacopy: false
2026-03-01T10:45:30.8607325Z   Native Overlay Diff: false
2026-03-01T10:45:30.8607645Z   userxattr: false
2026-03-01T10:45:30.8608327Z  Logging Driver: json-file
2026-03-01T10:45:30.8608693Z  Cgroup Driver: systemd
2026-03-01T10:45:30.8609033Z  Cgroup Version: 2
2026-03-01T10:45:30.8609366Z  Plugins:
2026-03-01T10:45:30.8609614Z   Volume: local
2026-03-01T10:45:30.8609934Z   Network: bridge host ipvlan macvlan null overlay
2026-03-01T10:45:30.8610505Z   Log: awslogs fluentd gcplogs gelf journald json-file local splunk syslog
2026-03-01T10:45:30.8610935Z  Swarm: inactive
2026-03-01T10:45:30.8611277Z  Runtimes: io.containerd.runc.v2 runc
2026-03-01T10:45:30.8611753Z  Default Runtime: runc
2026-03-01T10:45:30.8612672Z  Init Binary: docker-init
2026-03-01T10:45:30.8613360Z  containerd version: dea7da592f5d1d2b7755e3a161be07f43fad8f75
2026-03-01T10:45:30.8614913Z  runc version: v1.3.4-0-gd6d73eb8
2026-03-01T10:45:30.8615626Z  init version: de40ad0
2026-03-01T10:45:30.8616095Z  Security Options:
2026-03-01T10:45:30.8616651Z   apparmor
2026-03-01T10:45:30.8617116Z   seccomp
2026-03-01T10:45:30.8617534Z    Profile: builtin
2026-03-01T10:45:30.8618114Z   cgroupns
2026-03-01T10:45:30.8618622Z  Kernel Version: 6.14.0-1017-azure
2026-03-01T10:45:30.8619117Z  Operating System: Ubuntu 24.04.3 LTS
2026-03-01T10:45:30.8619806Z  OSType: linux
2026-03-01T10:45:30.8646193Z  Architecture: x86_64
2026-03-01T10:45:30.8646594Z  CPUs: 4
2026-03-01T10:45:30.8646907Z  Total Memory: 15.62GiB
2026-03-01T10:45:30.8647296Z  Name: runnervmnay03
2026-03-01T10:45:30.8647701Z  ID: 2798490f-3934-4089-859a-ba9f3856e68c
2026-03-01T10:45:30.8648170Z  Docker Root Dir: /var/lib/docker
2026-03-01T10:45:30.8648604Z  Debug Mode: false
2026-03-01T10:45:30.8649189Z  Username: ***
2026-03-01T10:45:30.8649557Z  Experimental: false
2026-03-01T10:45:30.8649946Z  Insecure Registries:
2026-03-01T10:45:30.8650372Z   ::1/128
2026-03-01T10:45:30.8650685Z   127.0.0.0/8
2026-03-01T10:45:30.8651021Z  Live Restore Enabled: false
2026-03-01T10:45:30.8651298Z 
2026-03-01T10:45:30.8651830Z ##[endgroup]
2026-03-01T10:45:30.8652482Z ##[group]Proxy configuration
2026-03-01T10:45:30.8652942Z No proxy configuration found
2026-03-01T10:45:30.8653657Z ##[endgroup]
2026-03-01T10:45:30.9335402Z ##[group]Buildx version
2026-03-01T10:45:30.9365674Z [command]/usr/bin/docker buildx version
2026-03-01T10:45:31.0015914Z github.com/docker/buildx v0.31.1 a2675950d46b2cb171b23c2015ca44fb88607531
2026-03-01T10:45:31.0051848Z ##[endgroup]
2026-03-01T10:45:31.0052251Z ##[group]Builder info
2026-03-01T10:45:31.1116994Z {
2026-03-01T10:45:31.1120032Z   "nodes": [
2026-03-01T10:45:31.1120680Z     {
2026-03-01T10:45:31.1121174Z       "name": "builder-53913cc8-8ff3-4376-9d33-e7425c77bf960",
2026-03-01T10:45:31.1121721Z       "endpoint": "unix:///var/run/docker.sock",
2026-03-01T10:45:31.1122016Z       "status": "running",
2026-03-01T10:45:31.1122525Z       "buildkitd-flags": "--allow-insecure-entitlement security.insecure --allow-insecure-entitlement network.host",
2026-03-01T10:45:31.1123033Z       "buildkit": "v0.27.1",
2026-03-01T10:45:31.1123347Z       "platforms": "linux/amd64,linux/amd64/v2,linux/amd64/v3,linux/386",
2026-03-01T10:45:31.1123690Z       "features": {
2026-03-01T10:45:31.1124223Z         "Automatically load images to the Docker Engine image store": true,
2026-03-01T10:45:31.1124635Z         "Cache export": true,
2026-03-01T10:45:31.1124872Z         "Direct push": true,
2026-03-01T10:45:31.1125096Z         "Docker exporter": true,
2026-03-01T10:45:31.1125328Z         "Multi-platform build": true,
2026-03-01T10:45:31.1125575Z         "OCI exporter": true
2026-03-01T10:45:31.1125781Z       },
2026-03-01T10:45:31.1125937Z       "labels": {
2026-03-01T10:45:31.1126188Z         "org.mobyproject.buildkit.worker.executor": "oci",
2026-03-01T10:45:31.1126585Z         "org.mobyproject.buildkit.worker.hostname": "cab97a524b85",
2026-03-01T10:45:31.1126962Z         "org.mobyproject.buildkit.worker.network": "host",
2026-03-01T10:45:31.1127364Z         "org.mobyproject.buildkit.worker.oci.process-mode": "sandbox",
2026-03-01T10:45:31.1127788Z         "org.mobyproject.buildkit.worker.selinux.enabled": "false",
2026-03-01T10:45:31.1128508Z         "org.mobyproject.buildkit.worker.snapshotter": "overlayfs"
2026-03-01T10:45:31.1128830Z       },
2026-03-01T10:45:31.1128995Z       "gcPolicy": [
2026-03-01T10:45:31.1129168Z         {
2026-03-01T10:45:31.1129336Z           "all": false,
2026-03-01T10:45:31.1129529Z           "filter": [
2026-03-01T10:45:31.1129724Z             "type==source.local",
2026-03-01T10:45:31.1129957Z             "type==exec.cachemount",
2026-03-01T10:45:31.1130205Z             "type==source.git.checkout"
2026-03-01T10:45:31.1130428Z           ],
2026-03-01T10:45:31.1130608Z           "keepDuration": "48h0m0s"
2026-03-01T10:45:31.1130962Z         },
2026-03-01T10:45:31.1131113Z         {
2026-03-01T10:45:31.1131272Z           "all": false,
2026-03-01T10:45:31.1131473Z           "keepDuration": "1440h0m0s"
2026-03-01T10:45:31.1131688Z         },
2026-03-01T10:45:31.1131841Z         {
2026-03-01T10:45:31.1132000Z           "all": false
2026-03-01T10:45:31.1132172Z         },
2026-03-01T10:45:31.1132324Z         {
2026-03-01T10:45:31.1132494Z           "all": true
2026-03-01T10:45:31.1132665Z         }
2026-03-01T10:45:31.1132822Z       ]
2026-03-01T10:45:31.1132976Z     }
2026-03-01T10:45:31.1133121Z   ],
2026-03-01T10:45:31.1133346Z   "name": "builder-53913cc8-8ff3-4376-9d33-e7425c77bf96",
2026-03-01T10:45:31.1133662Z   "driver": "docker-container",
2026-03-01T10:45:31.1133907Z   "lastActivity": "2026-03-01T10:45:25.000Z"
2026-03-01T10:45:31.1134934Z }
2026-03-01T10:45:31.1135522Z ##[endgroup]
2026-03-01T10:45:31.2922929Z [command]/usr/bin/docker buildx build --cache-from type=gha,scope=admin --cache-to type=gha,mode=max,scope=admin --file Dockerfile.admin --iidfile /home/runner/work/_temp/docker-actions-toolkit-Xl0XvQ/build-iidfile-c9301ec4f8.txt --attest type=provenance,mode=max,builder-id=https://github.com/***/hpoll/actions/runs/22541736825/attempts/1 --tag ***/hpoll-admin:e62cd11 --tag ***/hpoll-admin:latest-any --tag ***/hpoll-admin:claude-explore-devices-table-ga0Rs --metadata-file /home/runner/work/_temp/docker-actions-toolkit-Xl0XvQ/build-metadata-8b7a2a1c82.json --push .
2026-03-01T10:45:31.5888004Z #0 building with "builder-53913cc8-8ff3-4376-9d33-e7425c77bf96" instance using docker-container driver
2026-03-01T10:45:31.5888776Z 
2026-03-01T10:45:31.5889350Z #1 [internal] load build definition from Dockerfile.admin
2026-03-01T10:45:31.5890046Z #1 transferring dockerfile: 1.46kB done
2026-03-01T10:45:31.5890508Z #1 DONE 0.0s
2026-03-01T10:45:31.5890707Z 
2026-03-01T10:45:31.5890940Z #2 [internal] load metadata for mcr.microsoft.com/dotnet/sdk:8.0
2026-03-01T10:45:31.5891265Z #2 DONE 0.1s
2026-03-01T10:45:31.5891388Z 
2026-03-01T10:45:31.5891693Z #3 [internal] load metadata for mcr.microsoft.com/dotnet/aspnet:8.0
2026-03-01T10:45:31.7647445Z #3 DONE 0.1s
2026-03-01T10:45:31.7647719Z 
2026-03-01T10:45:31.7647889Z #4 [internal] load .dockerignore
2026-03-01T10:45:31.7648361Z #4 transferring context: 192B done
2026-03-01T10:45:31.7648781Z #4 DONE 0.0s
2026-03-01T10:45:31.7648974Z 
2026-03-01T10:45:31.7649166Z #5 [internal] load build context
2026-03-01T10:45:31.7649565Z #5 DONE 0.0s
2026-03-01T10:45:31.7649687Z 
2026-03-01T10:45:31.7650131Z #6 [build  1/14] FROM mcr.microsoft.com/dotnet/sdk:8.0@sha256:bfb6ed602caa605141700aea7dc7d42574b74b704368e67d683c71a002123808
2026-03-01T10:45:31.7651095Z #6 resolve mcr.microsoft.com/dotnet/sdk:8.0@sha256:bfb6ed602caa605141700aea7dc7d42574b74b704368e67d683c71a002123808 done
2026-03-01T10:45:31.7651706Z #6 DONE 0.0s
2026-03-01T10:45:31.7651821Z 
2026-03-01T10:45:31.7652264Z #7 [runtime 1/4] FROM mcr.microsoft.com/dotnet/aspnet:8.0@sha256:88c86e5469c2b69969e07343193fd3dbe4ff6936d95b994dbfa27348299af111
2026-03-01T10:45:31.7653244Z #7 resolve mcr.microsoft.com/dotnet/aspnet:8.0@sha256:88c86e5469c2b69969e07343193fd3dbe4ff6936d95b994dbfa27348299af111 done
2026-03-01T10:45:31.7653859Z #7 DONE 0.0s
2026-03-01T10:45:31.7654202Z 
2026-03-01T10:45:31.7654368Z #8 importing cache manifest from gha:690321898034376832
2026-03-01T10:45:31.8646924Z #8 DONE 0.3s
2026-03-01T10:45:32.0586768Z 
2026-03-01T10:45:32.0587734Z #5 [internal] load build context
2026-03-01T10:45:32.0588346Z #5 transferring context: 476.30kB 0.0s done
2026-03-01T10:45:32.0588790Z #5 DONE 0.0s
2026-03-01T10:45:32.0588963Z 
2026-03-01T10:45:32.0589219Z #9 [build  5/14] COPY src/Hpoll.Data/Hpoll.Data.csproj src/Hpoll.Data/
2026-03-01T10:45:32.0589569Z #9 CACHED
2026-03-01T10:45:32.0589668Z 
2026-03-01T10:45:32.0589767Z #10 [build  3/14] COPY Hpoll.sln ./
2026-03-01T10:45:32.0590000Z #10 CACHED
2026-03-01T10:45:32.0590105Z 
2026-03-01T10:45:32.0590288Z #11 [build  8/14] COPY src/Hpoll.Admin/Hpoll.Admin.csproj src/Hpoll.Admin/
2026-03-01T10:45:32.0590817Z #11 CACHED
2026-03-01T10:45:32.0590912Z 
2026-03-01T10:45:32.0591162Z #12 [build  9/14] COPY tests/Hpoll.Core.Tests/Hpoll.Core.Tests.csproj tests/Hpoll.Core.Tests/
2026-03-01T10:45:32.0591720Z #12 CACHED
2026-03-01T10:45:32.0591904Z 
2026-03-01T10:45:32.0592236Z #13 [build 10/14] COPY tests/Hpoll.Worker.Tests/Hpoll.Worker.Tests.csproj tests/Hpoll.Worker.Tests/
2026-03-01T10:45:32.0592786Z #13 CACHED
2026-03-01T10:45:32.0592958Z 
2026-03-01T10:45:32.0593096Z #14 [build  2/14] WORKDIR /src
2026-03-01T10:45:32.0593463Z #14 CACHED
2026-03-01T10:45:32.0593620Z 
2026-03-01T10:45:32.0594154Z #15 [build  6/14] COPY src/Hpoll.Email/Hpoll.Email.csproj src/Hpoll.Email/
2026-03-01T10:45:32.0594739Z #15 CACHED
2026-03-01T10:45:32.0594908Z 
2026-03-01T10:45:32.0595352Z #16 [build 11/14] COPY tests/Hpoll.Admin.Tests/Hpoll.Admin.Tests.csproj tests/Hpoll.Admin.Tests/
2026-03-01T10:45:32.0596074Z #16 CACHED
2026-03-01T10:45:32.0596173Z 
2026-03-01T10:45:32.0596414Z #17 [build  7/14] COPY src/Hpoll.Worker/Hpoll.Worker.csproj src/Hpoll.Worker/
2026-03-01T10:45:32.0597012Z #17 CACHED
2026-03-01T10:45:32.0597184Z 
2026-03-01T10:45:32.0597416Z #18 [build  4/14] COPY src/Hpoll.Core/Hpoll.Core.csproj src/Hpoll.Core/
2026-03-01T10:45:32.0597739Z #18 CACHED
2026-03-01T10:45:32.0597828Z 
2026-03-01T10:45:32.0597911Z #19 [build 12/14] RUN dotnet restore
2026-03-01T10:45:32.1478506Z #19 CACHED
2026-03-01T10:45:32.2932624Z 
2026-03-01T10:45:32.2933879Z #19 [build 12/14] RUN dotnet restore
2026-03-01T10:45:32.2935493Z #19 sha256:4d54441c8ba1fae0b64e9f9818c9c2b9326c13edd1523774f0883e031d39ac0f 638B / 638B 0.0s done
2026-03-01T10:45:32.2936980Z #19 sha256:9b9e8ceea198a2f1752bb4365e4d1d074a908be2c37ed9fe7b0491553172af1f 640B / 640B 0.1s done
2026-03-01T10:45:32.3974759Z #19 sha256:70dc65d4ab3d7b1c1579d12520bf5a4921ac7c1fb55c073a1891e6ea9e423d30 0B / 322.94MB 0.2s
2026-03-01T10:45:32.3976320Z #19 sha256:4dc06ab6d9f7c27e546055a5071bd30d7f6eb8e9d4c827d4066a2f089840d53f 611B / 611B 0.1s done
2026-03-01T10:45:32.3977611Z #19 sha256:4ac92bc5ade0e94e16a2cc497777418f4dc4c6d79a5689936bd85de17db12501 433B / 433B 0.2s done
2026-03-01T10:45:32.3978783Z #19 sha256:5a4cbaab892dee7a9009ba3b20a7ba758b36da64818c1f2da3e62c3f38f02692 481B / 481B 0.0s done
2026-03-01T10:45:32.5123562Z #19 sha256:44668dcbb3af03bb588dd5869e4b6344d9bc9513dd2e8577540257604453a0ed 595B / 595B 0.1s done
2026-03-01T10:45:32.5124870Z #19 sha256:97b354fe39c25fb586176e99062a26bd5be65099ca7a5375c72db83a1807b668 398B / 398B 0.1s done
2026-03-01T10:45:32.5125807Z #19 sha256:67134570506c19bf6eefb02c3b741a575f0d05e9226eb621cab5e689a5f8b7b5 1.08kB / 1.08kB 0.0s done
2026-03-01T10:45:32.5126614Z #19 sha256:ba72b01e270faaeb6f8889b8a91b8ad6486fe519340a87c01e3e37ad39250233 391B / 391B 0.1s done
2026-03-01T10:45:32.6994741Z #19 sha256:ffaade7316815c08ffa02c35dd54cac16554dd707b681cb5414615ae2b89cbe4 2.66kB / 2.66kB 0.0s done
2026-03-01T10:45:32.6995830Z #19 sha256:895b1f044611c75792cd702a5fdde8204926e9173746534e02ee6dcce5231865 92B / 92B 0.2s done
2026-03-01T10:45:32.6996547Z #19 sha256:1ce3163978bfc6eebe1a4096128a10c15e3d549bfe4dbafecae7eaff5d880684 0B / 16.95MB 0.2s
2026-03-01T10:45:32.6997226Z #19 sha256:9eda903160eb5e12fea5b62a67b1bb5352c4c8b202fc57b903734be5a40b37e5 0B / 178.33MB 0.2s
2026-03-01T10:45:32.8486593Z #19 sha256:45ab1d744fc2985dca4080064c8b46c5b8941b3283a00471a17589dfc7afbed7 0B / 30.89MB 0.2s
2026-03-01T10:45:32.9994296Z #19 sha256:1ce3163978bfc6eebe1a4096128a10c15e3d549bfe4dbafecae7eaff5d880684 1.05MB / 16.95MB 0.5s
2026-03-01T10:45:33.1541651Z #19 sha256:70dc65d4ab3d7b1c1579d12520bf5a4921ac7c1fb55c073a1891e6ea9e423d30 16.78MB / 322.94MB 0.9s
2026-03-01T10:45:33.1542849Z #19 sha256:1ce3163978bfc6eebe1a4096128a10c15e3d549bfe4dbafecae7eaff5d880684 4.19MB / 16.95MB 0.6s
2026-03-01T10:45:33.1543850Z #19 sha256:9eda903160eb5e12fea5b62a67b1bb5352c4c8b202fc57b903734be5a40b37e5 16.78MB / 178.33MB 0.6s
2026-03-01T10:45:33.1544903Z #19 sha256:45ab1d744fc2985dca4080064c8b46c5b8941b3283a00471a17589dfc7afbed7 4.19MB / 30.89MB 0.5s
2026-03-01T10:45:33.2993826Z #19 sha256:1ce3163978bfc6eebe1a4096128a10c15e3d549bfe4dbafecae7eaff5d880684 7.34MB / 16.95MB 0.8s
2026-03-01T10:45:33.2995408Z #19 sha256:45ab1d744fc2985dca4080064c8b46c5b8941b3283a00471a17589dfc7afbed7 8.39MB / 30.89MB 0.6s
2026-03-01T10:45:33.4549417Z #19 sha256:1ce3163978bfc6eebe1a4096128a10c15e3d549bfe4dbafecae7eaff5d880684 12.58MB / 16.95MB 0.9s
2026-03-01T10:45:33.4550232Z #19 sha256:9eda903160eb5e12fea5b62a67b1bb5352c4c8b202fc57b903734be5a40b37e5 37.75MB / 178.33MB 0.9s
2026-03-01T10:45:33.4550908Z #19 sha256:45ab1d744fc2985dca4080064c8b46c5b8941b3283a00471a17589dfc7afbed7 15.73MB / 30.89MB 0.8s
2026-03-01T10:45:33.5993682Z #19 sha256:70dc65d4ab3d7b1c1579d12520bf5a4921ac7c1fb55c073a1891e6ea9e423d30 33.55MB / 322.94MB 1.4s
2026-03-01T10:45:33.5995204Z #19 sha256:1ce3163978bfc6eebe1a4096128a10c15e3d549bfe4dbafecae7eaff5d880684 16.95MB / 16.95MB 1.0s done
2026-03-01T10:45:33.5995977Z #19 sha256:45ab1d744fc2985dca4080064c8b46c5b8941b3283a00471a17589dfc7afbed7 22.02MB / 30.89MB 0.9s
2026-03-01T10:45:33.7260942Z #19 sha256:45ab1d744fc2985dca4080064c8b46c5b8941b3283a00471a17589dfc7afbed7 30.89MB / 30.89MB 1.0s done
2026-03-01T10:45:33.7263018Z #19 sha256:19f55511eb974d5ee74ad8626035b17e0a3611f057acbf4d6c9c613eb504f4fe 3.15MB / 11.09MB 0.2s
2026-03-01T10:45:33.7264191Z #19 sha256:43a7330b8fe1a06cd7b7d2668fa5daf63b5867377b2abebd3d46ac0b27224d72 154B / 154B 0.1s done
2026-03-01T10:45:33.8766124Z #19 sha256:9eda903160eb5e12fea5b62a67b1bb5352c4c8b202fc57b903734be5a40b37e5 56.62MB / 178.33MB 1.2s
2026-03-01T10:45:33.8767099Z #19 sha256:19f55511eb974d5ee74ad8626035b17e0a3611f057acbf4d6c9c613eb504f4fe 6.29MB / 11.09MB 0.3s
2026-03-01T10:45:33.8767834Z #19 sha256:b7bc0c57d439a6849239c7c833f51f7c00415322241dd47c619017035bf99b46 0B / 32.25MB 0.2s
2026-03-01T10:45:34.0139738Z #19 sha256:70dc65d4ab3d7b1c1579d12520bf5a4921ac7c1fb55c073a1891e6ea9e423d30 52.43MB / 322.94MB 1.8s
2026-03-01T10:45:34.0141205Z #19 sha256:9eda903160eb5e12fea5b62a67b1bb5352c4c8b202fc57b903734be5a40b37e5 67.11MB / 178.33MB 1.4s
2026-03-01T10:45:34.0141996Z #19 sha256:19f55511eb974d5ee74ad8626035b17e0a3611f057acbf4d6c9c613eb504f4fe 11.09MB / 11.09MB 0.5s done
2026-03-01T10:45:34.0142823Z #19 sha256:f44ac69775562043a6e719dca01c62092c6d241d2a45bea7babbf93622d707f6 3.28kB / 3.28kB 0.0s done
2026-03-01T10:45:34.1642443Z #19 sha256:9eda903160eb5e12fea5b62a67b1bb5352c4c8b202fc57b903734be5a40b37e5 78.64MB / 178.33MB 1.5s
2026-03-01T10:45:34.1644208Z #19 sha256:5582c10cde677db7178e9112555100eeb65c2af51e3c59619e63098a6648f000 0B / 18.74MB 0.2s
2026-03-01T10:45:34.3147920Z #19 sha256:70dc65d4ab3d7b1c1579d12520bf5a4921ac7c1fb55c073a1891e6ea9e423d30 69.21MB / 322.94MB 2.1s
2026-03-01T10:45:34.3148825Z #19 sha256:9eda903160eb5e12fea5b62a67b1bb5352c4c8b202fc57b903734be5a40b37e5 88.08MB / 178.33MB 1.7s
2026-03-01T10:45:34.4642028Z #19 sha256:9eda903160eb5e12fea5b62a67b1bb5352c4c8b202fc57b903734be5a40b37e5 100.66MB / 178.33MB 1.8s
2026-03-01T10:45:34.4643268Z #19 sha256:b7bc0c57d439a6849239c7c833f51f7c00415322241dd47c619017035bf99b46 5.24MB / 32.25MB 0.6s
2026-03-01T10:45:34.4644657Z #19 sha256:5582c10cde677db7178e9112555100eeb65c2af51e3c59619e63098a6648f000 1.05MB / 18.74MB 0.5s
2026-03-01T10:45:34.6146415Z #19 sha256:b7bc0c57d439a6849239c7c833f51f7c00415322241dd47c619017035bf99b46 9.44MB / 32.25MB 0.8s
2026-03-01T10:45:34.6147381Z #19 sha256:5582c10cde677db7178e9112555100eeb65c2af51e3c59619e63098a6648f000 3.15MB / 18.74MB 0.6s
2026-03-01T10:45:34.7646510Z #19 sha256:70dc65d4ab3d7b1c1579d12520bf5a4921ac7c1fb55c073a1891e6ea9e423d30 92.27MB / 322.94MB 2.6s
2026-03-01T10:45:34.7647407Z #19 sha256:9eda903160eb5e12fea5b62a67b1bb5352c4c8b202fc57b903734be5a40b37e5 121.63MB / 178.33MB 2.1s
2026-03-01T10:45:34.7648197Z #19 sha256:b7bc0c57d439a6849239c7c833f51f7c00415322241dd47c619017035bf99b46 17.83MB / 32.25MB 0.9s
2026-03-01T10:45:34.7648961Z #19 sha256:5582c10cde677db7178e9112555100eeb65c2af51e3c59619e63098a6648f000 7.34MB / 18.74MB 0.8s
2026-03-01T10:45:34.8860334Z #19 sha256:b7bc0c57d439a6849239c7c833f51f7c00415322241dd47c619017035bf99b46 32.25MB / 32.25MB 1.2s done
2026-03-01T10:45:35.0053557Z #19 sha256:9eda903160eb5e12fea5b62a67b1bb5352c4c8b202fc57b903734be5a40b37e5 137.36MB / 178.33MB 2.4s
2026-03-01T10:45:35.0054691Z #19 sha256:5582c10cde677db7178e9112555100eeb65c2af51e3c59619e63098a6648f000 11.53MB / 18.74MB 0.9s
2026-03-01T10:45:35.1551872Z #19 sha256:70dc65d4ab3d7b1c1579d12520bf5a4921ac7c1fb55c073a1891e6ea9e423d30 115.34MB / 322.94MB 3.0s
2026-03-01T10:45:35.1552774Z #19 sha256:5582c10cde677db7178e9112555100eeb65c2af51e3c59619e63098a6648f000 18.74MB / 18.74MB 1.0s done
2026-03-01T10:45:35.1553579Z #19 sha256:84a2afebaf4de2e8eb885634a69abd0087b79c947c53fa4f0481235d6dfadc6c 0B / 28.24MB 0.2s
2026-03-01T10:45:35.3068621Z #19 sha256:9eda903160eb5e12fea5b62a67b1bb5352c4c8b202fc57b903734be5a40b37e5 153.09MB / 178.33MB 2.7s
2026-03-01T10:45:35.4549804Z #19 sha256:9eda903160eb5e12fea5b62a67b1bb5352c4c8b202fc57b903734be5a40b37e5 163.58MB / 178.33MB 2.9s
2026-03-01T10:45:35.4551043Z #19 sha256:84a2afebaf4de2e8eb885634a69abd0087b79c947c53fa4f0481235d6dfadc6c 4.19MB / 28.24MB 0.5s
2026-03-01T10:45:35.6047550Z #19 sha256:70dc65d4ab3d7b1c1579d12520bf5a4921ac7c1fb55c073a1891e6ea9e423d30 136.31MB / 322.94MB 3.5s
2026-03-01T10:45:35.6048827Z #19 sha256:84a2afebaf4de2e8eb885634a69abd0087b79c947c53fa4f0481235d6dfadc6c 9.44MB / 28.24MB 0.6s
2026-03-01T10:45:35.7545851Z #19 sha256:9eda903160eb5e12fea5b62a67b1bb5352c4c8b202fc57b903734be5a40b37e5 178.33MB / 178.33MB 3.2s
2026-03-01T10:45:35.7547639Z #19 sha256:84a2afebaf4de2e8eb885634a69abd0087b79c947c53fa4f0481235d6dfadc6c 17.83MB / 28.24MB 0.8s
2026-03-01T10:45:35.8675756Z #19 sha256:9eda903160eb5e12fea5b62a67b1bb5352c4c8b202fc57b903734be5a40b37e5 178.33MB / 178.33MB 3.2s done
2026-03-01T10:45:35.8676703Z #19 sha256:84a2afebaf4de2e8eb885634a69abd0087b79c947c53fa4f0481235d6dfadc6c 28.24MB / 28.24MB 1.0s done
2026-03-01T10:45:36.0545798Z #19 sha256:70dc65d4ab3d7b1c1579d12520bf5a4921ac7c1fb55c073a1891e6ea9e423d30 156.24MB / 322.94MB 3.9s
2026-03-01T10:45:36.0546999Z #19 extracting sha256:84a2afebaf4de2e8eb885634a69abd0087b79c947c53fa4f0481235d6dfadc6c
2026-03-01T10:45:36.5047136Z #19 sha256:70dc65d4ab3d7b1c1579d12520bf5a4921ac7c1fb55c073a1891e6ea9e423d30 173.02MB / 322.94MB 4.4s
2026-03-01T10:45:36.6435314Z #19 extracting sha256:84a2afebaf4de2e8eb885634a69abd0087b79c947c53fa4f0481235d6dfadc6c 0.8s done
2026-03-01T10:45:36.8050720Z #19 extracting sha256:5582c10cde677db7178e9112555100eeb65c2af51e3c59619e63098a6648f000
2026-03-01T10:45:36.9551923Z #19 sha256:70dc65d4ab3d7b1c1579d12520bf5a4921ac7c1fb55c073a1891e6ea9e423d30 189.79MB / 322.94MB 4.8s
2026-03-01T10:45:36.9552701Z #19 extracting sha256:5582c10cde677db7178e9112555100eeb65c2af51e3c59619e63098a6648f000 0.3s done
2026-03-01T10:45:36.9553465Z #19 extracting sha256:f44ac69775562043a6e719dca01c62092c6d241d2a45bea7babbf93622d707f6 done
2026-03-01T10:45:36.9554343Z #19 extracting sha256:b7bc0c57d439a6849239c7c833f51f7c00415322241dd47c619017035bf99b46
2026-03-01T10:45:37.3931803Z #19 extracting sha256:b7bc0c57d439a6849239c7c833f51f7c00415322241dd47c619017035bf99b46 0.4s done
2026-03-01T10:45:37.3934530Z #19 extracting sha256:43a7330b8fe1a06cd7b7d2668fa5daf63b5867377b2abebd3d46ac0b27224d72 done
2026-03-01T10:45:37.3935720Z #19 extracting sha256:19f55511eb974d5ee74ad8626035b17e0a3611f057acbf4d6c9c613eb504f4fe 0.1s done
2026-03-01T10:45:37.5548619Z #19 sha256:70dc65d4ab3d7b1c1579d12520bf5a4921ac7c1fb55c073a1891e6ea9e423d30 206.57MB / 322.94MB 5.3s
2026-03-01T10:45:37.5550155Z #19 extracting sha256:45ab1d744fc2985dca4080064c8b46c5b8941b3283a00471a17589dfc7afbed7
2026-03-01T10:45:37.8548147Z #19 sha256:70dc65d4ab3d7b1c1579d12520bf5a4921ac7c1fb55c073a1891e6ea9e423d30 223.35MB / 322.94MB 5.7s
2026-03-01T10:45:38.1548288Z #19 extracting sha256:45ab1d744fc2985dca4080064c8b46c5b8941b3283a00471a17589dfc7afbed7 0.7s done
2026-03-01T10:45:38.1549105Z #19 extracting sha256:9eda903160eb5e12fea5b62a67b1bb5352c4c8b202fc57b903734be5a40b37e5
2026-03-01T10:45:38.3048754Z #19 sha256:70dc65d4ab3d7b1c1579d12520bf5a4921ac7c1fb55c073a1891e6ea9e423d30 240.12MB / 322.94MB 6.2s
2026-03-01T10:45:38.7547273Z #19 sha256:70dc65d4ab3d7b1c1579d12520bf5a4921ac7c1fb55c073a1891e6ea9e423d30 256.90MB / 322.94MB 6.6s
2026-03-01T10:45:39.2048297Z #19 sha256:70dc65d4ab3d7b1c1579d12520bf5a4921ac7c1fb55c073a1891e6ea9e423d30 273.68MB / 322.94MB 7.1s
2026-03-01T10:45:39.6549146Z #19 sha256:70dc65d4ab3d7b1c1579d12520bf5a4921ac7c1fb55c073a1891e6ea9e423d30 290.46MB / 322.94MB 7.5s
2026-03-01T10:45:40.1045832Z #19 sha256:70dc65d4ab3d7b1c1579d12520bf5a4921ac7c1fb55c073a1891e6ea9e423d30 307.23MB / 322.94MB 8.0s
2026-03-01T10:45:40.9735675Z #19 extracting sha256:9eda903160eb5e12fea5b62a67b1bb5352c4c8b202fc57b903734be5a40b37e5 2.9s done
2026-03-01T10:45:41.1337756Z #19 sha256:70dc65d4ab3d7b1c1579d12520bf5a4921ac7c1fb55c073a1891e6ea9e423d30 322.94MB / 322.94MB 8.8s done
2026-03-01T10:45:41.1339880Z #19 extracting sha256:ffaade7316815c08ffa02c35dd54cac16554dd707b681cb5414615ae2b89cbe4 done
2026-03-01T10:45:41.1340747Z #19 extracting sha256:1ce3163978bfc6eebe1a4096128a10c15e3d549bfe4dbafecae7eaff5d880684
2026-03-01T10:45:41.2457573Z #19 extracting sha256:1ce3163978bfc6eebe1a4096128a10c15e3d549bfe4dbafecae7eaff5d880684 0.3s done
2026-03-01T10:45:41.2458465Z #19 DONE 9.3s
2026-03-01T10:45:41.4464439Z 
2026-03-01T10:45:41.4464944Z #19 [build 12/14] RUN dotnet restore
2026-03-01T10:45:41.4465567Z #19 extracting sha256:895b1f044611c75792cd702a5fdde8204926e9173746534e02ee6dcce5231865 done
2026-03-01T10:45:41.4466277Z #19 extracting sha256:67134570506c19bf6eefb02c3b741a575f0d05e9226eb621cab5e689a5f8b7b5 done
2026-03-01T10:45:41.4466940Z #19 extracting sha256:ba72b01e270faaeb6f8889b8a91b8ad6486fe519340a87c01e3e37ad39250233 done
2026-03-01T10:45:41.4467584Z #19 extracting sha256:5a4cbaab892dee7a9009ba3b20a7ba758b36da64818c1f2da3e62c3f38f02692 done
2026-03-01T10:45:41.4468196Z #19 extracting sha256:97b354fe39c25fb586176e99062a26bd5be65099ca7a5375c72db83a1807b668 done
2026-03-01T10:45:41.4468799Z #19 extracting sha256:44668dcbb3af03bb588dd5869e4b6344d9bc9513dd2e8577540257604453a0ed done
2026-03-01T10:45:41.4469410Z #19 extracting sha256:4ac92bc5ade0e94e16a2cc497777418f4dc4c6d79a5689936bd85de17db12501 done
2026-03-01T10:45:41.4470034Z #19 extracting sha256:4dc06ab6d9f7c27e546055a5071bd30d7f6eb8e9d4c827d4066a2f089840d53f done
2026-03-01T10:45:41.4470653Z #19 extracting sha256:9b9e8ceea198a2f1752bb4365e4d1d074a908be2c37ed9fe7b0491553172af1f done
2026-03-01T10:45:41.4471266Z #19 extracting sha256:4d54441c8ba1fae0b64e9f9818c9c2b9326c13edd1523774f0883e031d39ac0f done
2026-03-01T10:45:41.4471881Z #19 extracting sha256:70dc65d4ab3d7b1c1579d12520bf5a4921ac7c1fb55c073a1891e6ea9e423d30
2026-03-01T10:45:43.9874266Z #19 extracting sha256:70dc65d4ab3d7b1c1579d12520bf5a4921ac7c1fb55c073a1891e6ea9e423d30 2.7s done
2026-03-01T10:45:43.9875141Z #19 DONE 12.1s
2026-03-01T10:45:44.1381660Z 
2026-03-01T10:45:44.1382113Z #20 [build 13/14] COPY . .
2026-03-01T10:45:47.1675434Z #20 DONE 3.2s
2026-03-01T10:45:47.3187290Z 
2026-03-01T10:45:47.3188237Z #21 [build 14/14] RUN dotnet publish src/Hpoll.Admin/Hpoll.Admin.csproj -c Release -o /app/publish --no-restore
2026-03-01T10:45:50.8672957Z #21 3.699   Hpoll.Core -> /src/src/Hpoll.Core/bin/Release/net8.0/Hpoll.Core.dll
2026-03-01T10:45:51.9707557Z #21 4.802   Hpoll.Data -> /src/src/Hpoll.Data/bin/Release/net8.0/Hpoll.Data.dll
2026-03-01T10:45:55.2425967Z #21 8.074   Hpoll.Admin -> /src/src/Hpoll.Admin/bin/Release/net8.0/Hpoll.Admin.dll
2026-03-01T10:45:55.4251088Z #21 8.152   Hpoll.Admin -> /app/publish/
2026-03-01T10:45:55.4251577Z #21 DONE 8.3s
2026-03-01T10:45:55.5513821Z 
2026-03-01T10:45:55.5515230Z #22 [runtime 2/4] WORKDIR /app
2026-03-01T10:45:55.5515698Z #22 CACHED
2026-03-01T10:45:55.5515813Z 
2026-03-01T10:45:55.5516394Z #23 [runtime 3/4] RUN adduser --disabled-password --gecos "" appuser     && mkdir -p /app/data     && chown -R appuser:appuser /app
2026-03-01T10:45:55.5517377Z #23 sha256:7e082c001d457c1904bc3263fffcde064eb97ce59453339f26fcec9f2e48af1a 3.42kB / 3.42kB 0.0s done
2026-03-01T10:45:55.6890802Z #23 sha256:30a3e75632b1126d6e1cd17e6004250ed8b3597a70c223aa12396db2c932a252 93B / 93B 0.1s done
2026-03-01T10:45:55.6891897Z #23 extracting sha256:30a3e75632b1126d6e1cd17e6004250ed8b3597a70c223aa12396db2c932a252 done
2026-03-01T10:45:55.6893067Z #23 extracting sha256:7e082c001d457c1904bc3263fffcde064eb97ce59453339f26fcec9f2e48af1a done
2026-03-01T10:45:55.6893491Z #23 DONE 0.2s
2026-03-01T10:45:55.6893606Z 
2026-03-01T10:45:55.6893831Z #24 [runtime 4/4] COPY --from=build --chown=appuser:appuser /app/publish .
2026-03-01T10:45:55.6894509Z #24 DONE 0.1s
2026-03-01T10:45:55.8413812Z 
2026-03-01T10:45:55.8414447Z #25 exporting to image
2026-03-01T10:45:55.8414861Z #25 exporting layers
2026-03-01T10:45:56.8701196Z #25 exporting layers 1.2s done
2026-03-01T10:45:56.9820367Z #25 exporting manifest sha256:981e2de5110e357baf0775aacdf3d13bfe81b0c03d181387264447131d40a8f5 done
2026-03-01T10:45:56.9821605Z #25 exporting config sha256:c2a5aacf3db3dd30b1f1e01ac87efa27db1dce17b3dd3371e73ebb3ee3c229e1 done
2026-03-01T10:45:56.9822861Z #25 exporting attestation manifest sha256:b14781b2870339f53e25473810b5ced86afc3363f562a211b76dc5e3381ecc59 done
2026-03-01T10:45:56.9824193Z #25 exporting manifest list sha256:52387314de0b4555bfe6811473b80b19d67da267959bb66797b9b8a7856a6e29 done
2026-03-01T10:45:56.9824790Z #25 pushing layers
2026-03-01T10:45:57.1326152Z #25 ...
2026-03-01T10:45:57.1326328Z 
2026-03-01T10:45:57.1327116Z #26 [auth] ***/hpoll-admin:pull,push token for registry-1.docker.io
2026-03-01T10:45:57.1327505Z #26 DONE 0.0s
2026-03-01T10:45:57.2827919Z 
2026-03-01T10:45:57.2828399Z #25 exporting to image
2026-03-01T10:45:58.6219266Z #25 pushing layers 1.7s done
2026-03-01T10:45:58.6220650Z #25 pushing manifest for docker.io/***/hpoll-admin:e62cd11@sha256:52387314de0b4555bfe6811473b80b19d67da267959bb66797b9b8a7856a6e29
2026-03-01T10:46:01.1685153Z #25 pushing manifest for docker.io/***/hpoll-admin:e62cd11@sha256:52387314de0b4555bfe6811473b80b19d67da267959bb66797b9b8a7856a6e29 2.5s done
2026-03-01T10:46:01.3058712Z #25 pushing layers 0.1s done
2026-03-01T10:46:01.3059979Z #25 pushing manifest for docker.io/***/hpoll-admin:latest-any@sha256:52387314de0b4555bfe6811473b80b19d67da267959bb66797b9b8a7856a6e29
2026-03-01T10:46:02.9858970Z #25 pushing manifest for docker.io/***/hpoll-admin:latest-any@sha256:52387314de0b4555bfe6811473b80b19d67da267959bb66797b9b8a7856a6e29 1.7s done
2026-03-01T10:46:03.1194099Z #25 pushing layers 0.1s done
2026-03-01T10:46:03.1195282Z #25 pushing manifest for docker.io/***/hpoll-admin:claude-explore-devices-table-ga0Rs@sha256:52387314de0b4555bfe6811473b80b19d67da267959bb66797b9b8a7856a6e29
2026-03-01T10:46:04.7476887Z #25 pushing manifest for docker.io/***/hpoll-admin:claude-explore-devices-table-ga0Rs@sha256:52387314de0b4555bfe6811473b80b19d67da267959bb66797b9b8a7856a6e29 1.6s done
2026-03-01T10:46:04.7477975Z #25 DONE 9.1s
2026-03-01T10:46:04.8981693Z 
2026-03-01T10:46:04.8982182Z #27 exporting to GitHub Actions Cache
2026-03-01T10:46:04.8982686Z #27 preparing build cache for export
2026-03-01T10:46:07.4383677Z #27 writing layer sha256:3b34ad37d3e63260491d2be8b7ef1d76180e04d74b19519f294110b9ff2796bb
2026-03-01T10:46:07.6745167Z #27 writing layer sha256:3b34ad37d3e63260491d2be8b7ef1d76180e04d74b19519f294110b9ff2796bb 0.2s done
2026-03-01T10:46:08.4980622Z #27 writing layer sha256:c424f05863b9c90a032ef4a28e933b28ceb2ccb9f32f3c3a4da0cf3d93141e35
2026-03-01T10:46:11.1221283Z #27 writing layer sha256:c424f05863b9c90a032ef4a28e933b28ceb2ccb9f32f3c3a4da0cf3d93141e35 2.6s done
2026-03-01T10:46:11.3105437Z #27 writing layer sha256:e211b1e3662aff9e380caba4a99b96a877f683f75be5a7c41b35b19acaeb29c9
2026-03-01T10:46:12.5682221Z #27 writing layer sha256:e211b1e3662aff9e380caba4a99b96a877f683f75be5a7c41b35b19acaeb29c9 1.4s done
2026-03-01T10:46:12.8993608Z #27 preparing build cache for export 8.2s done
2026-03-01T10:46:12.8994375Z #27 DONE 8.2s
2026-03-01T10:46:12.9338947Z 
2026-03-01T10:46:12.9339486Z #28 resolving provenance for metadata file
2026-03-01T10:46:12.9340035Z #28 DONE 0.0s
2026-03-01T10:46:12.9422477Z ##[group]ImageID
2026-03-01T10:46:12.9423035Z sha256:52387314de0b4555bfe6811473b80b19d67da267959bb66797b9b8a7856a6e29
2026-03-01T10:46:12.9424921Z ##[endgroup]
2026-03-01T10:46:12.9425896Z ##[group]Digest
2026-03-01T10:46:12.9426406Z sha256:52387314de0b4555bfe6811473b80b19d67da267959bb66797b9b8a7856a6e29
2026-03-01T10:46:12.9427257Z ##[endgroup]
2026-03-01T10:46:12.9427795Z ##[group]Metadata
2026-03-01T10:46:12.9428875Z {
2026-03-01T10:46:12.9429170Z   "buildx.build.provenance": {
2026-03-01T10:46:12.9429557Z     "builder": {
2026-03-01T10:46:12.9430283Z       "id": "https://github.com/***/hpoll/actions/runs/22541736825/attempts/1"
2026-03-01T10:46:12.9430885Z     },
2026-03-01T10:46:12.9431284Z     "buildType": "https://mobyproject.org/buildkit@v1",
2026-03-01T10:46:12.9431785Z     "materials": [
2026-03-01T10:46:12.9432091Z       {
2026-03-01T10:46:12.9432602Z         "uri": "pkg:docker/mcr.microsoft.com/dotnet/aspnet@8.0?platform=linux%2Famd64",
2026-03-01T10:46:12.9433278Z         "digest": {
2026-03-01T10:46:12.9433824Z           "sha256": "88c86e5469c2b69969e07343193fd3dbe4ff6936d95b994dbfa27348299af111"
2026-03-01T10:46:12.9435244Z         }
2026-03-01T10:46:12.9435526Z       },
2026-03-01T10:46:12.9435811Z       {
2026-03-01T10:46:12.9436299Z         "uri": "pkg:docker/mcr.microsoft.com/dotnet/sdk@8.0?platform=linux%2Famd64",
2026-03-01T10:46:12.9436925Z         "digest": {
2026-03-01T10:46:12.9437460Z           "sha256": "bfb6ed602caa605141700aea7dc7d42574b74b704368e67d683c71a002123808"
2026-03-01T10:46:12.9438094Z         }
2026-03-01T10:46:12.9438433Z       }
2026-03-01T10:46:12.9438688Z     ],
2026-03-01T10:46:12.9438959Z     "invocation": {
2026-03-01T10:46:12.9439279Z       "configSource": {
2026-03-01T10:46:12.9439640Z         "entryPoint": "Dockerfile.admin"
2026-03-01T10:46:12.9440054Z       },
2026-03-01T10:46:12.9440336Z       "parameters": {
2026-03-01T10:46:12.9440544Z         "frontend": "dockerfile.v0",
2026-03-01T10:46:12.9440781Z         "locals": [
2026-03-01T10:46:12.9440955Z           {
2026-03-01T10:46:12.9441117Z             "name": "context"
2026-03-01T10:46:12.9441317Z           },
2026-03-01T10:46:12.9441475Z           {
2026-03-01T10:46:12.9441641Z             "name": "dockerfile"
2026-03-01T10:46:12.9441973Z           }
2026-03-01T10:46:12.9442248Z         ]
2026-03-01T10:46:12.9442502Z       },
2026-03-01T10:46:12.9442777Z       "environment": {
2026-03-01T10:46:12.9443172Z         "github_actor": "***",
2026-03-01T10:46:12.9443560Z         "github_actor_id": "169779439",
2026-03-01T10:46:12.9444150Z         "github_event_name": "push",
2026-03-01T10:46:12.9444678Z         "github_event_payload": {
2026-03-01T10:46:12.9445143Z           "after": "e62cd111752add694d69c5d88a4369eb038f1a80",
2026-03-01T10:46:12.9445638Z           "base_ref": null,
2026-03-01T10:46:12.9446171Z           "before": "6fb36192dedfd84e78a62bb5ce65322e3f975eb4",
2026-03-01T10:46:12.9446713Z           "commits": [
2026-03-01T10:46:12.9447021Z             {
2026-03-01T10:46:12.9447198Z               "author": {
2026-03-01T10:46:12.9447451Z                 "email": "noreply@anthropic.com",
2026-03-01T10:46:12.9447726Z                 "name": "Claude",
2026-03-01T10:46:12.9447981Z                 "username": "claude"
2026-03-01T10:46:12.9448218Z               },
2026-03-01T10:46:12.9448419Z               "committer": {
2026-03-01T10:46:12.9448672Z                 "email": "noreply@anthropic.com",
2026-03-01T10:46:12.9448948Z                 "name": "Claude",
2026-03-01T10:46:12.9449183Z                 "username": "claude"
2026-03-01T10:46:12.9449417Z               },
2026-03-01T10:46:12.9449836Z               "distinct": false,
2026-03-01T10:46:12.9450134Z               "id": "1653105480431f822fb453bf577130d1f9b3c4eb",
2026-03-01T10:46:12.9452430Z               "message": "Increase DataRetentionHours default from 48 to 168 to preserve battery readings\n\nThe previous default (48h) was shorter than BatteryPollIntervalHours (84h),\ncausing battery readings to be purged before the next poll. This left a\n36-hour gap where no battery data existed, potentially causing daily emails\nto show missing battery status. The new default of 168h (7 days) ensures\nbattery readings survive between polls with comfortable margin.\n\nAlso adds a cross-validation test to guard against this mismatch recurring.\n\nhttps://claude.ai/code/session_01Vc24gJPWUQiDizj6zU7G5v",
2026-03-01T10:46:12.9455121Z               "timestamp": "2026-03-01T09:48:30Z",
2026-03-01T10:46:12.9455467Z               "tree_id": "37993497dba24c3993a3fbb86281f235ff903a1f",
2026-03-01T10:46:12.9456134Z               "url": "https://github.com/***/hpoll/commit/1653105480431f822fb453bf577130d1f9b3c4eb"
2026-03-01T10:46:12.9456559Z             },
2026-03-01T10:46:12.9456748Z             {
2026-03-01T10:46:12.9456922Z               "author": {
2026-03-01T10:46:12.9457176Z                 "email": "noreply@anthropic.com",
2026-03-01T10:46:12.9457439Z                 "name": "Claude",
2026-03-01T10:46:12.9457687Z                 "username": "claude"
2026-03-01T10:46:12.9457905Z               },
2026-03-01T10:46:12.9458098Z               "committer": {
2026-03-01T10:46:12.9458348Z                 "email": "noreply@anthropic.com",
2026-03-01T10:46:12.9458628Z                 "name": "Claude",
2026-03-01T10:46:12.9458842Z                 "username": "claude"
2026-03-01T10:46:12.9459076Z               },
2026-03-01T10:46:12.9459269Z               "distinct": false,
2026-03-01T10:46:12.9459522Z               "id": "445772622894c2c567d5b4054aac6ae33a080e36",
2026-03-01T10:46:12.9460808Z               "message": "Raise BatteryAlertThreshold default from 30% to 60%\n\nBattery status section in daily emails now appears when any device drops\nbelow 60% instead of 30%, giving earlier visibility into declining\nbatteries before they reach critical levels.\n\nhttps://claude.ai/code/session_01Vc24gJPWUQiDizj6zU7G5v",
2026-03-01T10:46:12.9462092Z               "timestamp": "2026-03-01T10:27:19Z",
2026-03-01T10:46:12.9462435Z               "tree_id": "fed14b8f8e252a3651acaed90eb5897447e2cde9",
2026-03-01T10:46:12.9462973Z               "url": "https://github.com/***/hpoll/commit/445772622894c2c567d5b4054aac6ae33a080e36"
2026-03-01T10:46:12.9463374Z             },
2026-03-01T10:46:12.9463567Z             {
2026-03-01T10:46:12.9463758Z               "author": {
2026-03-01T10:46:12.9464190Z                 "email": "noreply@anthropic.com",
2026-03-01T10:46:12.9464479Z                 "name": "Claude",
2026-03-01T10:46:12.9464706Z                 "username": "claude"
2026-03-01T10:46:12.9464941Z               },
2026-03-01T10:46:12.9465175Z               "committer": {
2026-03-01T10:46:12.9465454Z                 "email": "noreply@anthropic.com",
2026-03-01T10:46:12.9465743Z                 "name": "Claude",
2026-03-01T10:46:12.9466006Z                 "username": "claude"
2026-03-01T10:46:12.9466244Z               },
2026-03-01T10:46:12.9466437Z               "distinct": false,
2026-03-01T10:46:12.9466727Z               "id": "caf9aa157a743f2b69ea16fbb8d0477056d8979c",
2026-03-01T10:46:12.9467283Z               "message": "Merge remote-tracking branch 'origin/main' into claude/review-retention-poll-intervals-AoiB2",
2026-03-01T10:46:12.9467787Z               "timestamp": "2026-03-01T10:30:25Z",
2026-03-01T10:46:12.9468106Z               "tree_id": "ced539b143cc6a1cc88979399bb1c1cf5a04b425",
2026-03-01T10:46:12.9468609Z               "url": "https://github.com/***/hpoll/commit/caf9aa157a743f2b69ea16fbb8d0477056d8979c"
2026-03-01T10:46:12.9469127Z             },
2026-03-01T10:46:12.9469309Z             {
2026-03-01T10:46:12.9469505Z               "author": {
2026-03-01T10:46:12.9469993Z                 "email": "demerit_hamlet_0m@icloud.com",
2026-03-01T10:46:12.9470293Z                 "name": "***",
2026-03-01T10:46:12.9470561Z                 "username": "***"
2026-03-01T10:46:12.9470777Z               },
2026-03-01T10:46:12.9470983Z               "committer": {
2026-03-01T10:46:12.9471205Z                 "email": "noreply@github.com",
2026-03-01T10:46:12.9471457Z                 "name": "GitHub",
2026-03-01T10:46:12.9471765Z                 "username": "web-flow"
2026-03-01T10:46:12.9472151Z               },
2026-03-01T10:46:12.9472461Z               "distinct": false,
2026-03-01T10:46:12.9473597Z               "id": "4733c7b90d1845db2d4934f1a8ed3ee4e7cc68fa",
2026-03-01T10:46:12.9474699Z               "message": "Merge pull request #30 from ***/claude/review-retention-poll-intervals-AoiB2\n\nIncrease DataRetentionHours default to prevent battery reading loss",
2026-03-01T10:46:12.9475407Z               "timestamp": "2026-03-01T21:40:09+11:00",
2026-03-01T10:46:12.9475740Z               "tree_id": "ced539b143cc6a1cc88979399bb1c1cf5a04b425",
2026-03-01T10:46:12.9476230Z               "url": "https://github.com/***/hpoll/commit/4733c7b90d1845db2d4934f1a8ed3ee4e7cc68fa"
2026-03-01T10:46:12.9476613Z             },
2026-03-01T10:46:12.9476771Z             {
2026-03-01T10:46:12.9476940Z               "author": {
2026-03-01T10:46:12.9477288Z                 "email": "noreply@anthropic.com",
2026-03-01T10:46:12.9477554Z                 "name": "Claude",
2026-03-01T10:46:12.9477769Z                 "username": "claude"
2026-03-01T10:46:12.9477988Z               },
2026-03-01T10:46:12.9478170Z               "committer": {
2026-03-01T10:46:12.9478395Z                 "email": "noreply@anthropic.com",
2026-03-01T10:46:12.9478646Z                 "name": "Claude",
2026-03-01T10:46:12.9478867Z                 "username": "claude"
2026-03-01T10:46:12.9479080Z               },
2026-03-01T10:46:12.9479253Z               "distinct": true,
2026-03-01T10:46:12.9479516Z               "id": "e62cd111752add694d69c5d88a4369eb038f1a80",
2026-03-01T10:46:12.9480013Z               "message": "Merge remote-tracking branch 'origin/main' into claude/explore-devices-table-ga0Rs",
2026-03-01T10:46:12.9480908Z               "timestamp": "2026-03-01T10:41:46Z",
2026-03-01T10:46:12.9481363Z               "tree_id": "7ccc8eabbd77839d4c50b7a90951dc1748809088",
2026-03-01T10:46:12.9481889Z               "url": "https://github.com/***/hpoll/commit/e62cd111752add694d69c5d88a4369eb038f1a80"
2026-03-01T10:46:12.9482541Z             }
2026-03-01T10:46:12.9482806Z           ],
2026-03-01T10:46:12.9483353Z           "compare": "https://github.com/***/hpoll/compare/6fb36192dedf...e62cd111752a",
2026-03-01T10:46:12.9484143Z           "created": false,
2026-03-01T10:46:12.9484493Z           "deleted": false,
2026-03-01T10:46:12.9484837Z           "forced": false,
2026-03-01T10:46:12.9485177Z           "head_commit": {
2026-03-01T10:46:12.9485505Z             "author": {
2026-03-01T10:46:12.9485867Z               "email": "noreply@anthropic.com",
2026-03-01T10:46:12.9486305Z               "name": "Claude",
2026-03-01T10:46:12.9486666Z               "username": "claude"
2026-03-01T10:46:12.9487028Z             },
2026-03-01T10:46:12.9487314Z             "committer": {
2026-03-01T10:46:12.9487678Z               "email": "noreply@anthropic.com",
2026-03-01T10:46:12.9488103Z               "name": "Claude",
2026-03-01T10:46:12.9488465Z               "username": "claude"
2026-03-01T10:46:12.9488832Z             },
2026-03-01T10:46:12.9489120Z             "distinct": true,
2026-03-01T10:46:12.9489550Z             "id": "e62cd111752add694d69c5d88a4369eb038f1a80",
2026-03-01T10:46:12.9490380Z             "message": "Merge remote-tracking branch 'origin/main' into claude/explore-devices-table-ga0Rs",
2026-03-01T10:46:12.9491161Z             "timestamp": "2026-03-01T10:41:46Z",
2026-03-01T10:46:12.9491674Z             "tree_id": "7ccc8eabbd77839d4c50b7a90951dc1748809088",
2026-03-01T10:46:12.9492678Z             "url": "https://github.com/***/hpoll/commit/e62cd111752add694d69c5d88a4369eb038f1a80"
2026-03-01T10:46:12.9493358Z           },
2026-03-01T10:46:12.9493636Z           "pusher": {
2026-03-01T10:46:12.9494180Z             "email": "demerit_hamlet_0m@icloud.com",
2026-03-01T10:46:12.9494662Z             "name": "***"
2026-03-01T10:46:12.9494982Z           },
2026-03-01T10:46:12.9495375Z           "ref": "refs/heads/claude/explore-devices-table-ga0Rs",
2026-03-01T10:46:12.9495895Z           "repository": {
2026-03-01T10:46:12.9496237Z             "allow_forking": true,
2026-03-01T10:46:12.9496891Z             "archive_url": "https://api.github.com/repos/***/hpoll/{archive_format}{/ref}",
2026-03-01T10:46:12.9497818Z             "archived": false,
2026-03-01T10:46:12.9498532Z             "assignees_url": "https://api.github.com/repos/***/hpoll/assignees{/user}",
2026-03-01T10:46:12.9499401Z             "blobs_url": "https://api.github.com/repos/***/hpoll/git/blobs{/sha}",
2026-03-01T10:46:12.9500215Z             "branches_url": "https://api.github.com/repos/***/hpoll/branches{/branch}",
2026-03-01T10:46:12.9500913Z             "clone_url": "https://github.com/***/hpoll.git",
2026-03-01T10:46:12.9501715Z             "collaborators_url": "https://api.github.com/repos/***/hpoll/collaborators{/collaborator}",
2026-03-01T10:46:12.9502643Z             "comments_url": "https://api.github.com/repos/***/hpoll/comments{/number}",
2026-03-01T10:46:12.9503489Z             "commits_url": "https://api.github.com/repos/***/hpoll/commits{/sha}",
2026-03-01T10:46:12.9504514Z             "compare_url": "https://api.github.com/repos/***/hpoll/compare/{base}...{head}",
2026-03-01T10:46:12.9505840Z             "contents_url": "https://api.github.com/repos/***/hpoll/contents/{+path}",
2026-03-01T10:46:12.9506733Z             "contributors_url": "https://api.github.com/repos/***/hpoll/contributors",
2026-03-01T10:46:12.9507343Z             "created_at": 1772100118,
2026-03-01T10:46:12.9507738Z             "default_branch": "main",
2026-03-01T10:46:12.9508435Z             "deployments_url": "https://api.github.com/repos/***/hpoll/deployments",
2026-03-01T10:46:12.9509056Z             "description": null,
2026-03-01T10:46:12.9509430Z             "disabled": false,
2026-03-01T10:46:12.9509784Z             "downloads_url": "https://api.github.com/repos/***/hpoll/downloads",
2026-03-01T10:46:12.9510234Z             "events_url": "https://api.github.com/repos/***/hpoll/events",
2026-03-01T10:46:12.9510561Z             "fork": false,
2026-03-01T10:46:12.9510761Z             "forks": 0,
2026-03-01T10:46:12.9510955Z             "forks_count": 0,
2026-03-01T10:46:12.9511262Z             "forks_url": "https://api.github.com/repos/***/hpoll/forks",
2026-03-01T10:46:12.9511605Z             "full_name": "***/hpoll",
2026-03-01T10:46:12.9511982Z             "git_commits_url": "https://api.github.com/repos/***/hpoll/git/commits{/sha}",
2026-03-01T10:46:12.9512479Z             "git_refs_url": "https://api.github.com/repos/***/hpoll/git/refs{/sha}",
2026-03-01T10:46:12.9512952Z             "git_tags_url": "https://api.github.com/repos/***/hpoll/git/tags{/sha}",
2026-03-01T10:46:12.9513345Z             "git_url": "git://github.com/***/hpoll.git",
2026-03-01T10:46:12.9513634Z             "has_discussions": false,
2026-03-01T10:46:12.9513879Z             "has_downloads": true,
2026-03-01T10:46:12.9514390Z             "has_issues": true,
2026-03-01T10:46:12.9514611Z             "has_pages": false,
2026-03-01T10:46:12.9514829Z             "has_projects": true,
2026-03-01T10:46:12.9515054Z             "has_pull_requests": true,
2026-03-01T10:46:12.9515289Z             "has_wiki": true,
2026-03-01T10:46:12.9515510Z             "homepage": null,
2026-03-01T10:46:12.9515820Z             "hooks_url": "https://api.github.com/repos/***/hpoll/hooks",
2026-03-01T10:46:12.9516189Z             "html_url": "https://github.com/***/hpoll",
2026-03-01T10:46:12.9516454Z             "id": 1167451352,
2026-03-01T10:46:12.9516661Z             "is_template": false,
2026-03-01T10:46:12.9517230Z             "issue_comment_url": "https://api.github.com/repos/***/hpoll/issues/comments{/number}",
2026-03-01T10:46:12.9517810Z             "issue_events_url": "https://api.github.com/repos/***/hpoll/issues/events{/number}",
2026-03-01T10:46:12.9518313Z             "issues_url": "https://api.github.com/repos/***/hpoll/issues{/number}",
2026-03-01T10:46:12.9518776Z             "keys_url": "https://api.github.com/repos/***/hpoll/keys{/key_id}",
2026-03-01T10:46:12.9519224Z             "labels_url": "https://api.github.com/repos/***/hpoll/labels{/name}",
2026-03-01T10:46:12.9519562Z             "language": "C#",
2026-03-01T10:46:12.9520066Z             "languages_url": "https://api.github.com/repos/***/hpoll/languages",
2026-03-01T10:46:12.9520403Z             "license": null,
2026-03-01T10:46:12.9520618Z             "master_branch": "main",
2026-03-01T10:46:12.9520945Z             "merges_url": "https://api.github.com/repos/***/hpoll/merges",
2026-03-01T10:46:12.9521426Z             "milestones_url": "https://api.github.com/repos/***/hpoll/milestones{/number}",
2026-03-01T10:46:12.9521807Z             "mirror_url": null,
2026-03-01T10:46:12.9522016Z             "name": "hpoll",
2026-03-01T10:46:12.9522229Z             "node_id": "R_kgDORZXk2A",
2026-03-01T10:46:12.9522707Z             "notifications_url": "https://api.github.com/repos/***/hpoll/notifications{?since,all,participating}",
2026-03-01T10:46:12.9523164Z             "open_issues": 0,
2026-03-01T10:46:12.9523383Z             "open_issues_count": 0,
2026-03-01T10:46:12.9523606Z             "owner": {
2026-03-01T10:46:12.9523905Z               "avatar_url": "https://avatars.githubusercontent.com/u/169779439?v=4",
2026-03-01T10:46:12.9524546Z               "email": "demerit_hamlet_0m@icloud.com",
2026-03-01T10:46:12.9524927Z               "events_url": "https://api.github.com/users/***/events{/privacy}",
2026-03-01T10:46:12.9525363Z               "followers_url": "https://api.github.com/users/***/followers",
2026-03-01T10:46:12.9525834Z               "following_url": "https://api.github.com/users/***/following{/other_user}",
2026-03-01T10:46:12.9526297Z               "gists_url": "https://api.github.com/users/***/gists{/gist_id}",
2026-03-01T10:46:12.9526623Z               "gravatar_id": "",
2026-03-01T10:46:12.9526888Z               "html_url": "https://github.com/***",
2026-03-01T10:46:12.9527150Z               "id": 169779439,
2026-03-01T10:46:12.9527369Z               "login": "***",
2026-03-01T10:46:12.9527577Z               "name": "***",
2026-03-01T10:46:12.9527797Z               "node_id": "U_kgDOCh6g7w",
2026-03-01T10:46:12.9528146Z               "organizations_url": "https://api.github.com/users/***/orgs",
2026-03-01T10:46:12.9528616Z               "received_events_url": "https://api.github.com/users/***/received_events",
2026-03-01T10:46:12.9529058Z               "repos_url": "https://api.github.com/users/***/repos",
2026-03-01T10:46:12.9529354Z               "site_admin": false,
2026-03-01T10:46:12.9529711Z               "starred_url": "https://api.github.com/users/***/starred{/owner}{/repo}",
2026-03-01T10:46:12.9530204Z               "subscriptions_url": "https://api.github.com/users/***/subscriptions",
2026-03-01T10:46:12.9530560Z               "type": "User",
2026-03-01T10:46:12.9530821Z               "url": "https://api.github.com/users/***",
2026-03-01T10:46:12.9531099Z               "user_view_type": "public"
2026-03-01T10:46:12.9531331Z             },
2026-03-01T10:46:12.9531510Z             "private": false,
2026-03-01T10:46:12.9531746Z             "pull_request_creation_policy": "all",
2026-03-01T10:46:12.9532122Z             "pulls_url": "https://api.github.com/repos/***/hpoll/pulls{/number}",
2026-03-01T10:46:12.9532496Z             "pushed_at": 1772361818,
2026-03-01T10:46:12.9532891Z             "releases_url": "https://api.github.com/repos/***/hpoll/releases{/id}",
2026-03-01T10:46:12.9533236Z             "size": 1382,
2026-03-01T10:46:12.9533484Z             "ssh_url": "git@github.com:***/hpoll.git",
2026-03-01T10:46:12.9533746Z             "stargazers": 0,
2026-03-01T10:46:12.9534338Z             "stargazers_count": 0,
2026-03-01T10:46:12.9534730Z             "stargazers_url": "https://api.github.com/repos/***/hpoll/stargazers",
2026-03-01T10:46:12.9535213Z             "statuses_url": "https://api.github.com/repos/***/hpoll/statuses/{sha}",
2026-03-01T10:46:12.9535693Z             "subscribers_url": "https://api.github.com/repos/***/hpoll/subscribers",
2026-03-01T10:46:12.9536182Z             "subscription_url": "https://api.github.com/repos/***/hpoll/subscription",
2026-03-01T10:46:12.9536594Z             "svn_url": "https://github.com/***/hpoll",
2026-03-01T10:46:12.9537071Z             "tags_url": "https://api.github.com/repos/***/hpoll/tags",
2026-03-01T10:46:12.9537473Z             "teams_url": "https://api.github.com/repos/***/hpoll/teams",
2026-03-01T10:46:12.9537782Z             "topics": [],
2026-03-01T10:46:12.9538095Z             "trees_url": "https://api.github.com/repos/***/hpoll/git/trees{/sha}",
2026-03-01T10:46:12.9538460Z             "updated_at": "2026-03-01T10:40:13Z",
2026-03-01T10:46:12.9538772Z             "url": "https://api.github.com/repos/***/hpoll",
2026-03-01T10:46:12.9539055Z             "visibility": "public",
2026-03-01T10:46:12.9539285Z             "watchers": 0,
2026-03-01T10:46:12.9539492Z             "watchers_count": 0,
2026-03-01T10:46:12.9539729Z             "web_commit_signoff_required": false
2026-03-01T10:46:12.9539975Z           },
2026-03-01T10:46:12.9540141Z           "sender": {
2026-03-01T10:46:12.9540441Z             "avatar_url": "https://avatars.githubusercontent.com/u/169779439?v=4",
2026-03-01T10:46:12.9540901Z             "events_url": "https://api.github.com/users/***/events{/privacy}",
2026-03-01T10:46:12.9541341Z             "followers_url": "https://api.github.com/users/***/followers",
2026-03-01T10:46:12.9541803Z             "following_url": "https://api.github.com/users/***/following{/other_user}",
2026-03-01T10:46:12.9542264Z             "gists_url": "https://api.github.com/users/***/gists{/gist_id}",
2026-03-01T10:46:12.9542596Z             "gravatar_id": "",
2026-03-01T10:46:12.9542844Z             "html_url": "https://github.com/***",
2026-03-01T10:46:12.9543101Z             "id": 169779439,
2026-03-01T10:46:12.9543315Z             "login": "***",
2026-03-01T10:46:12.9543530Z             "node_id": "U_kgDOCh6g7w",
2026-03-01T10:46:12.9543863Z             "organizations_url": "https://api.github.com/users/***/orgs",
2026-03-01T10:46:12.9544820Z             "received_events_url": "https://api.github.com/users/***/received_events",
2026-03-01T10:46:12.9545359Z             "repos_url": "https://api.github.com/users/***/repos",
2026-03-01T10:46:12.9545671Z             "site_admin": false,
2026-03-01T10:46:12.9546019Z             "starred_url": "https://api.github.com/users/***/starred{/owner}{/repo}",
2026-03-01T10:46:12.9546500Z             "subscriptions_url": "https://api.github.com/users/***/subscriptions",
2026-03-01T10:46:12.9546846Z             "type": "User",
2026-03-01T10:46:12.9547107Z             "url": "https://api.github.com/users/***",
2026-03-01T10:46:12.9547387Z             "user_view_type": "public"
2026-03-01T10:46:12.9547607Z           }
2026-03-01T10:46:12.9547766Z         },
2026-03-01T10:46:12.9547945Z         "github_job": "docker-admin",
2026-03-01T10:46:12.9548253Z         "github_ref": "refs/heads/claude/explore-devices-table-ga0Rs",
2026-03-01T10:46:12.9548640Z         "github_ref_name": "claude/explore-devices-table-ga0Rs",
2026-03-01T10:46:12.9548956Z         "github_ref_protected": "false",
2026-03-01T10:46:12.9549204Z         "github_ref_type": "branch",
2026-03-01T10:46:12.9549459Z         "github_repository": "***/hpoll",
2026-03-01T10:46:12.9549725Z         "github_repository_id": "1167451352",
2026-03-01T10:46:12.9549990Z         "github_repository_owner": "***",
2026-03-01T10:46:12.9550251Z         "github_repository_owner_id": "169779439",
2026-03-01T10:46:12.9550513Z         "github_run_attempt": "1",
2026-03-01T10:46:12.9550743Z         "github_run_id": "22541736825",
2026-03-01T10:46:12.9551127Z         "github_run_number": "151",
2026-03-01T10:46:12.9551361Z         "github_runner_arch": "X64",
2026-03-01T10:46:12.9551627Z         "github_runner_environment": "github-hosted",
2026-03-01T10:46:12.9551916Z         "github_runner_image_os": "ubuntu24",
2026-03-01T10:46:12.9552189Z         "github_runner_image_version": "20260224.36.1",
2026-03-01T10:46:12.9552495Z         "github_runner_name": "GitHub Actions 1000000874",
2026-03-01T10:46:12.9552776Z         "github_runner_os": "Linux",
2026-03-01T10:46:12.9553117Z         "github_runner_tracking_id": "github_791bd3fe-aba4-4d62-b656-c0efdcd75ab8",
2026-03-01T10:46:12.9553626Z         "github_server_url": "https://github.com",
2026-03-01T10:46:12.9554143Z         "github_triggering_actor": "***",
2026-03-01T10:46:12.9554422Z         "github_workflow": "Build & Test",
2026-03-01T10:46:12.9554968Z         "github_workflow_ref": "***/hpoll/.github/workflows/build-and-test.yml@refs/heads/claude/explore-devices-table-ga0Rs",
2026-03-01T10:46:12.9555576Z         "github_workflow_sha": "e62cd111752add694d69c5d88a4369eb038f1a80",
2026-03-01T10:46:12.9555917Z         "platform": "linux/amd64"
2026-03-01T10:46:12.9556136Z       }
2026-03-01T10:46:12.9556284Z     }
2026-03-01T10:46:12.9556434Z   },
2026-03-01T10:46:12.9556953Z   "buildx.build.ref": "builder-53913cc8-8ff3-4376-9d33-e7425c77bf96/builder-53913cc8-8ff3-4376-9d33-e7425c77bf960/pojeg5ttwrfjkh26d6kitamtj",
2026-03-01T10:46:12.9557560Z   "containerimage.descriptor": {
2026-03-01T10:46:12.9557859Z     "mediaType": "application/vnd.oci.image.index.v1+json",
2026-03-01T10:46:12.9558299Z     "digest": "sha256:52387314de0b4555bfe6811473b80b19d67da267959bb66797b9b8a7856a6e29",
2026-03-01T10:46:12.9558683Z     "size": 856
2026-03-01T10:46:12.9558847Z   },
2026-03-01T10:46:12.9559206Z   "containerimage.digest": "sha256:52387314de0b4555bfe6811473b80b19d67da267959bb66797b9b8a7856a6e29",
2026-03-01T10:46:12.9560010Z   "image.name": "***/hpoll-admin:e62cd11,***/hpoll-admin:latest-any,***/hpoll-admin:claude-explore-devices-table-ga0Rs"
2026-03-01T10:46:12.9560494Z }
2026-03-01T10:46:12.9560873Z ##[endgroup]
2026-03-01T10:46:12.9561180Z ##[group]Reference
2026-03-01T10:46:12.9561647Z builder-53913cc8-8ff3-4376-9d33-e7425c77bf96/builder-53913cc8-8ff3-4376-9d33-e7425c77bf960/pojeg5ttwrfjkh26d6kitamtj
2026-03-01T10:46:12.9562291Z ##[endgroup]
2026-03-01T10:46:12.9573007Z ##[group]Check build summary support
2026-03-01T10:46:12.9573442Z Build summary supported!
2026-03-01T10:46:12.9573784Z ##[endgroup]
2026-03-01T10:46:12.9638506Z Post job cleanup.
2026-03-01T10:46:13.2028396Z ##[group]Generating build summary
2026-03-01T10:46:13.3181028Z exporting build record to /home/runner/work/_temp/docker-actions-toolkit-KlN7YU/export
2026-03-01T10:46:16.3248957Z [command]/usr/bin/mkfifo /home/runner/work/_temp/docker-actions-toolkit-KlN7YU/buildx-in-JGQ0tK.fifo
2026-03-01T10:46:16.3308735Z [command]/usr/bin/mkfifo /home/runner/work/_temp/docker-actions-toolkit-KlN7YU/buildx-out-NzDfzR.fifo
2026-03-01T10:46:16.3358395Z [command]docker buildx --builder builder-53913cc8-8ff3-4376-9d33-e7425c77bf96 dial-stdio
2026-03-01T10:46:16.3395166Z [command]docker run --rm -i -v /home/runner/.docker/buildx/refs:/buildx-refs -v /home/runner/work/_temp/docker-actions-toolkit-KlN7YU/export:/out docker.io/dockereng/export-build:latest --ref-state-dir=/buildx-refs --node=builder-53913cc8-8ff3-4376-9d33-e7425c77bf96/builder-53913cc8-8ff3-4376-9d33-e7425c77bf960 --ref=pojeg5ttwrfjkh26d6kitamtj --uid=1001 --gid=1001
2026-03-01T10:46:16.3555250Z Unable to find image 'dockereng/export-build:latest' locally
2026-03-01T10:46:21.8383028Z latest: Pulling from dockereng/export-build
2026-03-01T10:46:22.0083765Z 5f398fcfd265: Pulling fs layer
2026-03-01T10:46:22.0084336Z 152e015ae384: Pulling fs layer
2026-03-01T10:46:22.2196385Z 152e015ae384: Download complete
2026-03-01T10:46:22.3439947Z 5f398fcfd265: Verifying Checksum
2026-03-01T10:46:22.3440312Z 5f398fcfd265: Download complete
2026-03-01T10:46:22.4453618Z 5f398fcfd265: Pull complete
2026-03-01T10:46:22.4721117Z 152e015ae384: Pull complete
2026-03-01T10:46:22.4764399Z Digest: sha256:8a8d92fc2d7cc8a8855400970bb971436fc117bd39366595f55f7e1283a1e961
2026-03-01T10:46:22.4775175Z Status: Downloaded newer image for dockereng/export-build:latest
2026-03-01T10:46:23.1028441Z Process "docker run" exited with code 0
2026-03-01T10:46:23.1033746Z Parsing /home/runner/work/_temp/docker-actions-toolkit-KlN7YU/export/summary.json
2026-03-01T10:46:23.1037489Z Build record written to /home/runner/work/_temp/docker-actions-toolkit-KlN7YU/export/***~hpoll~POJEG5.dockerbuild (63.91 KB)
2026-03-01T10:46:23.1058373Z Uploading ***~hpoll~POJEG5.dockerbuild to blob storage
2026-03-01T10:46:23.1382778Z ERROR: read unix @->/run/docker.sock: use of closed network connection
2026-03-01T10:46:23.1387320Z Process "buildx dial-stdio" was killed with signal SIGKILL
2026-03-01T10:46:23.2734887Z Beginning upload of artifact content to blob storage
2026-03-01T10:46:23.2831411Z Uploaded bytes 65440
2026-03-01T10:46:23.4873181Z Finished uploading artifact content to blob storage!
2026-03-01T10:46:23.4880028Z SHA256 hash of uploaded artifact is 743b68a6be90f45f340f25794040e0c90429cb1751bca9d625ae959c464508e8
2026-03-01T10:46:23.4882313Z Finalizing artifact upload
2026-03-01T10:46:23.6613393Z Artifact successfully finalized (5709381095)
2026-03-01T10:46:23.6615012Z Artifact download URL: https://github.com/***/hpoll/actions/runs/22541736825/artifacts/5709381095
2026-03-01T10:46:23.6639934Z Writing summary
2026-03-01T10:46:23.6653317Z ##[endgroup]
2026-03-01T10:46:23.6654486Z ##[group]Removing temp folder /home/runner/work/_temp/docker-actions-toolkit-Xl0XvQ
2026-03-01T10:46:23.6664390Z ##[endgroup]
2026-03-01T10:46:23.6665020Z ##[group]Post cache
2026-03-01T10:46:23.6666325Z State not set
2026-03-01T10:46:23.6667025Z ##[endgroup]
2026-03-01T10:46:23.6810479Z Post job cleanup.
2026-03-01T10:46:23.9862767Z [command]/usr/bin/docker logout 
2026-03-01T10:46:24.0002917Z Removing login credentials for https://index.docker.io/v1/
2026-03-01T10:46:24.0036935Z ##[group]Post cache
2026-03-01T10:46:24.0038512Z State not set
2026-03-01T10:46:24.0040091Z ##[endgroup]
2026-03-01T10:46:24.0176221Z Post job cleanup.
2026-03-01T10:46:24.2646082Z ##[group]Removing builder
2026-03-01T10:46:24.3722624Z [command]/usr/bin/docker buildx rm builder-53913cc8-8ff3-4376-9d33-e7425c77bf96
2026-03-01T10:46:25.3860714Z builder-53913cc8-8ff3-4376-9d33-e7425c77bf96 removed
2026-03-01T10:46:25.3908239Z ##[endgroup]
2026-03-01T10:46:25.3909410Z ##[group]Cleaning up certificates
2026-03-01T10:46:25.3917015Z ##[endgroup]
2026-03-01T10:46:25.3917628Z ##[group]Post cache
2026-03-01T10:46:25.3920237Z State not set
2026-03-01T10:46:25.3920983Z ##[endgroup]
2026-03-01T10:46:25.4054638Z Post job cleanup.
2026-03-01T10:46:25.5011347Z [command]/usr/bin/git version
2026-03-01T10:46:25.5056094Z git version 2.53.0
2026-03-01T10:46:25.5105606Z Temporarily overriding HOME='/home/runner/work/_temp/86d3afa8-c09c-4eb6-ba57-962cc862fce7' before making global git config changes
2026-03-01T10:46:25.5106961Z Adding repository directory to the temporary git global config as a safe directory
2026-03-01T10:46:25.5112808Z [command]/usr/bin/git config --global --add safe.directory /home/runner/work/hpoll/hpoll
2026-03-01T10:46:25.5156350Z [command]/usr/bin/git config --local --name-only --get-regexp core\.sshCommand
2026-03-01T10:46:25.5196226Z [command]/usr/bin/git submodule foreach --recursive sh -c "git config --local --name-only --get-regexp 'core\.sshCommand' && git config --local --unset-all 'core.sshCommand' || :"
2026-03-01T10:46:25.5454867Z [command]/usr/bin/git config --local --name-only --get-regexp http\.https\:\/\/github\.com\/\.extraheader
2026-03-01T10:46:25.5478893Z http.https://github.com/.extraheader
2026-03-01T10:46:25.5491190Z [command]/usr/bin/git config --local --unset-all http.https://github.com/.extraheader
2026-03-01T10:46:25.5523748Z [command]/usr/bin/git submodule foreach --recursive sh -c "git config --local --name-only --get-regexp 'http\.https\:\/\/github\.com\/\.extraheader' && git config --local --unset-all 'http.https://github.com/.extraheader' || :"
2026-03-01T10:46:25.5873032Z Cleaning up orphan processes
