2026-03-01T10:45:18.8990734Z Current runner version: '2.331.0'
2026-03-01T10:45:18.9023965Z ##[group]Runner Image Provisioner
2026-03-01T10:45:18.9025386Z Hosted Compute Agent
2026-03-01T10:45:18.9026421Z Version: 20260213.493
2026-03-01T10:45:18.9027482Z Commit: 5c115507f6dd24b8de37d8bbe0bb4509d0cc0fa3
2026-03-01T10:45:18.9028756Z Build Date: 2026-02-13T00:28:41Z
2026-03-01T10:45:18.9029795Z Worker ID: {b9423e39-9130-4b5d-95a0-61aa21e7d953}
2026-03-01T10:45:18.9030880Z Azure Region: eastus2
2026-03-01T10:45:18.9031881Z ##[endgroup]
2026-03-01T10:45:18.9034448Z ##[group]Operating System
2026-03-01T10:45:18.9035454Z Ubuntu
2026-03-01T10:45:18.9036443Z 24.04.3
2026-03-01T10:45:18.9037279Z LTS
2026-03-01T10:45:18.9038215Z ##[endgroup]
2026-03-01T10:45:18.9039149Z ##[group]Runner Image
2026-03-01T10:45:18.9040132Z Image: ubuntu-24.04
2026-03-01T10:45:18.9041143Z Version: 20260224.36.1
2026-03-01T10:45:18.9043505Z Included Software: https://github.com/actions/runner-images/blob/ubuntu24/20260224.36/images/ubuntu/Ubuntu2404-Readme.md
2026-03-01T10:45:18.9046868Z Image Release: https://github.com/actions/runner-images/releases/tag/ubuntu24%2F20260224.36
2026-03-01T10:45:18.9048439Z ##[endgroup]
2026-03-01T10:45:18.9050040Z ##[group]GITHUB_TOKEN Permissions
2026-03-01T10:45:18.9053321Z Contents: read
2026-03-01T10:45:18.9054267Z Metadata: read
2026-03-01T10:45:18.9055237Z ##[endgroup]
2026-03-01T10:45:18.9058218Z Secret source: Actions
2026-03-01T10:45:18.9059776Z Prepare workflow directory
2026-03-01T10:45:18.9508014Z Prepare all required actions
2026-03-01T10:45:18.9562741Z Getting action download info
2026-03-01T10:45:19.2507628Z Download action repository 'actions/checkout@692973e3d937129bcbf40652eb9f2f61becf3332' (SHA:692973e3d937129bcbf40652eb9f2f61becf3332)
2026-03-01T10:45:19.4329833Z Download action repository 'docker/setup-buildx-action@b5ca514318bd6ebac0fb2aedd5d36ec1b5c232a2' (SHA:b5ca514318bd6ebac0fb2aedd5d36ec1b5c232a2)
2026-03-01T10:45:19.9451919Z Download action repository 'docker/login-action@74a5d142397b4f367a81961eba4e8cd7edddf772' (SHA:74a5d142397b4f367a81961eba4e8cd7edddf772)
2026-03-01T10:45:20.3078167Z Download action repository 'docker/build-push-action@14487ce63c7a62a4a324b0bfb37086795e31c6c1' (SHA:14487ce63c7a62a4a324b0bfb37086795e31c6c1)
2026-03-01T10:45:20.9746094Z Complete job name: Docker Build & Push
2026-03-01T10:45:21.0594162Z ##[group]Run actions/checkout@692973e3d937129bcbf40652eb9f2f61becf3332
2026-03-01T10:45:21.0595963Z with:
2026-03-01T10:45:21.0596932Z   repository: ***/hpoll
2026-03-01T10:45:21.0598217Z   token: ***
2026-03-01T10:45:21.0599265Z   ssh-strict: true
2026-03-01T10:45:21.0600181Z   ssh-user: git
2026-03-01T10:45:21.0601162Z   persist-credentials: true
2026-03-01T10:45:21.0602292Z   clean: true
2026-03-01T10:45:21.0603384Z   sparse-checkout-cone-mode: true
2026-03-01T10:45:21.0604521Z   fetch-depth: 1
2026-03-01T10:45:21.0605518Z   fetch-tags: false
2026-03-01T10:45:21.0606437Z   show-progress: true
2026-03-01T10:45:21.0607435Z   lfs: false
2026-03-01T10:45:21.0608380Z   submodules: false
2026-03-01T10:45:21.0609351Z   set-safe-directory: true
2026-03-01T10:45:21.0610712Z ##[endgroup]
2026-03-01T10:45:21.1737692Z Syncing repository: ***/hpoll
2026-03-01T10:45:21.1740367Z ##[group]Getting Git version info
2026-03-01T10:45:21.1742010Z Working directory is '/home/runner/work/hpoll/hpoll'
2026-03-01T10:45:21.1744337Z [command]/usr/bin/git version
2026-03-01T10:45:21.6416152Z git version 2.53.0
2026-03-01T10:45:21.6443937Z ##[endgroup]
2026-03-01T10:45:21.6458332Z Temporarily overriding HOME='/home/runner/work/_temp/523a91a6-f3ba-46bc-9c7d-c1d7b4056e17' before making global git config changes
2026-03-01T10:45:21.6459360Z Adding repository directory to the temporary git global config as a safe directory
2026-03-01T10:45:21.6473755Z [command]/usr/bin/git config --global --add safe.directory /home/runner/work/hpoll/hpoll
2026-03-01T10:45:21.6516838Z Deleting the contents of '/home/runner/work/hpoll/hpoll'
2026-03-01T10:45:21.6520983Z ##[group]Initializing the repository
2026-03-01T10:45:21.6526029Z [command]/usr/bin/git init /home/runner/work/hpoll/hpoll
2026-03-01T10:45:21.6652910Z hint: Using 'master' as the name for the initial branch. This default branch name
2026-03-01T10:45:21.6654375Z hint: will change to "main" in Git 3.0. To configure the initial branch name
2026-03-01T10:45:21.6655222Z hint: to use in all of your new repositories, which will suppress this warning,
2026-03-01T10:45:21.6655956Z hint: call:
2026-03-01T10:45:21.6656852Z hint:
2026-03-01T10:45:21.6657562Z hint: 	git config --global init.defaultBranch <name>
2026-03-01T10:45:21.6658250Z hint:
2026-03-01T10:45:21.6659354Z hint: Names commonly chosen instead of 'master' are 'main', 'trunk' and
2026-03-01T10:45:21.6660785Z hint: 'development'. The just-created branch can be renamed via this command:
2026-03-01T10:45:21.6661957Z hint:
2026-03-01T10:45:21.6662892Z hint: 	git branch -m <name>
2026-03-01T10:45:21.6663752Z hint:
2026-03-01T10:45:21.6664816Z hint: Disable this message with "git config set advice.defaultBranchName false"
2026-03-01T10:45:21.6666187Z Initialized empty Git repository in /home/runner/work/hpoll/hpoll/.git/
2026-03-01T10:45:21.6671563Z [command]/usr/bin/git remote add origin https://github.com/***/hpoll
2026-03-01T10:45:21.6706051Z ##[endgroup]
2026-03-01T10:45:21.6707319Z ##[group]Disabling automatic garbage collection
2026-03-01T10:45:21.6710967Z [command]/usr/bin/git config --local gc.auto 0
2026-03-01T10:45:21.6740383Z ##[endgroup]
2026-03-01T10:45:21.6741709Z ##[group]Setting up auth
2026-03-01T10:45:21.6748370Z [command]/usr/bin/git config --local --name-only --get-regexp core\.sshCommand
2026-03-01T10:45:21.6779708Z [command]/usr/bin/git submodule foreach --recursive sh -c "git config --local --name-only --get-regexp 'core\.sshCommand' && git config --local --unset-all 'core.sshCommand' || :"
2026-03-01T10:45:21.7159065Z [command]/usr/bin/git config --local --name-only --get-regexp http\.https\:\/\/github\.com\/\.extraheader
2026-03-01T10:45:21.7188614Z [command]/usr/bin/git submodule foreach --recursive sh -c "git config --local --name-only --get-regexp 'http\.https\:\/\/github\.com\/\.extraheader' && git config --local --unset-all 'http.https://github.com/.extraheader' || :"
2026-03-01T10:45:21.7419035Z [command]/usr/bin/git config --local http.https://github.com/.extraheader AUTHORIZATION: basic ***
2026-03-01T10:45:21.7463905Z ##[endgroup]
2026-03-01T10:45:21.7465130Z ##[group]Fetching the repository
2026-03-01T10:45:21.7472072Z [command]/usr/bin/git -c protocol.version=2 fetch --no-tags --prune --no-recurse-submodules --depth=1 origin +e62cd111752add694d69c5d88a4369eb038f1a80:refs/remotes/origin/claude/explore-devices-table-ga0Rs
2026-03-01T10:45:21.9657843Z From https://github.com/***/hpoll
2026-03-01T10:45:21.9659387Z  * [new ref]         e62cd111752add694d69c5d88a4369eb038f1a80 -> origin/claude/explore-devices-table-ga0Rs
2026-03-01T10:45:21.9693046Z ##[endgroup]
2026-03-01T10:45:21.9694019Z ##[group]Determining the checkout info
2026-03-01T10:45:21.9695668Z ##[endgroup]
2026-03-01T10:45:21.9700508Z [command]/usr/bin/git sparse-checkout disable
2026-03-01T10:45:21.9742370Z [command]/usr/bin/git config --local --unset-all extensions.worktreeConfig
2026-03-01T10:45:21.9771149Z ##[group]Checking out the ref
2026-03-01T10:45:21.9775355Z [command]/usr/bin/git checkout --progress --force -B claude/explore-devices-table-ga0Rs refs/remotes/origin/claude/explore-devices-table-ga0Rs
2026-03-01T10:45:21.9910227Z Switched to a new branch 'claude/explore-devices-table-ga0Rs'
2026-03-01T10:45:21.9912186Z branch 'claude/explore-devices-table-ga0Rs' set up to track 'origin/claude/explore-devices-table-ga0Rs'.
2026-03-01T10:45:21.9919417Z ##[endgroup]
2026-03-01T10:45:21.9958680Z [command]/usr/bin/git log -1 --format='%H'
2026-03-01T10:45:21.9981669Z 'e62cd111752add694d69c5d88a4369eb038f1a80'
2026-03-01T10:45:22.0262557Z ##[group]Run docker/setup-buildx-action@b5ca514318bd6ebac0fb2aedd5d36ec1b5c232a2
2026-03-01T10:45:22.0263824Z with:
2026-03-01T10:45:22.0264327Z   driver: docker-container
2026-03-01T10:45:22.0264904Z   install: false
2026-03-01T10:45:22.0265762Z   use: true
2026-03-01T10:45:22.0266223Z   cache-binary: true
2026-03-01T10:45:22.0266734Z   cleanup: true
2026-03-01T10:45:22.0267209Z ##[endgroup]
2026-03-01T10:45:22.2683941Z ##[group]Docker info
2026-03-01T10:45:22.2721733Z [command]/usr/bin/docker version
2026-03-01T10:45:22.3594671Z Client: Docker Engine - Community
2026-03-01T10:45:22.3597949Z  Version:           28.0.4
2026-03-01T10:45:22.3598537Z  API version:       1.48
2026-03-01T10:45:22.3599076Z  Go version:        go1.23.7
2026-03-01T10:45:22.3599638Z  Git commit:        b8034c0
2026-03-01T10:45:22.3600226Z  Built:             Tue Mar 25 15:07:16 2025
2026-03-01T10:45:22.3600845Z  OS/Arch:           linux/amd64
2026-03-01T10:45:22.3601404Z  Context:           default
2026-03-01T10:45:22.3601813Z 
2026-03-01T10:45:22.3602096Z Server: Docker Engine - Community
2026-03-01T10:45:22.3602863Z  Engine:
2026-03-01T10:45:22.3603306Z   Version:          28.0.4
2026-03-01T10:45:22.3603895Z   API version:      1.48 (minimum version 1.24)
2026-03-01T10:45:22.3604567Z   Go version:       go1.23.7
2026-03-01T10:45:22.3605149Z   Git commit:       6430e49
2026-03-01T10:45:22.3605941Z   Built:            Tue Mar 25 15:07:16 2025
2026-03-01T10:45:22.3606559Z   OS/Arch:          linux/amd64
2026-03-01T10:45:22.3607111Z   Experimental:     false
2026-03-01T10:45:22.3607652Z  containerd:
2026-03-01T10:45:22.3608116Z   Version:          v2.2.1
2026-03-01T10:45:22.3608752Z   GitCommit:        dea7da592f5d1d2b7755e3a161be07f43fad8f75
2026-03-01T10:45:22.3609441Z  runc:
2026-03-01T10:45:22.3609896Z   Version:          1.3.4
2026-03-01T10:45:22.3610438Z   GitCommit:        v1.3.4-0-gd6d73eb8
2026-03-01T10:45:22.3611016Z  docker-init:
2026-03-01T10:45:22.3611543Z   Version:          0.19.0
2026-03-01T10:45:22.3612175Z   GitCommit:        de40ad0
2026-03-01T10:45:22.3651937Z [command]/usr/bin/docker info
2026-03-01T10:45:24.2408383Z Client: Docker Engine - Community
2026-03-01T10:45:24.2409159Z  Version:    28.0.4
2026-03-01T10:45:24.2409497Z  Context:    default
2026-03-01T10:45:24.2409889Z  Debug Mode: false
2026-03-01T10:45:24.2410227Z  Plugins:
2026-03-01T10:45:24.2410552Z   buildx: Docker Buildx (Docker Inc.)
2026-03-01T10:45:24.2410968Z     Version:  v0.31.1
2026-03-01T10:45:24.2411429Z     Path:     /usr/libexec/docker/cli-plugins/docker-buildx
2026-03-01T10:45:24.2411978Z   compose: Docker Compose (Docker Inc.)
2026-03-01T10:45:24.2412412Z     Version:  v2.38.2
2026-03-01T10:45:24.2413498Z     Path:     /usr/libexec/docker/cli-plugins/docker-compose
2026-03-01T10:45:24.2413790Z 
2026-03-01T10:45:24.2413881Z Server:
2026-03-01T10:45:24.2414055Z  Containers: 0
2026-03-01T10:45:24.2414254Z   Running: 0
2026-03-01T10:45:24.2414480Z   Paused: 0
2026-03-01T10:45:24.2414655Z   Stopped: 0
2026-03-01T10:45:24.2414846Z  Images: 1
2026-03-01T10:45:24.2415021Z  Server Version: 28.0.4
2026-03-01T10:45:24.2415240Z  Storage Driver: overlay2
2026-03-01T10:45:24.2415464Z   Backing Filesystem: extfs
2026-03-01T10:45:24.2415681Z   Supports d_type: true
2026-03-01T10:45:24.2415900Z   Using metacopy: false
2026-03-01T10:45:24.2416111Z   Native Overlay Diff: false
2026-03-01T10:45:24.2416339Z   userxattr: false
2026-03-01T10:45:24.2416571Z  Logging Driver: json-file
2026-03-01T10:45:24.2416802Z  Cgroup Driver: systemd
2026-03-01T10:45:24.2417007Z  Cgroup Version: 2
2026-03-01T10:45:24.2417201Z  Plugins:
2026-03-01T10:45:24.2417434Z   Volume: local
2026-03-01T10:45:24.2417746Z   Network: bridge host ipvlan macvlan null overlay
2026-03-01T10:45:24.2418201Z   Log: awslogs fluentd gcplogs gelf journald json-file local splunk syslog
2026-03-01T10:45:24.2418559Z  Swarm: inactive
2026-03-01T10:45:24.2418774Z  Runtimes: io.containerd.runc.v2 runc
2026-03-01T10:45:24.2419030Z  Default Runtime: runc
2026-03-01T10:45:24.2419600Z  Init Binary: docker-init
2026-03-01T10:45:24.2419921Z  containerd version: dea7da592f5d1d2b7755e3a161be07f43fad8f75
2026-03-01T10:45:24.2420254Z  runc version: v1.3.4-0-gd6d73eb8
2026-03-01T10:45:24.2420499Z  init version: de40ad0
2026-03-01T10:45:24.2420702Z  Security Options:
2026-03-01T10:45:24.2421035Z   apparmor
2026-03-01T10:45:24.2421208Z   seccomp
2026-03-01T10:45:24.2421378Z    Profile: builtin
2026-03-01T10:45:24.2421559Z   cgroupns
2026-03-01T10:45:24.2421853Z  Kernel Version: 6.14.0-1017-azure
2026-03-01T10:45:24.2422321Z  Operating System: Ubuntu 24.04.3 LTS
2026-03-01T10:45:24.2422765Z  OSType: linux
2026-03-01T10:45:24.2423106Z  Architecture: x86_64
2026-03-01T10:45:24.2423307Z  CPUs: 4
2026-03-01T10:45:24.2423481Z  Total Memory: 15.62GiB
2026-03-01T10:45:24.2423684Z  Name: runnervmnay03
2026-03-01T10:45:24.2423897Z  ID: 2798490f-3934-4089-859a-ba9f3856e68c
2026-03-01T10:45:24.2424156Z  Docker Root Dir: /var/lib/docker
2026-03-01T10:45:24.2424384Z  Debug Mode: false
2026-03-01T10:45:24.2424589Z  Username: githubactions
2026-03-01T10:45:24.2424800Z  Experimental: false
2026-03-01T10:45:24.2425005Z  Insecure Registries:
2026-03-01T10:45:24.2428423Z   ::1/128
2026-03-01T10:45:24.2428631Z   127.0.0.0/8
2026-03-01T10:45:24.2428975Z  Live Restore Enabled: false
2026-03-01T10:45:24.2429262Z 
2026-03-01T10:45:24.2430141Z ##[endgroup]
2026-03-01T10:45:24.3377636Z ##[group]Buildx version
2026-03-01T10:45:24.3400913Z [command]/usr/bin/docker buildx version
2026-03-01T10:45:24.4097595Z github.com/docker/buildx v0.31.1 a2675950d46b2cb171b23c2015ca44fb88607531
2026-03-01T10:45:24.4131758Z ##[endgroup]
2026-03-01T10:45:24.4276187Z ##[group]Inspecting default docker context
2026-03-01T10:45:24.4412160Z [
2026-03-01T10:45:24.4412534Z   {
2026-03-01T10:45:24.4413119Z     "Name": "default",
2026-03-01T10:45:24.4413513Z     "Metadata": {},
2026-03-01T10:45:24.4413891Z     "Endpoints": {
2026-03-01T10:45:24.4414219Z       "docker": {
2026-03-01T10:45:24.4414600Z         "Host": "unix:///var/run/docker.sock",
2026-03-01T10:45:24.4415124Z         "SkipTLSVerify": false
2026-03-01T10:45:24.4415525Z       }
2026-03-01T10:45:24.4415800Z     },
2026-03-01T10:45:24.4416113Z     "TLSMaterial": {},
2026-03-01T10:45:24.4416482Z     "Storage": {
2026-03-01T10:45:24.4416843Z       "MetadataPath": "<IN MEMORY>",
2026-03-01T10:45:24.4417330Z       "TLSPath": "<IN MEMORY>"
2026-03-01T10:45:24.4417730Z     }
2026-03-01T10:45:24.4418007Z   }
2026-03-01T10:45:24.4418299Z ]
2026-03-01T10:45:24.4418950Z ##[endgroup]
2026-03-01T10:45:24.4419655Z ##[group]Creating a new builder instance
2026-03-01T10:45:24.5118824Z [command]/usr/bin/docker buildx create --name builder-93592da1-78f0-4f86-9f9e-dd3fd1a88a9c --driver docker-container --buildkitd-flags --allow-insecure-entitlement security.insecure --allow-insecure-entitlement network.host --use
2026-03-01T10:45:24.5750956Z builder-93592da1-78f0-4f86-9f9e-dd3fd1a88a9c
2026-03-01T10:45:24.5786905Z ##[endgroup]
2026-03-01T10:45:24.5787483Z ##[group]Booting builder
2026-03-01T10:45:24.5841468Z [command]/usr/bin/docker buildx inspect --bootstrap --builder builder-93592da1-78f0-4f86-9f9e-dd3fd1a88a9c
2026-03-01T10:45:24.6453449Z #1 [internal] booting buildkit
2026-03-01T10:45:24.7954228Z #1 pulling image moby/buildkit:buildx-stable-1
2026-03-01T10:45:27.7079616Z #1 pulling image moby/buildkit:buildx-stable-1 3.1s done
2026-03-01T10:45:27.8584379Z #1 creating container buildx_buildkit_builder-93592da1-78f0-4f86-9f9e-dd3fd1a88a9c0
2026-03-01T10:45:27.9546155Z #1 creating container buildx_buildkit_builder-93592da1-78f0-4f86-9f9e-dd3fd1a88a9c0 0.2s done
2026-03-01T10:45:27.9574231Z #1 DONE 3.3s
2026-03-01T10:45:27.9884869Z Name:          builder-93592da1-78f0-4f86-9f9e-dd3fd1a88a9c
2026-03-01T10:45:27.9885454Z Driver:        docker-container
2026-03-01T10:45:27.9885864Z Last Activity: 2026-03-01 10:45:24 +0000 UTC
2026-03-01T10:45:27.9886700Z 
2026-03-01T10:45:27.9886821Z Nodes:
2026-03-01T10:45:27.9887553Z Name:                  builder-93592da1-78f0-4f86-9f9e-dd3fd1a88a9c0
2026-03-01T10:45:27.9888990Z Endpoint:              unix:///var/run/docker.sock
2026-03-01T10:45:27.9889552Z Status:                running
2026-03-01T10:45:27.9890404Z BuildKit daemon flags: --allow-insecure-entitlement security.insecure --allow-insecure-entitlement network.host
2026-03-01T10:45:27.9891595Z BuildKit version:      v0.27.1
2026-03-01T10:45:27.9892122Z Platforms:             linux/amd64, linux/amd64/v2, linux/amd64/v3, linux/386
2026-03-01T10:45:27.9892931Z Labels:
2026-03-01T10:45:27.9893326Z  org.mobyproject.buildkit.worker.executor:         oci
2026-03-01T10:45:27.9894007Z  org.mobyproject.buildkit.worker.hostname:         a6cbe8934fb0
2026-03-01T10:45:27.9894683Z  org.mobyproject.buildkit.worker.network:          host
2026-03-01T10:45:27.9895341Z  org.mobyproject.buildkit.worker.oci.process-mode: sandbox
2026-03-01T10:45:27.9895821Z  org.mobyproject.buildkit.worker.selinux.enabled:  false
2026-03-01T10:45:27.9896223Z  org.mobyproject.buildkit.worker.snapshotter:      overlayfs
2026-03-01T10:45:27.9896555Z GC Policy rule#0:
2026-03-01T10:45:27.9896749Z  All:            false
2026-03-01T10:45:27.9897078Z  Filters:        type==source.local,type==exec.cachemount,type==source.git.checkout
2026-03-01T10:45:27.9897462Z  Keep Duration:  48h0m0s
2026-03-01T10:45:27.9897668Z  Max Used Space: 488.3MiB
2026-03-01T10:45:27.9897886Z GC Policy rule#1:
2026-03-01T10:45:27.9898062Z  All:            false
2026-03-01T10:45:27.9898251Z  Keep Duration:  1440h0m0s
2026-03-01T10:45:27.9898449Z  Reserved Space: 9.313GiB
2026-03-01T10:45:27.9898672Z  Max Used Space: 93.13GiB
2026-03-01T10:45:27.9898869Z  Min Free Space: 27.01GiB
2026-03-01T10:45:27.9899055Z GC Policy rule#2:
2026-03-01T10:45:27.9899230Z  All:            false
2026-03-01T10:45:27.9899421Z  Reserved Space: 9.313GiB
2026-03-01T10:45:27.9899611Z  Max Used Space: 93.13GiB
2026-03-01T10:45:27.9899808Z  Min Free Space: 27.01GiB
2026-03-01T10:45:27.9900001Z GC Policy rule#3:
2026-03-01T10:45:27.9900168Z  All:            true
2026-03-01T10:45:27.9900358Z  Reserved Space: 9.313GiB
2026-03-01T10:45:27.9900563Z  Max Used Space: 93.13GiB
2026-03-01T10:45:27.9900753Z  Min Free Space: 27.01GiB
2026-03-01T10:45:27.9958768Z ##[endgroup]
2026-03-01T10:45:28.0897652Z ##[group]Inspect builder
2026-03-01T10:45:28.0899888Z {
2026-03-01T10:45:28.0900226Z   "nodes": [
2026-03-01T10:45:28.0900564Z     {
2026-03-01T10:45:28.0900981Z       "name": "builder-93592da1-78f0-4f86-9f9e-dd3fd1a88a9c0",
2026-03-01T10:45:28.0901619Z       "endpoint": "unix:///var/run/docker.sock",
2026-03-01T10:45:28.0902111Z       "status": "running",
2026-03-01T10:45:28.0903219Z       "buildkitd-flags": "--allow-insecure-entitlement security.insecure --allow-insecure-entitlement network.host",
2026-03-01T10:45:28.0904179Z       "buildkit": "v0.27.1",
2026-03-01T10:45:28.0904745Z       "platforms": "linux/amd64,linux/amd64/v2,linux/amd64/v3,linux/386",
2026-03-01T10:45:28.0905419Z       "features": {
2026-03-01T10:45:28.0905952Z         "Automatically load images to the Docker Engine image store": true,
2026-03-01T10:45:28.0906630Z         "Cache export": true,
2026-03-01T10:45:28.0907039Z         "Direct push": true,
2026-03-01T10:45:28.0907435Z         "Docker exporter": true,
2026-03-01T10:45:28.0907890Z         "Multi-platform build": true,
2026-03-01T10:45:28.0908355Z         "OCI exporter": true
2026-03-01T10:45:28.0908736Z       },
2026-03-01T10:45:28.0909032Z       "labels": {
2026-03-01T10:45:28.0909475Z         "org.mobyproject.buildkit.worker.executor": "oci",
2026-03-01T10:45:28.0910133Z         "org.mobyproject.buildkit.worker.hostname": "a6cbe8934fb0",
2026-03-01T10:45:28.0910770Z         "org.mobyproject.buildkit.worker.network": "host",
2026-03-01T10:45:28.0911423Z         "org.mobyproject.buildkit.worker.oci.process-mode": "sandbox",
2026-03-01T10:45:28.0912104Z         "org.mobyproject.buildkit.worker.selinux.enabled": "false",
2026-03-01T10:45:28.0913130Z         "org.mobyproject.buildkit.worker.snapshotter": "overlayfs"
2026-03-01T10:45:28.0913778Z       },
2026-03-01T10:45:28.0914046Z       "gcPolicy": [
2026-03-01T10:45:28.0914701Z         {
2026-03-01T10:45:28.0914981Z           "all": false,
2026-03-01T10:45:28.0915301Z           "filter": [
2026-03-01T10:45:28.0915624Z             "type==source.local",
2026-03-01T10:45:28.0916018Z             "type==exec.cachemount",
2026-03-01T10:45:28.0916612Z             "type==source.git.checkout"
2026-03-01T10:45:28.0916982Z           ],
2026-03-01T10:45:28.0917255Z           "keepDuration": "48h0m0s"
2026-03-01T10:45:28.0917617Z         },
2026-03-01T10:45:28.0917869Z         {
2026-03-01T10:45:28.0918130Z           "all": false,
2026-03-01T10:45:28.0918470Z           "keepDuration": "1440h0m0s"
2026-03-01T10:45:28.0919024Z         },
2026-03-01T10:45:28.0919292Z         {
2026-03-01T10:45:28.0919557Z           "all": false
2026-03-01T10:45:28.0919856Z         },
2026-03-01T10:45:28.0920107Z         {
2026-03-01T10:45:28.0920366Z           "all": true
2026-03-01T10:45:28.0920659Z         }
2026-03-01T10:45:28.0920910Z       ]
2026-03-01T10:45:28.0921162Z     }
2026-03-01T10:45:28.0921400Z   ],
2026-03-01T10:45:28.0921774Z   "name": "builder-93592da1-78f0-4f86-9f9e-dd3fd1a88a9c",
2026-03-01T10:45:28.0922293Z   "driver": "docker-container",
2026-03-01T10:45:28.0922987Z   "lastActivity": "2026-03-01T10:45:24.000Z"
2026-03-01T10:45:28.0923393Z }
2026-03-01T10:45:28.0923927Z ##[endgroup]
2026-03-01T10:45:28.0924427Z ##[group]BuildKit version
2026-03-01T10:45:28.0924872Z builder-93592da1-78f0-4f86-9f9e-dd3fd1a88a9c0: v0.27.1
2026-03-01T10:45:28.0925565Z ##[endgroup]
2026-03-01T10:45:28.1066105Z ##[group]Run docker/login-action@74a5d142397b4f367a81961eba4e8cd7edddf772
2026-03-01T10:45:28.1066495Z with:
2026-03-01T10:45:28.1066787Z   username: ***
2026-03-01T10:45:28.1067038Z   password: ***
2026-03-01T10:45:28.1067217Z   ecr: auto
2026-03-01T10:45:28.1067375Z   logout: true
2026-03-01T10:45:28.1067548Z ##[endgroup]
2026-03-01T10:45:28.3937085Z Logging into Docker Hub...
2026-03-01T10:45:28.5089355Z Login Succeeded!
2026-03-01T10:45:28.5232083Z ##[group]Run SHORT_SHA=$(echo "e62cd111752add694d69c5d88a4369eb038f1a80" | cut -c1-7)
2026-03-01T10:45:28.5233007Z [36;1mSHORT_SHA=$(echo "e62cd111752add694d69c5d88a4369eb038f1a80" | cut -c1-7)[0m
2026-03-01T10:45:28.5233540Z [36;1mIMAGE="***/hpoll"[0m
2026-03-01T10:45:28.5233825Z [36;1mecho "short_sha=${SHORT_SHA}" >> "$GITHUB_OUTPUT"[0m
2026-03-01T10:45:28.5234172Z [36;1mecho "image=${IMAGE}" >> "$GITHUB_OUTPUT"[0m
2026-03-01T10:45:28.5234431Z [36;1m[0m
2026-03-01T10:45:28.5234624Z [36;1m# Build tag list based on context[0m
2026-03-01T10:45:28.5234932Z [36;1mTAGS="${IMAGE}:${SHORT_SHA},${IMAGE}:latest-any"[0m
2026-03-01T10:45:28.5235377Z [36;1mif [ "refs/heads/claude/explore-devices-table-ga0Rs" = "refs/heads/main" ]; then[0m
2026-03-01T10:45:28.5235804Z [36;1m  TAGS="${TAGS},${IMAGE}:latest"[0m
2026-03-01T10:45:28.5236209Z [36;1melif [ "refs/heads/claude/explore-devices-table-ga0Rs" = "refs/heads/dev" ]; then[0m
2026-03-01T10:45:28.5236646Z [36;1m  TAGS="${TAGS},${IMAGE}:dev"[0m
2026-03-01T10:45:28.5236926Z [36;1melif [ "push" = "pull_request" ]; then[0m
2026-03-01T10:45:28.5237197Z [36;1m  TAGS="${TAGS},${IMAGE}:pr-"[0m
2026-03-01T10:45:28.5237437Z [36;1melse[0m
2026-03-01T10:45:28.5237693Z [36;1m  # Branch build — sanitize branch name for use as a tag[0m
2026-03-01T10:45:28.5238236Z [36;1m  BRANCH_TAG=$(echo "claude/explore-devices-table-ga0Rs" | sed 's|[^a-zA-Z0-9._-]|-|g' | cut -c1-128)[0m
2026-03-01T10:45:28.5238738Z [36;1m  TAGS="${TAGS},${IMAGE}:${BRANCH_TAG}"[0m
2026-03-01T10:45:28.5239005Z [36;1mfi[0m
2026-03-01T10:45:28.5239211Z [36;1mecho "tags=${TAGS}" >> "$GITHUB_OUTPUT"[0m
2026-03-01T10:45:28.5291927Z shell: /usr/bin/bash -e {0}
2026-03-01T10:45:28.5292173Z ##[endgroup]
2026-03-01T10:45:28.5512081Z ##[group]Run docker/build-push-action@14487ce63c7a62a4a324b0bfb37086795e31c6c1
2026-03-01T10:45:28.5512798Z with:
2026-03-01T10:45:28.5513136Z   context: .
2026-03-01T10:45:28.5513400Z   push: true
2026-03-01T10:45:28.5513983Z   tags: ***/hpoll:e62cd11,***/hpoll:latest-any,***/hpoll:claude-explore-devices-table-ga0Rs
2026-03-01T10:45:28.5514555Z   cache-from: type=gha
2026-03-01T10:45:28.5514935Z   cache-to: type=gha,mode=max
2026-03-01T10:45:28.5515223Z   load: false
2026-03-01T10:45:28.5515551Z   no-cache: false
2026-03-01T10:45:28.5515858Z   pull: false
2026-03-01T10:45:28.5516399Z   github-token: ***
2026-03-01T10:45:28.5516779Z ##[endgroup]
2026-03-01T10:45:28.7910494Z ##[group]GitHub Actions runtime token ACs
2026-03-01T10:45:28.7921887Z refs/heads/claude/explore-devices-table-ga0Rs: read/write
2026-03-01T10:45:28.7923400Z refs/heads/main: read
2026-03-01T10:45:28.7926081Z ##[endgroup]
2026-03-01T10:45:28.7926879Z ##[group]Docker info
2026-03-01T10:45:28.8000395Z [command]/usr/bin/docker version
2026-03-01T10:45:28.8205404Z Client: Docker Engine - Community
2026-03-01T10:45:28.8207914Z  Version:           28.0.4
2026-03-01T10:45:28.8208616Z  API version:       1.48
2026-03-01T10:45:28.8209173Z  Go version:        go1.23.7
2026-03-01T10:45:28.8209771Z  Git commit:        b8034c0
2026-03-01T10:45:28.8210411Z  Built:             Tue Mar 25 15:07:16 2025
2026-03-01T10:45:28.8211033Z  OS/Arch:           linux/amd64
2026-03-01T10:45:28.8211664Z  Context:           default
2026-03-01T10:45:28.8212016Z 
2026-03-01T10:45:28.8212224Z Server: Docker Engine - Community
2026-03-01T10:45:28.8217292Z  Engine:
2026-03-01T10:45:28.8217899Z   Version:          28.0.4
2026-03-01T10:45:28.8218464Z   API version:      1.48 (minimum version 1.24)
2026-03-01T10:45:28.8219118Z   Go version:       go1.23.7
2026-03-01T10:45:28.8219815Z   Git commit:       6430e49
2026-03-01T10:45:28.8220310Z   Built:            Tue Mar 25 15:07:16 2025
2026-03-01T10:45:28.8220929Z   OS/Arch:          linux/amd64
2026-03-01T10:45:28.8221639Z   Experimental:     false
2026-03-01T10:45:28.8222139Z  containerd:
2026-03-01T10:45:28.8222931Z   Version:          v2.2.1
2026-03-01T10:45:28.8223807Z   GitCommit:        dea7da592f5d1d2b7755e3a161be07f43fad8f75
2026-03-01T10:45:28.8224480Z  runc:
2026-03-01T10:45:28.8224972Z   Version:          1.3.4
2026-03-01T10:45:28.8225610Z   GitCommit:        v1.3.4-0-gd6d73eb8
2026-03-01T10:45:28.8226151Z  docker-init:
2026-03-01T10:45:28.8226643Z   Version:          0.19.0
2026-03-01T10:45:28.8227327Z   GitCommit:        de40ad0
2026-03-01T10:45:28.8260904Z [command]/usr/bin/docker info
2026-03-01T10:45:28.8882354Z Client: Docker Engine - Community
2026-03-01T10:45:28.8883241Z  Version:    28.0.4
2026-03-01T10:45:28.8887888Z  Context:    default
2026-03-01T10:45:28.8890072Z  Debug Mode: false
2026-03-01T10:45:28.8890695Z  Plugins:
2026-03-01T10:45:28.8891227Z   buildx: Docker Buildx (Docker Inc.)
2026-03-01T10:45:28.8891754Z     Version:  v0.31.1
2026-03-01T10:45:28.8892501Z     Path:     /usr/libexec/docker/cli-plugins/docker-buildx
2026-03-01T10:45:28.8895295Z   compose: Docker Compose (Docker Inc.)
2026-03-01T10:45:28.8895639Z     Version:  v2.38.2
2026-03-01T10:45:28.8896119Z     Path:     /usr/libexec/docker/cli-plugins/docker-compose
2026-03-01T10:45:28.8896436Z 
2026-03-01T10:45:28.8896540Z Server:
2026-03-01T10:45:28.8896831Z  Containers: 1
2026-03-01T10:45:28.8897147Z   Running: 1
2026-03-01T10:45:28.8897423Z   Paused: 0
2026-03-01T10:45:28.8897657Z   Stopped: 0
2026-03-01T10:45:28.8898156Z  Images: 2
2026-03-01T10:45:28.8898438Z  Server Version: 28.0.4
2026-03-01T10:45:28.8898773Z  Storage Driver: overlay2
2026-03-01T10:45:28.8899145Z   Backing Filesystem: extfs
2026-03-01T10:45:28.8899671Z   Supports d_type: true
2026-03-01T10:45:28.8900145Z   Using metacopy: false
2026-03-01T10:45:28.8900696Z   Native Overlay Diff: false
2026-03-01T10:45:28.8901214Z   userxattr: false
2026-03-01T10:45:28.8901711Z  Logging Driver: json-file
2026-03-01T10:45:28.8902270Z  Cgroup Driver: systemd
2026-03-01T10:45:28.8903265Z  Cgroup Version: 2
2026-03-01T10:45:28.8903722Z  Plugins:
2026-03-01T10:45:28.8904227Z   Volume: local
2026-03-01T10:45:28.8904803Z   Network: bridge host ipvlan macvlan null overlay
2026-03-01T10:45:28.8905587Z   Log: awslogs fluentd gcplogs gelf journald json-file local splunk syslog
2026-03-01T10:45:28.8906273Z  Swarm: inactive
2026-03-01T10:45:28.8906595Z  Runtimes: io.containerd.runc.v2 runc
2026-03-01T10:45:28.8906938Z  Default Runtime: runc
2026-03-01T10:45:28.8907291Z  Init Binary: docker-init
2026-03-01T10:45:28.8907722Z  containerd version: dea7da592f5d1d2b7755e3a161be07f43fad8f75
2026-03-01T10:45:28.8908309Z  runc version: v1.3.4-0-gd6d73eb8
2026-03-01T10:45:28.8908699Z  init version: de40ad0
2026-03-01T10:45:28.8909012Z  Security Options:
2026-03-01T10:45:28.8909286Z   apparmor
2026-03-01T10:45:28.8909582Z   seccomp
2026-03-01T10:45:28.8909887Z    Profile: builtin
2026-03-01T10:45:28.8910257Z   cgroupns
2026-03-01T10:45:28.8930079Z  Kernel Version: 6.14.0-1017-azure
2026-03-01T10:45:28.8930577Z  Operating System: Ubuntu 24.04.3 LTS
2026-03-01T10:45:28.8931032Z  OSType: linux
2026-03-01T10:45:28.8931365Z  Architecture: x86_64
2026-03-01T10:45:28.8931743Z  CPUs: 4
2026-03-01T10:45:28.8932042Z  Total Memory: 15.62GiB
2026-03-01T10:45:28.8932409Z  Name: runnervmnay03
2026-03-01T10:45:28.8932997Z  ID: 2798490f-3934-4089-859a-ba9f3856e68c
2026-03-01T10:45:28.8933476Z  Docker Root Dir: /var/lib/docker
2026-03-01T10:45:28.8933903Z  Debug Mode: false
2026-03-01T10:45:28.8934378Z  Username: ***
2026-03-01T10:45:28.8934726Z  Experimental: false
2026-03-01T10:45:28.8935090Z  Insecure Registries:
2026-03-01T10:45:28.8935454Z   ::1/128
2026-03-01T10:45:28.8935741Z   127.0.0.0/8
2026-03-01T10:45:28.8936072Z  Live Restore Enabled: false
2026-03-01T10:45:28.8936335Z 
2026-03-01T10:45:28.8936890Z ##[endgroup]
2026-03-01T10:45:28.8937468Z ##[group]Proxy configuration
2026-03-01T10:45:28.8937881Z No proxy configuration found
2026-03-01T10:45:28.8938498Z ##[endgroup]
2026-03-01T10:45:28.9728346Z ##[group]Buildx version
2026-03-01T10:45:28.9759723Z [command]/usr/bin/docker buildx version
2026-03-01T10:45:29.0481619Z github.com/docker/buildx v0.31.1 a2675950d46b2cb171b23c2015ca44fb88607531
2026-03-01T10:45:29.0516930Z ##[endgroup]
2026-03-01T10:45:29.0517294Z ##[group]Builder info
2026-03-01T10:45:29.1571197Z {
2026-03-01T10:45:29.1583809Z   "nodes": [
2026-03-01T10:45:29.1584134Z     {
2026-03-01T10:45:29.1584558Z       "name": "builder-93592da1-78f0-4f86-9f9e-dd3fd1a88a9c0",
2026-03-01T10:45:29.1585212Z       "endpoint": "unix:///var/run/docker.sock",
2026-03-01T10:45:29.1585769Z       "status": "running",
2026-03-01T10:45:29.1586805Z       "buildkitd-flags": "--allow-insecure-entitlement security.insecure --allow-insecure-entitlement network.host",
2026-03-01T10:45:29.1587769Z       "buildkit": "v0.27.1",
2026-03-01T10:45:29.1588322Z       "platforms": "linux/amd64,linux/amd64/v2,linux/amd64/v3,linux/386",
2026-03-01T10:45:29.1588913Z       "features": {
2026-03-01T10:45:29.1589453Z         "Automatically load images to the Docker Engine image store": true,
2026-03-01T10:45:29.1590096Z         "Cache export": true,
2026-03-01T10:45:29.1590514Z         "Direct push": true,
2026-03-01T10:45:29.1590919Z         "Docker exporter": true,
2026-03-01T10:45:29.1591326Z         "Multi-platform build": true,
2026-03-01T10:45:29.1591763Z         "OCI exporter": true
2026-03-01T10:45:29.1592128Z       },
2026-03-01T10:45:29.1592424Z       "labels": {
2026-03-01T10:45:29.1593208Z         "org.mobyproject.buildkit.worker.executor": "oci",
2026-03-01T10:45:29.1593908Z         "org.mobyproject.buildkit.worker.hostname": "a6cbe8934fb0",
2026-03-01T10:45:29.1594605Z         "org.mobyproject.buildkit.worker.network": "host",
2026-03-01T10:45:29.1595316Z         "org.mobyproject.buildkit.worker.oci.process-mode": "sandbox",
2026-03-01T10:45:29.1596109Z         "org.mobyproject.buildkit.worker.selinux.enabled": "false",
2026-03-01T10:45:29.1596879Z         "org.mobyproject.buildkit.worker.snapshotter": "overlayfs"
2026-03-01T10:45:29.1597857Z       },
2026-03-01T10:45:29.1598156Z       "gcPolicy": [
2026-03-01T10:45:29.1598478Z         {
2026-03-01T10:45:29.1598756Z           "all": false,
2026-03-01T10:45:29.1599099Z           "filter": [
2026-03-01T10:45:29.1599467Z             "type==source.local",
2026-03-01T10:45:29.1599883Z             "type==exec.cachemount",
2026-03-01T10:45:29.1600338Z             "type==source.git.checkout"
2026-03-01T10:45:29.1600749Z           ],
2026-03-01T10:45:29.1601056Z           "keepDuration": "48h0m0s"
2026-03-01T10:45:29.1601461Z         },
2026-03-01T10:45:29.1601750Z         {
2026-03-01T10:45:29.1602319Z           "all": false,
2026-03-01T10:45:29.1602908Z           "keepDuration": "1440h0m0s"
2026-03-01T10:45:29.1603334Z         },
2026-03-01T10:45:29.1603609Z         {
2026-03-01T10:45:29.1603892Z           "all": false
2026-03-01T10:45:29.1604221Z         },
2026-03-01T10:45:29.1604483Z         {
2026-03-01T10:45:29.1604763Z           "all": true
2026-03-01T10:45:29.1605081Z         }
2026-03-01T10:45:29.1605356Z       ]
2026-03-01T10:45:29.1605634Z     }
2026-03-01T10:45:29.1605893Z   ],
2026-03-01T10:45:29.1606278Z   "name": "builder-93592da1-78f0-4f86-9f9e-dd3fd1a88a9c",
2026-03-01T10:45:29.1606831Z   "driver": "docker-container",
2026-03-01T10:45:29.1607251Z   "lastActivity": "2026-03-01T10:45:24.000Z"
2026-03-01T10:45:29.1607667Z }
2026-03-01T10:45:29.1608241Z ##[endgroup]
2026-03-01T10:45:29.3307581Z [command]/usr/bin/docker buildx build --cache-from type=gha --cache-to type=gha,mode=max --iidfile /home/runner/work/_temp/docker-actions-toolkit-PUcTPJ/build-iidfile-885f71f766.txt --attest type=provenance,mode=max,builder-id=https://github.com/***/hpoll/actions/runs/22541736825/attempts/1 --tag ***/hpoll:e62cd11 --tag ***/hpoll:latest-any --tag ***/hpoll:claude-explore-devices-table-ga0Rs --metadata-file /home/runner/work/_temp/docker-actions-toolkit-PUcTPJ/build-metadata-d585b7e63a.json --push .
2026-03-01T10:45:29.6013390Z #0 building with "builder-93592da1-78f0-4f86-9f9e-dd3fd1a88a9c" instance using docker-container driver
2026-03-01T10:45:29.6014032Z 
2026-03-01T10:45:29.6014177Z #1 [internal] load build definition from Dockerfile
2026-03-01T10:45:29.6014552Z #1 transferring dockerfile: 1.40kB done
2026-03-01T10:45:29.6014908Z #1 DONE 0.0s
2026-03-01T10:45:29.6015015Z 
2026-03-01T10:45:29.6015179Z #2 [internal] load metadata for mcr.microsoft.com/dotnet/sdk:8.0
2026-03-01T10:45:29.6015607Z #2 DONE 0.1s
2026-03-01T10:45:29.6015719Z 
2026-03-01T10:45:29.6015882Z #3 [internal] load metadata for mcr.microsoft.com/dotnet/runtime:8.0
2026-03-01T10:45:29.7716474Z #3 DONE 0.2s
2026-03-01T10:45:29.7718589Z 
2026-03-01T10:45:29.7718757Z #4 [internal] load .dockerignore
2026-03-01T10:45:29.7719938Z #4 transferring context: 192B done
2026-03-01T10:45:29.7720385Z #4 DONE 0.0s
2026-03-01T10:45:29.7720796Z 
2026-03-01T10:45:29.7721017Z #5 [internal] load build context
2026-03-01T10:45:29.7721681Z #5 DONE 0.0s
2026-03-01T10:45:29.7721878Z 
2026-03-01T10:45:29.7723013Z #6 [build  1/14] FROM mcr.microsoft.com/dotnet/sdk:8.0@sha256:bfb6ed602caa605141700aea7dc7d42574b74b704368e67d683c71a002123808
2026-03-01T10:45:29.7724605Z #6 resolve mcr.microsoft.com/dotnet/sdk:8.0@sha256:bfb6ed602caa605141700aea7dc7d42574b74b704368e67d683c71a002123808 done
2026-03-01T10:45:29.7725247Z #6 DONE 0.0s
2026-03-01T10:45:29.7725367Z 
2026-03-01T10:45:29.7726000Z #7 [runtime 1/4] FROM mcr.microsoft.com/dotnet/runtime:8.0@sha256:d304745fcb833f4dd78a0be39812f594722c598303cf0ed3feefd1cbb5d8cc48
2026-03-01T10:45:29.7727140Z #7 resolve mcr.microsoft.com/dotnet/runtime:8.0@sha256:d304745fcb833f4dd78a0be39812f594722c598303cf0ed3feefd1cbb5d8cc48 done
2026-03-01T10:45:29.7727873Z #7 DONE 0.0s
2026-03-01T10:45:29.7727982Z 
2026-03-01T10:45:29.7728128Z #8 importing cache manifest from gha:5445579508404941613
2026-03-01T10:45:29.7728425Z #8 DONE 0.1s
2026-03-01T10:45:29.9753254Z 
2026-03-01T10:45:29.9753647Z #5 [internal] load build context
2026-03-01T10:45:29.9754130Z #5 transferring context: 476.30kB 0.0s done
2026-03-01T10:45:29.9754931Z #5 DONE 0.0s
2026-03-01T10:45:29.9755116Z 
2026-03-01T10:45:29.9755647Z #9 [build  9/14] COPY tests/Hpoll.Core.Tests/Hpoll.Core.Tests.csproj tests/Hpoll.Core.Tests/
2026-03-01T10:45:29.9756357Z #9 CACHED
2026-03-01T10:45:29.9756537Z 
2026-03-01T10:45:29.9756849Z #10 [build  7/14] COPY src/Hpoll.Worker/Hpoll.Worker.csproj src/Hpoll.Worker/
2026-03-01T10:45:29.9757443Z #10 CACHED
2026-03-01T10:45:29.9757599Z 
2026-03-01T10:45:29.9758100Z #11 [build 10/14] COPY tests/Hpoll.Worker.Tests/Hpoll.Worker.Tests.csproj tests/Hpoll.Worker.Tests/
2026-03-01T10:45:29.9758838Z #11 CACHED
2026-03-01T10:45:29.9759023Z 
2026-03-01T10:45:29.9759722Z #12 [build 11/14] COPY tests/Hpoll.Admin.Tests/Hpoll.Admin.Tests.csproj tests/Hpoll.Admin.Tests/
2026-03-01T10:45:29.9760432Z #12 CACHED
2026-03-01T10:45:29.9760593Z 
2026-03-01T10:45:29.9760727Z #13 [build  3/14] COPY Hpoll.sln ./
2026-03-01T10:45:29.9761114Z #13 CACHED
2026-03-01T10:45:29.9761282Z 
2026-03-01T10:45:29.9761598Z #14 [build  8/14] COPY src/Hpoll.Admin/Hpoll.Admin.csproj src/Hpoll.Admin/
2026-03-01T10:45:29.9762157Z #14 CACHED
2026-03-01T10:45:29.9762322Z 
2026-03-01T10:45:29.9762777Z #15 [build  4/14] COPY src/Hpoll.Core/Hpoll.Core.csproj src/Hpoll.Core/
2026-03-01T10:45:29.9763598Z #15 CACHED
2026-03-01T10:45:29.9763766Z 
2026-03-01T10:45:29.9764020Z #16 [build  5/14] COPY src/Hpoll.Data/Hpoll.Data.csproj src/Hpoll.Data/
2026-03-01T10:45:29.9764513Z #16 CACHED
2026-03-01T10:45:29.9764615Z 
2026-03-01T10:45:29.9764702Z #17 [build  2/14] WORKDIR /src
2026-03-01T10:45:29.9764916Z #17 CACHED
2026-03-01T10:45:29.9765014Z 
2026-03-01T10:45:29.9765198Z #18 [build  6/14] COPY src/Hpoll.Email/Hpoll.Email.csproj src/Hpoll.Email/
2026-03-01T10:45:29.9765763Z #18 CACHED
2026-03-01T10:45:29.9765864Z 
2026-03-01T10:45:29.9765948Z #19 [build 12/14] RUN dotnet restore
2026-03-01T10:45:29.9829616Z #19 CACHED
2026-03-01T10:45:30.0868234Z 
2026-03-01T10:45:30.0868578Z #19 [build 12/14] RUN dotnet restore
2026-03-01T10:45:30.0869685Z #19 sha256:661871e247a780d2fac9ee84668cc730ff50e62f24d541738c6c4092fc0bc68e 612B / 612B 0.0s done
2026-03-01T10:45:30.0870824Z #19 sha256:53b57a86df7b5cb3c499d2cc8040a53f9f5f8e4503a0d51f63d0bf7ad974ca2d 636B / 636B 0.0s done
2026-03-01T10:45:30.0872234Z #19 sha256:d6cd7593170e8df54eda9b6b2e983f17d1b2f19eb36b1d416cf24007c39363d5 432B / 432B 0.0s done
2026-03-01T10:45:30.0873508Z #19 sha256:58505a14f4783daab3a14d1d100ba9c7b9569706b6b84fcadc3911eeec80aeb3 640B / 640B 0.1s done
2026-03-01T10:45:30.0874599Z #19 sha256:ae9845391a7b7e1e73b41182789c5546f58935cf4fa0fd7660d8bea060bf3115 594B / 594B 0.0s done
2026-03-01T10:45:30.0875724Z #19 sha256:0b05218a473144e6378b65e85ca25e7304575bcfc4b4fbd65eabf8e6a3f02c04 481B / 481B 0.0s done
2026-03-01T10:45:30.0876875Z #19 sha256:0ff09e8ac5c8ef1065312e6465abab644c66223c1534c7eeeceb4828e028056f 400B / 400B 0.0s done
2026-03-01T10:45:30.0877986Z #19 sha256:41590cf6ca307ac823b295263a6168e5b268c7ed4cf2a488a1afbe7ba575c66d 390B / 390B 0.0s done
2026-03-01T10:45:30.2380542Z #19 sha256:371913f3b27c5732c4bd964c1e7157b77e3d7b88fc66500bf68615454713bc93 92B / 92B 0.0s done
2026-03-01T10:45:30.2382452Z #19 sha256:7253e7304328f7c629d36a0e592e67a931d65c9cb8aee8f335a2567420e7b548 1.08kB / 1.08kB 0.0s done
2026-03-01T10:45:30.2383830Z #19 sha256:ffaade7316815c08ffa02c35dd54cac16554dd707b681cb5414615ae2b89cbe4 2.66kB / 2.66kB 0.0s done
2026-03-01T10:45:30.2384993Z #19 sha256:286a5ecb2900ab7345c40400ae544fc53627b5b665b07946231f4b8bf89c72f1 5.24MB / 322.94MB 0.2s
2026-03-01T10:45:30.2386109Z #19 sha256:1ce3163978bfc6eebe1a4096128a10c15e3d549bfe4dbafecae7eaff5d880684 9.44MB / 16.95MB 0.2s
2026-03-01T10:45:30.3859555Z #19 sha256:1ce3163978bfc6eebe1a4096128a10c15e3d549bfe4dbafecae7eaff5d880684 16.95MB / 16.95MB 0.2s done
2026-03-01T10:45:30.3860851Z #19 sha256:9eda903160eb5e12fea5b62a67b1bb5352c4c8b202fc57b903734be5a40b37e5 5.24MB / 178.33MB 0.2s
2026-03-01T10:45:30.3862008Z #19 sha256:45ab1d744fc2985dca4080064c8b46c5b8941b3283a00471a17589dfc7afbed7 30.89MB / 30.89MB 0.3s done
2026-03-01T10:45:30.5385272Z #19 sha256:9eda903160eb5e12fea5b62a67b1bb5352c4c8b202fc57b903734be5a40b37e5 19.92MB / 178.33MB 0.3s
2026-03-01T10:45:30.5386533Z #19 sha256:19f55511eb974d5ee74ad8626035b17e0a3611f057acbf4d6c9c613eb504f4fe 11.09MB / 11.09MB 0.1s done
2026-03-01T10:45:30.5387665Z #19 sha256:43a7330b8fe1a06cd7b7d2668fa5daf63b5867377b2abebd3d46ac0b27224d72 154B / 154B 0.0s done
2026-03-01T10:45:30.5388767Z #19 sha256:f44ac69775562043a6e719dca01c62092c6d241d2a45bea7babbf93622d707f6 3.28kB / 3.28kB done
2026-03-01T10:45:30.5389846Z #19 sha256:b7bc0c57d439a6849239c7c833f51f7c00415322241dd47c619017035bf99b46 14.68MB / 32.25MB 0.2s
2026-03-01T10:45:30.6676968Z #19 sha256:9eda903160eb5e12fea5b62a67b1bb5352c4c8b202fc57b903734be5a40b37e5 32.51MB / 178.33MB 0.5s
2026-03-01T10:45:30.6678385Z #19 sha256:b7bc0c57d439a6849239c7c833f51f7c00415322241dd47c619017035bf99b46 32.25MB / 32.25MB 0.3s done
2026-03-01T10:45:30.6679071Z #19 sha256:5582c10cde677db7178e9112555100eeb65c2af51e3c59619e63098a6648f000 18.74MB / 18.74MB 0.2s done
2026-03-01T10:45:30.7848384Z #19 sha256:286a5ecb2900ab7345c40400ae544fc53627b5b665b07946231f4b8bf89c72f1 23.07MB / 322.94MB 0.8s
2026-03-01T10:45:30.7849724Z #19 sha256:9eda903160eb5e12fea5b62a67b1bb5352c4c8b202fc57b903734be5a40b37e5 47.19MB / 178.33MB 0.6s
2026-03-01T10:45:30.7850881Z #19 sha256:84a2afebaf4de2e8eb885634a69abd0087b79c947c53fa4f0481235d6dfadc6c 14.68MB / 28.24MB 0.2s
2026-03-01T10:45:31.0024793Z #19 sha256:9eda903160eb5e12fea5b62a67b1bb5352c4c8b202fc57b903734be5a40b37e5 58.72MB / 178.33MB 0.9s
2026-03-01T10:45:31.0026043Z #19 sha256:84a2afebaf4de2e8eb885634a69abd0087b79c947c53fa4f0481235d6dfadc6c 28.24MB / 28.24MB 0.3s done
2026-03-01T10:45:31.0027503Z #19 extracting sha256:84a2afebaf4de2e8eb885634a69abd0087b79c947c53fa4f0481235d6dfadc6c
2026-03-01T10:45:31.1519088Z #19 sha256:9eda903160eb5e12fea5b62a67b1bb5352c4c8b202fc57b903734be5a40b37e5 70.25MB / 178.33MB 1.1s
2026-03-01T10:45:31.3020824Z #19 sha256:9eda903160eb5e12fea5b62a67b1bb5352c4c8b202fc57b903734be5a40b37e5 82.84MB / 178.33MB 1.2s
2026-03-01T10:45:31.4518308Z #19 sha256:286a5ecb2900ab7345c40400ae544fc53627b5b665b07946231f4b8bf89c72f1 41.94MB / 322.94MB 1.4s
2026-03-01T10:45:31.4519556Z #19 sha256:9eda903160eb5e12fea5b62a67b1bb5352c4c8b202fc57b903734be5a40b37e5 95.42MB / 178.33MB 1.4s
2026-03-01T10:45:31.7174976Z #19 extracting sha256:84a2afebaf4de2e8eb885634a69abd0087b79c947c53fa4f0481235d6dfadc6c 0.8s done
2026-03-01T10:45:31.9018541Z #19 sha256:286a5ecb2900ab7345c40400ae544fc53627b5b665b07946231f4b8bf89c72f1 59.77MB / 322.94MB 1.8s
2026-03-01T10:45:31.9019687Z #19 sha256:9eda903160eb5e12fea5b62a67b1bb5352c4c8b202fc57b903734be5a40b37e5 126.88MB / 178.33MB 1.8s
2026-03-01T10:45:31.9020709Z #19 extracting sha256:5582c10cde677db7178e9112555100eeb65c2af51e3c59619e63098a6648f000
2026-03-01T10:45:32.0526975Z #19 sha256:9eda903160eb5e12fea5b62a67b1bb5352c4c8b202fc57b903734be5a40b37e5 138.41MB / 178.33MB 2.0s
2026-03-01T10:45:32.0528251Z #19 extracting sha256:5582c10cde677db7178e9112555100eeb65c2af51e3c59619e63098a6648f000 0.3s done
2026-03-01T10:45:32.0529365Z #19 extracting sha256:f44ac69775562043a6e719dca01c62092c6d241d2a45bea7babbf93622d707f6 done
2026-03-01T10:45:32.0530381Z #19 extracting sha256:b7bc0c57d439a6849239c7c833f51f7c00415322241dd47c619017035bf99b46
2026-03-01T10:45:32.2019890Z #19 sha256:9eda903160eb5e12fea5b62a67b1bb5352c4c8b202fc57b903734be5a40b37e5 150.99MB / 178.33MB 2.1s
2026-03-01T10:45:32.3527058Z #19 sha256:286a5ecb2900ab7345c40400ae544fc53627b5b665b07946231f4b8bf89c72f1 79.69MB / 322.94MB 2.3s
2026-03-01T10:45:32.3528229Z #19 sha256:9eda903160eb5e12fea5b62a67b1bb5352c4c8b202fc57b903734be5a40b37e5 164.58MB / 178.33MB 2.3s
2026-03-01T10:45:32.5031719Z #19 sha256:9eda903160eb5e12fea5b62a67b1bb5352c4c8b202fc57b903734be5a40b37e5 178.33MB / 178.33MB 2.4s
2026-03-01T10:45:32.5033310Z #19 extracting sha256:b7bc0c57d439a6849239c7c833f51f7c00415322241dd47c619017035bf99b46 0.4s done
2026-03-01T10:45:32.5034386Z #19 extracting sha256:43a7330b8fe1a06cd7b7d2668fa5daf63b5867377b2abebd3d46ac0b27224d72 done
2026-03-01T10:45:32.5036470Z #19 extracting sha256:19f55511eb974d5ee74ad8626035b17e0a3611f057acbf4d6c9c613eb504f4fe
2026-03-01T10:45:32.6458574Z #19 extracting sha256:19f55511eb974d5ee74ad8626035b17e0a3611f057acbf4d6c9c613eb504f4fe 0.3s done
2026-03-01T10:45:32.8393184Z #19 sha256:286a5ecb2900ab7345c40400ae544fc53627b5b665b07946231f4b8bf89c72f1 97.52MB / 322.94MB 2.7s
2026-03-01T10:45:32.8394786Z #19 sha256:9eda903160eb5e12fea5b62a67b1bb5352c4c8b202fc57b903734be5a40b37e5 178.33MB / 178.33MB 2.5s done
2026-03-01T10:45:32.8396297Z #19 extracting sha256:45ab1d744fc2985dca4080064c8b46c5b8941b3283a00471a17589dfc7afbed7
2026-03-01T10:45:33.1391996Z #19 sha256:286a5ecb2900ab7345c40400ae544fc53627b5b665b07946231f4b8bf89c72f1 115.34MB / 322.94MB 3.2s
2026-03-01T10:45:33.4391157Z #19 extracting sha256:45ab1d744fc2985dca4080064c8b46c5b8941b3283a00471a17589dfc7afbed7 0.7s done
2026-03-01T10:45:33.4394350Z #19 extracting sha256:9eda903160eb5e12fea5b62a67b1bb5352c4c8b202fc57b903734be5a40b37e5
2026-03-01T10:45:33.5893302Z #19 sha256:286a5ecb2900ab7345c40400ae544fc53627b5b665b07946231f4b8bf89c72f1 133.17MB / 322.94MB 3.6s
2026-03-01T10:45:34.0392796Z #19 sha256:286a5ecb2900ab7345c40400ae544fc53627b5b665b07946231f4b8bf89c72f1 149.95MB / 322.94MB 4.1s
2026-03-01T10:45:34.4890746Z #19 sha256:286a5ecb2900ab7345c40400ae544fc53627b5b665b07946231f4b8bf89c72f1 170.92MB / 322.94MB 4.5s
2026-03-01T10:45:34.9392863Z #19 sha256:286a5ecb2900ab7345c40400ae544fc53627b5b665b07946231f4b8bf89c72f1 189.79MB / 322.94MB 5.0s
2026-03-01T10:45:35.3893635Z #19 sha256:286a5ecb2900ab7345c40400ae544fc53627b5b665b07946231f4b8bf89c72f1 206.57MB / 322.94MB 5.4s
2026-03-01T10:45:35.8395131Z #19 sha256:286a5ecb2900ab7345c40400ae544fc53627b5b665b07946231f4b8bf89c72f1 224.40MB / 322.94MB 5.9s
2026-03-01T10:45:36.1397076Z #19 extracting sha256:9eda903160eb5e12fea5b62a67b1bb5352c4c8b202fc57b903734be5a40b37e5 2.7s done
2026-03-01T10:45:36.1398466Z #19 extracting sha256:ffaade7316815c08ffa02c35dd54cac16554dd707b681cb5414615ae2b89cbe4 done
2026-03-01T10:45:36.1399486Z #19 extracting sha256:1ce3163978bfc6eebe1a4096128a10c15e3d549bfe4dbafecae7eaff5d880684
2026-03-01T10:45:36.2921569Z #19 sha256:286a5ecb2900ab7345c40400ae544fc53627b5b665b07946231f4b8bf89c72f1 241.17MB / 322.94MB 6.3s
2026-03-01T10:45:36.3958670Z #19 extracting sha256:1ce3163978bfc6eebe1a4096128a10c15e3d549bfe4dbafecae7eaff5d880684 0.3s done
2026-03-01T10:45:36.3959809Z #19 extracting sha256:371913f3b27c5732c4bd964c1e7157b77e3d7b88fc66500bf68615454713bc93 done
2026-03-01T10:45:36.3960807Z #19 extracting sha256:7253e7304328f7c629d36a0e592e67a931d65c9cb8aee8f335a2567420e7b548 done
2026-03-01T10:45:36.3961807Z #19 extracting sha256:41590cf6ca307ac823b295263a6168e5b268c7ed4cf2a488a1afbe7ba575c66d done
2026-03-01T10:45:36.3963038Z #19 extracting sha256:0b05218a473144e6378b65e85ca25e7304575bcfc4b4fbd65eabf8e6a3f02c04 done
2026-03-01T10:45:36.3963656Z #19 extracting sha256:0ff09e8ac5c8ef1065312e6465abab644c66223c1534c7eeeceb4828e028056f done
2026-03-01T10:45:36.3964246Z #19 extracting sha256:ae9845391a7b7e1e73b41182789c5546f58935cf4fa0fd7660d8bea060bf3115 done
2026-03-01T10:45:36.5898972Z #19 extracting sha256:d6cd7593170e8df54eda9b6b2e983f17d1b2f19eb36b1d416cf24007c39363d5 done
2026-03-01T10:45:36.5900065Z #19 extracting sha256:661871e247a780d2fac9ee84668cc730ff50e62f24d541738c6c4092fc0bc68e done
2026-03-01T10:45:36.5901062Z #19 extracting sha256:58505a14f4783daab3a14d1d100ba9c7b9569706b6b84fcadc3911eeec80aeb3 done
2026-03-01T10:45:36.5902071Z #19 extracting sha256:53b57a86df7b5cb3c499d2cc8040a53f9f5f8e4503a0d51f63d0bf7ad974ca2d done
2026-03-01T10:45:36.8899962Z #19 sha256:286a5ecb2900ab7345c40400ae544fc53627b5b665b07946231f4b8bf89c72f1 263.19MB / 322.94MB 6.9s
2026-03-01T10:45:37.3397578Z #19 sha256:286a5ecb2900ab7345c40400ae544fc53627b5b665b07946231f4b8bf89c72f1 279.97MB / 322.94MB 7.4s
2026-03-01T10:45:37.9397249Z #19 sha256:286a5ecb2900ab7345c40400ae544fc53627b5b665b07946231f4b8bf89c72f1 299.89MB / 322.94MB 8.0s
2026-03-01T10:45:38.3892457Z #19 sha256:286a5ecb2900ab7345c40400ae544fc53627b5b665b07946231f4b8bf89c72f1 317.72MB / 322.94MB 8.4s
2026-03-01T10:45:39.0906191Z #19 sha256:286a5ecb2900ab7345c40400ae544fc53627b5b665b07946231f4b8bf89c72f1 322.94MB / 322.94MB 9.1s done
2026-03-01T10:45:39.0906847Z #19 DONE 9.3s
2026-03-01T10:45:39.2424837Z 
2026-03-01T10:45:39.2425937Z #19 [build 12/14] RUN dotnet restore
2026-03-01T10:45:39.2426852Z #19 extracting sha256:286a5ecb2900ab7345c40400ae544fc53627b5b665b07946231f4b8bf89c72f1
2026-03-01T10:45:41.7396739Z #19 extracting sha256:286a5ecb2900ab7345c40400ae544fc53627b5b665b07946231f4b8bf89c72f1 2.6s done
2026-03-01T10:45:41.7398292Z #19 DONE 11.9s
2026-03-01T10:45:41.8905563Z 
2026-03-01T10:45:41.8906174Z #20 [build 13/14] COPY . .
2026-03-01T10:45:44.6001165Z #20 DONE 2.9s
2026-03-01T10:45:44.7515178Z 
2026-03-01T10:45:44.7516377Z #21 [build 14/14] RUN dotnet publish src/Hpoll.Worker/Hpoll.Worker.csproj -c Release -o /app/publish --no-restore
2026-03-01T10:45:48.0359457Z #21 3.435   Hpoll.Core -> /src/src/Hpoll.Core/bin/Release/net8.0/Hpoll.Core.dll
2026-03-01T10:45:49.2006523Z #21 4.599   Hpoll.Data -> /src/src/Hpoll.Data/bin/Release/net8.0/Hpoll.Data.dll
2026-03-01T10:45:50.1595533Z #21 5.558   Hpoll.Email -> /src/src/Hpoll.Email/bin/Release/net8.0/Hpoll.Email.dll
2026-03-01T10:45:51.4946902Z #21 6.893   Hpoll.Worker -> /src/src/Hpoll.Worker/bin/Release/net8.0/Hpoll.Worker.dll
2026-03-01T10:45:51.9630981Z #21 7.362   Hpoll.Worker -> /app/publish/
2026-03-01T10:45:52.0924790Z #21 DONE 7.5s
2026-03-01T10:45:52.0924976Z 
2026-03-01T10:45:52.0925090Z #22 [runtime 2/4] WORKDIR /app
2026-03-01T10:45:52.0925473Z #22 CACHED
2026-03-01T10:45:52.0925590Z 
2026-03-01T10:45:52.0925992Z #23 [runtime 3/4] RUN adduser --disabled-password --gecos "" appuser     && mkdir -p /app/data     && chown -R appuser:appuser /app
2026-03-01T10:45:52.2068165Z #23 sha256:ed46139303e33826cdca7115a6d97050bdec4dfbdfb9b9fae1d65b6401b7e1a1 93B / 93B done
2026-03-01T10:45:52.2069298Z #23 sha256:d230724188601b8f1f345e64b5b93d49bfee4898c7e4bdf5ec76317b0c37cc8d 3.42kB / 3.42kB 0.0s done
2026-03-01T10:45:52.2070176Z #23 extracting sha256:ed46139303e33826cdca7115a6d97050bdec4dfbdfb9b9fae1d65b6401b7e1a1 done
2026-03-01T10:45:52.2070993Z #23 extracting sha256:d230724188601b8f1f345e64b5b93d49bfee4898c7e4bdf5ec76317b0c37cc8d done
2026-03-01T10:45:52.2071469Z #23 DONE 0.0s
2026-03-01T10:45:52.2071657Z 
2026-03-01T10:45:52.2071911Z #24 [runtime 4/4] COPY --from=build --chown=appuser:appuser /app/publish .
2026-03-01T10:45:52.2072323Z #24 DONE 0.1s
2026-03-01T10:45:52.3590190Z 
2026-03-01T10:45:52.3590601Z #25 exporting to image
2026-03-01T10:45:52.3591003Z #25 exporting layers
2026-03-01T10:45:53.4374326Z #25 exporting layers 1.2s done
2026-03-01T10:45:53.6644279Z #25 ...
2026-03-01T10:45:53.6644503Z 
2026-03-01T10:45:53.6645002Z #26 [auth] ***/hpoll:pull,push token for registry-1.docker.io
2026-03-01T10:45:53.6645382Z #26 DONE 0.0s
2026-03-01T10:45:53.6645492Z 
2026-03-01T10:45:53.6645580Z #25 exporting to image
2026-03-01T10:45:53.6646022Z #25 exporting manifest sha256:c395e10a06f61edea3c259b73e379c7fecff59b1a8b4fe65acbd8b6ab8b1e965 done
2026-03-01T10:45:53.6646724Z #25 exporting config sha256:246aaf0e4674a784e8344bdfcda9db7bae5b51a2e24f43b287fc63334dc4bdf1 done
2026-03-01T10:45:53.6647425Z #25 exporting attestation manifest sha256:e460c2f7812e1d69c77c64b3762372fc6e4145121d0f7c18b8c0c18a91f56860 done
2026-03-01T10:45:53.6648144Z #25 exporting manifest list sha256:377ed5fd9ee24697982c4a6130f2ce8693e1cac4d62cb2b8f06ac270077ac7c9 done
2026-03-01T10:45:53.6648612Z #25 pushing layers
2026-03-01T10:45:54.9022983Z #25 pushing layers 1.4s done
2026-03-01T10:45:54.9024999Z #25 pushing manifest for docker.io/***/hpoll:e62cd11@sha256:377ed5fd9ee24697982c4a6130f2ce8693e1cac4d62cb2b8f06ac270077ac7c9
2026-03-01T10:45:57.1344214Z #25 pushing manifest for docker.io/***/hpoll:e62cd11@sha256:377ed5fd9ee24697982c4a6130f2ce8693e1cac4d62cb2b8f06ac270077ac7c9 2.2s done
2026-03-01T10:45:57.3254869Z #25 pushing layers 0.0s done
2026-03-01T10:45:57.3255622Z #25 pushing manifest for docker.io/***/hpoll:latest-any@sha256:377ed5fd9ee24697982c4a6130f2ce8693e1cac4d62cb2b8f06ac270077ac7c9
2026-03-01T10:45:58.7821262Z #25 pushing manifest for docker.io/***/hpoll:latest-any@sha256:377ed5fd9ee24697982c4a6130f2ce8693e1cac4d62cb2b8f06ac270077ac7c9 1.6s done
2026-03-01T10:45:58.9755285Z #25 pushing layers 0.0s done
2026-03-01T10:45:58.9756101Z #25 pushing manifest for docker.io/***/hpoll:claude-explore-devices-table-ga0Rs@sha256:377ed5fd9ee24697982c4a6130f2ce8693e1cac4d62cb2b8f06ac270077ac7c9
2026-03-01T10:46:00.3320962Z #25 pushing manifest for docker.io/***/hpoll:claude-explore-devices-table-ga0Rs@sha256:377ed5fd9ee24697982c4a6130f2ce8693e1cac4d62cb2b8f06ac270077ac7c9 1.5s done
2026-03-01T10:46:00.3321864Z #25 DONE 8.1s
2026-03-01T10:46:00.3322069Z 
2026-03-01T10:46:00.3322531Z #27 exporting to GitHub Actions Cache
2026-03-01T10:46:00.3323172Z #27 preparing build cache for export
2026-03-01T10:46:03.8620098Z #27 writing layer sha256:313c5e74a9e72f7efb1445df528e47b102dc9cc2ba8fb5d1a6cf35aaa955e58e
2026-03-01T10:46:03.9776232Z #27 writing layer sha256:313c5e74a9e72f7efb1445df528e47b102dc9cc2ba8fb5d1a6cf35aaa955e58e 0.1s done
2026-03-01T10:46:04.1560638Z #27 writing layer sha256:3d9bb0b8a95cca5494aac0beca1ddf4afe6438a7bf8ed9d6171b21225854cc04
2026-03-01T10:46:05.1293827Z #27 writing layer sha256:3d9bb0b8a95cca5494aac0beca1ddf4afe6438a7bf8ed9d6171b21225854cc04 1.1s done
2026-03-01T10:46:05.2938678Z #27 writing layer sha256:9db615da94c04c2b9111cc83ce6e56a9c6193be6cbd943d2dcb516b7e37eacb7
2026-03-01T10:46:06.8713047Z #27 writing layer sha256:9db615da94c04c2b9111cc83ce6e56a9c6193be6cbd943d2dcb516b7e37eacb7 1.6s done
2026-03-01T10:46:07.2089368Z #27 preparing build cache for export 6.9s done
2026-03-01T10:46:07.2090171Z #27 DONE 6.9s
2026-03-01T10:46:07.2389399Z 
2026-03-01T10:46:07.2389829Z #28 resolving provenance for metadata file
2026-03-01T10:46:07.2390254Z #28 DONE 0.0s
2026-03-01T10:46:07.2469049Z ##[group]ImageID
2026-03-01T10:46:07.2469584Z sha256:377ed5fd9ee24697982c4a6130f2ce8693e1cac4d62cb2b8f06ac270077ac7c9
2026-03-01T10:46:07.2471006Z ##[endgroup]
2026-03-01T10:46:07.2471498Z ##[group]Digest
2026-03-01T10:46:07.2472033Z sha256:377ed5fd9ee24697982c4a6130f2ce8693e1cac4d62cb2b8f06ac270077ac7c9
2026-03-01T10:46:07.2473463Z ##[endgroup]
2026-03-01T10:46:07.2473975Z ##[group]Metadata
2026-03-01T10:46:07.2474823Z {
2026-03-01T10:46:07.2475090Z   "buildx.build.provenance": {
2026-03-01T10:46:07.2475439Z     "builder": {
2026-03-01T10:46:07.2476164Z       "id": "https://github.com/***/hpoll/actions/runs/22541736825/attempts/1"
2026-03-01T10:46:07.2476736Z     },
2026-03-01T10:46:07.2477137Z     "buildType": "https://mobyproject.org/buildkit@v1",
2026-03-01T10:46:07.2477606Z     "materials": [
2026-03-01T10:46:07.2477896Z       {
2026-03-01T10:46:07.2478397Z         "uri": "pkg:docker/mcr.microsoft.com/dotnet/runtime@8.0?platform=linux%2Famd64",
2026-03-01T10:46:07.2479042Z         "digest": {
2026-03-01T10:46:07.2479571Z           "sha256": "d304745fcb833f4dd78a0be39812f594722c598303cf0ed3feefd1cbb5d8cc48"
2026-03-01T10:46:07.2480242Z         }
2026-03-01T10:46:07.2480493Z       },
2026-03-01T10:46:07.2480744Z       {
2026-03-01T10:46:07.2481223Z         "uri": "pkg:docker/mcr.microsoft.com/dotnet/sdk@8.0?platform=linux%2Famd64",
2026-03-01T10:46:07.2481836Z         "digest": {
2026-03-01T10:46:07.2482289Z           "sha256": "bfb6ed602caa605141700aea7dc7d42574b74b704368e67d683c71a002123808"
2026-03-01T10:46:07.2482837Z         }
2026-03-01T10:46:07.2482993Z       }
2026-03-01T10:46:07.2483148Z     ],
2026-03-01T10:46:07.2483310Z     "invocation": {
2026-03-01T10:46:07.2483572Z       "configSource": {
2026-03-01T10:46:07.2483824Z         "entryPoint": "Dockerfile"
2026-03-01T10:46:07.2484059Z       },
2026-03-01T10:46:07.2484226Z       "parameters": {
2026-03-01T10:46:07.2484445Z         "frontend": "dockerfile.v0",
2026-03-01T10:46:07.2484684Z         "locals": [
2026-03-01T10:46:07.2484853Z           {
2026-03-01T10:46:07.2485022Z             "name": "context"
2026-03-01T10:46:07.2485228Z           },
2026-03-01T10:46:07.2485385Z           {
2026-03-01T10:46:07.2485553Z             "name": "dockerfile"
2026-03-01T10:46:07.2485759Z           }
2026-03-01T10:46:07.2485912Z         ]
2026-03-01T10:46:07.2486282Z       },
2026-03-01T10:46:07.2486454Z       "environment": {
2026-03-01T10:46:07.2486701Z         "github_actor": "***",
2026-03-01T10:46:07.2486935Z         "github_actor_id": "169779439",
2026-03-01T10:46:07.2487189Z         "github_event_name": "push",
2026-03-01T10:46:07.2487428Z         "github_event_payload": {
2026-03-01T10:46:07.2487708Z           "after": "e62cd111752add694d69c5d88a4369eb038f1a80",
2026-03-01T10:46:07.2488000Z           "base_ref": null,
2026-03-01T10:46:07.2488259Z           "before": "6fb36192dedfd84e78a62bb5ce65322e3f975eb4",
2026-03-01T10:46:07.2488725Z           "commits": [
2026-03-01T10:46:07.2488918Z             {
2026-03-01T10:46:07.2489086Z               "author": {
2026-03-01T10:46:07.2489318Z                 "email": "noreply@anthropic.com",
2026-03-01T10:46:07.2489741Z                 "name": "Claude",
2026-03-01T10:46:07.2490062Z                 "username": "claude"
2026-03-01T10:46:07.2490290Z               },
2026-03-01T10:46:07.2490479Z               "committer": {
2026-03-01T10:46:07.2490737Z                 "email": "noreply@anthropic.com",
2026-03-01T10:46:07.2491138Z                 "name": "Claude",
2026-03-01T10:46:07.2491362Z                 "username": "claude"
2026-03-01T10:46:07.2491575Z               },
2026-03-01T10:46:07.2491759Z               "distinct": false,
2026-03-01T10:46:07.2492020Z               "id": "1653105480431f822fb453bf577130d1f9b3c4eb",
2026-03-01T10:46:07.2494532Z               "message": "Increase DataRetentionHours default from 48 to 168 to preserve battery readings\n\nThe previous default (48h) was shorter than BatteryPollIntervalHours (84h),\ncausing battery readings to be purged before the next poll. This left a\n36-hour gap where no battery data existed, potentially causing daily emails\nto show missing battery status. The new default of 168h (7 days) ensures\nbattery readings survive between polls with comfortable margin.\n\nAlso adds a cross-validation test to guard against this mismatch recurring.\n\nhttps://claude.ai/code/session_01Vc24gJPWUQiDizj6zU7G5v",
2026-03-01T10:46:07.2496869Z               "timestamp": "2026-03-01T09:48:30Z",
2026-03-01T10:46:07.2497219Z               "tree_id": "37993497dba24c3993a3fbb86281f235ff903a1f",
2026-03-01T10:46:07.2497907Z               "url": "https://github.com/***/hpoll/commit/1653105480431f822fb453bf577130d1f9b3c4eb"
2026-03-01T10:46:07.2498567Z             },
2026-03-01T10:46:07.2498847Z             {
2026-03-01T10:46:07.2499127Z               "author": {
2026-03-01T10:46:07.2499494Z                 "email": "noreply@anthropic.com",
2026-03-01T10:46:07.2499980Z                 "name": "Claude",
2026-03-01T10:46:07.2500244Z                 "username": "claude"
2026-03-01T10:46:07.2500493Z               },
2026-03-01T10:46:07.2500692Z               "committer": {
2026-03-01T10:46:07.2500943Z                 "email": "noreply@anthropic.com",
2026-03-01T10:46:07.2501227Z                 "name": "Claude",
2026-03-01T10:46:07.2501473Z                 "username": "claude"
2026-03-01T10:46:07.2501713Z               },
2026-03-01T10:46:07.2501914Z               "distinct": false,
2026-03-01T10:46:07.2502202Z               "id": "445772622894c2c567d5b4054aac6ae33a080e36",
2026-03-01T10:46:07.2504152Z               "message": "Raise BatteryAlertThreshold default from 30% to 60%\n\nBattery status section in daily emails now appears when any device drops\nbelow 60% instead of 30%, giving earlier visibility into declining\nbatteries before they reach critical levels.\n\nhttps://claude.ai/code/session_01Vc24gJPWUQiDizj6zU7G5v",
2026-03-01T10:46:07.2505454Z               "timestamp": "2026-03-01T10:27:19Z",
2026-03-01T10:46:07.2505829Z               "tree_id": "fed14b8f8e252a3651acaed90eb5897447e2cde9",
2026-03-01T10:46:07.2506490Z               "url": "https://github.com/***/hpoll/commit/445772622894c2c567d5b4054aac6ae33a080e36"
2026-03-01T10:46:07.2507300Z             },
2026-03-01T10:46:07.2507549Z             {
2026-03-01T10:46:07.2507746Z               "author": {
2026-03-01T10:46:07.2508195Z                 "email": "noreply@anthropic.com",
2026-03-01T10:46:07.2508498Z                 "name": "Claude",
2026-03-01T10:46:07.2508750Z                 "username": "claude"
2026-03-01T10:46:07.2508997Z               },
2026-03-01T10:46:07.2509197Z               "committer": {
2026-03-01T10:46:07.2509455Z                 "email": "noreply@anthropic.com",
2026-03-01T10:46:07.2509745Z                 "name": "Claude",
2026-03-01T10:46:07.2510013Z                 "username": "claude"
2026-03-01T10:46:07.2510287Z               },
2026-03-01T10:46:07.2510511Z               "distinct": false,
2026-03-01T10:46:07.2510993Z               "id": "caf9aa157a743f2b69ea16fbb8d0477056d8979c",
2026-03-01T10:46:07.2511601Z               "message": "Merge remote-tracking branch 'origin/main' into claude/review-retention-poll-intervals-AoiB2",
2026-03-01T10:46:07.2512126Z               "timestamp": "2026-03-01T10:30:25Z",
2026-03-01T10:46:07.2512477Z               "tree_id": "ced539b143cc6a1cc88979399bb1c1cf5a04b425",
2026-03-01T10:46:07.2513229Z               "url": "https://github.com/***/hpoll/commit/caf9aa157a743f2b69ea16fbb8d0477056d8979c"
2026-03-01T10:46:07.2513631Z             },
2026-03-01T10:46:07.2513907Z             {
2026-03-01T10:46:07.2514150Z               "author": {
2026-03-01T10:46:07.2514473Z                 "email": "demerit_hamlet_0m@icloud.com",
2026-03-01T10:46:07.2514848Z                 "name": "***",
2026-03-01T10:46:07.2515081Z                 "username": "***"
2026-03-01T10:46:07.2515288Z               },
2026-03-01T10:46:07.2515490Z               "committer": {
2026-03-01T10:46:07.2515726Z                 "email": "noreply@github.com",
2026-03-01T10:46:07.2515998Z                 "name": "GitHub",
2026-03-01T10:46:07.2516233Z                 "username": "web-flow"
2026-03-01T10:46:07.2516462Z               },
2026-03-01T10:46:07.2517027Z               "distinct": false,
2026-03-01T10:46:07.2517559Z               "id": "4733c7b90d1845db2d4934f1a8ed3ee4e7cc68fa",
2026-03-01T10:46:07.2518675Z               "message": "Merge pull request #30 from ***/claude/review-retention-poll-intervals-AoiB2\n\nIncrease DataRetentionHours default to prevent battery reading loss",
2026-03-01T10:46:07.2519392Z               "timestamp": "2026-03-01T21:40:09+11:00",
2026-03-01T10:46:07.2519713Z               "tree_id": "ced539b143cc6a1cc88979399bb1c1cf5a04b425",
2026-03-01T10:46:07.2520206Z               "url": "https://github.com/***/hpoll/commit/4733c7b90d1845db2d4934f1a8ed3ee4e7cc68fa"
2026-03-01T10:46:07.2520597Z             },
2026-03-01T10:46:07.2520765Z             {
2026-03-01T10:46:07.2520933Z               "author": {
2026-03-01T10:46:07.2521247Z                 "email": "noreply@anthropic.com",
2026-03-01T10:46:07.2521510Z                 "name": "Claude",
2026-03-01T10:46:07.2521735Z                 "username": "claude"
2026-03-01T10:46:07.2521959Z               },
2026-03-01T10:46:07.2522132Z               "committer": {
2026-03-01T10:46:07.2522372Z                 "email": "noreply@anthropic.com",
2026-03-01T10:46:07.2522829Z                 "name": "Claude",
2026-03-01T10:46:07.2523050Z                 "username": "claude"
2026-03-01T10:46:07.2523269Z               },
2026-03-01T10:46:07.2523452Z               "distinct": true,
2026-03-01T10:46:07.2523708Z               "id": "e62cd111752add694d69c5d88a4369eb038f1a80",
2026-03-01T10:46:07.2524210Z               "message": "Merge remote-tracking branch 'origin/main' into claude/explore-devices-table-ga0Rs",
2026-03-01T10:46:07.2524690Z               "timestamp": "2026-03-01T10:41:46Z",
2026-03-01T10:46:07.2525254Z               "tree_id": "7ccc8eabbd77839d4c50b7a90951dc1748809088",
2026-03-01T10:46:07.2526135Z               "url": "https://github.com/***/hpoll/commit/e62cd111752add694d69c5d88a4369eb038f1a80"
2026-03-01T10:46:07.2526677Z             }
2026-03-01T10:46:07.2526851Z           ],
2026-03-01T10:46:07.2527191Z           "compare": "https://github.com/***/hpoll/compare/6fb36192dedf...e62cd111752a",
2026-03-01T10:46:07.2527748Z           "created": false,
2026-03-01T10:46:07.2527981Z           "deleted": false,
2026-03-01T10:46:07.2528198Z           "forced": false,
2026-03-01T10:46:07.2528402Z           "head_commit": {
2026-03-01T10:46:07.2528605Z             "author": {
2026-03-01T10:46:07.2528829Z               "email": "noreply@anthropic.com",
2026-03-01T10:46:07.2529091Z               "name": "Claude",
2026-03-01T10:46:07.2529314Z               "username": "claude"
2026-03-01T10:46:07.2529533Z             },
2026-03-01T10:46:07.2529705Z             "committer": {
2026-03-01T10:46:07.2529931Z               "email": "noreply@anthropic.com",
2026-03-01T10:46:07.2530366Z               "name": "Claude",
2026-03-01T10:46:07.2530575Z               "username": "claude"
2026-03-01T10:46:07.2530788Z             },
2026-03-01T10:46:07.2530962Z             "distinct": true,
2026-03-01T10:46:07.2531214Z             "id": "e62cd111752add694d69c5d88a4369eb038f1a80",
2026-03-01T10:46:07.2531718Z             "message": "Merge remote-tracking branch 'origin/main' into claude/explore-devices-table-ga0Rs",
2026-03-01T10:46:07.2532192Z             "timestamp": "2026-03-01T10:41:46Z",
2026-03-01T10:46:07.2532499Z             "tree_id": "7ccc8eabbd77839d4c50b7a90951dc1748809088",
2026-03-01T10:46:07.2533298Z             "url": "https://github.com/***/hpoll/commit/e62cd111752add694d69c5d88a4369eb038f1a80"
2026-03-01T10:46:07.2533691Z           },
2026-03-01T10:46:07.2533863Z           "pusher": {
2026-03-01T10:46:07.2534083Z             "email": "demerit_hamlet_0m@icloud.com",
2026-03-01T10:46:07.2534360Z             "name": "***"
2026-03-01T10:46:07.2534552Z           },
2026-03-01T10:46:07.2534796Z           "ref": "refs/heads/claude/explore-devices-table-ga0Rs",
2026-03-01T10:46:07.2535107Z           "repository": {
2026-03-01T10:46:07.2535319Z             "allow_forking": true,
2026-03-01T10:46:07.2535712Z             "archive_url": "https://api.github.com/repos/***/hpoll/{archive_format}{/ref}",
2026-03-01T10:46:07.2536096Z             "archived": false,
2026-03-01T10:46:07.2536469Z             "assignees_url": "https://api.github.com/repos/***/hpoll/assignees{/user}",
2026-03-01T10:46:07.2536977Z             "blobs_url": "https://api.github.com/repos/***/hpoll/git/blobs{/sha}",
2026-03-01T10:46:07.2537474Z             "branches_url": "https://api.github.com/repos/***/hpoll/branches{/branch}",
2026-03-01T10:46:07.2538044Z             "clone_url": "https://github.com/***/hpoll.git",
2026-03-01T10:46:07.2539146Z             "collaborators_url": "https://api.github.com/repos/***/hpoll/collaborators{/collaborator}",
2026-03-01T10:46:07.2540224Z             "comments_url": "https://api.github.com/repos/***/hpoll/comments{/number}",
2026-03-01T10:46:07.2541008Z             "commits_url": "https://api.github.com/repos/***/hpoll/commits{/sha}",
2026-03-01T10:46:07.2541701Z             "compare_url": "https://api.github.com/repos/***/hpoll/compare/{base}...{head}",
2026-03-01T10:46:07.2542807Z             "contents_url": "https://api.github.com/repos/***/hpoll/contents/{+path}",
2026-03-01T10:46:07.2543733Z             "contributors_url": "https://api.github.com/repos/***/hpoll/contributors",
2026-03-01T10:46:07.2544398Z             "created_at": 1772100118,
2026-03-01T10:46:07.2544803Z             "default_branch": "main",
2026-03-01T10:46:07.2545477Z             "deployments_url": "https://api.github.com/repos/***/hpoll/deployments",
2026-03-01T10:46:07.2546163Z             "description": null,
2026-03-01T10:46:07.2546561Z             "disabled": false,
2026-03-01T10:46:07.2547280Z             "downloads_url": "https://api.github.com/repos/***/hpoll/downloads",
2026-03-01T10:46:07.2548121Z             "events_url": "https://api.github.com/repos/***/hpoll/events",
2026-03-01T10:46:07.2548698Z             "fork": false,
2026-03-01T10:46:07.2549036Z             "forks": 0,
2026-03-01T10:46:07.2549377Z             "forks_count": 0,
2026-03-01T10:46:07.2549922Z             "forks_url": "https://api.github.com/repos/***/hpoll/forks",
2026-03-01T10:46:07.2550774Z             "full_name": "***/hpoll",
2026-03-01T10:46:07.2551514Z             "git_commits_url": "https://api.github.com/repos/***/hpoll/git/commits{/sha}",
2026-03-01T10:46:07.2552441Z             "git_refs_url": "https://api.github.com/repos/***/hpoll/git/refs{/sha}",
2026-03-01T10:46:07.2553529Z             "git_tags_url": "https://api.github.com/repos/***/hpoll/git/tags{/sha}",
2026-03-01T10:46:07.2554266Z             "git_url": "git://github.com/***/hpoll.git",
2026-03-01T10:46:07.2554755Z             "has_discussions": false,
2026-03-01T10:46:07.2555195Z             "has_downloads": true,
2026-03-01T10:46:07.2555894Z             "has_issues": true,
2026-03-01T10:46:07.2556279Z             "has_pages": false,
2026-03-01T10:46:07.2556673Z             "has_projects": true,
2026-03-01T10:46:07.2557104Z             "has_pull_requests": true,
2026-03-01T10:46:07.2557526Z             "has_wiki": true,
2026-03-01T10:46:07.2557908Z             "homepage": null,
2026-03-01T10:46:07.2558523Z             "hooks_url": "https://api.github.com/repos/***/hpoll/hooks",
2026-03-01T10:46:07.2559208Z             "html_url": "https://github.com/***/hpoll",
2026-03-01T10:46:07.2559695Z             "id": 1167451352,
2026-03-01T10:46:07.2560066Z             "is_template": false,
2026-03-01T10:46:07.2560798Z             "issue_comment_url": "https://api.github.com/repos/***/hpoll/issues/comments{/number}",
2026-03-01T10:46:07.2561871Z             "issue_events_url": "https://api.github.com/repos/***/hpoll/issues/events{/number}",
2026-03-01T10:46:07.2563061Z             "issues_url": "https://api.github.com/repos/***/hpoll/issues{/number}",
2026-03-01T10:46:07.2563973Z             "keys_url": "https://api.github.com/repos/***/hpoll/keys{/key_id}",
2026-03-01T10:46:07.2564840Z             "labels_url": "https://api.github.com/repos/***/hpoll/labels{/name}",
2026-03-01T10:46:07.2565497Z             "language": "C#",
2026-03-01T10:46:07.2566120Z             "languages_url": "https://api.github.com/repos/***/hpoll/languages",
2026-03-01T10:46:07.2566777Z             "license": null,
2026-03-01T10:46:07.2567179Z             "master_branch": "main",
2026-03-01T10:46:07.2567801Z             "merges_url": "https://api.github.com/repos/***/hpoll/merges",
2026-03-01T10:46:07.2568739Z             "milestones_url": "https://api.github.com/repos/***/hpoll/milestones{/number}",
2026-03-01T10:46:07.2569443Z             "mirror_url": null,
2026-03-01T10:46:07.2569833Z             "name": "hpoll",
2026-03-01T10:46:07.2570222Z             "node_id": "R_kgDORZXk2A",
2026-03-01T10:46:07.2571140Z             "notifications_url": "https://api.github.com/repos/***/hpoll/notifications{?since,all,participating}",
2026-03-01T10:46:07.2572042Z             "open_issues": 0,
2026-03-01T10:46:07.2572450Z             "open_issues_count": 0,
2026-03-01T10:46:07.2573169Z             "owner": {
2026-03-01T10:46:07.2573740Z               "avatar_url": "https://avatars.githubusercontent.com/u/169779439?v=4",
2026-03-01T10:46:07.2574468Z               "email": "demerit_hamlet_0m@icloud.com",
2026-03-01T10:46:07.2574935Z               "events_url": "https://api.github.com/users/***/events{/privacy}",
2026-03-01T10:46:07.2575395Z               "followers_url": "https://api.github.com/users/***/followers",
2026-03-01T10:46:07.2575888Z               "following_url": "https://api.github.com/users/***/following{/other_user}",
2026-03-01T10:46:07.2576371Z               "gists_url": "https://api.github.com/users/***/gists{/gist_id}",
2026-03-01T10:46:07.2576711Z               "gravatar_id": "",
2026-03-01T10:46:07.2576982Z               "html_url": "https://github.com/***",
2026-03-01T10:46:07.2577253Z               "id": 169779439,
2026-03-01T10:46:07.2577483Z               "login": "***",
2026-03-01T10:46:07.2577703Z               "name": "***",
2026-03-01T10:46:07.2577915Z               "node_id": "U_kgDOCh6g7w",
2026-03-01T10:46:07.2578275Z               "organizations_url": "https://api.github.com/users/***/orgs",
2026-03-01T10:46:07.2578930Z               "received_events_url": "https://api.github.com/users/***/received_events",
2026-03-01T10:46:07.2579393Z               "repos_url": "https://api.github.com/users/***/repos",
2026-03-01T10:46:07.2579744Z               "site_admin": false,
2026-03-01T10:46:07.2580106Z               "starred_url": "https://api.github.com/users/***/starred{/owner}{/repo}",
2026-03-01T10:46:07.2580589Z               "subscriptions_url": "https://api.github.com/users/***/subscriptions",
2026-03-01T10:46:07.2580956Z               "type": "User",
2026-03-01T10:46:07.2581226Z               "url": "https://api.github.com/users/***",
2026-03-01T10:46:07.2581514Z               "user_view_type": "public"
2026-03-01T10:46:07.2581859Z             },
2026-03-01T10:46:07.2582042Z             "private": false,
2026-03-01T10:46:07.2582282Z             "pull_request_creation_policy": "all",
2026-03-01T10:46:07.2582928Z             "pulls_url": "https://api.github.com/repos/***/hpoll/pulls{/number}",
2026-03-01T10:46:07.2583287Z             "pushed_at": 1772361818,
2026-03-01T10:46:07.2583654Z             "releases_url": "https://api.github.com/repos/***/hpoll/releases{/id}",
2026-03-01T10:46:07.2584002Z             "size": 1382,
2026-03-01T10:46:07.2584259Z             "ssh_url": "git@github.com:***/hpoll.git",
2026-03-01T10:46:07.2584529Z             "stargazers": 0,
2026-03-01T10:46:07.2584759Z             "stargazers_count": 0,
2026-03-01T10:46:07.2585128Z             "stargazers_url": "https://api.github.com/repos/***/hpoll/stargazers",
2026-03-01T10:46:07.2585622Z             "statuses_url": "https://api.github.com/repos/***/hpoll/statuses/{sha}",
2026-03-01T10:46:07.2586121Z             "subscribers_url": "https://api.github.com/repos/***/hpoll/subscribers",
2026-03-01T10:46:07.2586631Z             "subscription_url": "https://api.github.com/repos/***/hpoll/subscription",
2026-03-01T10:46:07.2587075Z             "svn_url": "https://github.com/***/hpoll",
2026-03-01T10:46:07.2587438Z             "tags_url": "https://api.github.com/repos/***/hpoll/tags",
2026-03-01T10:46:07.2587847Z             "teams_url": "https://api.github.com/repos/***/hpoll/teams",
2026-03-01T10:46:07.2588169Z             "topics": [],
2026-03-01T10:46:07.2588495Z             "trees_url": "https://api.github.com/repos/***/hpoll/git/trees{/sha}",
2026-03-01T10:46:07.2588856Z             "updated_at": "2026-03-01T10:40:13Z",
2026-03-01T10:46:07.2589176Z             "url": "https://api.github.com/repos/***/hpoll",
2026-03-01T10:46:07.2589472Z             "visibility": "public",
2026-03-01T10:46:07.2589699Z             "watchers": 0,
2026-03-01T10:46:07.2589907Z             "watchers_count": 0,
2026-03-01T10:46:07.2590157Z             "web_commit_signoff_required": false
2026-03-01T10:46:07.2590398Z           },
2026-03-01T10:46:07.2590569Z           "sender": {
2026-03-01T10:46:07.2590882Z             "avatar_url": "https://avatars.githubusercontent.com/u/169779439?v=4",
2026-03-01T10:46:07.2591355Z             "events_url": "https://api.github.com/users/***/events{/privacy}",
2026-03-01T10:46:07.2591807Z             "followers_url": "https://api.github.com/users/***/followers",
2026-03-01T10:46:07.2592280Z             "following_url": "https://api.github.com/users/***/following{/other_user}",
2026-03-01T10:46:07.2592877Z             "gists_url": "https://api.github.com/users/***/gists{/gist_id}",
2026-03-01T10:46:07.2593214Z             "gravatar_id": "",
2026-03-01T10:46:07.2593473Z             "html_url": "https://github.com/***",
2026-03-01T10:46:07.2593738Z             "id": 169779439,
2026-03-01T10:46:07.2593953Z             "login": "***",
2026-03-01T10:46:07.2594176Z             "node_id": "U_kgDOCh6g7w",
2026-03-01T10:46:07.2594526Z             "organizations_url": "https://api.github.com/users/***/orgs",
2026-03-01T10:46:07.2594997Z             "received_events_url": "https://api.github.com/users/***/received_events",
2026-03-01T10:46:07.2595437Z             "repos_url": "https://api.github.com/users/***/repos",
2026-03-01T10:46:07.2595735Z             "site_admin": false,
2026-03-01T10:46:07.2596218Z             "starred_url": "https://api.github.com/users/***/starred{/owner}{/repo}",
2026-03-01T10:46:07.2596718Z             "subscriptions_url": "https://api.github.com/users/***/subscriptions",
2026-03-01T10:46:07.2597082Z             "type": "User",
2026-03-01T10:46:07.2597338Z             "url": "https://api.github.com/users/***",
2026-03-01T10:46:07.2597619Z             "user_view_type": "public"
2026-03-01T10:46:07.2597845Z           }
2026-03-01T10:46:07.2597999Z         },
2026-03-01T10:46:07.2598172Z         "github_job": "docker",
2026-03-01T10:46:07.2598472Z         "github_ref": "refs/heads/claude/explore-devices-table-ga0Rs",
2026-03-01T10:46:07.2599040Z         "github_ref_name": "claude/explore-devices-table-ga0Rs",
2026-03-01T10:46:07.2599353Z         "github_ref_protected": "false",
2026-03-01T10:46:07.2599602Z         "github_ref_type": "branch",
2026-03-01T10:46:07.2599867Z         "github_repository": "***/hpoll",
2026-03-01T10:46:07.2600125Z         "github_repository_id": "1167451352",
2026-03-01T10:46:07.2600404Z         "github_repository_owner": "***",
2026-03-01T10:46:07.2600676Z         "github_repository_owner_id": "169779439",
2026-03-01T10:46:07.2600947Z         "github_run_attempt": "1",
2026-03-01T10:46:07.2601181Z         "github_run_id": "22541736825",
2026-03-01T10:46:07.2601421Z         "github_run_number": "151",
2026-03-01T10:46:07.2601654Z         "github_runner_arch": "X64",
2026-03-01T10:46:07.2601919Z         "github_runner_environment": "github-hosted",
2026-03-01T10:46:07.2602213Z         "github_runner_image_os": "ubuntu24",
2026-03-01T10:46:07.2602501Z         "github_runner_image_version": "20260224.36.1",
2026-03-01T10:46:07.2602920Z         "github_runner_name": "GitHub Actions 1000000875",
2026-03-01T10:46:07.2603204Z         "github_runner_os": "Linux",
2026-03-01T10:46:07.2603557Z         "github_runner_tracking_id": "github_0abe6230-6c2a-45dc-af1a-02d8a853f582",
2026-03-01T10:46:07.2603954Z         "github_server_url": "https://github.com",
2026-03-01T10:46:07.2604259Z         "github_triggering_actor": "***",
2026-03-01T10:46:07.2604521Z         "github_workflow": "Build & Test",
2026-03-01T10:46:07.2605076Z         "github_workflow_ref": "***/hpoll/.github/workflows/build-and-test.yml@refs/heads/claude/explore-devices-table-ga0Rs",
2026-03-01T10:46:07.2605685Z         "github_workflow_sha": "e62cd111752add694d69c5d88a4369eb038f1a80",
2026-03-01T10:46:07.2606022Z         "platform": "linux/amd64"
2026-03-01T10:46:07.2606245Z       }
2026-03-01T10:46:07.2606400Z     }
2026-03-01T10:46:07.2606549Z   },
2026-03-01T10:46:07.2607078Z   "buildx.build.ref": "builder-93592da1-78f0-4f86-9f9e-dd3fd1a88a9c/builder-93592da1-78f0-4f86-9f9e-dd3fd1a88a9c0/t6k0xij3ycavocasjmr6a7lvs",
2026-03-01T10:46:07.2607709Z   "containerimage.descriptor": {
2026-03-01T10:46:07.2608004Z     "mediaType": "application/vnd.oci.image.index.v1+json",
2026-03-01T10:46:07.2608460Z     "digest": "sha256:377ed5fd9ee24697982c4a6130f2ce8693e1cac4d62cb2b8f06ac270077ac7c9",
2026-03-01T10:46:07.2608856Z     "size": 856
2026-03-01T10:46:07.2609026Z   },
2026-03-01T10:46:07.2609394Z   "containerimage.digest": "sha256:377ed5fd9ee24697982c4a6130f2ce8693e1cac4d62cb2b8f06ac270077ac7c9",
2026-03-01T10:46:07.2610142Z   "image.name": "***/hpoll:e62cd11,***/hpoll:latest-any,***/hpoll:claude-explore-devices-table-ga0Rs"
2026-03-01T10:46:07.2610566Z }
2026-03-01T10:46:07.2610906Z ##[endgroup]
2026-03-01T10:46:07.2611212Z ##[group]Reference
2026-03-01T10:46:07.2611682Z builder-93592da1-78f0-4f86-9f9e-dd3fd1a88a9c/builder-93592da1-78f0-4f86-9f9e-dd3fd1a88a9c0/t6k0xij3ycavocasjmr6a7lvs
2026-03-01T10:46:07.2612328Z ##[endgroup]
2026-03-01T10:46:07.2612840Z ##[group]Check build summary support
2026-03-01T10:46:07.2613229Z Build summary supported!
2026-03-01T10:46:07.2613549Z ##[endgroup]
2026-03-01T10:46:07.2689281Z Post job cleanup.
2026-03-01T10:46:07.4971773Z ##[group]Generating build summary
2026-03-01T10:46:07.5910751Z exporting build record to /home/runner/work/_temp/docker-actions-toolkit-KXQa5n/export
2026-03-01T10:46:10.5975386Z [command]/usr/bin/mkfifo /home/runner/work/_temp/docker-actions-toolkit-KXQa5n/buildx-in-acb31h.fifo
2026-03-01T10:46:10.6031944Z [command]/usr/bin/mkfifo /home/runner/work/_temp/docker-actions-toolkit-KXQa5n/buildx-out-9ZkD3J.fifo
2026-03-01T10:46:10.6072101Z [command]docker buildx --builder builder-93592da1-78f0-4f86-9f9e-dd3fd1a88a9c dial-stdio
2026-03-01T10:46:10.6105057Z [command]docker run --rm -i -v /home/runner/.docker/buildx/refs:/buildx-refs -v /home/runner/work/_temp/docker-actions-toolkit-KXQa5n/export:/out docker.io/dockereng/export-build:latest --ref-state-dir=/buildx-refs --node=builder-93592da1-78f0-4f86-9f9e-dd3fd1a88a9c/builder-93592da1-78f0-4f86-9f9e-dd3fd1a88a9c0 --ref=t6k0xij3ycavocasjmr6a7lvs --uid=1001 --gid=1001
2026-03-01T10:46:10.6256423Z Unable to find image 'dockereng/export-build:latest' locally
2026-03-01T10:46:10.8818421Z latest: Pulling from dockereng/export-build
2026-03-01T10:46:10.9655052Z 5f398fcfd265: Pulling fs layer
2026-03-01T10:46:10.9655516Z 152e015ae384: Pulling fs layer
2026-03-01T10:46:11.0422099Z 152e015ae384: Verifying Checksum
2026-03-01T10:46:11.0422802Z 152e015ae384: Download complete
2026-03-01T10:46:11.1518842Z 5f398fcfd265: Verifying Checksum
2026-03-01T10:46:11.1519321Z 5f398fcfd265: Download complete
2026-03-01T10:46:11.2534036Z 5f398fcfd265: Pull complete
2026-03-01T10:46:11.2757572Z 152e015ae384: Pull complete
2026-03-01T10:46:11.2790349Z Digest: sha256:8a8d92fc2d7cc8a8855400970bb971436fc117bd39366595f55f7e1283a1e961
2026-03-01T10:46:11.2801262Z Status: Downloaded newer image for dockereng/export-build:latest
2026-03-01T10:46:11.9013105Z Process "docker run" exited with code 0
2026-03-01T10:46:11.9018237Z Parsing /home/runner/work/_temp/docker-actions-toolkit-KXQa5n/export/summary.json
2026-03-01T10:46:11.9021045Z Build record written to /home/runner/work/_temp/docker-actions-toolkit-KXQa5n/export/***~hpoll~T6K0XI.dockerbuild (62.03 KB)
2026-03-01T10:46:11.9040409Z Uploading ***~hpoll~T6K0XI.dockerbuild to blob storage
2026-03-01T10:46:11.9358613Z ERROR: read unix @->/run/docker.sock: use of closed network connection
2026-03-01T10:46:11.9360355Z Process "buildx dial-stdio" was killed with signal SIGKILL
2026-03-01T10:46:11.9760262Z Beginning upload of artifact content to blob storage
2026-03-01T10:46:11.9847526Z Uploaded bytes 63520
2026-03-01T10:46:12.0379596Z Finished uploading artifact content to blob storage!
2026-03-01T10:46:12.0385432Z SHA256 hash of uploaded artifact is 1e574ece48e1887e7193751de89ed8a816c6726aa92d1f78e2dca182eaecf180
2026-03-01T10:46:12.0387205Z Finalizing artifact upload
2026-03-01T10:46:12.1405729Z Artifact successfully finalized (5709380337)
2026-03-01T10:46:12.1407658Z Artifact download URL: https://github.com/***/hpoll/actions/runs/22541736825/artifacts/5709380337
2026-03-01T10:46:12.1431715Z Writing summary
2026-03-01T10:46:12.1444259Z ##[endgroup]
2026-03-01T10:46:12.1445141Z ##[group]Removing temp folder /home/runner/work/_temp/docker-actions-toolkit-PUcTPJ
2026-03-01T10:46:12.1454650Z ##[endgroup]
2026-03-01T10:46:12.1455251Z ##[group]Post cache
2026-03-01T10:46:12.1456560Z State not set
2026-03-01T10:46:12.1457206Z ##[endgroup]
2026-03-01T10:46:12.1593337Z Post job cleanup.
2026-03-01T10:46:12.4482317Z [command]/usr/bin/docker logout 
2026-03-01T10:46:12.4609289Z Removing login credentials for https://index.docker.io/v1/
2026-03-01T10:46:12.4641423Z ##[group]Post cache
2026-03-01T10:46:12.4643684Z State not set
2026-03-01T10:46:12.4644997Z ##[endgroup]
2026-03-01T10:46:12.4777684Z Post job cleanup.
2026-03-01T10:46:12.7145638Z ##[group]Removing builder
2026-03-01T10:46:12.8206439Z [command]/usr/bin/docker buildx rm builder-93592da1-78f0-4f86-9f9e-dd3fd1a88a9c
2026-03-01T10:46:13.8528764Z builder-93592da1-78f0-4f86-9f9e-dd3fd1a88a9c removed
2026-03-01T10:46:13.8565443Z ##[endgroup]
2026-03-01T10:46:13.8567131Z ##[group]Cleaning up certificates
2026-03-01T10:46:13.8573776Z ##[endgroup]
2026-03-01T10:46:13.8574647Z ##[group]Post cache
2026-03-01T10:46:13.8577189Z State not set
2026-03-01T10:46:13.8577860Z ##[endgroup]
2026-03-01T10:46:13.8710313Z Post job cleanup.
2026-03-01T10:46:13.9669778Z [command]/usr/bin/git version
2026-03-01T10:46:13.9707008Z git version 2.53.0
2026-03-01T10:46:13.9751354Z Temporarily overriding HOME='/home/runner/work/_temp/0a9b2a75-809a-4f1d-973e-28e8bf15e758' before making global git config changes
2026-03-01T10:46:13.9752948Z Adding repository directory to the temporary git global config as a safe directory
2026-03-01T10:46:13.9758214Z [command]/usr/bin/git config --global --add safe.directory /home/runner/work/hpoll/hpoll
2026-03-01T10:46:13.9795067Z [command]/usr/bin/git config --local --name-only --get-regexp core\.sshCommand
2026-03-01T10:46:13.9828580Z [command]/usr/bin/git submodule foreach --recursive sh -c "git config --local --name-only --get-regexp 'core\.sshCommand' && git config --local --unset-all 'core.sshCommand' || :"
2026-03-01T10:46:14.0066635Z [command]/usr/bin/git config --local --name-only --get-regexp http\.https\:\/\/github\.com\/\.extraheader
2026-03-01T10:46:14.0088277Z http.https://github.com/.extraheader
2026-03-01T10:46:14.0101303Z [command]/usr/bin/git config --local --unset-all http.https://github.com/.extraheader
2026-03-01T10:46:14.0133175Z [command]/usr/bin/git submodule foreach --recursive sh -c "git config --local --name-only --get-regexp 'http\.https\:\/\/github\.com\/\.extraheader' && git config --local --unset-all 'http.https://github.com/.extraheader' || :"
2026-03-01T10:46:14.0469822Z Cleaning up orphan processes
