2026-03-01T10:48:49.3013536Z Current runner version: '2.331.0'
2026-03-01T10:48:49.3037345Z ##[group]Runner Image Provisioner
2026-03-01T10:48:49.3038619Z Hosted Compute Agent
2026-03-01T10:48:49.3039248Z Version: 20260213.493
2026-03-01T10:48:49.3039810Z Commit: 5c115507f6dd24b8de37d8bbe0bb4509d0cc0fa3
2026-03-01T10:48:49.3040610Z Build Date: 2026-02-13T00:28:41Z
2026-03-01T10:48:49.3041294Z Worker ID: {57eb0f56-b186-4d3b-acae-33ef4941c322}
2026-03-01T10:48:49.3041924Z Azure Region: westus
2026-03-01T10:48:49.3042534Z ##[endgroup]
2026-03-01T10:48:49.3044370Z ##[group]Operating System
2026-03-01T10:48:49.3044942Z Ubuntu
2026-03-01T10:48:49.3045541Z 24.04.3
2026-03-01T10:48:49.3046028Z LTS
2026-03-01T10:48:49.3046452Z ##[endgroup]
2026-03-01T10:48:49.3047082Z ##[group]Runner Image
2026-03-01T10:48:49.3047652Z Image: ubuntu-24.04
2026-03-01T10:48:49.3048119Z Version: 20260224.36.1
2026-03-01T10:48:49.3049604Z Included Software: https://github.com/actions/runner-images/blob/ubuntu24/20260224.36/images/ubuntu/Ubuntu2404-Readme.md
2026-03-01T10:48:49.3051102Z Image Release: https://github.com/actions/runner-images/releases/tag/ubuntu24%2F20260224.36
2026-03-01T10:48:49.3052080Z ##[endgroup]
2026-03-01T10:48:49.3053052Z ##[group]GITHUB_TOKEN Permissions
2026-03-01T10:48:49.3055139Z Contents: read
2026-03-01T10:48:49.3055723Z Metadata: read
2026-03-01T10:48:49.3056344Z ##[endgroup]
2026-03-01T10:48:49.3058569Z Secret source: Actions
2026-03-01T10:48:49.3059310Z Prepare workflow directory
2026-03-01T10:48:49.3384089Z Prepare all required actions
2026-03-01T10:48:49.3421481Z Getting action download info
2026-03-01T10:48:49.8349525Z Download action repository 'actions/checkout@692973e3d937129bcbf40652eb9f2f61becf3332' (SHA:692973e3d937129bcbf40652eb9f2f61becf3332)
2026-03-01T10:48:50.0372890Z Download action repository 'docker/setup-buildx-action@b5ca514318bd6ebac0fb2aedd5d36ec1b5c232a2' (SHA:b5ca514318bd6ebac0fb2aedd5d36ec1b5c232a2)
2026-03-01T10:48:50.6750916Z Download action repository 'docker/login-action@74a5d142397b4f367a81961eba4e8cd7edddf772' (SHA:74a5d142397b4f367a81961eba4e8cd7edddf772)
2026-03-01T10:48:51.3143939Z Download action repository 'docker/build-push-action@14487ce63c7a62a4a324b0bfb37086795e31c6c1' (SHA:14487ce63c7a62a4a324b0bfb37086795e31c6c1)
2026-03-01T10:48:52.1382442Z Complete job name: Docker Build & Push (Admin)
2026-03-01T10:48:52.2227741Z ##[group]Run actions/checkout@692973e3d937129bcbf40652eb9f2f61becf3332
2026-03-01T10:48:52.2229612Z with:
2026-03-01T10:48:52.2230445Z   repository: ***/hpoll
2026-03-01T10:48:52.2231518Z   token: ***
2026-03-01T10:48:52.2232282Z   ssh-strict: true
2026-03-01T10:48:52.2233078Z   ssh-user: git
2026-03-01T10:48:52.2233891Z   persist-credentials: true
2026-03-01T10:48:52.2234797Z   clean: true
2026-03-01T10:48:52.2235599Z   sparse-checkout-cone-mode: true
2026-03-01T10:48:52.2236588Z   fetch-depth: 1
2026-03-01T10:48:52.2237370Z   fetch-tags: false
2026-03-01T10:48:52.2238170Z   show-progress: true
2026-03-01T10:48:52.2239232Z   lfs: false
2026-03-01T10:48:52.2240049Z   submodules: false
2026-03-01T10:48:52.2240897Z   set-safe-directory: true
2026-03-01T10:48:52.2242064Z ##[endgroup]
2026-03-01T10:48:52.3411838Z Syncing repository: ***/hpoll
2026-03-01T10:48:52.3414229Z ##[group]Getting Git version info
2026-03-01T10:48:52.3415878Z Working directory is '/home/runner/work/hpoll/hpoll'
2026-03-01T10:48:52.3417875Z [command]/usr/bin/git version
2026-03-01T10:48:52.3533078Z git version 2.53.0
2026-03-01T10:48:52.3559856Z ##[endgroup]
2026-03-01T10:48:52.3573577Z Temporarily overriding HOME='/home/runner/work/_temp/55be1b0e-a3b6-478b-a007-5026d36ea695' before making global git config changes
2026-03-01T10:48:52.3578914Z Adding repository directory to the temporary git global config as a safe directory
2026-03-01T10:48:52.3581190Z [command]/usr/bin/git config --global --add safe.directory /home/runner/work/hpoll/hpoll
2026-03-01T10:48:52.3619228Z Deleting the contents of '/home/runner/work/hpoll/hpoll'
2026-03-01T10:48:52.3623117Z ##[group]Initializing the repository
2026-03-01T10:48:52.3626782Z [command]/usr/bin/git init /home/runner/work/hpoll/hpoll
2026-03-01T10:48:52.3746619Z hint: Using 'master' as the name for the initial branch. This default branch name
2026-03-01T10:48:52.3750522Z hint: will change to "main" in Git 3.0. To configure the initial branch name
2026-03-01T10:48:52.3753980Z hint: to use in all of your new repositories, which will suppress this warning,
2026-03-01T10:48:52.3756608Z hint: call:
2026-03-01T10:48:52.3758146Z hint:
2026-03-01T10:48:52.3760325Z hint: 	git config --global init.defaultBranch <name>
2026-03-01T10:48:52.3762458Z hint:
2026-03-01T10:48:52.3764625Z hint: Names commonly chosen instead of 'master' are 'main', 'trunk' and
2026-03-01T10:48:52.3768060Z hint: 'development'. The just-created branch can be renamed via this command:
2026-03-01T10:48:52.3771120Z hint:
2026-03-01T10:48:52.3772684Z hint: 	git branch -m <name>
2026-03-01T10:48:52.3774455Z hint:
2026-03-01T10:48:52.3776606Z hint: Disable this message with "git config set advice.defaultBranchName false"
2026-03-01T10:48:52.3780521Z Initialized empty Git repository in /home/runner/work/hpoll/hpoll/.git/
2026-03-01T10:48:52.3786266Z [command]/usr/bin/git remote add origin https://github.com/***/hpoll
2026-03-01T10:48:52.3804252Z ##[endgroup]
2026-03-01T10:48:52.3807287Z ##[group]Disabling automatic garbage collection
2026-03-01T10:48:52.3809858Z [command]/usr/bin/git config --local gc.auto 0
2026-03-01T10:48:52.3842231Z ##[endgroup]
2026-03-01T10:48:52.3845007Z ##[group]Setting up auth
2026-03-01T10:48:52.3848549Z [command]/usr/bin/git config --local --name-only --get-regexp core\.sshCommand
2026-03-01T10:48:52.3883239Z [command]/usr/bin/git submodule foreach --recursive sh -c "git config --local --name-only --get-regexp 'core\.sshCommand' && git config --local --unset-all 'core.sshCommand' || :"
2026-03-01T10:48:52.4264351Z [command]/usr/bin/git config --local --name-only --get-regexp http\.https\:\/\/github\.com\/\.extraheader
2026-03-01T10:48:52.4296204Z [command]/usr/bin/git submodule foreach --recursive sh -c "git config --local --name-only --get-regexp 'http\.https\:\/\/github\.com\/\.extraheader' && git config --local --unset-all 'http.https://github.com/.extraheader' || :"
2026-03-01T10:48:52.4538462Z [command]/usr/bin/git config --local http.https://github.com/.extraheader AUTHORIZATION: basic ***
2026-03-01T10:48:52.4574422Z ##[endgroup]
2026-03-01T10:48:52.4576072Z ##[group]Fetching the repository
2026-03-01T10:48:52.4583313Z [command]/usr/bin/git -c protocol.version=2 fetch --no-tags --prune --no-recurse-submodules --depth=1 origin +b1b345bc9c70069fdc1869b3fd129b25ac48bf9f:refs/remotes/pull/31/merge
2026-03-01T10:48:52.9369376Z From https://github.com/***/hpoll
2026-03-01T10:48:52.9371580Z  * [new ref]         b1b345bc9c70069fdc1869b3fd129b25ac48bf9f -> pull/31/merge
2026-03-01T10:48:52.9407883Z ##[endgroup]
2026-03-01T10:48:52.9410580Z ##[group]Determining the checkout info
2026-03-01T10:48:52.9413461Z ##[endgroup]
2026-03-01T10:48:52.9415173Z [command]/usr/bin/git sparse-checkout disable
2026-03-01T10:48:52.9462753Z [command]/usr/bin/git config --local --unset-all extensions.worktreeConfig
2026-03-01T10:48:52.9497397Z ##[group]Checking out the ref
2026-03-01T10:48:52.9500225Z [command]/usr/bin/git checkout --progress --force refs/remotes/pull/31/merge
2026-03-01T10:48:52.9612521Z Note: switching to 'refs/remotes/pull/31/merge'.
2026-03-01T10:48:52.9614395Z 
2026-03-01T10:48:52.9615936Z You are in 'detached HEAD' state. You can look around, make experimental
2026-03-01T10:48:52.9621074Z changes and commit them, and you can discard any commits you make in this
2026-03-01T10:48:52.9624201Z state without impacting any branches by switching back to a branch.
2026-03-01T10:48:52.9625964Z 
2026-03-01T10:48:52.9627343Z If you want to create a new branch to retain commits you create, you may
2026-03-01T10:48:52.9630459Z do so (now or later) by using -c with the switch command. Example:
2026-03-01T10:48:52.9632182Z 
2026-03-01T10:48:52.9632856Z   git switch -c <new-branch-name>
2026-03-01T10:48:52.9634167Z 
2026-03-01T10:48:52.9635254Z Or undo this operation with:
2026-03-01T10:48:52.9636352Z 
2026-03-01T10:48:52.9637011Z   git switch -
2026-03-01T10:48:52.9637811Z 
2026-03-01T10:48:52.9639336Z Turn off this advice by setting config variable advice.detachedHead to false
2026-03-01T10:48:52.9641466Z 
2026-03-01T10:48:52.9643708Z HEAD is now at b1b345b Merge e62cd111752add694d69c5d88a4369eb038f1a80 into 4733c7b90d1845db2d4934f1a8ed3ee4e7cc68fa
2026-03-01T10:48:52.9650282Z ##[endgroup]
2026-03-01T10:48:52.9657996Z [command]/usr/bin/git log -1 --format='%H'
2026-03-01T10:48:52.9682667Z 'b1b345bc9c70069fdc1869b3fd129b25ac48bf9f'
2026-03-01T10:48:53.0030890Z ##[group]Run docker/setup-buildx-action@b5ca514318bd6ebac0fb2aedd5d36ec1b5c232a2
2026-03-01T10:48:53.0032150Z with:
2026-03-01T10:48:53.0032781Z   driver: docker-container
2026-03-01T10:48:53.0033527Z   install: false
2026-03-01T10:48:53.0034179Z   use: true
2026-03-01T10:48:53.0034805Z   cache-binary: true
2026-03-01T10:48:53.0035477Z   cleanup: true
2026-03-01T10:48:53.0036118Z ##[endgroup]
2026-03-01T10:48:53.2553508Z ##[group]Docker info
2026-03-01T10:48:53.2591741Z [command]/usr/bin/docker version
2026-03-01T10:48:53.3439493Z Client: Docker Engine - Community
2026-03-01T10:48:53.3442818Z  Version:           28.0.4
2026-03-01T10:48:53.3443598Z  API version:       1.48
2026-03-01T10:48:53.3444147Z  Go version:        go1.23.7
2026-03-01T10:48:53.3444613Z  Git commit:        b8034c0
2026-03-01T10:48:53.3445010Z  Built:             Tue Mar 25 15:07:16 2025
2026-03-01T10:48:53.3445332Z  OS/Arch:           linux/amd64
2026-03-01T10:48:53.3445613Z  Context:           default
2026-03-01T10:48:53.3445868Z 
2026-03-01T10:48:53.3446043Z Server: Docker Engine - Community
2026-03-01T10:48:53.3446346Z  Engine:
2026-03-01T10:48:53.3446570Z   Version:          28.0.4
2026-03-01T10:48:53.3446887Z   API version:      1.48 (minimum version 1.24)
2026-03-01T10:48:53.3447212Z   Go version:       go1.23.7
2026-03-01T10:48:53.3447493Z   Git commit:       6430e49
2026-03-01T10:48:53.3447776Z   Built:            Tue Mar 25 15:07:16 2025
2026-03-01T10:48:53.3448089Z   OS/Arch:          linux/amd64
2026-03-01T10:48:53.3448588Z   Experimental:     false
2026-03-01T10:48:53.3448852Z  containerd:
2026-03-01T10:48:53.3449198Z   Version:          v2.2.1
2026-03-01T10:48:53.3449693Z   GitCommit:        dea7da592f5d1d2b7755e3a161be07f43fad8f75
2026-03-01T10:48:53.3450040Z  runc:
2026-03-01T10:48:53.3450259Z   Version:          1.3.4
2026-03-01T10:48:53.3450538Z   GitCommit:        v1.3.4-0-gd6d73eb8
2026-03-01T10:48:53.3450834Z  docker-init:
2026-03-01T10:48:53.3451063Z   Version:          0.19.0
2026-03-01T10:48:53.3451345Z   GitCommit:        de40ad0
2026-03-01T10:48:53.3490986Z [command]/usr/bin/docker info
2026-03-01T10:48:53.7074067Z Client: Docker Engine - Community
2026-03-01T10:48:53.7074607Z  Version:    28.0.4
2026-03-01T10:48:53.7074963Z  Context:    default
2026-03-01T10:48:53.7075324Z  Debug Mode: false
2026-03-01T10:48:53.7075648Z  Plugins:
2026-03-01T10:48:53.7075974Z   buildx: Docker Buildx (Docker Inc.)
2026-03-01T10:48:53.7076417Z     Version:  v0.31.1
2026-03-01T10:48:53.7076874Z     Path:     /usr/libexec/docker/cli-plugins/docker-buildx
2026-03-01T10:48:53.7077448Z   compose: Docker Compose (Docker Inc.)
2026-03-01T10:48:53.7077902Z     Version:  v2.38.2
2026-03-01T10:48:53.7078572Z     Path:     /usr/libexec/docker/cli-plugins/docker-compose
2026-03-01T10:48:53.7078980Z 
2026-03-01T10:48:53.7079112Z Server:
2026-03-01T10:48:53.7079389Z  Containers: 0
2026-03-01T10:48:53.7079689Z   Running: 0
2026-03-01T10:48:53.7080071Z   Paused: 0
2026-03-01T10:48:53.7080360Z   Stopped: 0
2026-03-01T10:48:53.7080669Z  Images: 1
2026-03-01T10:48:53.7080961Z  Server Version: 28.0.4
2026-03-01T10:48:53.7081322Z  Storage Driver: overlay2
2026-03-01T10:48:53.7081695Z   Backing Filesystem: extfs
2026-03-01T10:48:53.7082061Z   Supports d_type: true
2026-03-01T10:48:53.7082408Z   Using metacopy: false
2026-03-01T10:48:53.7082758Z   Native Overlay Diff: false
2026-03-01T10:48:53.7083119Z   userxattr: false
2026-03-01T10:48:53.7083841Z  Logging Driver: json-file
2026-03-01T10:48:53.7084214Z  Cgroup Driver: systemd
2026-03-01T10:48:53.7084563Z  Cgroup Version: 2
2026-03-01T10:48:53.7084870Z  Plugins:
2026-03-01T10:48:53.7085156Z   Volume: local
2026-03-01T10:48:53.7085648Z   Network: bridge host ipvlan macvlan null overlay
2026-03-01T10:48:53.7086331Z   Log: awslogs fluentd gcplogs gelf journald json-file local splunk syslog
2026-03-01T10:48:53.7086995Z  Swarm: inactive
2026-03-01T10:48:53.7087354Z  Runtimes: io.containerd.runc.v2 runc
2026-03-01T10:48:53.7087643Z  Default Runtime: runc
2026-03-01T10:48:53.7088076Z  Init Binary: docker-init
2026-03-01T10:48:53.7089048Z  containerd version: dea7da592f5d1d2b7755e3a161be07f43fad8f75
2026-03-01T10:48:53.7089398Z  runc version: v1.3.4-0-gd6d73eb8
2026-03-01T10:48:53.7089643Z  init version: de40ad0
2026-03-01T10:48:53.7089850Z  Security Options:
2026-03-01T10:48:53.7090032Z   apparmor
2026-03-01T10:48:53.7090196Z   seccomp
2026-03-01T10:48:53.7090365Z    Profile: builtin
2026-03-01T10:48:53.7090551Z   cgroupns
2026-03-01T10:48:53.7090779Z  Kernel Version: 6.14.0-1017-azure
2026-03-01T10:48:53.7091226Z  Operating System: Ubuntu 24.04.3 LTS
2026-03-01T10:48:53.7091655Z  OSType: linux
2026-03-01T10:48:53.7091857Z  Architecture: x86_64
2026-03-01T10:48:53.7092056Z  CPUs: 4
2026-03-01T10:48:53.7092297Z  Total Memory: 15.62GiB
2026-03-01T10:48:53.7092585Z  Name: runnervmnay03
2026-03-01T10:48:53.7092813Z  ID: 2798490f-3934-4089-859a-ba9f3856e68c
2026-03-01T10:48:53.7093077Z  Docker Root Dir: /var/lib/docker
2026-03-01T10:48:53.7093302Z  Debug Mode: false
2026-03-01T10:48:53.7093509Z  Username: githubactions
2026-03-01T10:48:53.7093730Z  Experimental: false
2026-03-01T10:48:53.7093922Z  Insecure Registries:
2026-03-01T10:48:53.7097603Z   ::1/128
2026-03-01T10:48:53.7097820Z   127.0.0.0/8
2026-03-01T10:48:53.7098120Z  Live Restore Enabled: false
2026-03-01T10:48:53.7098579Z 
2026-03-01T10:48:53.7099328Z ##[endgroup]
2026-03-01T10:48:53.7859326Z ##[group]Buildx version
2026-03-01T10:48:53.7873448Z [command]/usr/bin/docker buildx version
2026-03-01T10:48:53.8478766Z github.com/docker/buildx v0.31.1 a2675950d46b2cb171b23c2015ca44fb88607531
2026-03-01T10:48:53.8515647Z ##[endgroup]
2026-03-01T10:48:53.8679992Z ##[group]Inspecting default docker context
2026-03-01T10:48:53.8817791Z [
2026-03-01T10:48:53.8818172Z   {
2026-03-01T10:48:53.8818721Z     "Name": "default",
2026-03-01T10:48:53.8819112Z     "Metadata": {},
2026-03-01T10:48:53.8819473Z     "Endpoints": {
2026-03-01T10:48:53.8819806Z       "docker": {
2026-03-01T10:48:53.8820185Z         "Host": "unix:///var/run/docker.sock",
2026-03-01T10:48:53.8820693Z         "SkipTLSVerify": false
2026-03-01T10:48:53.8821075Z       }
2026-03-01T10:48:53.8821343Z     },
2026-03-01T10:48:53.8821635Z     "TLSMaterial": {},
2026-03-01T10:48:53.8821986Z     "Storage": {
2026-03-01T10:48:53.8822329Z       "MetadataPath": "<IN MEMORY>",
2026-03-01T10:48:53.8822774Z       "TLSPath": "<IN MEMORY>"
2026-03-01T10:48:53.8823158Z     }
2026-03-01T10:48:53.8823421Z   }
2026-03-01T10:48:53.8823718Z ]
2026-03-01T10:48:53.8824334Z ##[endgroup]
2026-03-01T10:48:53.8824977Z ##[group]Creating a new builder instance
2026-03-01T10:48:53.9490303Z [command]/usr/bin/docker buildx create --name builder-6475ae10-251e-4382-8826-c1295e00d620 --driver docker-container --buildkitd-flags --allow-insecure-entitlement security.insecure --allow-insecure-entitlement network.host --use
2026-03-01T10:48:54.1366844Z builder-6475ae10-251e-4382-8826-c1295e00d620
2026-03-01T10:48:54.1406265Z ##[endgroup]
2026-03-01T10:48:54.1406991Z ##[group]Booting builder
2026-03-01T10:48:54.1466227Z [command]/usr/bin/docker buildx inspect --bootstrap --builder builder-6475ae10-251e-4382-8826-c1295e00d620
2026-03-01T10:48:54.2063844Z #1 [internal] booting buildkit
2026-03-01T10:48:54.3570091Z #1 pulling image moby/buildkit:buildx-stable-1
2026-03-01T10:48:58.4301301Z #1 pulling image moby/buildkit:buildx-stable-1 4.2s done
2026-03-01T10:48:58.5812453Z #1 creating container buildx_buildkit_builder-6475ae10-251e-4382-8826-c1295e00d6200
2026-03-01T10:48:58.7167344Z #1 creating container buildx_buildkit_builder-6475ae10-251e-4382-8826-c1295e00d6200 0.3s done
2026-03-01T10:48:58.7292115Z #1 DONE 4.5s
2026-03-01T10:48:58.7573580Z Name:          builder-6475ae10-251e-4382-8826-c1295e00d620
2026-03-01T10:48:58.7574194Z Driver:        docker-container
2026-03-01T10:48:58.7574615Z Last Activity: 2026-03-01 10:48:54 +0000 UTC
2026-03-01T10:48:58.7574948Z 
2026-03-01T10:48:58.7575251Z Nodes:
2026-03-01T10:48:58.7575725Z Name:                  builder-6475ae10-251e-4382-8826-c1295e00d6200
2026-03-01T10:48:58.7576737Z Endpoint:              unix:///var/run/docker.sock
2026-03-01T10:48:58.7577293Z Status:                running
2026-03-01T10:48:58.7578176Z BuildKit daemon flags: --allow-insecure-entitlement security.insecure --allow-insecure-entitlement network.host
2026-03-01T10:48:58.7579359Z BuildKit version:      v0.27.1
2026-03-01T10:48:58.7579950Z Platforms:             linux/amd64, linux/amd64/v2, linux/amd64/v3, linux/386
2026-03-01T10:48:58.7580553Z Labels:
2026-03-01T10:48:58.7580957Z  org.mobyproject.buildkit.worker.executor:         oci
2026-03-01T10:48:58.7581650Z  org.mobyproject.buildkit.worker.hostname:         761a8898addf
2026-03-01T10:48:58.7582360Z  org.mobyproject.buildkit.worker.network:          host
2026-03-01T10:48:58.7583044Z  org.mobyproject.buildkit.worker.oci.process-mode: sandbox
2026-03-01T10:48:58.7583965Z  org.mobyproject.buildkit.worker.selinux.enabled:  false
2026-03-01T10:48:58.7584645Z  org.mobyproject.buildkit.worker.snapshotter:      overlayfs
2026-03-01T10:48:58.7585181Z GC Policy rule#0:
2026-03-01T10:48:58.7585516Z  All:            false
2026-03-01T10:48:58.7586063Z  Filters:        type==source.local,type==exec.cachemount,type==source.git.checkout
2026-03-01T10:48:58.7586808Z  Keep Duration:  48h0m0s
2026-03-01T10:48:58.7587220Z  Max Used Space: 488.3MiB
2026-03-01T10:48:58.7587598Z GC Policy rule#1:
2026-03-01T10:48:58.7588005Z  All:            false
2026-03-01T10:48:58.7588657Z  Keep Duration:  1440h0m0s
2026-03-01T10:48:58.7589116Z  Reserved Space: 9.313GiB
2026-03-01T10:48:58.7589494Z  Max Used Space: 93.13GiB
2026-03-01T10:48:58.7589877Z  Min Free Space: 27.01GiB
2026-03-01T10:48:58.7590247Z GC Policy rule#2:
2026-03-01T10:48:58.7590652Z  All:            false
2026-03-01T10:48:58.7591022Z  Reserved Space: 9.313GiB
2026-03-01T10:48:58.7591388Z  Max Used Space: 93.13GiB
2026-03-01T10:48:58.7591754Z  Min Free Space: 27.01GiB
2026-03-01T10:48:58.7592152Z GC Policy rule#3:
2026-03-01T10:48:58.7592415Z  All:            true
2026-03-01T10:48:58.7592757Z  Reserved Space: 9.313GiB
2026-03-01T10:48:58.7593115Z  Max Used Space: 93.13GiB
2026-03-01T10:48:58.7593491Z  Min Free Space: 27.01GiB
2026-03-01T10:48:58.7633224Z ##[endgroup]
2026-03-01T10:48:58.8634448Z ##[group]Inspect builder
2026-03-01T10:48:58.8636458Z {
2026-03-01T10:48:58.8636867Z   "nodes": [
2026-03-01T10:48:58.8637644Z     {
2026-03-01T10:48:58.8638782Z       "name": "builder-6475ae10-251e-4382-8826-c1295e00d6200",
2026-03-01T10:48:58.8639255Z       "endpoint": "unix:///var/run/docker.sock",
2026-03-01T10:48:58.8639573Z       "status": "running",
2026-03-01T10:48:58.8640096Z       "buildkitd-flags": "--allow-insecure-entitlement security.insecure --allow-insecure-entitlement network.host",
2026-03-01T10:48:58.8640623Z       "buildkit": "v0.27.1",
2026-03-01T10:48:58.8640939Z       "platforms": "linux/amd64,linux/amd64/v2,linux/amd64/v3,linux/386",
2026-03-01T10:48:58.8641434Z       "features": {
2026-03-01T10:48:58.8641722Z         "Automatically load images to the Docker Engine image store": true,
2026-03-01T10:48:58.8642088Z         "Cache export": true,
2026-03-01T10:48:58.8642381Z         "Direct push": true,
2026-03-01T10:48:58.8642639Z         "Docker exporter": true,
2026-03-01T10:48:58.8642876Z         "Multi-platform build": true,
2026-03-01T10:48:58.8643115Z         "OCI exporter": true
2026-03-01T10:48:58.8643305Z       },
2026-03-01T10:48:58.8643467Z       "labels": {
2026-03-01T10:48:58.8643710Z         "org.mobyproject.buildkit.worker.executor": "oci",
2026-03-01T10:48:58.8644376Z         "org.mobyproject.buildkit.worker.hostname": "761a8898addf",
2026-03-01T10:48:58.8644971Z         "org.mobyproject.buildkit.worker.network": "host",
2026-03-01T10:48:58.8645376Z         "org.mobyproject.buildkit.worker.oci.process-mode": "sandbox",
2026-03-01T10:48:58.8645795Z         "org.mobyproject.buildkit.worker.selinux.enabled": "false",
2026-03-01T10:48:58.8646198Z         "org.mobyproject.buildkit.worker.snapshotter": "overlayfs"
2026-03-01T10:48:58.8646504Z       },
2026-03-01T10:48:58.8646666Z       "gcPolicy": [
2026-03-01T10:48:58.8646992Z         {
2026-03-01T10:48:58.8647160Z           "all": false,
2026-03-01T10:48:58.8647343Z           "filter": [
2026-03-01T10:48:58.8647539Z             "type==source.local",
2026-03-01T10:48:58.8647788Z             "type==exec.cachemount",
2026-03-01T10:48:58.8648035Z             "type==source.git.checkout"
2026-03-01T10:48:58.8648538Z           ],
2026-03-01T10:48:58.8648814Z           "keepDuration": "48h0m0s"
2026-03-01T10:48:58.8649043Z         },
2026-03-01T10:48:58.8649194Z         {
2026-03-01T10:48:58.8649382Z           "all": false,
2026-03-01T10:48:58.8649591Z           "keepDuration": "1440h0m0s"
2026-03-01T10:48:58.8649844Z         },
2026-03-01T10:48:58.8649994Z         {
2026-03-01T10:48:58.8650152Z           "all": false
2026-03-01T10:48:58.8650323Z         },
2026-03-01T10:48:58.8650476Z         {
2026-03-01T10:48:58.8650630Z           "all": true
2026-03-01T10:48:58.8650801Z         }
2026-03-01T10:48:58.8650948Z       ]
2026-03-01T10:48:58.8651101Z     }
2026-03-01T10:48:58.8651240Z   ],
2026-03-01T10:48:58.8651463Z   "name": "builder-6475ae10-251e-4382-8826-c1295e00d620",
2026-03-01T10:48:58.8651762Z   "driver": "docker-container",
2026-03-01T10:48:58.8651997Z   "lastActivity": "2026-03-01T10:48:54.000Z"
2026-03-01T10:48:58.8652233Z }
2026-03-01T10:48:58.8652587Z ##[endgroup]
2026-03-01T10:48:58.8652902Z ##[group]BuildKit version
2026-03-01T10:48:58.8653159Z builder-6475ae10-251e-4382-8826-c1295e00d6200: v0.27.1
2026-03-01T10:48:58.8653590Z ##[endgroup]
2026-03-01T10:48:58.8803454Z ##[group]Run docker/login-action@74a5d142397b4f367a81961eba4e8cd7edddf772
2026-03-01T10:48:58.8803926Z with:
2026-03-01T10:48:58.8804232Z   username: ***
2026-03-01T10:48:58.8804482Z   password: ***
2026-03-01T10:48:58.8804651Z   ecr: auto
2026-03-01T10:48:58.8804814Z   logout: true
2026-03-01T10:48:58.8804987Z ##[endgroup]
2026-03-01T10:48:59.1785089Z Logging into Docker Hub...
2026-03-01T10:48:59.7315046Z Login Succeeded!
2026-03-01T10:48:59.7466788Z ##[group]Run SHORT_SHA=$(echo "b1b345bc9c70069fdc1869b3fd129b25ac48bf9f" | cut -c1-7)
2026-03-01T10:48:59.7467422Z [36;1mSHORT_SHA=$(echo "b1b345bc9c70069fdc1869b3fd129b25ac48bf9f" | cut -c1-7)[0m
2026-03-01T10:48:59.7467945Z [36;1mIMAGE="***/hpoll-admin"[0m
2026-03-01T10:48:59.7468507Z [36;1mecho "short_sha=${SHORT_SHA}" >> "$GITHUB_OUTPUT"[0m
2026-03-01T10:48:59.7468888Z [36;1mecho "image=${IMAGE}" >> "$GITHUB_OUTPUT"[0m
2026-03-01T10:48:59.7469167Z [36;1m[0m
2026-03-01T10:48:59.7469378Z [36;1m# Build tag list based on context[0m
2026-03-01T10:48:59.7469676Z [36;1mTAGS="${IMAGE}:${SHORT_SHA},${IMAGE}:latest-any"[0m
2026-03-01T10:48:59.7470017Z [36;1mif [ "refs/pull/31/merge" = "refs/heads/main" ]; then[0m
2026-03-01T10:48:59.7470321Z [36;1m  TAGS="${TAGS},${IMAGE}:latest"[0m
2026-03-01T10:48:59.7470622Z [36;1melif [ "refs/pull/31/merge" = "refs/heads/dev" ]; then[0m
2026-03-01T10:48:59.7470917Z [36;1m  TAGS="${TAGS},${IMAGE}:dev"[0m
2026-03-01T10:48:59.7471220Z [36;1melif [ "pull_request" = "pull_request" ]; then[0m
2026-03-01T10:48:59.7471507Z [36;1m  TAGS="${TAGS},${IMAGE}:pr-31"[0m
2026-03-01T10:48:59.7471741Z [36;1melse[0m
2026-03-01T10:48:59.7471994Z [36;1m  # Branch build — sanitize branch name for use as a tag[0m
2026-03-01T10:48:59.7472412Z [36;1m  BRANCH_TAG=$(echo "31/merge" | sed 's|[^a-zA-Z0-9._-]|-|g' | cut -c1-128)[0m
2026-03-01T10:48:59.7472809Z [36;1m  TAGS="${TAGS},${IMAGE}:${BRANCH_TAG}"[0m
2026-03-01T10:48:59.7473065Z [36;1mfi[0m
2026-03-01T10:48:59.7473466Z [36;1mecho "tags=${TAGS}" >> "$GITHUB_OUTPUT"[0m
2026-03-01T10:48:59.7524914Z shell: /usr/bin/bash -e {0}
2026-03-01T10:48:59.7525160Z ##[endgroup]
2026-03-01T10:48:59.7718702Z ##[group]Run docker/build-push-action@14487ce63c7a62a4a324b0bfb37086795e31c6c1
2026-03-01T10:48:59.7719115Z with:
2026-03-01T10:48:59.7719449Z   context: .
2026-03-01T10:48:59.7719766Z   file: Dockerfile.admin
2026-03-01T10:48:59.7720078Z   push: true
2026-03-01T10:48:59.7720658Z   tags: ***/hpoll-admin:b1b345b,***/hpoll-admin:latest-any,***/hpoll-admin:pr-31
2026-03-01T10:48:59.7721158Z   cache-from: type=gha,scope=admin
2026-03-01T10:48:59.7721537Z   cache-to: type=gha,mode=max,scope=admin
2026-03-01T10:48:59.7722024Z   load: false
2026-03-01T10:48:59.7722263Z   no-cache: false
2026-03-01T10:48:59.7722549Z   pull: false
2026-03-01T10:48:59.7723057Z   github-token: ***
2026-03-01T10:48:59.7723361Z ##[endgroup]
2026-03-01T10:49:00.0106254Z ##[group]GitHub Actions runtime token ACs
2026-03-01T10:49:00.0117123Z refs/pull/31/merge: read/write
2026-03-01T10:49:00.0117660Z refs/heads/main: read
2026-03-01T10:49:00.0118835Z ##[endgroup]
2026-03-01T10:49:00.0119452Z ##[group]Docker info
2026-03-01T10:49:00.0185887Z [command]/usr/bin/docker version
2026-03-01T10:49:00.0375265Z Client: Docker Engine - Community
2026-03-01T10:49:00.0378679Z  Version:           28.0.4
2026-03-01T10:49:00.0379057Z  API version:       1.48
2026-03-01T10:49:00.0379402Z  Go version:        go1.23.7
2026-03-01T10:49:00.0379756Z  Git commit:        b8034c0
2026-03-01T10:49:00.0380112Z  Built:             Tue Mar 25 15:07:16 2025
2026-03-01T10:49:00.0380375Z  OS/Arch:           linux/amd64
2026-03-01T10:49:00.0380611Z  Context:           default
2026-03-01T10:49:00.0380753Z 
2026-03-01T10:49:00.0380856Z Server: Docker Engine - Community
2026-03-01T10:49:00.0381091Z  Engine:
2026-03-01T10:49:00.0381276Z   Version:          28.0.4
2026-03-01T10:49:00.0381522Z   API version:      1.48 (minimum version 1.24)
2026-03-01T10:49:00.0381822Z   Go version:       go1.23.7
2026-03-01T10:49:00.0382044Z   Git commit:       6430e49
2026-03-01T10:49:00.0382272Z   Built:            Tue Mar 25 15:07:16 2025
2026-03-01T10:49:00.0382541Z   OS/Arch:          linux/amd64
2026-03-01T10:49:00.0382763Z   Experimental:     false
2026-03-01T10:49:00.0382969Z  containerd:
2026-03-01T10:49:00.0383146Z   Version:          v2.2.1
2026-03-01T10:49:00.0383455Z   GitCommit:        dea7da592f5d1d2b7755e3a161be07f43fad8f75
2026-03-01T10:49:00.0383761Z  runc:
2026-03-01T10:49:00.0383931Z   Version:          1.3.4
2026-03-01T10:49:00.0384145Z   GitCommit:        v1.3.4-0-gd6d73eb8
2026-03-01T10:49:00.0384392Z  docker-init:
2026-03-01T10:49:00.0384575Z   Version:          0.19.0
2026-03-01T10:49:00.0413167Z   GitCommit:        de40ad0
2026-03-01T10:49:00.0427249Z [command]/usr/bin/docker info
2026-03-01T10:49:00.1054503Z Client: Docker Engine - Community
2026-03-01T10:49:00.1055887Z  Version:    28.0.4
2026-03-01T10:49:00.1056604Z  Context:    default
2026-03-01T10:49:00.1057121Z  Debug Mode: false
2026-03-01T10:49:00.1057432Z  Plugins:
2026-03-01T10:49:00.1065707Z   buildx: Docker Buildx (Docker Inc.)
2026-03-01T10:49:00.1066099Z     Version:  v0.31.1
2026-03-01T10:49:00.1066525Z     Path:     /usr/libexec/docker/cli-plugins/docker-buildx
2026-03-01T10:49:00.1067032Z   compose: Docker Compose (Docker Inc.)
2026-03-01T10:49:00.1067417Z     Version:  v2.38.2
2026-03-01T10:49:00.1067868Z     Path:     /usr/libexec/docker/cli-plugins/docker-compose
2026-03-01T10:49:00.1068445Z 
2026-03-01T10:49:00.1068599Z Server:
2026-03-01T10:49:00.1068879Z  Containers: 1
2026-03-01T10:49:00.1069156Z   Running: 1
2026-03-01T10:49:00.1069416Z   Paused: 0
2026-03-01T10:49:00.1069681Z   Stopped: 0
2026-03-01T10:49:00.1069944Z  Images: 2
2026-03-01T10:49:00.1070211Z  Server Version: 28.0.4
2026-03-01T10:49:00.1070541Z  Storage Driver: overlay2
2026-03-01T10:49:00.1070886Z   Backing Filesystem: extfs
2026-03-01T10:49:00.1071220Z   Supports d_type: true
2026-03-01T10:49:00.1071532Z   Using metacopy: false
2026-03-01T10:49:00.1072243Z   Native Overlay Diff: false
2026-03-01T10:49:00.1072602Z   userxattr: false
2026-03-01T10:49:00.1072940Z  Logging Driver: json-file
2026-03-01T10:49:00.1073605Z  Cgroup Driver: systemd
2026-03-01T10:49:00.1073999Z  Cgroup Version: 2
2026-03-01T10:49:00.1074339Z  Plugins:
2026-03-01T10:49:00.1074680Z   Volume: local
2026-03-01T10:49:00.1075067Z   Network: bridge host ipvlan macvlan null overlay
2026-03-01T10:49:00.1075752Z   Log: awslogs fluentd gcplogs gelf journald json-file local splunk syslog
2026-03-01T10:49:00.1076325Z  Swarm: inactive
2026-03-01T10:49:00.1076642Z  Runtimes: io.containerd.runc.v2 runc
2026-03-01T10:49:00.1077055Z  Default Runtime: runc
2026-03-01T10:49:00.1077407Z  Init Binary: docker-init
2026-03-01T10:49:00.1077856Z  containerd version: dea7da592f5d1d2b7755e3a161be07f43fad8f75
2026-03-01T10:49:00.1078640Z  runc version: v1.3.4-0-gd6d73eb8
2026-03-01T10:49:00.1079009Z  init version: de40ad0
2026-03-01T10:49:00.1079316Z  Security Options:
2026-03-01T10:49:00.1079640Z   apparmor
2026-03-01T10:49:00.1079908Z   seccomp
2026-03-01T10:49:00.1080176Z    Profile: builtin
2026-03-01T10:49:00.1080477Z   cgroupns
2026-03-01T10:49:00.1080779Z  Kernel Version: 6.14.0-1017-azure
2026-03-01T10:49:00.1081175Z  Operating System: Ubuntu 24.04.3 LTS
2026-03-01T10:49:00.1081568Z  OSType: linux
2026-03-01T10:49:00.1081857Z  Architecture: x86_64
2026-03-01T10:49:00.1082175Z  CPUs: 4
2026-03-01T10:49:00.1082471Z  Total Memory: 15.62GiB
2026-03-01T10:49:00.1082822Z  Name: runnervmnay03
2026-03-01T10:49:00.1083179Z  ID: 2798490f-3934-4089-859a-ba9f3856e68c
2026-03-01T10:49:00.1083628Z  Docker Root Dir: /var/lib/docker
2026-03-01T10:49:00.1084013Z  Debug Mode: false
2026-03-01T10:49:00.1084518Z  Username: ***
2026-03-01T10:49:00.1084850Z  Experimental: false
2026-03-01T10:49:00.1085218Z  Insecure Registries:
2026-03-01T10:49:00.1085601Z   ::1/128
2026-03-01T10:49:00.1085885Z   127.0.0.0/8
2026-03-01T10:49:00.1086206Z  Live Restore Enabled: false
2026-03-01T10:49:00.1086454Z 
2026-03-01T10:49:00.1087006Z ##[endgroup]
2026-03-01T10:49:00.1087565Z ##[group]Proxy configuration
2026-03-01T10:49:00.1087979Z No proxy configuration found
2026-03-01T10:49:00.1089225Z ##[endgroup]
2026-03-01T10:49:00.1894729Z ##[group]Buildx version
2026-03-01T10:49:00.1927904Z [command]/usr/bin/docker buildx version
2026-03-01T10:49:00.2559247Z github.com/docker/buildx v0.31.1 a2675950d46b2cb171b23c2015ca44fb88607531
2026-03-01T10:49:00.2598062Z ##[endgroup]
2026-03-01T10:49:00.2598862Z ##[group]Builder info
2026-03-01T10:49:00.3585779Z {
2026-03-01T10:49:00.3586127Z   "nodes": [
2026-03-01T10:49:00.3586420Z     {
2026-03-01T10:49:00.3586827Z       "name": "builder-6475ae10-251e-4382-8826-c1295e00d6200",
2026-03-01T10:49:00.3587375Z       "endpoint": "unix:///var/run/docker.sock",
2026-03-01T10:49:00.3587683Z       "status": "running",
2026-03-01T10:49:00.3588174Z       "buildkitd-flags": "--allow-insecure-entitlement security.insecure --allow-insecure-entitlement network.host",
2026-03-01T10:49:00.3589506Z       "buildkit": "v0.27.1",
2026-03-01T10:49:00.3589864Z       "platforms": "linux/amd64,linux/amd64/v2,linux/amd64/v3,linux/386",
2026-03-01T10:49:00.3590196Z       "features": {
2026-03-01T10:49:00.3590500Z         "Automatically load images to the Docker Engine image store": true,
2026-03-01T10:49:00.3590849Z         "Cache export": true,
2026-03-01T10:49:00.3591070Z         "Direct push": true,
2026-03-01T10:49:00.3591291Z         "Docker exporter": true,
2026-03-01T10:49:00.3591514Z         "Multi-platform build": true,
2026-03-01T10:49:00.3591748Z         "OCI exporter": true
2026-03-01T10:49:00.3591948Z       },
2026-03-01T10:49:00.3592098Z       "labels": {
2026-03-01T10:49:00.3592337Z         "org.mobyproject.buildkit.worker.executor": "oci",
2026-03-01T10:49:00.3592709Z         "org.mobyproject.buildkit.worker.hostname": "761a8898addf",
2026-03-01T10:49:00.3593072Z         "org.mobyproject.buildkit.worker.network": "host",
2026-03-01T10:49:00.3593458Z         "org.mobyproject.buildkit.worker.oci.process-mode": "sandbox",
2026-03-01T10:49:00.3594172Z         "org.mobyproject.buildkit.worker.selinux.enabled": "false",
2026-03-01T10:49:00.3594821Z         "org.mobyproject.buildkit.worker.snapshotter": "overlayfs"
2026-03-01T10:49:00.3595138Z       },
2026-03-01T10:49:00.3595296Z       "gcPolicy": [
2026-03-01T10:49:00.3595465Z         {
2026-03-01T10:49:00.3595624Z           "all": false,
2026-03-01T10:49:00.3595809Z           "filter": [
2026-03-01T10:49:00.3595996Z             "type==source.local",
2026-03-01T10:49:00.3596226Z             "type==exec.cachemount",
2026-03-01T10:49:00.3596469Z             "type==source.git.checkout"
2026-03-01T10:49:00.3596690Z           ],
2026-03-01T10:49:00.3596866Z           "keepDuration": "48h0m0s"
2026-03-01T10:49:00.3597078Z         },
2026-03-01T10:49:00.3597225Z         {
2026-03-01T10:49:00.3597382Z           "all": false,
2026-03-01T10:49:00.3597598Z           "keepDuration": "1440h0m0s"
2026-03-01T10:49:00.3597808Z         },
2026-03-01T10:49:00.3597960Z         {
2026-03-01T10:49:00.3598120Z           "all": false
2026-03-01T10:49:00.3598534Z         },
2026-03-01T10:49:00.3598740Z         {
2026-03-01T10:49:00.3598894Z           "all": true
2026-03-01T10:49:00.3599069Z         }
2026-03-01T10:49:00.3599219Z       ]
2026-03-01T10:49:00.3599365Z     }
2026-03-01T10:49:00.3599548Z   ],
2026-03-01T10:49:00.3599764Z   "name": "builder-6475ae10-251e-4382-8826-c1295e00d620",
2026-03-01T10:49:00.3600060Z   "driver": "docker-container",
2026-03-01T10:49:00.3600290Z   "lastActivity": "2026-03-01T10:48:54.000Z"
2026-03-01T10:49:00.3600520Z }
2026-03-01T10:49:00.3601031Z ##[endgroup]
2026-03-01T10:49:00.5227203Z [command]/usr/bin/docker buildx build --cache-from type=gha,scope=admin --cache-to type=gha,mode=max,scope=admin --file Dockerfile.admin --iidfile /home/runner/work/_temp/docker-actions-toolkit-OCgx4H/build-iidfile-d6240d43a7.txt --attest type=provenance,mode=max,builder-id=https://github.com/***/hpoll/actions/runs/22541789804/attempts/1 --tag ***/hpoll-admin:b1b345b --tag ***/hpoll-admin:latest-any --tag ***/hpoll-admin:pr-31 --metadata-file /home/runner/work/_temp/docker-actions-toolkit-OCgx4H/build-metadata-4748407a9a.json --push .
2026-03-01T10:49:00.7817724Z #0 building with "builder-6475ae10-251e-4382-8826-c1295e00d620" instance using docker-container driver
2026-03-01T10:49:00.7818667Z 
2026-03-01T10:49:00.7818933Z #1 [internal] load build definition from Dockerfile.admin
2026-03-01T10:49:00.7819320Z #1 transferring dockerfile: 1.46kB done
2026-03-01T10:49:00.7819587Z #1 DONE 0.0s
2026-03-01T10:49:00.7819742Z 
2026-03-01T10:49:00.7820034Z #2 [internal] load metadata for mcr.microsoft.com/dotnet/aspnet:8.0
2026-03-01T10:49:00.7820637Z #2 DONE 0.1s
2026-03-01T10:49:00.7820832Z 
2026-03-01T10:49:00.7821115Z #3 [internal] load metadata for mcr.microsoft.com/dotnet/sdk:8.0
2026-03-01T10:49:00.9785715Z #3 DONE 0.2s
2026-03-01T10:49:00.9785993Z 
2026-03-01T10:49:00.9786180Z #4 [internal] load .dockerignore
2026-03-01T10:49:00.9786737Z #4 transferring context: 192B done
2026-03-01T10:49:00.9787242Z #4 DONE 0.0s
2026-03-01T10:49:00.9787471Z 
2026-03-01T10:49:00.9788145Z #5 [internal] load build context
2026-03-01T10:49:00.9788852Z #5 DONE 0.0s
2026-03-01T10:49:00.9789066Z 
2026-03-01T10:49:00.9789614Z #6 [build  1/14] FROM mcr.microsoft.com/dotnet/sdk:8.0@sha256:bfb6ed602caa605141700aea7dc7d42574b74b704368e67d683c71a002123808
2026-03-01T10:49:00.9790774Z #6 resolve mcr.microsoft.com/dotnet/sdk:8.0@sha256:bfb6ed602caa605141700aea7dc7d42574b74b704368e67d683c71a002123808 done
2026-03-01T10:49:00.9791497Z #6 DONE 0.0s
2026-03-01T10:49:00.9791645Z 
2026-03-01T10:49:00.9792192Z #7 [runtime 1/4] FROM mcr.microsoft.com/dotnet/aspnet:8.0@sha256:88c86e5469c2b69969e07343193fd3dbe4ff6936d95b994dbfa27348299af111
2026-03-01T10:49:00.9793383Z #7 resolve mcr.microsoft.com/dotnet/aspnet:8.0@sha256:88c86e5469c2b69969e07343193fd3dbe4ff6936d95b994dbfa27348299af111 done
2026-03-01T10:49:00.9794118Z #7 DONE 0.0s
2026-03-01T10:49:00.9794251Z 
2026-03-01T10:49:00.9794432Z #8 importing cache manifest from gha:2353957504551618324
2026-03-01T10:49:01.3092278Z #8 DONE 0.5s
2026-03-01T10:49:01.5061749Z 
2026-03-01T10:49:01.5062111Z #5 [internal] load build context
2026-03-01T10:49:01.5063117Z #5 transferring context: 476.30kB 0.0s done
2026-03-01T10:49:01.5063780Z #5 DONE 0.0s
2026-03-01T10:49:01.5064044Z 
2026-03-01T10:49:01.5064241Z #9 [build  2/14] WORKDIR /src
2026-03-01T10:49:01.5064775Z #9 CACHED
2026-03-01T10:49:01.5065006Z 
2026-03-01T10:49:01.5065654Z #10 [build  9/14] COPY tests/Hpoll.Core.Tests/Hpoll.Core.Tests.csproj tests/Hpoll.Core.Tests/
2026-03-01T10:49:01.5066721Z #10 CACHED
2026-03-01T10:49:01.5066977Z 
2026-03-01T10:49:01.5067183Z #11 [build  3/14] COPY Hpoll.sln ./
2026-03-01T10:49:01.5067760Z #11 CACHED
2026-03-01T10:49:01.5067992Z 
2026-03-01T10:49:01.5068570Z #12 [build  4/14] COPY src/Hpoll.Core/Hpoll.Core.csproj src/Hpoll.Core/
2026-03-01T10:49:01.5069177Z #12 CACHED
2026-03-01T10:49:01.5069316Z 
2026-03-01T10:49:01.5069607Z #13 [build  7/14] COPY src/Hpoll.Worker/Hpoll.Worker.csproj src/Hpoll.Worker/
2026-03-01T10:49:01.5070139Z #13 CACHED
2026-03-01T10:49:01.5070241Z 
2026-03-01T10:49:01.5070441Z #14 [build  6/14] COPY src/Hpoll.Email/Hpoll.Email.csproj src/Hpoll.Email/
2026-03-01T10:49:01.5070837Z #14 CACHED
2026-03-01T10:49:01.5070945Z 
2026-03-01T10:49:01.5071153Z #15 [build  8/14] COPY src/Hpoll.Admin/Hpoll.Admin.csproj src/Hpoll.Admin/
2026-03-01T10:49:01.5071536Z #15 CACHED
2026-03-01T10:49:01.5071646Z 
2026-03-01T10:49:01.5071960Z #16 [build 10/14] COPY tests/Hpoll.Worker.Tests/Hpoll.Worker.Tests.csproj tests/Hpoll.Worker.Tests/
2026-03-01T10:49:01.5072467Z #16 CACHED
2026-03-01T10:49:01.5072570Z 
2026-03-01T10:49:01.5072770Z #17 [build  5/14] COPY src/Hpoll.Data/Hpoll.Data.csproj src/Hpoll.Data/
2026-03-01T10:49:01.5073172Z #17 CACHED
2026-03-01T10:49:01.5073284Z 
2026-03-01T10:49:01.5073609Z #18 [build 11/14] COPY tests/Hpoll.Admin.Tests/Hpoll.Admin.Tests.csproj tests/Hpoll.Admin.Tests/
2026-03-01T10:49:01.5074167Z #18 CACHED
2026-03-01T10:49:01.5074274Z 
2026-03-01T10:49:01.5074373Z #19 [build 12/14] RUN dotnet restore
2026-03-01T10:49:01.7042515Z #19 CACHED
2026-03-01T10:49:01.8586610Z 
2026-03-01T10:49:01.8587068Z #19 [build 12/14] RUN dotnet restore
2026-03-01T10:49:01.8588384Z #19 sha256:4d54441c8ba1fae0b64e9f9818c9c2b9326c13edd1523774f0883e031d39ac0f 638B / 638B 0.1s done
2026-03-01T10:49:01.8589909Z #19 sha256:70dc65d4ab3d7b1c1579d12520bf5a4921ac7c1fb55c073a1891e6ea9e423d30 0B / 322.94MB 0.2s
2026-03-01T10:49:01.9675695Z #19 sha256:5582c10cde677db7178e9112555100eeb65c2af51e3c59619e63098a6648f000 0B / 18.74MB 0.2s
2026-03-01T10:49:01.9677174Z #19 sha256:4dc06ab6d9f7c27e546055a5071bd30d7f6eb8e9d4c827d4066a2f089840d53f 611B / 611B 0.3s done
2026-03-01T10:49:01.9678043Z #19 sha256:9b9e8ceea198a2f1752bb4365e4d1d074a908be2c37ed9fe7b0491553172af1f 0B / 640B 0.2s
2026-03-01T10:49:02.1183817Z #19 sha256:9b9e8ceea198a2f1752bb4365e4d1d074a908be2c37ed9fe7b0491553172af1f 640B / 640B 0.2s done
2026-03-01T10:49:02.1185537Z #19 sha256:4ac92bc5ade0e94e16a2cc497777418f4dc4c6d79a5689936bd85de17db12501 0B / 433B 0.2s
2026-03-01T10:49:02.2199363Z #19 sha256:4ac92bc5ade0e94e16a2cc497777418f4dc4c6d79a5689936bd85de17db12501 433B / 433B 0.3s done
2026-03-01T10:49:02.2201139Z #19 sha256:44668dcbb3af03bb588dd5869e4b6344d9bc9513dd2e8577540257604453a0ed 0B / 595B 0.2s
2026-03-01T10:49:02.3221319Z #19 sha256:44668dcbb3af03bb588dd5869e4b6344d9bc9513dd2e8577540257604453a0ed 595B / 595B 0.3s done
2026-03-01T10:49:02.4580309Z #19 sha256:97b354fe39c25fb586176e99062a26bd5be65099ca7a5375c72db83a1807b668 0B / 398B 0.2s
2026-03-01T10:49:02.4581883Z #19 sha256:5a4cbaab892dee7a9009ba3b20a7ba758b36da64818c1f2da3e62c3f38f02692 481B / 481B 0.1s done
2026-03-01T10:49:02.6082154Z #19 sha256:5582c10cde677db7178e9112555100eeb65c2af51e3c59619e63098a6648f000 1.05MB / 18.74MB 0.8s
2026-03-01T10:49:02.6083331Z #19 sha256:97b354fe39c25fb586176e99062a26bd5be65099ca7a5375c72db83a1807b668 398B / 398B 0.3s done
2026-03-01T10:49:02.6083967Z #19 sha256:ba72b01e270faaeb6f8889b8a91b8ad6486fe519340a87c01e3e37ad39250233 0B / 391B 0.2s
2026-03-01T10:49:02.7589974Z #19 sha256:5582c10cde677db7178e9112555100eeb65c2af51e3c59619e63098a6648f000 3.15MB / 18.74MB 0.9s
2026-03-01T10:49:02.7591539Z #19 sha256:ba72b01e270faaeb6f8889b8a91b8ad6486fe519340a87c01e3e37ad39250233 391B / 391B 0.3s done
2026-03-01T10:49:02.7592681Z #19 sha256:67134570506c19bf6eefb02c3b741a575f0d05e9226eb621cab5e689a5f8b7b5 0B / 1.08kB 0.2s
2026-03-01T10:49:02.9083921Z #19 sha256:5582c10cde677db7178e9112555100eeb65c2af51e3c59619e63098a6648f000 5.24MB / 18.74MB 1.1s
2026-03-01T10:49:02.9085263Z #19 sha256:67134570506c19bf6eefb02c3b741a575f0d05e9226eb621cab5e689a5f8b7b5 1.08kB / 1.08kB 0.3s done
2026-03-01T10:49:02.9086365Z #19 sha256:895b1f044611c75792cd702a5fdde8204926e9173746534e02ee6dcce5231865 0B / 92B 0.2s
2026-03-01T10:49:03.0153688Z #19 sha256:5582c10cde677db7178e9112555100eeb65c2af51e3c59619e63098a6648f000 7.34MB / 18.74MB 1.2s
2026-03-01T10:49:03.0154982Z #19 sha256:895b1f044611c75792cd702a5fdde8204926e9173746534e02ee6dcce5231865 92B / 92B 0.3s done
2026-03-01T10:49:03.0156251Z #19 sha256:1ce3163978bfc6eebe1a4096128a10c15e3d549bfe4dbafecae7eaff5d880684 0B / 16.95MB 0.2s
2026-03-01T10:49:03.0157313Z #19 sha256:ffaade7316815c08ffa02c35dd54cac16554dd707b681cb5414615ae2b89cbe4 2.66kB / 2.66kB 0.1s done
2026-03-01T10:49:03.1660783Z #19 sha256:5582c10cde677db7178e9112555100eeb65c2af51e3c59619e63098a6648f000 11.53MB / 18.74MB 1.4s
2026-03-01T10:49:03.1661818Z #19 sha256:9eda903160eb5e12fea5b62a67b1bb5352c4c8b202fc57b903734be5a40b37e5 0B / 178.33MB 0.2s
2026-03-01T10:49:03.3158121Z #19 sha256:5582c10cde677db7178e9112555100eeb65c2af51e3c59619e63098a6648f000 15.73MB / 18.74MB 1.5s
2026-03-01T10:49:03.4661569Z #19 sha256:70dc65d4ab3d7b1c1579d12520bf5a4921ac7c1fb55c073a1891e6ea9e423d30 16.78MB / 322.94MB 1.7s
2026-03-01T10:49:03.4662483Z #19 sha256:5582c10cde677db7178e9112555100eeb65c2af51e3c59619e63098a6648f000 18.74MB / 18.74MB 1.6s done
2026-03-01T10:49:03.6166843Z #19 sha256:1ce3163978bfc6eebe1a4096128a10c15e3d549bfe4dbafecae7eaff5d880684 1.05MB / 16.95MB 0.8s
2026-03-01T10:49:03.6167877Z #19 sha256:45ab1d744fc2985dca4080064c8b46c5b8941b3283a00471a17589dfc7afbed7 0B / 30.89MB 0.2s
2026-03-01T10:49:03.7656381Z #19 sha256:1ce3163978bfc6eebe1a4096128a10c15e3d549bfe4dbafecae7eaff5d880684 3.15MB / 16.95MB 0.9s
2026-03-01T10:49:03.9160124Z #19 sha256:1ce3163978bfc6eebe1a4096128a10c15e3d549bfe4dbafecae7eaff5d880684 5.24MB / 16.95MB 1.1s
2026-03-01T10:49:04.0662074Z #19 sha256:70dc65d4ab3d7b1c1579d12520bf5a4921ac7c1fb55c073a1891e6ea9e423d30 35.65MB / 322.94MB 2.3s
2026-03-01T10:49:04.0663651Z #19 sha256:1ce3163978bfc6eebe1a4096128a10c15e3d549bfe4dbafecae7eaff5d880684 8.39MB / 16.95MB 1.2s
2026-03-01T10:49:04.0664618Z #19 sha256:45ab1d744fc2985dca4080064c8b46c5b8941b3283a00471a17589dfc7afbed7 2.10MB / 30.89MB 0.6s
2026-03-01T10:49:04.2157723Z #19 sha256:1ce3163978bfc6eebe1a4096128a10c15e3d549bfe4dbafecae7eaff5d880684 14.68MB / 16.95MB 1.4s
2026-03-01T10:49:04.2159920Z #19 sha256:9eda903160eb5e12fea5b62a67b1bb5352c4c8b202fc57b903734be5a40b37e5 12.58MB / 178.33MB 1.2s
2026-03-01T10:49:04.2161068Z #19 sha256:45ab1d744fc2985dca4080064c8b46c5b8941b3283a00471a17589dfc7afbed7 5.24MB / 30.89MB 0.8s
2026-03-01T10:49:04.3664325Z #19 sha256:1ce3163978bfc6eebe1a4096128a10c15e3d549bfe4dbafecae7eaff5d880684 16.95MB / 16.95MB 1.5s done
2026-03-01T10:49:04.3665898Z #19 sha256:45ab1d744fc2985dca4080064c8b46c5b8941b3283a00471a17589dfc7afbed7 8.39MB / 30.89MB 0.9s
2026-03-01T10:49:04.5200152Z #19 sha256:9eda903160eb5e12fea5b62a67b1bb5352c4c8b202fc57b903734be5a40b37e5 24.12MB / 178.33MB 1.5s
2026-03-01T10:49:04.5201375Z #19 sha256:45ab1d744fc2985dca4080064c8b46c5b8941b3283a00471a17589dfc7afbed7 10.49MB / 30.89MB 1.1s
2026-03-01T10:49:04.5202445Z #19 sha256:19f55511eb974d5ee74ad8626035b17e0a3611f057acbf4d6c9c613eb504f4fe 1.05MB / 11.09MB 0.2s
2026-03-01T10:49:04.6674309Z #19 sha256:70dc65d4ab3d7b1c1579d12520bf5a4921ac7c1fb55c073a1891e6ea9e423d30 55.57MB / 322.94MB 2.9s
2026-03-01T10:49:04.6677878Z #19 sha256:45ab1d744fc2985dca4080064c8b46c5b8941b3283a00471a17589dfc7afbed7 17.83MB / 30.89MB 1.2s
2026-03-01T10:49:04.6679176Z #19 sha256:19f55511eb974d5ee74ad8626035b17e0a3611f057acbf4d6c9c613eb504f4fe 5.24MB / 11.09MB 0.3s
2026-03-01T10:49:04.8166690Z #19 sha256:9eda903160eb5e12fea5b62a67b1bb5352c4c8b202fc57b903734be5a40b37e5 33.55MB / 178.33MB 1.8s
2026-03-01T10:49:04.8168039Z #19 sha256:45ab1d744fc2985dca4080064c8b46c5b8941b3283a00471a17589dfc7afbed7 22.02MB / 30.89MB 1.4s
2026-03-01T10:49:04.8169210Z #19 sha256:19f55511eb974d5ee74ad8626035b17e0a3611f057acbf4d6c9c613eb504f4fe 11.09MB / 11.09MB 0.5s done
2026-03-01T10:49:04.9661712Z #19 sha256:45ab1d744fc2985dca4080064c8b46c5b8941b3283a00471a17589dfc7afbed7 26.21MB / 30.89MB 1.5s
2026-03-01T10:49:04.9663171Z #19 sha256:43a7330b8fe1a06cd7b7d2668fa5daf63b5867377b2abebd3d46ac0b27224d72 0B / 154B 0.2s
2026-03-01T10:49:05.0810883Z #19 sha256:45ab1d744fc2985dca4080064c8b46c5b8941b3283a00471a17589dfc7afbed7 30.89MB / 30.89MB 1.7s done
2026-03-01T10:49:05.0812697Z #19 sha256:43a7330b8fe1a06cd7b7d2668fa5daf63b5867377b2abebd3d46ac0b27224d72 154B / 154B 0.3s done
2026-03-01T10:49:05.0814230Z #19 sha256:f44ac69775562043a6e719dca01c62092c6d241d2a45bea7babbf93622d707f6 3.28kB / 3.28kB 0.1s done
2026-03-01T10:49:05.2315334Z #19 sha256:70dc65d4ab3d7b1c1579d12520bf5a4921ac7c1fb55c073a1891e6ea9e423d30 73.40MB / 322.94MB 3.5s
2026-03-01T10:49:05.2317016Z #19 sha256:b7bc0c57d439a6849239c7c833f51f7c00415322241dd47c619017035bf99b46 1.05MB / 32.25MB 0.2s
2026-03-01T10:49:05.2318139Z #19 sha256:84a2afebaf4de2e8eb885634a69abd0087b79c947c53fa4f0481235d6dfadc6c 0B / 28.24MB 0.2s
2026-03-01T10:49:05.3816990Z #19 sha256:9eda903160eb5e12fea5b62a67b1bb5352c4c8b202fc57b903734be5a40b37e5 46.14MB / 178.33MB 2.3s
2026-03-01T10:49:05.3818010Z #19 sha256:b7bc0c57d439a6849239c7c833f51f7c00415322241dd47c619017035bf99b46 6.29MB / 32.25MB 0.3s
2026-03-01T10:49:05.5311806Z #19 sha256:b7bc0c57d439a6849239c7c833f51f7c00415322241dd47c619017035bf99b46 10.49MB / 32.25MB 0.5s
2026-03-01T10:49:05.6817933Z #19 sha256:9eda903160eb5e12fea5b62a67b1bb5352c4c8b202fc57b903734be5a40b37e5 57.67MB / 178.33MB 2.6s
2026-03-01T10:49:05.6819320Z #19 sha256:b7bc0c57d439a6849239c7c833f51f7c00415322241dd47c619017035bf99b46 14.68MB / 32.25MB 0.6s
2026-03-01T10:49:05.8320685Z #19 sha256:70dc65d4ab3d7b1c1579d12520bf5a4921ac7c1fb55c073a1891e6ea9e423d30 93.32MB / 322.94MB 4.1s
2026-03-01T10:49:05.8321709Z #19 sha256:b7bc0c57d439a6849239c7c833f51f7c00415322241dd47c619017035bf99b46 18.87MB / 32.25MB 0.8s
2026-03-01T10:49:05.8322667Z #19 sha256:84a2afebaf4de2e8eb885634a69abd0087b79c947c53fa4f0481235d6dfadc6c 2.10MB / 28.24MB 0.8s
2026-03-01T10:49:05.9813585Z #19 sha256:9eda903160eb5e12fea5b62a67b1bb5352c4c8b202fc57b903734be5a40b37e5 67.11MB / 178.33MB 2.9s
2026-03-01T10:49:05.9814757Z #19 sha256:b7bc0c57d439a6849239c7c833f51f7c00415322241dd47c619017035bf99b46 26.21MB / 32.25MB 0.9s
2026-03-01T10:49:05.9815597Z #19 sha256:84a2afebaf4de2e8eb885634a69abd0087b79c947c53fa4f0481235d6dfadc6c 4.19MB / 28.24MB 0.9s
2026-03-01T10:49:06.1319462Z #19 sha256:b7bc0c57d439a6849239c7c833f51f7c00415322241dd47c619017035bf99b46 30.41MB / 32.25MB 1.1s
2026-03-01T10:49:06.1320436Z #19 sha256:84a2afebaf4de2e8eb885634a69abd0087b79c947c53fa4f0481235d6dfadc6c 6.29MB / 28.24MB 1.1s
2026-03-01T10:49:06.2829721Z #19 sha256:9eda903160eb5e12fea5b62a67b1bb5352c4c8b202fc57b903734be5a40b37e5 79.69MB / 178.33MB 3.2s
2026-03-01T10:49:06.2830951Z #19 sha256:b7bc0c57d439a6849239c7c833f51f7c00415322241dd47c619017035bf99b46 32.25MB / 32.25MB 1.1s done
2026-03-01T10:49:06.2832080Z #19 sha256:84a2afebaf4de2e8eb885634a69abd0087b79c947c53fa4f0481235d6dfadc6c 9.44MB / 28.24MB 1.2s
2026-03-01T10:49:06.4313816Z #19 sha256:70dc65d4ab3d7b1c1579d12520bf5a4921ac7c1fb55c073a1891e6ea9e423d30 111.15MB / 322.94MB 4.7s
2026-03-01T10:49:06.4314732Z #19 sha256:84a2afebaf4de2e8eb885634a69abd0087b79c947c53fa4f0481235d6dfadc6c 13.63MB / 28.24MB 1.4s
2026-03-01T10:49:06.5814717Z #19 sha256:84a2afebaf4de2e8eb885634a69abd0087b79c947c53fa4f0481235d6dfadc6c 17.83MB / 28.24MB 1.5s
2026-03-01T10:49:06.7345088Z #19 sha256:9eda903160eb5e12fea5b62a67b1bb5352c4c8b202fc57b903734be5a40b37e5 94.37MB / 178.33MB 3.6s
2026-03-01T10:49:06.7346569Z #19 sha256:84a2afebaf4de2e8eb885634a69abd0087b79c947c53fa4f0481235d6dfadc6c 23.07MB / 28.24MB 1.7s
2026-03-01T10:49:06.8814382Z #19 sha256:84a2afebaf4de2e8eb885634a69abd0087b79c947c53fa4f0481235d6dfadc6c 27.26MB / 28.24MB 1.8s
2026-03-01T10:49:07.0659533Z #19 sha256:70dc65d4ab3d7b1c1579d12520bf5a4921ac7c1fb55c073a1891e6ea9e423d30 131.07MB / 322.94MB 5.3s
2026-03-01T10:49:07.0661252Z #19 sha256:9eda903160eb5e12fea5b62a67b1bb5352c4c8b202fc57b903734be5a40b37e5 109.05MB / 178.33MB 4.1s
2026-03-01T10:49:07.0662157Z #19 sha256:84a2afebaf4de2e8eb885634a69abd0087b79c947c53fa4f0481235d6dfadc6c 28.24MB / 28.24MB 1.8s done
2026-03-01T10:49:07.0663004Z #19 extracting sha256:84a2afebaf4de2e8eb885634a69abd0087b79c947c53fa4f0481235d6dfadc6c
2026-03-01T10:49:07.3661387Z #19 sha256:9eda903160eb5e12fea5b62a67b1bb5352c4c8b202fc57b903734be5a40b37e5 119.54MB / 178.33MB 4.4s
2026-03-01T10:49:07.6658725Z #19 sha256:9eda903160eb5e12fea5b62a67b1bb5352c4c8b202fc57b903734be5a40b37e5 130.02MB / 178.33MB 4.7s
2026-03-01T10:49:07.8163433Z #19 sha256:70dc65d4ab3d7b1c1579d12520bf5a4921ac7c1fb55c073a1891e6ea9e423d30 148.90MB / 322.94MB 6.0s
2026-03-01T10:49:07.8164844Z #19 extracting sha256:84a2afebaf4de2e8eb885634a69abd0087b79c947c53fa4f0481235d6dfadc6c 0.8s done
2026-03-01T10:49:07.8165988Z #19 extracting sha256:5582c10cde677db7178e9112555100eeb65c2af51e3c59619e63098a6648f000
2026-03-01T10:49:07.9303741Z #19 extracting sha256:5582c10cde677db7178e9112555100eeb65c2af51e3c59619e63098a6648f000 0.3s done
2026-03-01T10:49:08.1162188Z #19 sha256:9eda903160eb5e12fea5b62a67b1bb5352c4c8b202fc57b903734be5a40b37e5 144.70MB / 178.33MB 5.1s
2026-03-01T10:49:08.1164389Z #19 extracting sha256:f44ac69775562043a6e719dca01c62092c6d241d2a45bea7babbf93622d707f6 done
2026-03-01T10:49:08.1165851Z #19 extracting sha256:b7bc0c57d439a6849239c7c833f51f7c00415322241dd47c619017035bf99b46
2026-03-01T10:49:08.4160214Z #19 sha256:70dc65d4ab3d7b1c1579d12520bf5a4921ac7c1fb55c073a1891e6ea9e423d30 167.77MB / 322.94MB 6.6s
2026-03-01T10:49:08.4161471Z #19 sha256:9eda903160eb5e12fea5b62a67b1bb5352c4c8b202fc57b903734be5a40b37e5 155.19MB / 178.33MB 5.4s
2026-03-01T10:49:08.4162619Z #19 extracting sha256:b7bc0c57d439a6849239c7c833f51f7c00415322241dd47c619017035bf99b46 0.4s done
2026-03-01T10:49:08.4163645Z #19 extracting sha256:43a7330b8fe1a06cd7b7d2668fa5daf63b5867377b2abebd3d46ac0b27224d72 done
2026-03-01T10:49:08.4164628Z #19 extracting sha256:19f55511eb974d5ee74ad8626035b17e0a3611f057acbf4d6c9c613eb504f4fe
2026-03-01T10:49:08.5656024Z #19 extracting sha256:19f55511eb974d5ee74ad8626035b17e0a3611f057acbf4d6c9c613eb504f4fe 0.1s done
2026-03-01T10:49:08.5657150Z #19 extracting sha256:45ab1d744fc2985dca4080064c8b46c5b8941b3283a00471a17589dfc7afbed7
2026-03-01T10:49:08.7157439Z #19 sha256:9eda903160eb5e12fea5b62a67b1bb5352c4c8b202fc57b903734be5a40b37e5 165.47MB / 178.33MB 5.7s
2026-03-01T10:49:09.1669308Z #19 sha256:70dc65d4ab3d7b1c1579d12520bf5a4921ac7c1fb55c073a1891e6ea9e423d30 187.70MB / 322.94MB 7.4s
2026-03-01T10:49:09.1670693Z #19 sha256:9eda903160eb5e12fea5b62a67b1bb5352c4c8b202fc57b903734be5a40b37e5 178.33MB / 178.33MB 6.2s
2026-03-01T10:49:09.1671918Z #19 extracting sha256:45ab1d744fc2985dca4080064c8b46c5b8941b3283a00471a17589dfc7afbed7 0.7s done
2026-03-01T10:49:09.2714841Z #19 sha256:9eda903160eb5e12fea5b62a67b1bb5352c4c8b202fc57b903734be5a40b37e5 178.33MB / 178.33MB 6.3s done
2026-03-01T10:49:09.5081624Z #19 extracting sha256:9eda903160eb5e12fea5b62a67b1bb5352c4c8b202fc57b903734be5a40b37e5
2026-03-01T10:49:09.9582359Z #19 sha256:70dc65d4ab3d7b1c1579d12520bf5a4921ac7c1fb55c073a1891e6ea9e423d30 207.62MB / 322.94MB 8.3s
2026-03-01T10:49:10.8610865Z #19 sha256:70dc65d4ab3d7b1c1579d12520bf5a4921ac7c1fb55c073a1891e6ea9e423d30 227.54MB / 322.94MB 9.2s
2026-03-01T10:49:11.7582376Z #19 sha256:70dc65d4ab3d7b1c1579d12520bf5a4921ac7c1fb55c073a1891e6ea9e423d30 245.37MB / 322.94MB 10.1s
2026-03-01T10:49:11.8990087Z #19 extracting sha256:9eda903160eb5e12fea5b62a67b1bb5352c4c8b202fc57b903734be5a40b37e5 2.6s done
2026-03-01T10:49:12.0584070Z #19 extracting sha256:ffaade7316815c08ffa02c35dd54cac16554dd707b681cb5414615ae2b89cbe4 done
2026-03-01T10:49:12.0585760Z #19 extracting sha256:1ce3163978bfc6eebe1a4096128a10c15e3d549bfe4dbafecae7eaff5d880684
2026-03-01T10:49:12.1715455Z #19 extracting sha256:1ce3163978bfc6eebe1a4096128a10c15e3d549bfe4dbafecae7eaff5d880684 0.3s done
2026-03-01T10:49:12.3591718Z #19 extracting sha256:895b1f044611c75792cd702a5fdde8204926e9173746534e02ee6dcce5231865 done
2026-03-01T10:49:12.3593537Z #19 extracting sha256:67134570506c19bf6eefb02c3b741a575f0d05e9226eb621cab5e689a5f8b7b5 done
2026-03-01T10:49:12.3594983Z #19 extracting sha256:ba72b01e270faaeb6f8889b8a91b8ad6486fe519340a87c01e3e37ad39250233 done
2026-03-01T10:49:12.3596463Z #19 extracting sha256:5a4cbaab892dee7a9009ba3b20a7ba758b36da64818c1f2da3e62c3f38f02692 done
2026-03-01T10:49:12.3597898Z #19 extracting sha256:97b354fe39c25fb586176e99062a26bd5be65099ca7a5375c72db83a1807b668 done
2026-03-01T10:49:12.3599507Z #19 extracting sha256:44668dcbb3af03bb588dd5869e4b6344d9bc9513dd2e8577540257604453a0ed done
2026-03-01T10:49:12.3600989Z #19 extracting sha256:4ac92bc5ade0e94e16a2cc497777418f4dc4c6d79a5689936bd85de17db12501 done
2026-03-01T10:49:12.3602182Z #19 extracting sha256:4dc06ab6d9f7c27e546055a5071bd30d7f6eb8e9d4c827d4066a2f089840d53f done
2026-03-01T10:49:12.3603194Z #19 extracting sha256:9b9e8ceea198a2f1752bb4365e4d1d074a908be2c37ed9fe7b0491553172af1f done
2026-03-01T10:49:12.3604214Z #19 extracting sha256:4d54441c8ba1fae0b64e9f9818c9c2b9326c13edd1523774f0883e031d39ac0f done
2026-03-01T10:49:12.5089949Z #19 sha256:70dc65d4ab3d7b1c1579d12520bf5a4921ac7c1fb55c073a1891e6ea9e423d30 262.14MB / 322.94MB 10.8s
2026-03-01T10:49:13.2585558Z #19 sha256:70dc65d4ab3d7b1c1579d12520bf5a4921ac7c1fb55c073a1891e6ea9e423d30 278.92MB / 322.94MB 11.6s
2026-03-01T10:49:13.8585108Z #19 sha256:70dc65d4ab3d7b1c1579d12520bf5a4921ac7c1fb55c073a1891e6ea9e423d30 297.80MB / 322.94MB 12.2s
2026-03-01T10:49:14.4583253Z #19 sha256:70dc65d4ab3d7b1c1579d12520bf5a4921ac7c1fb55c073a1891e6ea9e423d30 316.67MB / 322.94MB 12.8s
2026-03-01T10:49:15.2720925Z #19 sha256:70dc65d4ab3d7b1c1579d12520bf5a4921ac7c1fb55c073a1891e6ea9e423d30 322.94MB / 322.94MB 13.4s done
2026-03-01T10:49:15.2722709Z #19 extracting sha256:70dc65d4ab3d7b1c1579d12520bf5a4921ac7c1fb55c073a1891e6ea9e423d30
2026-03-01T10:49:17.7885699Z #19 extracting sha256:70dc65d4ab3d7b1c1579d12520bf5a4921ac7c1fb55c073a1891e6ea9e423d30 2.7s done
2026-03-01T10:49:17.7887358Z #19 DONE 16.4s
2026-03-01T10:49:17.9395750Z 
2026-03-01T10:49:17.9396223Z #20 [build 13/14] COPY . .
2026-03-01T10:49:20.9379583Z #20 DONE 3.1s
2026-03-01T10:49:21.0892089Z 
2026-03-01T10:49:21.0892909Z #21 [build 14/14] RUN dotnet publish src/Hpoll.Admin/Hpoll.Admin.csproj -c Release -o /app/publish --no-restore
2026-03-01T10:49:24.3387122Z #21 3.400   Hpoll.Core -> /src/src/Hpoll.Core/bin/Release/net8.0/Hpoll.Core.dll
2026-03-01T10:49:25.3890081Z #21 4.450   Hpoll.Data -> /src/src/Hpoll.Data/bin/Release/net8.0/Hpoll.Data.dll
2026-03-01T10:49:28.6107614Z #21 7.672   Hpoll.Admin -> /src/src/Hpoll.Admin/bin/Release/net8.0/Hpoll.Admin.dll
2026-03-01T10:49:28.7695487Z #21 7.740   Hpoll.Admin -> /app/publish/
2026-03-01T10:49:28.7696000Z #21 DONE 7.8s
2026-03-01T10:49:28.8941093Z 
2026-03-01T10:49:28.8943117Z #22 [runtime 2/4] WORKDIR /app
2026-03-01T10:49:28.8943625Z #22 CACHED
2026-03-01T10:49:28.8945103Z 
2026-03-01T10:49:28.8949345Z #23 [runtime 3/4] RUN adduser --disabled-password --gecos "" appuser     && mkdir -p /app/data     && chown -R appuser:appuser /app
2026-03-01T10:49:28.8950461Z #23 CACHED
2026-03-01T10:49:29.0509150Z 
2026-03-01T10:49:29.0510379Z #23 [runtime 3/4] RUN adduser --disabled-password --gecos "" appuser     && mkdir -p /app/data     && chown -R appuser:appuser /app
2026-03-01T10:49:29.0511773Z #23 sha256:7e082c001d457c1904bc3263fffcde064eb97ce59453339f26fcec9f2e48af1a 3.42kB / 3.42kB 0.1s done
2026-03-01T10:49:29.0512650Z #23 sha256:30a3e75632b1126d6e1cd17e6004250ed8b3597a70c223aa12396db2c932a252 0B / 93B 0.2s
2026-03-01T10:49:29.1900440Z #23 sha256:30a3e75632b1126d6e1cd17e6004250ed8b3597a70c223aa12396db2c932a252 93B / 93B 0.3s done
2026-03-01T10:49:29.1901593Z #23 DONE 0.4s
2026-03-01T10:49:29.4111298Z 
2026-03-01T10:49:29.4112784Z #23 [runtime 3/4] RUN adduser --disabled-password --gecos "" appuser     && mkdir -p /app/data     && chown -R appuser:appuser /app
2026-03-01T10:49:29.4114483Z #23 extracting sha256:30a3e75632b1126d6e1cd17e6004250ed8b3597a70c223aa12396db2c932a252 done
2026-03-01T10:49:29.4115870Z #23 extracting sha256:7e082c001d457c1904bc3263fffcde064eb97ce59453339f26fcec9f2e48af1a done
2026-03-01T10:49:29.4116840Z #23 DONE 0.4s
2026-03-01T10:49:29.4117052Z 
2026-03-01T10:49:29.4117340Z #24 [runtime 4/4] COPY --from=build --chown=appuser:appuser /app/publish .
2026-03-01T10:49:29.4117822Z #24 DONE 0.1s
2026-03-01T10:49:29.4117963Z 
2026-03-01T10:49:29.4118082Z #25 exporting to image
2026-03-01T10:49:29.4118523Z #25 exporting layers
2026-03-01T10:49:30.4514549Z #25 exporting layers 1.2s done
2026-03-01T10:49:30.6273848Z #25 exporting manifest sha256:1dd67090abd80fd038d7d17f3205333131e18cacc94f2c648fe8c09a0b06176a done
2026-03-01T10:49:30.6274658Z #25 exporting config sha256:5bbbefcda4819d1b75fdd0c800ba05704fc1086a0a74ef4c2bbd3351a9ae6162 done
2026-03-01T10:49:30.6275446Z #25 exporting attestation manifest sha256:156149001975b554ee6849acc2f8c16773ad48da60a43992b7985675e20b61c5 done
2026-03-01T10:49:30.6276232Z #25 exporting manifest list sha256:11e6cc95b028efd2bed95bf8a933d5c55007331f724aacdaac4908eca330a8a6 done
2026-03-01T10:49:30.6276748Z #25 pushing layers
2026-03-01T10:49:30.8332086Z #25 ...
2026-03-01T10:49:30.8332323Z 
2026-03-01T10:49:30.8332757Z #26 [auth] ***/hpoll-admin:pull,push token for registry-1.docker.io
2026-03-01T10:49:30.8333232Z #26 DONE 0.0s
2026-03-01T10:49:30.9834036Z 
2026-03-01T10:49:30.9834308Z #25 exporting to image
2026-03-01T10:49:33.5561822Z #25 pushing layers 3.1s done
2026-03-01T10:49:33.5565292Z #25 pushing manifest for docker.io/***/hpoll-admin:b1b345b@sha256:11e6cc95b028efd2bed95bf8a933d5c55007331f724aacdaac4908eca330a8a6
2026-03-01T10:49:36.1869163Z #25 pushing manifest for docker.io/***/hpoll-admin:b1b345b@sha256:11e6cc95b028efd2bed95bf8a933d5c55007331f724aacdaac4908eca330a8a6 2.6s done
2026-03-01T10:49:36.4313279Z #25 pushing layers 0.2s done
2026-03-01T10:49:36.4314898Z #25 pushing manifest for docker.io/***/hpoll-admin:latest-any@sha256:11e6cc95b028efd2bed95bf8a933d5c55007331f724aacdaac4908eca330a8a6
2026-03-01T10:49:38.3336329Z #25 pushing manifest for docker.io/***/hpoll-admin:latest-any@sha256:11e6cc95b028efd2bed95bf8a933d5c55007331f724aacdaac4908eca330a8a6 1.9s done
2026-03-01T10:49:38.5713889Z #25 pushing layers 0.2s done
2026-03-01T10:49:38.5715709Z #25 pushing manifest for docker.io/***/hpoll-admin:pr-31@sha256:11e6cc95b028efd2bed95bf8a933d5c55007331f724aacdaac4908eca330a8a6
2026-03-01T10:49:40.2349046Z #25 pushing manifest for docker.io/***/hpoll-admin:pr-31@sha256:11e6cc95b028efd2bed95bf8a933d5c55007331f724aacdaac4908eca330a8a6 1.7s done
2026-03-01T10:49:40.2350639Z #25 DONE 11.0s
2026-03-01T10:49:40.2350904Z 
2026-03-01T10:49:40.2351142Z #27 exporting to GitHub Actions Cache
2026-03-01T10:49:40.2351846Z #27 preparing build cache for export
2026-03-01T10:49:43.7258412Z #27 writing layer sha256:67e563a238cc4d9f639bc08bbf08a0d804c169950da6a09b697e652d241c41e3
2026-03-01T10:49:47.4453252Z #27 writing layer sha256:67e563a238cc4d9f639bc08bbf08a0d804c169950da6a09b697e652d241c41e3 3.7s done
2026-03-01T10:49:48.0493054Z #27 writing layer sha256:a44ce08d2dca6d0f6d30fb153f5d131250a5830f47b870288e446d7789651c6b
2026-03-01T10:49:48.4483037Z #27 writing layer sha256:a44ce08d2dca6d0f6d30fb153f5d131250a5830f47b870288e446d7789651c6b 0.4s done
2026-03-01T10:49:48.6733986Z #27 writing layer sha256:c251f0f7701c50d66856e1f1b1ac61ec0157acaa1ef9c2566fcade28caafa23c
2026-03-01T10:49:51.1564243Z #27 writing layer sha256:c251f0f7701c50d66856e1f1b1ac61ec0157acaa1ef9c2566fcade28caafa23c 2.5s done
2026-03-01T10:49:51.7095413Z #27 preparing build cache for export 11.5s done
2026-03-01T10:49:51.7096534Z #27 DONE 11.5s
2026-03-01T10:49:51.7400258Z 
2026-03-01T10:49:51.7400814Z #28 resolving provenance for metadata file
2026-03-01T10:49:51.7401649Z #28 DONE 0.0s
2026-03-01T10:49:51.7483263Z ##[group]ImageID
2026-03-01T10:49:51.7484107Z sha256:11e6cc95b028efd2bed95bf8a933d5c55007331f724aacdaac4908eca330a8a6
2026-03-01T10:49:51.7485154Z ##[endgroup]
2026-03-01T10:49:51.7485736Z ##[group]Digest
2026-03-01T10:49:51.7486541Z sha256:11e6cc95b028efd2bed95bf8a933d5c55007331f724aacdaac4908eca330a8a6
2026-03-01T10:49:51.7487477Z ##[endgroup]
2026-03-01T10:49:51.7487987Z ##[group]Metadata
2026-03-01T10:49:51.7491031Z {
2026-03-01T10:49:51.7491391Z   "buildx.build.provenance": {
2026-03-01T10:49:51.7491859Z     "builder": {
2026-03-01T10:49:51.7492521Z       "id": "https://github.com/***/hpoll/actions/runs/22541789804/attempts/1"
2026-03-01T10:49:51.7493161Z     },
2026-03-01T10:49:51.7493526Z     "buildType": "https://mobyproject.org/buildkit@v1",
2026-03-01T10:49:51.7494024Z     "materials": [
2026-03-01T10:49:51.7494335Z       {
2026-03-01T10:49:51.7494877Z         "uri": "pkg:docker/mcr.microsoft.com/dotnet/aspnet@8.0?platform=linux%2Famd64",
2026-03-01T10:49:51.7495576Z         "digest": {
2026-03-01T10:49:51.7496116Z           "sha256": "88c86e5469c2b69969e07343193fd3dbe4ff6936d95b994dbfa27348299af111"
2026-03-01T10:49:51.7496817Z         }
2026-03-01T10:49:51.7497089Z       },
2026-03-01T10:49:51.7497335Z       {
2026-03-01T10:49:51.7497822Z         "uri": "pkg:docker/mcr.microsoft.com/dotnet/sdk@8.0?platform=linux%2Famd64",
2026-03-01T10:49:51.7498651Z         "digest": {
2026-03-01T10:49:51.7499183Z           "sha256": "bfb6ed602caa605141700aea7dc7d42574b74b704368e67d683c71a002123808"
2026-03-01T10:49:51.7499807Z         }
2026-03-01T10:49:51.7500064Z       }
2026-03-01T10:49:51.7500323Z     ],
2026-03-01T10:49:51.7500602Z     "invocation": {
2026-03-01T10:49:51.7500939Z       "configSource": {
2026-03-01T10:49:51.7501323Z         "entryPoint": "Dockerfile.admin"
2026-03-01T10:49:51.7501748Z       },
2026-03-01T10:49:51.7502042Z       "parameters": {
2026-03-01T10:49:51.7502407Z         "frontend": "dockerfile.v0",
2026-03-01T10:49:51.7502831Z         "locals": [
2026-03-01T10:49:51.7503125Z           {
2026-03-01T10:49:51.7503404Z             "name": "context"
2026-03-01T10:49:51.7503765Z           },
2026-03-01T10:49:51.7504051Z           {
2026-03-01T10:49:51.7504328Z             "name": "dockerfile"
2026-03-01T10:49:51.7504682Z           }
2026-03-01T10:49:51.7504938Z         ]
2026-03-01T10:49:51.7505186Z       },
2026-03-01T10:49:51.7505463Z       "environment": {
2026-03-01T10:49:51.7505970Z         "github_actor": "***",
2026-03-01T10:49:51.7506397Z         "github_actor_id": "169779439",
2026-03-01T10:49:51.7506822Z         "github_event_name": "pull_request",
2026-03-01T10:49:51.7507252Z         "github_event_payload": {
2026-03-01T10:49:51.7507651Z           "action": "opened",
2026-03-01T10:49:51.7508004Z           "number": 31,
2026-03-01T10:49:51.7508549Z           "pull_request": {
2026-03-01T10:49:51.7508913Z             "_links": {
2026-03-01T10:49:51.7509242Z               "comments": {
2026-03-01T10:49:51.7509891Z                 "href": "https://api.github.com/repos/***/hpoll/issues/31/comments"
2026-03-01T10:49:51.7510517Z               },
2026-03-01T10:49:51.7510853Z               "commits": {
2026-03-01T10:49:51.7511455Z                 "href": "https://api.github.com/repos/***/hpoll/pulls/31/commits"
2026-03-01T10:49:51.7512035Z               },
2026-03-01T10:49:51.7512326Z               "html": {
2026-03-01T10:49:51.7512877Z                 "href": "https://github.com/***/hpoll/pull/31"
2026-03-01T10:49:51.7513315Z               },
2026-03-01T10:49:51.7513592Z               "issue": {
2026-03-01T10:49:51.7514042Z                 "href": "https://api.github.com/repos/***/hpoll/issues/31"
2026-03-01T10:49:51.7514671Z               },
2026-03-01T10:49:51.7514952Z               "review_comment": {
2026-03-01T10:49:51.7515605Z                 "href": "https://api.github.com/repos/***/hpoll/pulls/comments{/number}"
2026-03-01T10:49:51.7516213Z               },
2026-03-01T10:49:51.7516528Z               "review_comments": {
2026-03-01T10:49:51.7517499Z                 "href": "https://api.github.com/repos/***/hpoll/pulls/31/comments"
2026-03-01T10:49:51.7518113Z               },
2026-03-01T10:49:51.7519420Z               "self": {
2026-03-01T10:49:51.7520006Z                 "href": "https://api.github.com/repos/***/hpoll/pulls/31"
2026-03-01T10:49:51.7520555Z               },
2026-03-01T10:49:51.7520878Z               "statuses": {
2026-03-01T10:49:51.7521666Z                 "href": "https://api.github.com/repos/***/hpoll/statuses/e62cd111752add694d69c5d88a4369eb038f1a80"
2026-03-01T10:49:51.7522424Z               }
2026-03-01T10:49:51.7522726Z             },
2026-03-01T10:49:51.7523051Z             "active_lock_reason": null,
2026-03-01T10:49:51.7523468Z             "additions": 775,
2026-03-01T10:49:51.7523844Z             "assignee": null,
2026-03-01T10:49:51.7524234Z             "assignees": [],
2026-03-01T10:49:51.7524622Z             "author_association": "OWNER",
2026-03-01T10:49:51.7525061Z             "auto_merge": null,
2026-03-01T10:49:51.7525441Z             "base": {
2026-03-01T10:49:51.7525814Z               "label": "***:main",
2026-03-01T10:49:51.7526208Z               "ref": "main",
2026-03-01T10:49:51.7526568Z               "repo": {
2026-03-01T10:49:51.7526924Z                 "allow_auto_merge": false,
2026-03-01T10:49:51.7527352Z                 "allow_forking": true,
2026-03-01T10:49:51.7527773Z                 "allow_merge_commit": true,
2026-03-01T10:49:51.7528463Z                 "allow_rebase_merge": true,
2026-03-01T10:49:51.7528916Z                 "allow_squash_merge": true,
2026-03-01T10:49:51.7529403Z                 "allow_update_branch": false,
2026-03-01T10:49:51.7530168Z                 "archive_url": "https://api.github.com/repos/***/hpoll/{archive_format}{/ref}",
2026-03-01T10:49:51.7530856Z                 "archived": false,
2026-03-01T10:49:51.7531529Z                 "assignees_url": "https://api.github.com/repos/***/hpoll/assignees{/user}",
2026-03-01T10:49:51.7532421Z                 "blobs_url": "https://api.github.com/repos/***/hpoll/git/blobs{/sha}",
2026-03-01T10:49:51.7533448Z                 "branches_url": "https://api.github.com/repos/***/hpoll/branches{/branch}",
2026-03-01T10:49:51.7534258Z                 "clone_url": "https://github.com/***/hpoll.git",
2026-03-01T10:49:51.7535181Z                 "collaborators_url": "https://api.github.com/repos/***/hpoll/collaborators{/collaborator}",
2026-03-01T10:49:51.7536243Z                 "comments_url": "https://api.github.com/repos/***/hpoll/comments{/number}",
2026-03-01T10:49:51.7537249Z                 "commits_url": "https://api.github.com/repos/***/hpoll/commits{/sha}",
2026-03-01T10:49:51.7538385Z                 "compare_url": "https://api.github.com/repos/***/hpoll/compare/{base}...{head}",
2026-03-01T10:49:51.7539444Z                 "contents_url": "https://api.github.com/repos/***/hpoll/contents/{+path}",
2026-03-01T10:49:51.7540648Z                 "contributors_url": "https://api.github.com/repos/***/hpoll/contributors",
2026-03-01T10:49:51.7541360Z                 "created_at": "2026-02-26T10:01:58Z",
2026-03-01T10:49:51.7541782Z                 "default_branch": "main",
2026-03-01T10:49:51.7542246Z                 "delete_branch_on_merge": false,
2026-03-01T10:49:51.7542921Z                 "deployments_url": "https://api.github.com/repos/***/hpoll/deployments",
2026-03-01T10:49:51.7543651Z                 "description": null,
2026-03-01T10:49:51.7544070Z                 "disabled": false,
2026-03-01T10:49:51.7544749Z                 "downloads_url": "https://api.github.com/repos/***/hpoll/downloads",
2026-03-01T10:49:51.7545635Z                 "events_url": "https://api.github.com/repos/***/hpoll/events",
2026-03-01T10:49:51.7546210Z                 "fork": false,
2026-03-01T10:49:51.7546553Z                 "forks": 0,
2026-03-01T10:49:51.7546916Z                 "forks_count": 0,
2026-03-01T10:49:51.7547457Z                 "forks_url": "https://api.github.com/repos/***/hpoll/forks",
2026-03-01T10:49:51.7548756Z                 "full_name": "***/hpoll",
2026-03-01T10:49:51.7549215Z                 "git_commits_url": "https://api.github.com/repos/***/hpoll/git/commits{/sha}",
2026-03-01T10:49:51.7549911Z                 "git_refs_url": "https://api.github.com/repos/***/hpoll/git/refs{/sha}",
2026-03-01T10:49:51.7550425Z                 "git_tags_url": "https://api.github.com/repos/***/hpoll/git/tags{/sha}",
2026-03-01T10:49:51.7550841Z                 "git_url": "git://github.com/***/hpoll.git",
2026-03-01T10:49:51.7551141Z                 "has_discussions": false,
2026-03-01T10:49:51.7551395Z                 "has_downloads": true,
2026-03-01T10:49:51.7551632Z                 "has_issues": true,
2026-03-01T10:49:51.7551851Z                 "has_pages": false,
2026-03-01T10:49:51.7552159Z                 "has_projects": true,
2026-03-01T10:49:51.7552426Z                 "has_pull_requests": true,
2026-03-01T10:49:51.7552666Z                 "has_wiki": true,
2026-03-01T10:49:51.7552879Z                 "homepage": null,
2026-03-01T10:49:51.7553242Z                 "hooks_url": "https://api.github.com/repos/***/hpoll/hooks",
2026-03-01T10:49:51.7553630Z                 "html_url": "https://github.com/***/hpoll",
2026-03-01T10:49:51.7553903Z                 "id": 1167451352,
2026-03-01T10:49:51.7554116Z                 "is_template": false,
2026-03-01T10:49:51.7554532Z                 "issue_comment_url": "https://api.github.com/repos/***/hpoll/issues/comments{/number}",
2026-03-01T10:49:51.7555118Z                 "issue_events_url": "https://api.github.com/repos/***/hpoll/issues/events{/number}",
2026-03-01T10:49:51.7555639Z                 "issues_url": "https://api.github.com/repos/***/hpoll/issues{/number}",
2026-03-01T10:49:51.7556104Z                 "keys_url": "https://api.github.com/repos/***/hpoll/keys{/key_id}",
2026-03-01T10:49:51.7556558Z                 "labels_url": "https://api.github.com/repos/***/hpoll/labels{/name}",
2026-03-01T10:49:51.7556900Z                 "language": "C#",
2026-03-01T10:49:51.7557234Z                 "languages_url": "https://api.github.com/repos/***/hpoll/languages",
2026-03-01T10:49:51.7557591Z                 "license": null,
2026-03-01T10:49:51.7557837Z                 "merge_commit_message": "PR_TITLE",
2026-03-01T10:49:51.7558123Z                 "merge_commit_title": "MERGE_MESSAGE",
2026-03-01T10:49:51.7558897Z                 "merges_url": "https://api.github.com/repos/***/hpoll/merges",
2026-03-01T10:49:51.7559794Z                 "milestones_url": "https://api.github.com/repos/***/hpoll/milestones{/number}",
2026-03-01T10:49:51.7560438Z                 "mirror_url": null,
2026-03-01T10:49:51.7560677Z                 "name": "hpoll",
2026-03-01T10:49:51.7560987Z                 "node_id": "R_kgDORZXk2A",
2026-03-01T10:49:51.7561949Z                 "notifications_url": "https://api.github.com/repos/***/hpoll/notifications{?since,all,participating}",
2026-03-01T10:49:51.7562709Z                 "open_issues": 1,
2026-03-01T10:49:51.7563063Z                 "open_issues_count": 1,
2026-03-01T10:49:51.7563420Z                 "owner": {
2026-03-01T10:49:51.7563916Z                   "avatar_url": "https://avatars.githubusercontent.com/u/169779439?v=4",
2026-03-01T10:49:51.7564686Z                   "events_url": "https://api.github.com/users/***/events{/privacy}",
2026-03-01T10:49:51.7565426Z                   "followers_url": "https://api.github.com/users/***/followers",
2026-03-01T10:49:51.7566124Z                   "following_url": "https://api.github.com/users/***/following{/other_user}",
2026-03-01T10:49:51.7566894Z                   "gists_url": "https://api.github.com/users/***/gists{/gist_id}",
2026-03-01T10:49:51.7567433Z                   "gravatar_id": "",
2026-03-01T10:49:51.7567859Z                   "html_url": "https://github.com/***",
2026-03-01T10:49:51.7568439Z                   "id": 169779439,
2026-03-01T10:49:51.7568789Z                   "login": "***",
2026-03-01T10:49:51.7569135Z                   "node_id": "U_kgDOCh6g7w",
2026-03-01T10:49:51.7569730Z                   "organizations_url": "https://api.github.com/users/***/orgs",
2026-03-01T10:49:51.7571085Z                   "received_events_url": "https://api.github.com/users/***/received_events",
2026-03-01T10:49:51.7571783Z                   "repos_url": "https://api.github.com/users/***/repos",
2026-03-01T10:49:51.7572096Z                   "site_admin": false,
2026-03-01T10:49:51.7572475Z                   "starred_url": "https://api.github.com/users/***/starred{/owner}{/repo}",
2026-03-01T10:49:51.7572980Z                   "subscriptions_url": "https://api.github.com/users/***/subscriptions",
2026-03-01T10:49:51.7573347Z                   "type": "User",
2026-03-01T10:49:51.7573614Z                   "url": "https://api.github.com/users/***",
2026-03-01T10:49:51.7573893Z                   "user_view_type": "public"
2026-03-01T10:49:51.7574131Z                 },
2026-03-01T10:49:51.7574313Z                 "private": false,
2026-03-01T10:49:51.7574554Z                 "pull_request_creation_policy": "all",
2026-03-01T10:49:51.7574947Z                 "pulls_url": "https://api.github.com/repos/***/hpoll/pulls{/number}",
2026-03-01T10:49:51.7575317Z                 "pushed_at": "2026-03-01T10:46:35Z",
2026-03-01T10:49:51.7575699Z                 "releases_url": "https://api.github.com/repos/***/hpoll/releases{/id}",
2026-03-01T10:49:51.7576054Z                 "size": 1382,
2026-03-01T10:49:51.7576308Z                 "squash_merge_commit_message": "COMMIT_MESSAGES",
2026-03-01T10:49:51.7576642Z                 "squash_merge_commit_title": "COMMIT_OR_PR_TITLE",
2026-03-01T10:49:51.7576978Z                 "ssh_url": "git@github.com:***/hpoll.git",
2026-03-01T10:49:51.7577248Z                 "stargazers_count": 0,
2026-03-01T10:49:51.7577604Z                 "stargazers_url": "https://api.github.com/repos/***/hpoll/stargazers",
2026-03-01T10:49:51.7578088Z                 "statuses_url": "https://api.github.com/repos/***/hpoll/statuses/{sha}",
2026-03-01T10:49:51.7579080Z                 "subscribers_url": "https://api.github.com/repos/***/hpoll/subscribers",
2026-03-01T10:49:51.7579599Z                 "subscription_url": "https://api.github.com/repos/***/hpoll/subscription",
2026-03-01T10:49:51.7580025Z                 "svn_url": "https://github.com/***/hpoll",
2026-03-01T10:49:51.7580386Z                 "tags_url": "https://api.github.com/repos/***/hpoll/tags",
2026-03-01T10:49:51.7580789Z                 "teams_url": "https://api.github.com/repos/***/hpoll/teams",
2026-03-01T10:49:51.7581105Z                 "topics": [],
2026-03-01T10:49:51.7581456Z                 "trees_url": "https://api.github.com/repos/***/hpoll/git/trees{/sha}",
2026-03-01T10:49:51.7581836Z                 "updated_at": "2026-03-01T10:40:13Z",
2026-03-01T10:49:51.7582153Z                 "url": "https://api.github.com/repos/***/hpoll",
2026-03-01T10:49:51.7582464Z                 "use_squash_pr_title_as_default": false,
2026-03-01T10:49:51.7582773Z                 "visibility": "public",
2026-03-01T10:49:51.7583012Z                 "watchers": 0,
2026-03-01T10:49:51.7583227Z                 "watchers_count": 0,
2026-03-01T10:49:51.7583479Z                 "web_commit_signoff_required": false
2026-03-01T10:49:51.7583733Z               },
2026-03-01T10:49:51.7583951Z               "sha": "4733c7b90d1845db2d4934f1a8ed3ee4e7cc68fa",
2026-03-01T10:49:51.7584223Z               "user": {
2026-03-01T10:49:51.7584531Z                 "avatar_url": "https://avatars.githubusercontent.com/u/169779439?v=4",
2026-03-01T10:49:51.7584997Z                 "events_url": "https://api.github.com/users/***/events{/privacy}",
2026-03-01T10:49:51.7585546Z                 "followers_url": "https://api.github.com/users/***/followers",
2026-03-01T10:49:51.7586085Z                 "following_url": "https://api.github.com/users/***/following{/other_user}",
2026-03-01T10:49:51.7586657Z                 "gists_url": "https://api.github.com/users/***/gists{/gist_id}",
2026-03-01T10:49:51.7587244Z                 "gravatar_id": "",
2026-03-01T10:49:51.7587665Z                 "html_url": "https://github.com/***",
2026-03-01T10:49:51.7588183Z                 "id": 169779439,
2026-03-01T10:49:51.7588824Z                 "login": "***",
2026-03-01T10:49:51.7589550Z                 "node_id": "U_kgDOCh6g7w",
2026-03-01T10:49:51.7590467Z                 "organizations_url": "https://api.github.com/users/***/orgs",
2026-03-01T10:49:51.7591471Z                 "received_events_url": "https://api.github.com/users/***/received_events",
2026-03-01T10:49:51.7592465Z                 "repos_url": "https://api.github.com/users/***/repos",
2026-03-01T10:49:51.7606755Z                 "site_admin": false,
2026-03-01T10:49:51.7607533Z                 "starred_url": "https://api.github.com/users/***/starred{/owner}{/repo}",
2026-03-01T10:49:51.7609970Z                 "subscriptions_url": "https://api.github.com/users/***/subscriptions",
2026-03-01T10:49:51.7610594Z                 "type": "User",
2026-03-01T10:49:51.7611033Z                 "url": "https://api.github.com/users/***",
2026-03-01T10:49:51.7611503Z                 "user_view_type": "public"
2026-03-01T10:49:51.7611881Z               }
2026-03-01T10:49:51.7612152Z             },
2026-03-01T10:49:51.7631062Z             "body": "## Summary\r\n\r\n- Adds a shared `SystemInfo` key/value table in SQLite so the worker process can publish its configuration and runtime metrics to the admin UI\r\n- Worker clears and repopulates all non-sensitive config settings on startup (System, Polling, Email, Hue categories) and initializes runtime metric placeholders\r\n- Each background service (polling, token refresh, email scheduler) updates runtime metrics after every cycle — wrapped in try/catch so failures never disrupt core operations\r\n- Admin About page dynamically renders all entries grouped by category, replacing the previous hardcoded build info and Hue API sections\r\n- New `ISystemInfoService` interface + `SystemInfoService` singleton for centralized upsert/clear operations\r\n\r\n## Changes\r\n\r\n- `src/Hpoll.Data/Entities/SystemInfo.cs` — new entity with string PK (Key), Value, Category, UpdatedAt\r\n- `src/Hpoll.Data/HpollDbContext.cs` — added `DbSet<SystemInfo>` with PK and category index configuration\r\n- `src/Hpoll.Data/Migrations/20260301093325_AddSystemInfo.cs` — EF Core migration\r\n- `src/Hpoll.Core/Interfaces/ISystemInfoService.cs` — interface for SetAsync, SetBatchAsync, ClearAllAsync\r\n- `src/Hpoll.Worker/Services/SystemInfoService.cs` — singleton implementation using IServiceScopeFactory\r\n- `src/Hpoll.Worker/Program.cs` — service registration, startup population of config/env/runtime entries\r\n- `src/Hpoll.Worker/Services/PollingService.cs` — runtime metrics (last poll, next poll, total cycles)\r\n- `src/Hpoll.Worker/Services/TokenRefreshService.cs` — runtime metrics (last/next token check)\r\n- `src/Hpoll.Worker/Services/EmailSchedulerService.cs` — runtime metrics (last/next email, total sent)\r\n- `src/Hpoll.Admin/Pages/About.cshtml.cs` — simplified to query SystemInfo, group by category with explicit ordering, format labels/dates\r\n- `src/Hpoll.Admin/Pages/About.cshtml` — dynamic section rendering with empty-state message\r\n- `tests/` — all worker and admin test files updated for new constructor signatures; 6 new About page tests\r\n\r\n## Test Plan\r\n\r\n- [ ] Verify `dotnet build` succeeds with no warnings\r\n- [ ] Verify all 184 tests pass (`dotnet test`)\r\n- [ ] Run the worker locally and confirm SystemInfo rows are populated in the SQLite database\r\n- [ ] Open the admin About page and verify config sections (System, Polling, Email, Hue) display correctly\r\n- [ ] After a poll cycle completes, refresh the About page and verify Runtime metrics update (last poll time, next poll due, total cycles)\r\n- [ ] Verify sensitive values (ClientSecret, tokens) are NOT present in the SystemInfo table\r\n\r\nhttps://claude.ai/code/session_01MKbHf1DNvTBx7Nt88xTv84\r\n",
2026-03-01T10:49:51.7640395Z             "changed_files": 17,
2026-03-01T10:49:51.7640623Z             "closed_at": null,
2026-03-01T10:49:51.7640827Z             "comments": 0,
2026-03-01T10:49:51.7641442Z             "comments_url": "https://api.github.com/repos/***/hpoll/issues/31/comments",
2026-03-01T10:49:51.7641926Z             "commits": 3,
2026-03-01T10:49:51.7642270Z             "commits_url": "https://api.github.com/repos/***/hpoll/pulls/31/commits",
2026-03-01T10:49:51.7642636Z             "created_at": "2026-03-01T10:47:00Z",
2026-03-01T10:49:51.7642897Z             "deletions": 77,
2026-03-01T10:49:51.7643192Z             "diff_url": "https://github.com/***/hpoll/pull/31.diff",
2026-03-01T10:49:51.7643497Z             "draft": false,
2026-03-01T10:49:51.7643696Z             "head": {
2026-03-01T10:49:51.7643965Z               "label": "***:claude/explore-devices-table-ga0Rs",
2026-03-01T10:49:51.7644291Z               "ref": "claude/explore-devices-table-ga0Rs",
2026-03-01T10:49:51.7644560Z               "repo": {
2026-03-01T10:49:51.7644762Z                 "allow_auto_merge": false,
2026-03-01T10:49:51.7645003Z                 "allow_forking": true,
2026-03-01T10:49:51.7645252Z                 "allow_merge_commit": true,
2026-03-01T10:49:51.7645499Z                 "allow_rebase_merge": true,
2026-03-01T10:49:51.7645753Z                 "allow_squash_merge": true,
2026-03-01T10:49:51.7646005Z                 "allow_update_branch": false,
2026-03-01T10:49:51.7646414Z                 "archive_url": "https://api.github.com/repos/***/hpoll/{archive_format}{/ref}",
2026-03-01T10:49:51.7646803Z                 "archived": false,
2026-03-01T10:49:51.7647167Z                 "assignees_url": "https://api.github.com/repos/***/hpoll/assignees{/user}",
2026-03-01T10:49:51.7647660Z                 "blobs_url": "https://api.github.com/repos/***/hpoll/git/blobs{/sha}",
2026-03-01T10:49:51.7648151Z                 "branches_url": "https://api.github.com/repos/***/hpoll/branches{/branch}",
2026-03-01T10:49:51.7648719Z                 "clone_url": "https://github.com/***/hpoll.git",
2026-03-01T10:49:51.7649215Z                 "collaborators_url": "https://api.github.com/repos/***/hpoll/collaborators{/collaborator}",
2026-03-01T10:49:51.7649783Z                 "comments_url": "https://api.github.com/repos/***/hpoll/comments{/number}",
2026-03-01T10:49:51.7650276Z                 "commits_url": "https://api.github.com/repos/***/hpoll/commits{/sha}",
2026-03-01T10:49:51.7650778Z                 "compare_url": "https://api.github.com/repos/***/hpoll/compare/{base}...{head}",
2026-03-01T10:49:51.7651295Z                 "contents_url": "https://api.github.com/repos/***/hpoll/contents/{+path}",
2026-03-01T10:49:51.7651804Z                 "contributors_url": "https://api.github.com/repos/***/hpoll/contributors",
2026-03-01T10:49:51.7652196Z                 "created_at": "2026-02-26T10:01:58Z",
2026-03-01T10:49:51.7652461Z                 "default_branch": "main",
2026-03-01T10:49:51.7652717Z                 "delete_branch_on_merge": false,
2026-03-01T10:49:51.7653112Z                 "deployments_url": "https://api.github.com/repos/***/hpoll/deployments",
2026-03-01T10:49:51.7653479Z                 "description": null,
2026-03-01T10:49:51.7653713Z                 "disabled": false,
2026-03-01T10:49:51.7654056Z                 "downloads_url": "https://api.github.com/repos/***/hpoll/downloads",
2026-03-01T10:49:51.7654497Z                 "events_url": "https://api.github.com/repos/***/hpoll/events",
2026-03-01T10:49:51.7654822Z                 "fork": false,
2026-03-01T10:49:51.7655029Z                 "forks": 0,
2026-03-01T10:49:51.7655228Z                 "forks_count": 0,
2026-03-01T10:49:51.7655536Z                 "forks_url": "https://api.github.com/repos/***/hpoll/forks",
2026-03-01T10:49:51.7655874Z                 "full_name": "***/hpoll",
2026-03-01T10:49:51.7656258Z                 "git_commits_url": "https://api.github.com/repos/***/hpoll/git/commits{/sha}",
2026-03-01T10:49:51.7656750Z                 "git_refs_url": "https://api.github.com/repos/***/hpoll/git/refs{/sha}",
2026-03-01T10:49:51.7657216Z                 "git_tags_url": "https://api.github.com/repos/***/hpoll/git/tags{/sha}",
2026-03-01T10:49:51.7657735Z                 "git_url": "git://github.com/***/hpoll.git",
2026-03-01T10:49:51.7658012Z                 "has_discussions": false,
2026-03-01T10:49:51.7658471Z                 "has_downloads": true,
2026-03-01T10:49:51.7658711Z                 "has_issues": true,
2026-03-01T10:49:51.7658933Z                 "has_pages": false,
2026-03-01T10:49:51.7659156Z                 "has_projects": true,
2026-03-01T10:49:51.7659396Z                 "has_pull_requests": true,
2026-03-01T10:49:51.7659628Z                 "has_wiki": true,
2026-03-01T10:49:51.7659843Z                 "homepage": null,
2026-03-01T10:49:51.7660154Z                 "hooks_url": "https://api.github.com/repos/***/hpoll/hooks",
2026-03-01T10:49:51.7660527Z                 "html_url": "https://github.com/***/hpoll",
2026-03-01T10:49:51.7660791Z                 "id": 1167451352,
2026-03-01T10:49:51.7661005Z                 "is_template": false,
2026-03-01T10:49:51.7661411Z                 "issue_comment_url": "https://api.github.com/repos/***/hpoll/issues/comments{/number}",
2026-03-01T10:49:51.7661997Z                 "issue_events_url": "https://api.github.com/repos/***/hpoll/issues/events{/number}",
2026-03-01T10:49:51.7662517Z                 "issues_url": "https://api.github.com/repos/***/hpoll/issues{/number}",
2026-03-01T10:49:51.7662977Z                 "keys_url": "https://api.github.com/repos/***/hpoll/keys{/key_id}",
2026-03-01T10:49:51.7663429Z                 "labels_url": "https://api.github.com/repos/***/hpoll/labels{/name}",
2026-03-01T10:49:51.7663768Z                 "language": "C#",
2026-03-01T10:49:51.7664101Z                 "languages_url": "https://api.github.com/repos/***/hpoll/languages",
2026-03-01T10:49:51.7664446Z                 "license": null,
2026-03-01T10:49:51.7664680Z                 "merge_commit_message": "PR_TITLE",
2026-03-01T10:49:51.7664966Z                 "merge_commit_title": "MERGE_MESSAGE",
2026-03-01T10:49:51.7665323Z                 "merges_url": "https://api.github.com/repos/***/hpoll/merges",
2026-03-01T10:49:51.7665808Z                 "milestones_url": "https://api.github.com/repos/***/hpoll/milestones{/number}",
2026-03-01T10:49:51.7666200Z                 "mirror_url": null,
2026-03-01T10:49:51.7666416Z                 "name": "hpoll",
2026-03-01T10:49:51.7666640Z                 "node_id": "R_kgDORZXk2A",
2026-03-01T10:49:51.7667130Z                 "notifications_url": "https://api.github.com/repos/***/hpoll/notifications{?since,all,participating}",
2026-03-01T10:49:51.7667596Z                 "open_issues": 1,
2026-03-01T10:49:51.7667815Z                 "open_issues_count": 1,
2026-03-01T10:49:51.7668047Z                 "owner": {
2026-03-01T10:49:51.7668492Z                   "avatar_url": "https://avatars.githubusercontent.com/u/169779439?v=4",
2026-03-01T10:49:51.7668959Z                   "events_url": "https://api.github.com/users/***/events{/privacy}",
2026-03-01T10:49:51.7669397Z                   "followers_url": "https://api.github.com/users/***/followers",
2026-03-01T10:49:51.7669876Z                   "following_url": "https://api.github.com/users/***/following{/other_user}",
2026-03-01T10:49:51.7670351Z                   "gists_url": "https://api.github.com/users/***/gists{/gist_id}",
2026-03-01T10:49:51.7670685Z                   "gravatar_id": "",
2026-03-01T10:49:51.7670962Z                   "html_url": "https://github.com/***",
2026-03-01T10:49:51.7671218Z                   "id": 169779439,
2026-03-01T10:49:51.7671438Z                   "login": "***",
2026-03-01T10:49:51.7671670Z                   "node_id": "U_kgDOCh6g7w",
2026-03-01T10:49:51.7672015Z                   "organizations_url": "https://api.github.com/users/***/orgs",
2026-03-01T10:49:51.7672486Z                   "received_events_url": "https://api.github.com/users/***/received_events",
2026-03-01T10:49:51.7672923Z                   "repos_url": "https://api.github.com/users/***/repos",
2026-03-01T10:49:51.7673228Z                   "site_admin": false,
2026-03-01T10:49:51.7673711Z                   "starred_url": "https://api.github.com/users/***/starred{/owner}{/repo}",
2026-03-01T10:49:51.7674301Z                   "subscriptions_url": "https://api.github.com/users/***/subscriptions",
2026-03-01T10:49:51.7674663Z                   "type": "User",
2026-03-01T10:49:51.7674920Z                   "url": "https://api.github.com/users/***",
2026-03-01T10:49:51.7675202Z                   "user_view_type": "public"
2026-03-01T10:49:51.7675433Z                 },
2026-03-01T10:49:51.7675608Z                 "private": false,
2026-03-01T10:49:51.7675850Z                 "pull_request_creation_policy": "all",
2026-03-01T10:49:51.7676227Z                 "pulls_url": "https://api.github.com/repos/***/hpoll/pulls{/number}",
2026-03-01T10:49:51.7676591Z                 "pushed_at": "2026-03-01T10:46:35Z",
2026-03-01T10:49:51.7676967Z                 "releases_url": "https://api.github.com/repos/***/hpoll/releases{/id}",
2026-03-01T10:49:51.7677314Z                 "size": 1382,
2026-03-01T10:49:51.7677573Z                 "squash_merge_commit_message": "COMMIT_MESSAGES",
2026-03-01T10:49:51.7677906Z                 "squash_merge_commit_title": "COMMIT_OR_PR_TITLE",
2026-03-01T10:49:51.7678430Z                 "ssh_url": "git@github.com:***/hpoll.git",
2026-03-01T10:49:51.7678744Z                 "stargazers_count": 0,
2026-03-01T10:49:51.7679105Z                 "stargazers_url": "https://api.github.com/repos/***/hpoll/stargazers",
2026-03-01T10:49:51.7679580Z                 "statuses_url": "https://api.github.com/repos/***/hpoll/statuses/{sha}",
2026-03-01T10:49:51.7680060Z                 "subscribers_url": "https://api.github.com/repos/***/hpoll/subscribers",
2026-03-01T10:49:51.7680557Z                 "subscription_url": "https://api.github.com/repos/***/hpoll/subscription",
2026-03-01T10:49:51.7680973Z                 "svn_url": "https://github.com/***/hpoll",
2026-03-01T10:49:51.7681325Z                 "tags_url": "https://api.github.com/repos/***/hpoll/tags",
2026-03-01T10:49:51.7681735Z                 "teams_url": "https://api.github.com/repos/***/hpoll/teams",
2026-03-01T10:49:51.7682051Z                 "topics": [],
2026-03-01T10:49:51.7682382Z                 "trees_url": "https://api.github.com/repos/***/hpoll/git/trees{/sha}",
2026-03-01T10:49:51.7682738Z                 "updated_at": "2026-03-01T10:40:13Z",
2026-03-01T10:49:51.7683054Z                 "url": "https://api.github.com/repos/***/hpoll",
2026-03-01T10:49:51.7683369Z                 "use_squash_pr_title_as_default": false,
2026-03-01T10:49:51.7683639Z                 "visibility": "public",
2026-03-01T10:49:51.7683871Z                 "watchers": 0,
2026-03-01T10:49:51.7684085Z                 "watchers_count": 0,
2026-03-01T10:49:51.7684334Z                 "web_commit_signoff_required": false
2026-03-01T10:49:51.7684578Z               },
2026-03-01T10:49:51.7684804Z               "sha": "e62cd111752add694d69c5d88a4369eb038f1a80",
2026-03-01T10:49:51.7685078Z               "user": {
2026-03-01T10:49:51.7685380Z                 "avatar_url": "https://avatars.githubusercontent.com/u/169779439?v=4",
2026-03-01T10:49:51.7685844Z                 "events_url": "https://api.github.com/users/***/events{/privacy}",
2026-03-01T10:49:51.7686284Z                 "followers_url": "https://api.github.com/users/***/followers",
2026-03-01T10:49:51.7686748Z                 "following_url": "https://api.github.com/users/***/following{/other_user}",
2026-03-01T10:49:51.7687211Z                 "gists_url": "https://api.github.com/users/***/gists{/gist_id}",
2026-03-01T10:49:51.7687540Z                 "gravatar_id": "",
2026-03-01T10:49:51.7687795Z                 "html_url": "https://github.com/***",
2026-03-01T10:49:51.7688051Z                 "id": 169779439,
2026-03-01T10:49:51.7688379Z                 "login": "***",
2026-03-01T10:49:51.7688602Z                 "node_id": "U_kgDOCh6g7w",
2026-03-01T10:49:51.7688936Z                 "organizations_url": "https://api.github.com/users/***/orgs",
2026-03-01T10:49:51.7689398Z                 "received_events_url": "https://api.github.com/users/***/received_events",
2026-03-01T10:49:51.7689966Z                 "repos_url": "https://api.github.com/users/***/repos",
2026-03-01T10:49:51.7690368Z                 "site_admin": false,
2026-03-01T10:49:51.7690727Z                 "starred_url": "https://api.github.com/users/***/starred{/owner}{/repo}",
2026-03-01T10:49:51.7691210Z                 "subscriptions_url": "https://api.github.com/users/***/subscriptions",
2026-03-01T10:49:51.7691563Z                 "type": "User",
2026-03-01T10:49:51.7691819Z                 "url": "https://api.github.com/users/***",
2026-03-01T10:49:51.7692099Z                 "user_view_type": "public"
2026-03-01T10:49:51.7692327Z               }
2026-03-01T10:49:51.7692485Z             },
2026-03-01T10:49:51.7692726Z             "html_url": "https://github.com/***/hpoll/pull/31",
2026-03-01T10:49:51.7693013Z             "id": 3340537668,
2026-03-01T10:49:51.7693320Z             "issue_url": "https://api.github.com/repos/***/hpoll/issues/31",
2026-03-01T10:49:51.7693641Z             "labels": [],
2026-03-01T10:49:51.7693840Z             "locked": false,
2026-03-01T10:49:51.7694067Z             "maintainer_can_modify": false,
2026-03-01T10:49:51.7694311Z             "merge_commit_sha": null,
2026-03-01T10:49:51.7694541Z             "mergeable": null,
2026-03-01T10:49:51.7694807Z             "mergeable_state": "unknown",
2026-03-01T10:49:51.7695039Z             "merged": false,
2026-03-01T10:49:51.7695242Z             "merged_at": null,
2026-03-01T10:49:51.7695448Z             "merged_by": null,
2026-03-01T10:49:51.7695644Z             "milestone": null,
2026-03-01T10:49:51.7695867Z             "node_id": "PR_kwDORZXk2M7HHI9E",
2026-03-01T10:49:51.7696113Z             "number": 31,
2026-03-01T10:49:51.7696389Z             "patch_url": "https://github.com/***/hpoll/pull/31.patch",
2026-03-01T10:49:51.7696745Z             "rebaseable": null,
2026-03-01T10:49:51.7696962Z             "requested_reviewers": [],
2026-03-01T10:49:51.7697207Z             "requested_teams": [],
2026-03-01T10:49:51.7697614Z             "review_comment_url": "https://api.github.com/repos/***/hpoll/pulls/comments{/number}",
2026-03-01T10:49:51.7698033Z             "review_comments": 0,
2026-03-01T10:49:51.7698516Z             "review_comments_url": "https://api.github.com/repos/***/hpoll/pulls/31/comments",
2026-03-01T10:49:51.7698902Z             "state": "open",
2026-03-01T10:49:51.7699383Z             "statuses_url": "https://api.github.com/repos/***/hpoll/statuses/e62cd111752add694d69c5d88a4369eb038f1a80",
2026-03-01T10:49:51.7700005Z             "title": "Add SystemInfo key/value table for worker config and runtime metrics",
2026-03-01T10:49:51.7700396Z             "updated_at": "2026-03-01T10:47:00Z",
2026-03-01T10:49:51.7700722Z             "url": "https://api.github.com/repos/***/hpoll/pulls/31",
2026-03-01T10:49:51.7701015Z             "user": {
2026-03-01T10:49:51.7701320Z               "avatar_url": "https://avatars.githubusercontent.com/u/169779439?v=4",
2026-03-01T10:49:51.7701787Z               "events_url": "https://api.github.com/users/***/events{/privacy}",
2026-03-01T10:49:51.7702220Z               "followers_url": "https://api.github.com/users/***/followers",
2026-03-01T10:49:51.7702679Z               "following_url": "https://api.github.com/users/***/following{/other_user}",
2026-03-01T10:49:51.7703139Z               "gists_url": "https://api.github.com/users/***/gists{/gist_id}",
2026-03-01T10:49:51.7703470Z               "gravatar_id": "",
2026-03-01T10:49:51.7703724Z               "html_url": "https://github.com/***",
2026-03-01T10:49:51.7703974Z               "id": 169779439,
2026-03-01T10:49:51.7704187Z               "login": "***",
2026-03-01T10:49:51.7704407Z               "node_id": "U_kgDOCh6g7w",
2026-03-01T10:49:51.7704743Z               "organizations_url": "https://api.github.com/users/***/orgs",
2026-03-01T10:49:51.7705199Z               "received_events_url": "https://api.github.com/users/***/received_events",
2026-03-01T10:49:51.7705750Z               "repos_url": "https://api.github.com/users/***/repos",
2026-03-01T10:49:51.7706049Z               "site_admin": false,
2026-03-01T10:49:51.7706537Z               "starred_url": "https://api.github.com/users/***/starred{/owner}{/repo}",
2026-03-01T10:49:51.7707022Z               "subscriptions_url": "https://api.github.com/users/***/subscriptions",
2026-03-01T10:49:51.7707371Z               "type": "User",
2026-03-01T10:49:51.7707618Z               "url": "https://api.github.com/users/***",
2026-03-01T10:49:51.7707893Z               "user_view_type": "public"
2026-03-01T10:49:51.7708120Z             }
2026-03-01T10:49:51.7708380Z           },
2026-03-01T10:49:51.7708549Z           "repository": {
2026-03-01T10:49:51.7708757Z             "allow_forking": true,
2026-03-01T10:49:51.7709127Z             "archive_url": "https://api.github.com/repos/***/hpoll/{archive_format}{/ref}",
2026-03-01T10:49:51.7709494Z             "archived": false,
2026-03-01T10:49:51.7709839Z             "assignees_url": "https://api.github.com/repos/***/hpoll/assignees{/user}",
2026-03-01T10:49:51.7710318Z             "blobs_url": "https://api.github.com/repos/***/hpoll/git/blobs{/sha}",
2026-03-01T10:49:51.7710797Z             "branches_url": "https://api.github.com/repos/***/hpoll/branches{/branch}",
2026-03-01T10:49:51.7711220Z             "clone_url": "https://github.com/***/hpoll.git",
2026-03-01T10:49:51.7711694Z             "collaborators_url": "https://api.github.com/repos/***/hpoll/collaborators{/collaborator}",
2026-03-01T10:49:51.7712240Z             "comments_url": "https://api.github.com/repos/***/hpoll/comments{/number}",
2026-03-01T10:49:51.7712704Z             "commits_url": "https://api.github.com/repos/***/hpoll/commits{/sha}",
2026-03-01T10:49:51.7713193Z             "compare_url": "https://api.github.com/repos/***/hpoll/compare/{base}...{head}",
2026-03-01T10:49:51.7713699Z             "contents_url": "https://api.github.com/repos/***/hpoll/contents/{+path}",
2026-03-01T10:49:51.7714202Z             "contributors_url": "https://api.github.com/repos/***/hpoll/contributors",
2026-03-01T10:49:51.7714581Z             "created_at": "2026-02-26T10:01:58Z",
2026-03-01T10:49:51.7714844Z             "default_branch": "main",
2026-03-01T10:49:51.7715205Z             "deployments_url": "https://api.github.com/repos/***/hpoll/deployments",
2026-03-01T10:49:51.7715563Z             "description": null,
2026-03-01T10:49:51.7715782Z             "disabled": false,
2026-03-01T10:49:51.7716114Z             "downloads_url": "https://api.github.com/repos/***/hpoll/downloads",
2026-03-01T10:49:51.7716542Z             "events_url": "https://api.github.com/repos/***/hpoll/events",
2026-03-01T10:49:51.7716859Z             "fork": false,
2026-03-01T10:49:51.7717061Z             "forks": 0,
2026-03-01T10:49:51.7717247Z             "forks_count": 0,
2026-03-01T10:49:51.7717544Z             "forks_url": "https://api.github.com/repos/***/hpoll/forks",
2026-03-01T10:49:51.7717872Z             "full_name": "***/hpoll",
2026-03-01T10:49:51.7718443Z             "git_commits_url": "https://api.github.com/repos/***/hpoll/git/commits{/sha}",
2026-03-01T10:49:51.7718940Z             "git_refs_url": "https://api.github.com/repos/***/hpoll/git/refs{/sha}",
2026-03-01T10:49:51.7719395Z             "git_tags_url": "https://api.github.com/repos/***/hpoll/git/tags{/sha}",
2026-03-01T10:49:51.7719781Z             "git_url": "git://github.com/***/hpoll.git",
2026-03-01T10:49:51.7720045Z             "has_discussions": false,
2026-03-01T10:49:51.7720278Z             "has_downloads": true,
2026-03-01T10:49:51.7720503Z             "has_issues": true,
2026-03-01T10:49:51.7720708Z             "has_pages": false,
2026-03-01T10:49:51.7720919Z             "has_projects": true,
2026-03-01T10:49:51.7721145Z             "has_pull_requests": true,
2026-03-01T10:49:51.7721369Z             "has_wiki": true,
2026-03-01T10:49:51.7721574Z             "homepage": null,
2026-03-01T10:49:51.7721868Z             "hooks_url": "https://api.github.com/repos/***/hpoll/hooks",
2026-03-01T10:49:51.7722359Z             "html_url": "https://github.com/***/hpoll",
2026-03-01T10:49:51.7722612Z             "id": 1167451352,
2026-03-01T10:49:51.7722923Z             "is_template": false,
2026-03-01T10:49:51.7723320Z             "issue_comment_url": "https://api.github.com/repos/***/hpoll/issues/comments{/number}",
2026-03-01T10:49:51.7723883Z             "issue_events_url": "https://api.github.com/repos/***/hpoll/issues/events{/number}",
2026-03-01T10:49:51.7724386Z             "issues_url": "https://api.github.com/repos/***/hpoll/issues{/number}",
2026-03-01T10:49:51.7724839Z             "keys_url": "https://api.github.com/repos/***/hpoll/keys{/key_id}",
2026-03-01T10:49:51.7725277Z             "labels_url": "https://api.github.com/repos/***/hpoll/labels{/name}",
2026-03-01T10:49:51.7725615Z             "language": "C#",
2026-03-01T10:49:51.7725935Z             "languages_url": "https://api.github.com/repos/***/hpoll/languages",
2026-03-01T10:49:51.7726274Z             "license": null,
2026-03-01T10:49:51.7726574Z             "merges_url": "https://api.github.com/repos/***/hpoll/merges",
2026-03-01T10:49:51.7727048Z             "milestones_url": "https://api.github.com/repos/***/hpoll/milestones{/number}",
2026-03-01T10:49:51.7727429Z             "mirror_url": null,
2026-03-01T10:49:51.7727637Z             "name": "hpoll",
2026-03-01T10:49:51.7727841Z             "node_id": "R_kgDORZXk2A",
2026-03-01T10:49:51.7728425Z             "notifications_url": "https://api.github.com/repos/***/hpoll/notifications{?since,all,participating}",
2026-03-01T10:49:51.7728889Z             "open_issues": 1,
2026-03-01T10:49:51.7729100Z             "open_issues_count": 1,
2026-03-01T10:49:51.7729314Z             "owner": {
2026-03-01T10:49:51.7729614Z               "avatar_url": "https://avatars.githubusercontent.com/u/169779439?v=4",
2026-03-01T10:49:51.7730076Z               "events_url": "https://api.github.com/users/***/events{/privacy}",
2026-03-01T10:49:51.7730510Z               "followers_url": "https://api.github.com/users/***/followers",
2026-03-01T10:49:51.7730976Z               "following_url": "https://api.github.com/users/***/following{/other_user}",
2026-03-01T10:49:51.7731446Z               "gists_url": "https://api.github.com/users/***/gists{/gist_id}",
2026-03-01T10:49:51.7731774Z               "gravatar_id": "",
2026-03-01T10:49:51.7732033Z               "html_url": "https://github.com/***",
2026-03-01T10:49:51.7732295Z               "id": 169779439,
2026-03-01T10:49:51.7732503Z               "login": "***",
2026-03-01T10:49:51.7732718Z               "node_id": "U_kgDOCh6g7w",
2026-03-01T10:49:51.7733060Z               "organizations_url": "https://api.github.com/users/***/orgs",
2026-03-01T10:49:51.7733516Z               "received_events_url": "https://api.github.com/users/***/received_events",
2026-03-01T10:49:51.7733948Z               "repos_url": "https://api.github.com/users/***/repos",
2026-03-01T10:49:51.7734242Z               "site_admin": false,
2026-03-01T10:49:51.7734591Z               "starred_url": "https://api.github.com/users/***/starred{/owner}{/repo}",
2026-03-01T10:49:51.7735078Z               "subscriptions_url": "https://api.github.com/users/***/subscriptions",
2026-03-01T10:49:51.7735425Z               "type": "User",
2026-03-01T10:49:51.7735674Z               "url": "https://api.github.com/users/***",
2026-03-01T10:49:51.7735943Z               "user_view_type": "public"
2026-03-01T10:49:51.7736165Z             },
2026-03-01T10:49:51.7736340Z             "private": false,
2026-03-01T10:49:51.7736565Z             "pull_request_creation_policy": "all",
2026-03-01T10:49:51.7736937Z             "pulls_url": "https://api.github.com/repos/***/hpoll/pulls{/number}",
2026-03-01T10:49:51.7737293Z             "pushed_at": "2026-03-01T10:46:35Z",
2026-03-01T10:49:51.7737659Z             "releases_url": "https://api.github.com/repos/***/hpoll/releases{/id}",
2026-03-01T10:49:51.7738004Z             "size": 1382,
2026-03-01T10:49:51.7738342Z             "ssh_url": "git@github.com:***/hpoll.git",
2026-03-01T10:49:51.7738736Z             "stargazers_count": 0,
2026-03-01T10:49:51.7739085Z             "stargazers_url": "https://api.github.com/repos/***/hpoll/stargazers",
2026-03-01T10:49:51.7739655Z             "statuses_url": "https://api.github.com/repos/***/hpoll/statuses/{sha}",
2026-03-01T10:49:51.7740132Z             "subscribers_url": "https://api.github.com/repos/***/hpoll/subscribers",
2026-03-01T10:49:51.7740615Z             "subscription_url": "https://api.github.com/repos/***/hpoll/subscription",
2026-03-01T10:49:51.7741019Z             "svn_url": "https://github.com/***/hpoll",
2026-03-01T10:49:51.7741363Z             "tags_url": "https://api.github.com/repos/***/hpoll/tags",
2026-03-01T10:49:51.7741760Z             "teams_url": "https://api.github.com/repos/***/hpoll/teams",
2026-03-01T10:49:51.7742072Z             "topics": [],
2026-03-01T10:49:51.7742381Z             "trees_url": "https://api.github.com/repos/***/hpoll/git/trees{/sha}",
2026-03-01T10:49:51.7742730Z             "updated_at": "2026-03-01T10:40:13Z",
2026-03-01T10:49:51.7743046Z             "url": "https://api.github.com/repos/***/hpoll",
2026-03-01T10:49:51.7743336Z             "visibility": "public",
2026-03-01T10:49:51.7743564Z             "watchers": 0,
2026-03-01T10:49:51.7743765Z             "watchers_count": 0,
2026-03-01T10:49:51.7743998Z             "web_commit_signoff_required": false
2026-03-01T10:49:51.7744240Z           },
2026-03-01T10:49:51.7744398Z           "sender": {
2026-03-01T10:49:51.7744692Z             "avatar_url": "https://avatars.githubusercontent.com/u/169779439?v=4",
2026-03-01T10:49:51.7745144Z             "events_url": "https://api.github.com/users/***/events{/privacy}",
2026-03-01T10:49:51.7745573Z             "followers_url": "https://api.github.com/users/***/followers",
2026-03-01T10:49:51.7746027Z             "following_url": "https://api.github.com/users/***/following{/other_user}",
2026-03-01T10:49:51.7746486Z             "gists_url": "https://api.github.com/users/***/gists{/gist_id}",
2026-03-01T10:49:51.7746814Z             "gravatar_id": "",
2026-03-01T10:49:51.7747065Z             "html_url": "https://github.com/***",
2026-03-01T10:49:51.7747321Z             "id": 169779439,
2026-03-01T10:49:51.7747526Z             "login": "***",
2026-03-01T10:49:51.7747733Z             "node_id": "U_kgDOCh6g7w",
2026-03-01T10:49:51.7748066Z             "organizations_url": "https://api.github.com/users/***/orgs",
2026-03-01T10:49:51.7748626Z             "received_events_url": "https://api.github.com/users/***/received_events",
2026-03-01T10:49:51.7749054Z             "repos_url": "https://api.github.com/users/***/repos",
2026-03-01T10:49:51.7749346Z             "site_admin": false,
2026-03-01T10:49:51.7749683Z             "starred_url": "https://api.github.com/users/***/starred{/owner}{/repo}",
2026-03-01T10:49:51.7750151Z             "subscriptions_url": "https://api.github.com/users/***/subscriptions",
2026-03-01T10:49:51.7750498Z             "type": "User",
2026-03-01T10:49:51.7750741Z             "url": "https://api.github.com/users/***",
2026-03-01T10:49:51.7751012Z             "user_view_type": "public"
2026-03-01T10:49:51.7751231Z           }
2026-03-01T10:49:51.7751390Z         },
2026-03-01T10:49:51.7751568Z         "github_job": "docker-admin",
2026-03-01T10:49:51.7751807Z         "github_ref": "refs/pull/31/merge",
2026-03-01T10:49:51.7752054Z         "github_ref_name": "31/merge",
2026-03-01T10:49:51.7752285Z         "github_ref_protected": "false",
2026-03-01T10:49:51.7752525Z         "github_ref_type": "branch",
2026-03-01T10:49:51.7752775Z         "github_repository": "***/hpoll",
2026-03-01T10:49:51.7753020Z         "github_repository_id": "1167451352",
2026-03-01T10:49:51.7753282Z         "github_repository_owner": "***",
2026-03-01T10:49:51.7753547Z         "github_repository_owner_id": "169779439",
2026-03-01T10:49:51.7753810Z         "github_run_attempt": "1",
2026-03-01T10:49:51.7754034Z         "github_run_id": "22541789804",
2026-03-01T10:49:51.7754269Z         "github_run_number": "152",
2026-03-01T10:49:51.7754619Z         "github_runner_arch": "X64",
2026-03-01T10:49:51.7754878Z         "github_runner_environment": "github-hosted",
2026-03-01T10:49:51.7755258Z         "github_runner_image_os": "ubuntu24",
2026-03-01T10:49:51.7755540Z         "github_runner_image_version": "20260224.36.1",
2026-03-01T10:49:51.7755836Z         "github_runner_name": "GitHub Actions 1000000879",
2026-03-01T10:49:51.7756112Z         "github_runner_os": "Linux",
2026-03-01T10:49:51.7756454Z         "github_runner_tracking_id": "github_7a96d195-ddf9-4d36-aeee-b95c303a2c1f",
2026-03-01T10:49:51.7756835Z         "github_server_url": "https://github.com",
2026-03-01T10:49:51.7757120Z         "github_triggering_actor": "***",
2026-03-01T10:49:51.7757372Z         "github_workflow": "Build & Test",
2026-03-01T10:49:51.7757805Z         "github_workflow_ref": "***/hpoll/.github/workflows/build-and-test.yml@refs/pull/31/merge",
2026-03-01T10:49:51.7758393Z         "github_workflow_sha": "b1b345bc9c70069fdc1869b3fd129b25ac48bf9f",
2026-03-01T10:49:51.7758732Z         "platform": "linux/amd64"
2026-03-01T10:49:51.7758942Z       }
2026-03-01T10:49:51.7759093Z     }
2026-03-01T10:49:51.7759248Z   },
2026-03-01T10:49:51.7759751Z   "buildx.build.ref": "builder-6475ae10-251e-4382-8826-c1295e00d620/builder-6475ae10-251e-4382-8826-c1295e00d6200/mz9l8r45lz9rc7l9a9ki8xc97",
2026-03-01T10:49:51.7760354Z   "containerimage.descriptor": {
2026-03-01T10:49:51.7760642Z     "mediaType": "application/vnd.oci.image.index.v1+json",
2026-03-01T10:49:51.7761089Z     "digest": "sha256:11e6cc95b028efd2bed95bf8a933d5c55007331f724aacdaac4908eca330a8a6",
2026-03-01T10:49:51.7761481Z     "size": 856
2026-03-01T10:49:51.7761640Z   },
2026-03-01T10:49:51.7762001Z   "containerimage.digest": "sha256:11e6cc95b028efd2bed95bf8a933d5c55007331f724aacdaac4908eca330a8a6",
2026-03-01T10:49:51.7762697Z   "image.name": "***/hpoll-admin:b1b345b,***/hpoll-admin:latest-any,***/hpoll-admin:pr-31"
2026-03-01T10:49:51.7763077Z }
2026-03-01T10:49:51.7763421Z ##[endgroup]
2026-03-01T10:49:51.7763734Z ##[group]Reference
2026-03-01T10:49:51.7764176Z builder-6475ae10-251e-4382-8826-c1295e00d620/builder-6475ae10-251e-4382-8826-c1295e00d6200/mz9l8r45lz9rc7l9a9ki8xc97
2026-03-01T10:49:51.7764795Z ##[endgroup]
2026-03-01T10:49:51.7765097Z ##[group]Check build summary support
2026-03-01T10:49:51.7765462Z Build summary supported!
2026-03-01T10:49:51.7765772Z ##[endgroup]
2026-03-01T10:49:51.7831253Z Post job cleanup.
2026-03-01T10:49:52.0166879Z ##[group]Generating build summary
2026-03-01T10:49:52.1259714Z exporting build record to /home/runner/work/_temp/docker-actions-toolkit-jZ1ume/export
2026-03-01T10:49:55.1326344Z [command]/usr/bin/mkfifo /home/runner/work/_temp/docker-actions-toolkit-jZ1ume/buildx-in-kw2wIO.fifo
2026-03-01T10:49:55.1386761Z [command]/usr/bin/mkfifo /home/runner/work/_temp/docker-actions-toolkit-jZ1ume/buildx-out-3KpBGA.fifo
2026-03-01T10:49:55.1432299Z [command]docker buildx --builder builder-6475ae10-251e-4382-8826-c1295e00d620 dial-stdio
2026-03-01T10:49:55.1465986Z [command]docker run --rm -i -v /home/runner/.docker/buildx/refs:/buildx-refs -v /home/runner/work/_temp/docker-actions-toolkit-jZ1ume/export:/out docker.io/dockereng/export-build:latest --ref-state-dir=/buildx-refs --node=builder-6475ae10-251e-4382-8826-c1295e00d620/builder-6475ae10-251e-4382-8826-c1295e00d6200 --ref=mz9l8r45lz9rc7l9a9ki8xc97 --uid=1001 --gid=1001
2026-03-01T10:49:55.1611374Z Unable to find image 'dockereng/export-build:latest' locally
2026-03-01T10:49:56.0572142Z latest: Pulling from dockereng/export-build
2026-03-01T10:49:56.3318797Z 5f398fcfd265: Pulling fs layer
2026-03-01T10:49:56.3319379Z 152e015ae384: Pulling fs layer
2026-03-01T10:49:56.5908048Z 152e015ae384: Download complete
2026-03-01T10:49:56.6469047Z 5f398fcfd265: Verifying Checksum
2026-03-01T10:49:56.7493994Z 5f398fcfd265: Download complete
2026-03-01T10:49:56.7494468Z 5f398fcfd265: Pull complete
2026-03-01T10:49:56.7838734Z 152e015ae384: Pull complete
2026-03-01T10:49:56.7895732Z Digest: sha256:8a8d92fc2d7cc8a8855400970bb971436fc117bd39366595f55f7e1283a1e961
2026-03-01T10:49:56.7910438Z Status: Downloaded newer image for dockereng/export-build:latest
2026-03-01T10:49:57.4080823Z Process "docker run" exited with code 0
2026-03-01T10:49:57.4082333Z Parsing /home/runner/work/_temp/docker-actions-toolkit-jZ1ume/export/summary.json
2026-03-01T10:49:57.4083684Z Build record written to /home/runner/work/_temp/docker-actions-toolkit-jZ1ume/export/***~hpoll~MZ9L8R.dockerbuild (63.53 KB)
2026-03-01T10:49:57.4122610Z Uploading ***~hpoll~MZ9L8R.dockerbuild to blob storage
2026-03-01T10:49:57.4444180Z ERROR: read unix @->/run/docker.sock: use of closed network connection
2026-03-01T10:49:57.4488945Z Process "buildx dial-stdio" was killed with signal SIGKILL
2026-03-01T10:49:57.6897983Z Beginning upload of artifact content to blob storage
2026-03-01T10:49:57.6986501Z Uploaded bytes 65059
2026-03-01T10:49:58.1093877Z Finished uploading artifact content to blob storage!
2026-03-01T10:49:58.1100036Z SHA256 hash of uploaded artifact is af9c5aa9ae2ae77bc7572a6df9872e472d3557247ecd758d34cd0d8859f188fa
2026-03-01T10:49:58.1101214Z Finalizing artifact upload
2026-03-01T10:49:58.4061683Z Artifact successfully finalized (5709396233)
2026-03-01T10:49:58.4063802Z Artifact download URL: https://github.com/***/hpoll/actions/runs/22541789804/artifacts/5709396233
2026-03-01T10:49:58.4088863Z Writing summary
2026-03-01T10:49:58.4101632Z ##[endgroup]
2026-03-01T10:49:58.4102497Z ##[group]Removing temp folder /home/runner/work/_temp/docker-actions-toolkit-OCgx4H
2026-03-01T10:49:58.4112155Z ##[endgroup]
2026-03-01T10:49:58.4112744Z ##[group]Post cache
2026-03-01T10:49:58.4114163Z State not set
2026-03-01T10:49:58.4114784Z ##[endgroup]
2026-03-01T10:49:58.4265606Z Post job cleanup.
2026-03-01T10:49:58.7194165Z [command]/usr/bin/docker logout 
2026-03-01T10:49:58.7337169Z Removing login credentials for https://index.docker.io/v1/
2026-03-01T10:49:58.7383391Z ##[group]Post cache
2026-03-01T10:49:58.7385626Z State not set
2026-03-01T10:49:58.7387034Z ##[endgroup]
2026-03-01T10:49:58.7592141Z Post job cleanup.
2026-03-01T10:49:58.9983252Z ##[group]Removing builder
2026-03-01T10:49:59.0977377Z [command]/usr/bin/docker buildx rm builder-6475ae10-251e-4382-8826-c1295e00d620
2026-03-01T10:50:00.1883267Z builder-6475ae10-251e-4382-8826-c1295e00d620 removed
2026-03-01T10:50:00.1935213Z ##[endgroup]
2026-03-01T10:50:00.1936698Z ##[group]Cleaning up certificates
2026-03-01T10:50:00.1943654Z ##[endgroup]
2026-03-01T10:50:00.1944236Z ##[group]Post cache
2026-03-01T10:50:00.1946265Z State not set
2026-03-01T10:50:00.1947110Z ##[endgroup]
2026-03-01T10:50:00.2096122Z Post job cleanup.
2026-03-01T10:50:00.3064086Z [command]/usr/bin/git version
2026-03-01T10:50:00.3117033Z git version 2.53.0
2026-03-01T10:50:00.3163061Z Temporarily overriding HOME='/home/runner/work/_temp/98d4bd0c-c4b6-4d9d-bfd1-913981b399b8' before making global git config changes
2026-03-01T10:50:00.3164398Z Adding repository directory to the temporary git global config as a safe directory
2026-03-01T10:50:00.3170187Z [command]/usr/bin/git config --global --add safe.directory /home/runner/work/hpoll/hpoll
2026-03-01T10:50:00.3208812Z [command]/usr/bin/git config --local --name-only --get-regexp core\.sshCommand
2026-03-01T10:50:00.3245682Z [command]/usr/bin/git submodule foreach --recursive sh -c "git config --local --name-only --get-regexp 'core\.sshCommand' && git config --local --unset-all 'core.sshCommand' || :"
2026-03-01T10:50:00.3490745Z [command]/usr/bin/git config --local --name-only --get-regexp http\.https\:\/\/github\.com\/\.extraheader
2026-03-01T10:50:00.3513613Z http.https://github.com/.extraheader
2026-03-01T10:50:00.3526887Z [command]/usr/bin/git config --local --unset-all http.https://github.com/.extraheader
2026-03-01T10:50:00.3559125Z [command]/usr/bin/git submodule foreach --recursive sh -c "git config --local --name-only --get-regexp 'http\.https\:\/\/github\.com\/\.extraheader' && git config --local --unset-all 'http.https://github.com/.extraheader' || :"
2026-03-01T10:50:00.3899714Z Cleaning up orphan processes
