2026-03-01T10:41:48.2091280Z Current runner version: '2.331.0'
2026-03-01T10:41:48.2128929Z ##[group]Runner Image Provisioner
2026-03-01T10:41:48.2130522Z Hosted Compute Agent
2026-03-01T10:41:48.2131444Z Version: 20260213.493
2026-03-01T10:41:48.2132539Z Commit: 5c115507f6dd24b8de37d8bbe0bb4509d0cc0fa3
2026-03-01T10:41:48.2133903Z Build Date: 2026-02-13T00:28:41Z
2026-03-01T10:41:48.2135180Z Worker ID: {c6894a4d-cc70-4478-881d-4531b8c2f665}
2026-03-01T10:41:48.2136342Z Azure Region: eastus2
2026-03-01T10:41:48.2137386Z ##[endgroup]
2026-03-01T10:41:48.2139742Z ##[group]Operating System
2026-03-01T10:41:48.2140924Z Ubuntu
2026-03-01T10:41:48.2141949Z 24.04.3
2026-03-01T10:41:48.2142792Z LTS
2026-03-01T10:41:48.2143541Z ##[endgroup]
2026-03-01T10:41:48.2144539Z ##[group]Runner Image
2026-03-01T10:41:48.2145604Z Image: ubuntu-24.04
2026-03-01T10:41:48.2146429Z Version: 20260224.36.1
2026-03-01T10:41:48.2148482Z Included Software: https://github.com/actions/runner-images/blob/ubuntu24/20260224.36/images/ubuntu/Ubuntu2404-Readme.md
2026-03-01T10:41:48.2151380Z Image Release: https://github.com/actions/runner-images/releases/tag/ubuntu24%2F20260224.36
2026-03-01T10:41:48.2153074Z ##[endgroup]
2026-03-01T10:41:48.2155406Z ##[group]GITHUB_TOKEN Permissions
2026-03-01T10:41:48.2158415Z Contents: read
2026-03-01T10:41:48.2159476Z Metadata: read
2026-03-01T10:41:48.2160558Z ##[endgroup]
2026-03-01T10:41:48.2163440Z Secret source: Actions
2026-03-01T10:41:48.2164893Z Prepare workflow directory
2026-03-01T10:41:48.2635027Z Prepare all required actions
2026-03-01T10:41:48.2692886Z Getting action download info
2026-03-01T10:41:48.5180821Z Download action repository 'actions/checkout@692973e3d937129bcbf40652eb9f2f61becf3332' (SHA:692973e3d937129bcbf40652eb9f2f61becf3332)
2026-03-01T10:41:48.6776784Z Download action repository 'docker/setup-buildx-action@b5ca514318bd6ebac0fb2aedd5d36ec1b5c232a2' (SHA:b5ca514318bd6ebac0fb2aedd5d36ec1b5c232a2)
2026-03-01T10:41:49.1412083Z Download action repository 'docker/login-action@74a5d142397b4f367a81961eba4e8cd7edddf772' (SHA:74a5d142397b4f367a81961eba4e8cd7edddf772)
2026-03-01T10:41:49.4794454Z Download action repository 'docker/build-push-action@14487ce63c7a62a4a324b0bfb37086795e31c6c1' (SHA:14487ce63c7a62a4a324b0bfb37086795e31c6c1)
2026-03-01T10:41:49.9954571Z Complete job name: Docker Build & Push
2026-03-01T10:41:50.0834763Z ##[group]Run actions/checkout@692973e3d937129bcbf40652eb9f2f61becf3332
2026-03-01T10:41:50.0836712Z with:
2026-03-01T10:41:50.0837695Z   repository: ***/hpoll
2026-03-01T10:41:50.0839068Z   token: ***
2026-03-01T10:41:50.0840144Z   ssh-strict: true
2026-03-01T10:41:50.0841097Z   ssh-user: git
2026-03-01T10:41:50.0842145Z   persist-credentials: true
2026-03-01T10:41:50.0843161Z   clean: true
2026-03-01T10:41:50.0844103Z   sparse-checkout-cone-mode: true
2026-03-01T10:41:50.0845360Z   fetch-depth: 1
2026-03-01T10:41:50.0846251Z   fetch-tags: false
2026-03-01T10:41:50.0847189Z   show-progress: true
2026-03-01T10:41:50.0848245Z   lfs: false
2026-03-01T10:41:50.0849128Z   submodules: false
2026-03-01T10:41:50.0850234Z   set-safe-directory: true
2026-03-01T10:41:50.0851733Z ##[endgroup]
2026-03-01T10:41:50.2092524Z Syncing repository: ***/hpoll
2026-03-01T10:41:50.2096793Z ##[group]Getting Git version info
2026-03-01T10:41:50.2099505Z Working directory is '/home/runner/work/hpoll/hpoll'
2026-03-01T10:41:50.2103392Z [command]/usr/bin/git version
2026-03-01T10:41:50.2179710Z git version 2.53.0
2026-03-01T10:41:50.2209544Z ##[endgroup]
2026-03-01T10:41:50.2235662Z Temporarily overriding HOME='/home/runner/work/_temp/26f9bbcb-ba78-441f-9d2c-47d3de9946d9' before making global git config changes
2026-03-01T10:41:50.2241440Z Adding repository directory to the temporary git global config as a safe directory
2026-03-01T10:41:50.2245629Z [command]/usr/bin/git config --global --add safe.directory /home/runner/work/hpoll/hpoll
2026-03-01T10:41:50.2289784Z Deleting the contents of '/home/runner/work/hpoll/hpoll'
2026-03-01T10:41:50.2294872Z ##[group]Initializing the repository
2026-03-01T10:41:50.2298716Z [command]/usr/bin/git init /home/runner/work/hpoll/hpoll
2026-03-01T10:41:50.2415479Z hint: Using 'master' as the name for the initial branch. This default branch name
2026-03-01T10:41:50.2419130Z hint: will change to "main" in Git 3.0. To configure the initial branch name
2026-03-01T10:41:50.2422801Z hint: to use in all of your new repositories, which will suppress this warning,
2026-03-01T10:41:50.2425754Z hint: call:
2026-03-01T10:41:50.2427272Z hint:
2026-03-01T10:41:50.2429028Z hint: 	git config --global init.defaultBranch <name>
2026-03-01T10:41:50.2431570Z hint:
2026-03-01T10:41:50.2433704Z hint: Names commonly chosen instead of 'master' are 'main', 'trunk' and
2026-03-01T10:41:50.2437065Z hint: 'development'. The just-created branch can be renamed via this command:
2026-03-01T10:41:50.2440366Z hint:
2026-03-01T10:41:50.2441978Z hint: 	git branch -m <name>
2026-03-01T10:41:50.2443809Z hint:
2026-03-01T10:41:50.2446385Z hint: Disable this message with "git config set advice.defaultBranchName false"
2026-03-01T10:41:50.2450348Z Initialized empty Git repository in /home/runner/work/hpoll/hpoll/.git/
2026-03-01T10:41:50.2456642Z [command]/usr/bin/git remote add origin https://github.com/***/hpoll
2026-03-01T10:41:50.2476590Z ##[endgroup]
2026-03-01T10:41:50.2479477Z ##[group]Disabling automatic garbage collection
2026-03-01T10:41:50.2482218Z [command]/usr/bin/git config --local gc.auto 0
2026-03-01T10:41:50.2515755Z ##[endgroup]
2026-03-01T10:41:50.2518510Z ##[group]Setting up auth
2026-03-01T10:41:50.2522441Z [command]/usr/bin/git config --local --name-only --get-regexp core\.sshCommand
2026-03-01T10:41:50.2559449Z [command]/usr/bin/git submodule foreach --recursive sh -c "git config --local --name-only --get-regexp 'core\.sshCommand' && git config --local --unset-all 'core.sshCommand' || :"
2026-03-01T10:41:50.2999875Z [command]/usr/bin/git config --local --name-only --get-regexp http\.https\:\/\/github\.com\/\.extraheader
2026-03-01T10:41:50.3017889Z [command]/usr/bin/git submodule foreach --recursive sh -c "git config --local --name-only --get-regexp 'http\.https\:\/\/github\.com\/\.extraheader' && git config --local --unset-all 'http.https://github.com/.extraheader' || :"
2026-03-01T10:41:50.3272645Z [command]/usr/bin/git config --local http.https://github.com/.extraheader AUTHORIZATION: basic ***
2026-03-01T10:41:50.3311463Z ##[endgroup]
2026-03-01T10:41:50.3312958Z ##[group]Fetching the repository
2026-03-01T10:41:50.3320995Z [command]/usr/bin/git -c protocol.version=2 fetch --no-tags --prune --no-recurse-submodules --depth=1 origin +4733c7b90d1845db2d4934f1a8ed3ee4e7cc68fa:refs/remotes/origin/main
2026-03-01T10:41:50.5478412Z From https://github.com/***/hpoll
2026-03-01T10:41:50.5480493Z  * [new ref]         4733c7b90d1845db2d4934f1a8ed3ee4e7cc68fa -> origin/main
2026-03-01T10:41:50.5512228Z ##[endgroup]
2026-03-01T10:41:50.5514714Z ##[group]Determining the checkout info
2026-03-01T10:41:50.5517362Z ##[endgroup]
2026-03-01T10:41:50.5519658Z [command]/usr/bin/git sparse-checkout disable
2026-03-01T10:41:50.5563686Z [command]/usr/bin/git config --local --unset-all extensions.worktreeConfig
2026-03-01T10:41:50.5594358Z ##[group]Checking out the ref
2026-03-01T10:41:50.5598001Z [command]/usr/bin/git checkout --progress --force -B main refs/remotes/origin/main
2026-03-01T10:41:50.5713125Z Switched to a new branch 'main'
2026-03-01T10:41:50.5716588Z branch 'main' set up to track 'origin/main'.
2026-03-01T10:41:50.5724611Z ##[endgroup]
2026-03-01T10:41:50.5759513Z [command]/usr/bin/git log -1 --format='%H'
2026-03-01T10:41:50.5783106Z '4733c7b90d1845db2d4934f1a8ed3ee4e7cc68fa'
2026-03-01T10:41:50.6069811Z ##[group]Run docker/setup-buildx-action@b5ca514318bd6ebac0fb2aedd5d36ec1b5c232a2
2026-03-01T10:41:50.6071609Z with:
2026-03-01T10:41:50.6072375Z   driver: docker-container
2026-03-01T10:41:50.6073281Z   install: false
2026-03-01T10:41:50.6100810Z   use: true
2026-03-01T10:41:50.6102097Z   cache-binary: true
2026-03-01T10:41:50.6103571Z   cleanup: true
2026-03-01T10:41:50.6104916Z ##[endgroup]
2026-03-01T10:41:50.8648038Z ##[group]Docker info
2026-03-01T10:41:50.8692728Z [command]/usr/bin/docker version
2026-03-01T10:41:50.9683834Z Client: Docker Engine - Community
2026-03-01T10:41:50.9685099Z  Version:           28.0.4
2026-03-01T10:41:50.9686554Z  API version:       1.48
2026-03-01T10:41:50.9687889Z  Go version:        go1.23.7
2026-03-01T10:41:50.9688850Z  Git commit:        b8034c0
2026-03-01T10:41:50.9689873Z  Built:             Tue Mar 25 15:07:16 2025
2026-03-01T10:41:50.9691387Z  OS/Arch:           linux/amd64
2026-03-01T10:41:50.9692365Z  Context:           default
2026-03-01T10:41:50.9693043Z 
2026-03-01T10:41:50.9693495Z Server: Docker Engine - Community
2026-03-01T10:41:50.9695104Z  Engine:
2026-03-01T10:41:50.9696427Z   Version:          28.0.4
2026-03-01T10:41:50.9698110Z   API version:      1.48 (minimum version 1.24)
2026-03-01T10:41:50.9700313Z   Go version:       go1.23.7
2026-03-01T10:41:50.9701893Z   Git commit:       6430e49
2026-03-01T10:41:50.9703484Z   Built:            Tue Mar 25 15:07:16 2025
2026-03-01T10:41:50.9705351Z   OS/Arch:          linux/amd64
2026-03-01T10:41:50.9706933Z   Experimental:     false
2026-03-01T10:41:50.9708432Z  containerd:
2026-03-01T10:41:50.9709763Z   Version:          v2.2.1
2026-03-01T10:41:50.9711890Z   GitCommit:        dea7da592f5d1d2b7755e3a161be07f43fad8f75
2026-03-01T10:41:50.9713955Z  runc:
2026-03-01T10:41:50.9715279Z   Version:          1.3.4
2026-03-01T10:41:50.9716818Z   GitCommit:        v1.3.4-0-gd6d73eb8
2026-03-01T10:41:50.9718597Z  docker-init:
2026-03-01T10:41:50.9720128Z   Version:          0.19.0
2026-03-01T10:41:50.9721700Z   GitCommit:        de40ad0
2026-03-01T10:41:50.9748261Z [command]/usr/bin/docker info
2026-03-01T10:41:51.2722868Z Client: Docker Engine - Community
2026-03-01T10:41:51.2723617Z  Version:    28.0.4
2026-03-01T10:41:51.2724084Z  Context:    default
2026-03-01T10:41:51.2724560Z  Debug Mode: false
2026-03-01T10:41:51.2725009Z  Plugins:
2026-03-01T10:41:51.2725476Z   buildx: Docker Buildx (Docker Inc.)
2026-03-01T10:41:51.2726041Z     Version:  v0.31.1
2026-03-01T10:41:51.2726737Z     Path:     /usr/libexec/docker/cli-plugins/docker-buildx
2026-03-01T10:41:51.2727469Z   compose: Docker Compose (Docker Inc.)
2026-03-01T10:41:51.2728043Z     Version:  v2.38.2
2026-03-01T10:41:51.2728633Z     Path:     /usr/libexec/docker/cli-plugins/docker-compose
2026-03-01T10:41:51.2729122Z 
2026-03-01T10:41:51.2729304Z Server:
2026-03-01T10:41:51.2729714Z  Containers: 0
2026-03-01T10:41:51.2730407Z   Running: 0
2026-03-01T10:41:51.2730859Z   Paused: 0
2026-03-01T10:41:51.2731288Z   Stopped: 0
2026-03-01T10:41:51.2731728Z  Images: 1
2026-03-01T10:41:51.2732147Z  Server Version: 28.0.4
2026-03-01T10:41:51.2732646Z  Storage Driver: overlay2
2026-03-01T10:41:51.2733177Z   Backing Filesystem: extfs
2026-03-01T10:41:51.2733684Z   Supports d_type: true
2026-03-01T10:41:51.2734394Z   Using metacopy: false
2026-03-01T10:41:51.2734924Z   Native Overlay Diff: false
2026-03-01T10:41:51.2735445Z   userxattr: false
2026-03-01T10:41:51.2735924Z  Logging Driver: json-file
2026-03-01T10:41:51.2736484Z  Cgroup Driver: systemd
2026-03-01T10:41:51.2736966Z  Cgroup Version: 2
2026-03-01T10:41:51.2737409Z  Plugins:
2026-03-01T10:41:51.2737809Z   Volume: local
2026-03-01T10:41:51.2738357Z   Network: bridge host ipvlan macvlan null overlay
2026-03-01T10:41:51.2739033Z   Log: awslogs fluentd gcplogs gelf journald json-file local splunk syslog
2026-03-01T10:41:51.2739682Z  Swarm: inactive
2026-03-01T10:41:51.2740417Z  Runtimes: runc io.containerd.runc.v2
2026-03-01T10:41:51.2740839Z  Default Runtime: runc
2026-03-01T10:41:51.2741533Z  Init Binary: docker-init
2026-03-01T10:41:51.2741961Z  containerd version: dea7da592f5d1d2b7755e3a161be07f43fad8f75
2026-03-01T10:41:51.2742412Z  runc version: v1.3.4-0-gd6d73eb8
2026-03-01T10:41:51.2742773Z  init version: de40ad0
2026-03-01T10:41:51.2743069Z  Security Options:
2026-03-01T10:41:51.2743359Z   apparmor
2026-03-01T10:41:51.2743625Z   seccomp
2026-03-01T10:41:51.2743975Z    Profile: builtin
2026-03-01T10:41:51.2744447Z   cgroupns
2026-03-01T10:41:51.2745157Z  Kernel Version: 6.14.0-1017-azure
2026-03-01T10:41:51.2745589Z  Operating System: Ubuntu 24.04.3 LTS
2026-03-01T10:41:51.2745943Z  OSType: linux
2026-03-01T10:41:51.2746232Z  Architecture: x86_64
2026-03-01T10:41:51.2746523Z  CPUs: 4
2026-03-01T10:41:51.2746796Z  Total Memory: 15.62GiB
2026-03-01T10:41:51.2747107Z  Name: runnervmnay03
2026-03-01T10:41:51.2747418Z  ID: 2798490f-3934-4089-859a-ba9f3856e68c
2026-03-01T10:41:51.2747789Z  Docker Root Dir: /var/lib/docker
2026-03-01T10:41:51.2748127Z  Debug Mode: false
2026-03-01T10:41:51.2748439Z  Username: githubactions
2026-03-01T10:41:51.2748767Z  Experimental: false
2026-03-01T10:41:51.2749070Z  Insecure Registries:
2026-03-01T10:41:51.2753836Z   ::1/128
2026-03-01T10:41:51.2754138Z   127.0.0.0/8
2026-03-01T10:41:51.2754449Z  Live Restore Enabled: false
2026-03-01T10:41:51.2754679Z 
2026-03-01T10:41:51.2755239Z ##[endgroup]
2026-03-01T10:41:51.3534532Z ##[group]Buildx version
2026-03-01T10:41:51.3561589Z [command]/usr/bin/docker buildx version
2026-03-01T10:41:51.4161079Z github.com/docker/buildx v0.31.1 a2675950d46b2cb171b23c2015ca44fb88607531
2026-03-01T10:41:51.4196030Z ##[endgroup]
2026-03-01T10:41:51.4366823Z ##[group]Inspecting default docker context
2026-03-01T10:41:51.4506554Z [
2026-03-01T10:41:51.4507067Z   {
2026-03-01T10:41:51.4507493Z     "Name": "default",
2026-03-01T10:41:51.4508015Z     "Metadata": {},
2026-03-01T10:41:51.4508524Z     "Endpoints": {
2026-03-01T10:41:51.4508982Z       "docker": {
2026-03-01T10:41:51.4509506Z         "Host": "unix:///var/run/docker.sock",
2026-03-01T10:41:51.4510395Z         "SkipTLSVerify": false
2026-03-01T10:41:51.4510929Z       }
2026-03-01T10:41:51.4511322Z     },
2026-03-01T10:41:51.4511747Z     "TLSMaterial": {},
2026-03-01T10:41:51.4512211Z     "Storage": {
2026-03-01T10:41:51.4512518Z       "MetadataPath": "<IN MEMORY>",
2026-03-01T10:41:51.4512864Z       "TLSPath": "<IN MEMORY>"
2026-03-01T10:41:51.4513167Z     }
2026-03-01T10:41:51.4513410Z   }
2026-03-01T10:41:51.4513835Z ]
2026-03-01T10:41:51.4514730Z ##[endgroup]
2026-03-01T10:41:51.4515364Z ##[group]Creating a new builder instance
2026-03-01T10:41:51.5203459Z [command]/usr/bin/docker buildx create --name builder-604903a2-91ec-45a6-b40c-aab43fc1c55b --driver docker-container --buildkitd-flags --allow-insecure-entitlement security.insecure --allow-insecure-entitlement network.host --use
2026-03-01T10:41:51.5909462Z builder-604903a2-91ec-45a6-b40c-aab43fc1c55b
2026-03-01T10:41:51.5951655Z ##[endgroup]
2026-03-01T10:41:51.5952727Z ##[group]Booting builder
2026-03-01T10:41:51.5991732Z [command]/usr/bin/docker buildx inspect --bootstrap --builder builder-604903a2-91ec-45a6-b40c-aab43fc1c55b
2026-03-01T10:41:51.6675260Z #1 [internal] booting buildkit
2026-03-01T10:41:51.8184256Z #1 pulling image moby/buildkit:buildx-stable-1
2026-03-01T10:41:53.9315762Z #1 pulling image moby/buildkit:buildx-stable-1 2.3s done
2026-03-01T10:41:54.0819890Z #1 creating container buildx_buildkit_builder-604903a2-91ec-45a6-b40c-aab43fc1c55b0
2026-03-01T10:41:54.1971706Z #1 creating container buildx_buildkit_builder-604903a2-91ec-45a6-b40c-aab43fc1c55b0 0.3s done
2026-03-01T10:41:54.1998651Z #1 DONE 2.5s
2026-03-01T10:41:54.2319562Z Name:          builder-604903a2-91ec-45a6-b40c-aab43fc1c55b
2026-03-01T10:41:54.2320408Z Driver:        docker-container
2026-03-01T10:41:54.2320891Z Last Activity: 2026-03-01 10:41:51 +0000 UTC
2026-03-01T10:41:54.2321217Z 
2026-03-01T10:41:54.2321344Z Nodes:
2026-03-01T10:41:54.2322513Z Name:                  builder-604903a2-91ec-45a6-b40c-aab43fc1c55b0
2026-03-01T10:41:54.2323595Z Endpoint:              unix:///var/run/docker.sock
2026-03-01T10:41:54.2324139Z Status:                running
2026-03-01T10:41:54.2325048Z BuildKit daemon flags: --allow-insecure-entitlement security.insecure --allow-insecure-entitlement network.host
2026-03-01T10:41:54.2326588Z BuildKit version:      v0.27.1
2026-03-01T10:41:54.2327186Z Platforms:             linux/amd64, linux/amd64/v2, linux/amd64/v3, linux/386
2026-03-01T10:41:54.2327793Z Labels:
2026-03-01T10:41:54.2328414Z  org.mobyproject.buildkit.worker.executor:         oci
2026-03-01T10:41:54.2328847Z  org.mobyproject.buildkit.worker.hostname:         bc9dc8ef7d5e
2026-03-01T10:41:54.2329262Z  org.mobyproject.buildkit.worker.network:          host
2026-03-01T10:41:54.2329650Z  org.mobyproject.buildkit.worker.oci.process-mode: sandbox
2026-03-01T10:41:54.2330348Z  org.mobyproject.buildkit.worker.selinux.enabled:  false
2026-03-01T10:41:54.2330895Z  org.mobyproject.buildkit.worker.snapshotter:      overlayfs
2026-03-01T10:41:54.2331385Z GC Policy rule#0:
2026-03-01T10:41:54.2331891Z  All:            false
2026-03-01T10:41:54.2332427Z  Filters:        type==source.local,type==exec.cachemount,type==source.git.checkout
2026-03-01T10:41:54.2332822Z  Keep Duration:  48h0m0s
2026-03-01T10:41:54.2333232Z  Max Used Space: 488.3MiB
2026-03-01T10:41:54.2333458Z GC Policy rule#1:
2026-03-01T10:41:54.2333657Z  All:            false
2026-03-01T10:41:54.2334055Z  Keep Duration:  1440h0m0s
2026-03-01T10:41:54.2334293Z  Reserved Space: 9.313GiB
2026-03-01T10:41:54.2334549Z  Max Used Space: 93.13GiB
2026-03-01T10:41:54.2334894Z  Min Free Space: 27.01GiB
2026-03-01T10:41:54.2335098Z GC Policy rule#2:
2026-03-01T10:41:54.2335278Z  All:            false
2026-03-01T10:41:54.2335569Z  Reserved Space: 9.313GiB
2026-03-01T10:41:54.2335830Z  Max Used Space: 93.13GiB
2026-03-01T10:41:54.2336038Z  Min Free Space: 27.01GiB
2026-03-01T10:41:54.2336236Z GC Policy rule#3:
2026-03-01T10:41:54.2336553Z  All:            true
2026-03-01T10:41:54.2336755Z  Reserved Space: 9.313GiB
2026-03-01T10:41:54.2336963Z  Max Used Space: 93.13GiB
2026-03-01T10:41:54.2337266Z  Min Free Space: 27.01GiB
2026-03-01T10:41:54.2395853Z ##[endgroup]
2026-03-01T10:41:54.3451994Z ##[group]Inspect builder
2026-03-01T10:41:54.3452597Z {
2026-03-01T10:41:54.3452881Z   "nodes": [
2026-03-01T10:41:54.3453172Z     {
2026-03-01T10:41:54.3453591Z       "name": "builder-604903a2-91ec-45a6-b40c-aab43fc1c55b0",
2026-03-01T10:41:54.3454189Z       "endpoint": "unix:///var/run/docker.sock",
2026-03-01T10:41:54.3454707Z       "status": "running",
2026-03-01T10:41:54.3455585Z       "buildkitd-flags": "--allow-insecure-entitlement security.insecure --allow-insecure-entitlement network.host",
2026-03-01T10:41:54.3456560Z       "buildkit": "v0.27.1",
2026-03-01T10:41:54.3457114Z       "platforms": "linux/amd64,linux/amd64/v2,linux/amd64/v3,linux/386",
2026-03-01T10:41:54.3457726Z       "features": {
2026-03-01T10:41:54.3458252Z         "Automatically load images to the Docker Engine image store": true,
2026-03-01T10:41:54.3458934Z         "Cache export": true,
2026-03-01T10:41:54.3459353Z         "Direct push": true,
2026-03-01T10:41:54.3459751Z         "Docker exporter": true,
2026-03-01T10:41:54.3460413Z         "Multi-platform build": true,
2026-03-01T10:41:54.3460854Z         "OCI exporter": true
2026-03-01T10:41:54.3461182Z       },
2026-03-01T10:41:54.3461431Z       "labels": {
2026-03-01T10:41:54.3461834Z         "org.mobyproject.buildkit.worker.executor": "oci",
2026-03-01T10:41:54.3462463Z         "org.mobyproject.buildkit.worker.hostname": "bc9dc8ef7d5e",
2026-03-01T10:41:54.3463095Z         "org.mobyproject.buildkit.worker.network": "host",
2026-03-01T10:41:54.3463807Z         "org.mobyproject.buildkit.worker.oci.process-mode": "sandbox",
2026-03-01T10:41:54.3464619Z         "org.mobyproject.buildkit.worker.selinux.enabled": "false",
2026-03-01T10:41:54.3465303Z         "org.mobyproject.buildkit.worker.snapshotter": "overlayfs"
2026-03-01T10:41:54.3465837Z       },
2026-03-01T10:41:54.3466102Z       "gcPolicy": [
2026-03-01T10:41:54.3466739Z         {
2026-03-01T10:41:54.3467017Z           "all": false,
2026-03-01T10:41:54.3467333Z           "filter": [
2026-03-01T10:41:54.3467656Z             "type==source.local",
2026-03-01T10:41:54.3468030Z             "type==exec.cachemount",
2026-03-01T10:41:54.3468411Z             "type==source.git.checkout"
2026-03-01T10:41:54.3468769Z           ],
2026-03-01T10:41:54.3469043Z           "keepDuration": "48h0m0s"
2026-03-01T10:41:54.3469386Z         },
2026-03-01T10:41:54.3469829Z         {
2026-03-01T10:41:54.3474657Z           "all": false,
2026-03-01T10:41:54.3475061Z           "keepDuration": "1440h0m0s"
2026-03-01T10:41:54.3475454Z         },
2026-03-01T10:41:54.3475711Z         {
2026-03-01T10:41:54.3475985Z           "all": false
2026-03-01T10:41:54.3476285Z         },
2026-03-01T10:41:54.3476528Z         {
2026-03-01T10:41:54.3476784Z           "all": true
2026-03-01T10:41:54.3477076Z         }
2026-03-01T10:41:54.3477315Z       ]
2026-03-01T10:41:54.3477560Z     }
2026-03-01T10:41:54.3477798Z   ],
2026-03-01T10:41:54.3478187Z   "name": "builder-604903a2-91ec-45a6-b40c-aab43fc1c55b",
2026-03-01T10:41:54.3478700Z   "driver": "docker-container",
2026-03-01T10:41:54.3479096Z   "lastActivity": "2026-03-01T10:41:51.000Z"
2026-03-01T10:41:54.3479478Z }
2026-03-01T10:41:54.3481681Z ##[endgroup]
2026-03-01T10:41:54.3482498Z ##[group]BuildKit version
2026-03-01T10:41:54.3483060Z builder-604903a2-91ec-45a6-b40c-aab43fc1c55b0: v0.27.1
2026-03-01T10:41:54.3483939Z ##[endgroup]
2026-03-01T10:41:54.3627851Z ##[group]Run docker/login-action@74a5d142397b4f367a81961eba4e8cd7edddf772
2026-03-01T10:41:54.3628237Z with:
2026-03-01T10:41:54.3628537Z   username: ***
2026-03-01T10:41:54.3628784Z   password: ***
2026-03-01T10:41:54.3628958Z   ecr: auto
2026-03-01T10:41:54.3629113Z   logout: true
2026-03-01T10:41:54.3629285Z ##[endgroup]
2026-03-01T10:41:54.6547625Z Logging into Docker Hub...
2026-03-01T10:41:54.7883522Z Login Succeeded!
2026-03-01T10:41:54.8031726Z ##[group]Run SHORT_SHA=$(echo "4733c7b90d1845db2d4934f1a8ed3ee4e7cc68fa" | cut -c1-7)
2026-03-01T10:41:54.8032366Z [36;1mSHORT_SHA=$(echo "4733c7b90d1845db2d4934f1a8ed3ee4e7cc68fa" | cut -c1-7)[0m
2026-03-01T10:41:54.8032887Z [36;1mIMAGE="***/hpoll"[0m
2026-03-01T10:41:54.8033168Z [36;1mecho "short_sha=${SHORT_SHA}" >> "$GITHUB_OUTPUT"[0m
2026-03-01T10:41:54.8033501Z [36;1mecho "image=${IMAGE}" >> "$GITHUB_OUTPUT"[0m
2026-03-01T10:41:54.8033774Z [36;1m[0m
2026-03-01T10:41:54.8033966Z [36;1m# Build tag list based on context[0m
2026-03-01T10:41:54.8034285Z [36;1mTAGS="${IMAGE}:${SHORT_SHA},${IMAGE}:latest-any"[0m
2026-03-01T10:41:54.8034626Z [36;1mif [ "refs/heads/main" = "refs/heads/main" ]; then[0m
2026-03-01T10:41:54.8034933Z [36;1m  TAGS="${TAGS},${IMAGE}:latest"[0m
2026-03-01T10:41:54.8035227Z [36;1melif [ "refs/heads/main" = "refs/heads/dev" ]; then[0m
2026-03-01T10:41:54.8035527Z [36;1m  TAGS="${TAGS},${IMAGE}:dev"[0m
2026-03-01T10:41:54.8035823Z [36;1melif [ "push" = "pull_request" ]; then[0m
2026-03-01T10:41:54.8036091Z [36;1m  TAGS="${TAGS},${IMAGE}:pr-"[0m
2026-03-01T10:41:54.8036325Z [36;1melse[0m
2026-03-01T10:41:54.8036580Z [36;1m  # Branch build — sanitize branch name for use as a tag[0m
2026-03-01T10:41:54.8037019Z [36;1m  BRANCH_TAG=$(echo "main" | sed 's|[^a-zA-Z0-9._-]|-|g' | cut -c1-128)[0m
2026-03-01T10:41:54.8037408Z [36;1m  TAGS="${TAGS},${IMAGE}:${BRANCH_TAG}"[0m
2026-03-01T10:41:54.8037660Z [36;1mfi[0m
2026-03-01T10:41:54.8037859Z [36;1mecho "tags=${TAGS}" >> "$GITHUB_OUTPUT"[0m
2026-03-01T10:41:54.8091315Z shell: /usr/bin/bash -e {0}
2026-03-01T10:41:54.8091566Z ##[endgroup]
2026-03-01T10:41:54.8321671Z ##[group]Run docker/build-push-action@14487ce63c7a62a4a324b0bfb37086795e31c6c1
2026-03-01T10:41:54.8322320Z with:
2026-03-01T10:41:54.8322596Z   context: .
2026-03-01T10:41:54.8322833Z   push: true
2026-03-01T10:41:54.8323370Z   tags: ***/hpoll:4733c7b,***/hpoll:latest-any,***/hpoll:latest
2026-03-01T10:41:54.8323825Z   cache-from: type=gha
2026-03-01T10:41:54.8324112Z   cache-to: type=gha,mode=max
2026-03-01T10:41:54.8324527Z   load: false
2026-03-01T10:41:54.8324807Z   no-cache: false
2026-03-01T10:41:54.8325055Z   pull: false
2026-03-01T10:41:54.8325495Z   github-token: ***
2026-03-01T10:41:54.8325798Z ##[endgroup]
2026-03-01T10:41:55.0682067Z ##[group]GitHub Actions runtime token ACs
2026-03-01T10:41:55.0693214Z refs/heads/main: read/write
2026-03-01T10:41:55.0694489Z ##[endgroup]
2026-03-01T10:41:55.0695457Z ##[group]Docker info
2026-03-01T10:41:55.0762579Z [command]/usr/bin/docker version
2026-03-01T10:41:55.0958865Z Client: Docker Engine - Community
2026-03-01T10:41:55.0959755Z  Version:           28.0.4
2026-03-01T10:41:55.0960329Z  API version:       1.48
2026-03-01T10:41:55.0960634Z  Go version:        go1.23.7
2026-03-01T10:41:55.0961032Z  Git commit:        b8034c0
2026-03-01T10:41:55.0961322Z  Built:             Tue Mar 25 15:07:16 2025
2026-03-01T10:41:55.0961706Z  OS/Arch:           linux/amd64
2026-03-01T10:41:55.0962110Z  Context:           default
2026-03-01T10:41:55.0962309Z 
2026-03-01T10:41:55.0962440Z Server: Docker Engine - Community
2026-03-01T10:41:55.0962762Z  Engine:
2026-03-01T10:41:55.0963105Z   Version:          28.0.4
2026-03-01T10:41:55.0963406Z   API version:      1.48 (minimum version 1.24)
2026-03-01T10:41:55.0963812Z   Go version:       go1.23.7
2026-03-01T10:41:55.0964191Z   Git commit:       6430e49
2026-03-01T10:41:55.0964473Z   Built:            Tue Mar 25 15:07:16 2025
2026-03-01T10:41:55.0964808Z   OS/Arch:          linux/amd64
2026-03-01T10:41:55.0965507Z   Experimental:     false
2026-03-01T10:41:55.0965792Z  containerd:
2026-03-01T10:41:55.0966096Z   Version:          v2.2.1
2026-03-01T10:41:55.0966564Z   GitCommit:        dea7da592f5d1d2b7755e3a161be07f43fad8f75
2026-03-01T10:41:55.0966944Z  runc:
2026-03-01T10:41:55.0967207Z   Version:          1.3.4
2026-03-01T10:41:55.0967595Z   GitCommit:        v1.3.4-0-gd6d73eb8
2026-03-01T10:41:55.0967944Z  docker-init:
2026-03-01T10:41:55.0968218Z   Version:          0.19.0
2026-03-01T10:41:55.0968600Z   GitCommit:        de40ad0
2026-03-01T10:41:55.1004475Z [command]/usr/bin/docker info
2026-03-01T10:41:55.1482600Z Client: Docker Engine - Community
2026-03-01T10:41:55.1483133Z  Version:    28.0.4
2026-03-01T10:41:55.1483507Z  Context:    default
2026-03-01T10:41:55.1484029Z  Debug Mode: false
2026-03-01T10:41:55.1484288Z  Plugins:
2026-03-01T10:41:55.1484630Z   buildx: Docker Buildx (Docker Inc.)
2026-03-01T10:41:55.1485009Z     Version:  v0.31.1
2026-03-01T10:41:55.1485380Z     Path:     /usr/libexec/docker/cli-plugins/docker-buildx
2026-03-01T10:41:55.1485844Z   compose: Docker Compose (Docker Inc.)
2026-03-01T10:41:55.1486238Z     Version:  v2.38.2
2026-03-01T10:41:55.1486590Z     Path:     /usr/libexec/docker/cli-plugins/docker-compose
2026-03-01T10:41:55.1486827Z 
2026-03-01T10:41:55.1486980Z Server:
2026-03-01T10:41:55.1487260Z  Containers: 1
2026-03-01T10:41:55.1487539Z   Running: 1
2026-03-01T10:41:55.1487793Z   Paused: 0
2026-03-01T10:41:55.1488107Z   Stopped: 0
2026-03-01T10:41:55.1488371Z  Images: 2
2026-03-01T10:41:55.1488631Z  Server Version: 28.0.4
2026-03-01T10:41:55.1488963Z  Storage Driver: overlay2
2026-03-01T10:41:55.1489283Z   Backing Filesystem: extfs
2026-03-01T10:41:55.1489623Z   Supports d_type: true
2026-03-01T10:41:55.1490153Z   Using metacopy: false
2026-03-01T10:41:55.1490544Z   Native Overlay Diff: false
2026-03-01T10:41:55.1490870Z   userxattr: false
2026-03-01T10:41:55.1491191Z  Logging Driver: json-file
2026-03-01T10:41:55.1491500Z  Cgroup Driver: systemd
2026-03-01T10:41:55.1491966Z  Cgroup Version: 2
2026-03-01T10:41:55.1492269Z  Plugins:
2026-03-01T10:41:55.1492899Z   Volume: local
2026-03-01T10:41:55.1493237Z   Network: bridge host ipvlan macvlan null overlay
2026-03-01T10:41:55.1493740Z   Log: awslogs fluentd gcplogs gelf journald json-file local splunk syslog
2026-03-01T10:41:55.1494222Z  Swarm: inactive
2026-03-01T10:41:55.1494582Z  Runtimes: io.containerd.runc.v2 runc
2026-03-01T10:41:55.1495072Z  Default Runtime: runc
2026-03-01T10:41:55.1495387Z  Init Binary: docker-init
2026-03-01T10:41:55.1495980Z  containerd version: dea7da592f5d1d2b7755e3a161be07f43fad8f75
2026-03-01T10:41:55.1496374Z  runc version: v1.3.4-0-gd6d73eb8
2026-03-01T10:41:55.1496740Z  init version: de40ad0
2026-03-01T10:41:55.1497089Z  Security Options:
2026-03-01T10:41:55.1497336Z   apparmor
2026-03-01T10:41:55.1497599Z   seccomp
2026-03-01T10:41:55.1497911Z    Profile: builtin
2026-03-01T10:41:55.1498154Z   cgroupns
2026-03-01T10:41:55.1498463Z  Kernel Version: 6.14.0-1017-azure
2026-03-01T10:41:55.1499186Z  Operating System: Ubuntu 24.04.3 LTS
2026-03-01T10:41:55.1499695Z  OSType: linux
2026-03-01T10:41:55.1500561Z  Architecture: x86_64
2026-03-01T10:41:55.1501055Z  CPUs: 4
2026-03-01T10:41:55.1501329Z  Total Memory: 15.62GiB
2026-03-01T10:41:55.1501637Z  Name: runnervmnay03
2026-03-01T10:41:55.1501994Z  ID: 2798490f-3934-4089-859a-ba9f3856e68c
2026-03-01T10:41:55.1520772Z  Docker Root Dir: /var/lib/docker
2026-03-01T10:41:55.1521204Z  Debug Mode: false
2026-03-01T10:41:55.1521703Z  Username: ***
2026-03-01T10:41:55.1522014Z  Experimental: false
2026-03-01T10:41:55.1522284Z  Insecure Registries:
2026-03-01T10:41:55.1522638Z   ::1/128
2026-03-01T10:41:55.1522798Z   127.0.0.0/8
2026-03-01T10:41:55.1522981Z  Live Restore Enabled: false
2026-03-01T10:41:55.1523133Z 
2026-03-01T10:41:55.1523501Z ##[endgroup]
2026-03-01T10:41:55.1523855Z ##[group]Proxy configuration
2026-03-01T10:41:55.1524286Z No proxy configuration found
2026-03-01T10:41:55.1524849Z ##[endgroup]
2026-03-01T10:41:55.2277272Z ##[group]Buildx version
2026-03-01T10:41:55.2309496Z [command]/usr/bin/docker buildx version
2026-03-01T10:41:55.2937490Z github.com/docker/buildx v0.31.1 a2675950d46b2cb171b23c2015ca44fb88607531
2026-03-01T10:41:55.2980353Z ##[endgroup]
2026-03-01T10:41:55.2981152Z ##[group]Builder info
2026-03-01T10:41:55.3940628Z {
2026-03-01T10:41:55.3940968Z   "nodes": [
2026-03-01T10:41:55.3941307Z     {
2026-03-01T10:41:55.3941719Z       "name": "builder-604903a2-91ec-45a6-b40c-aab43fc1c55b0",
2026-03-01T10:41:55.3942177Z       "endpoint": "unix:///var/run/docker.sock",
2026-03-01T10:41:55.3942464Z       "status": "running",
2026-03-01T10:41:55.3942960Z       "buildkitd-flags": "--allow-insecure-entitlement security.insecure --allow-insecure-entitlement network.host",
2026-03-01T10:41:55.3943479Z       "buildkit": "v0.27.1",
2026-03-01T10:41:55.3943793Z       "platforms": "linux/amd64,linux/amd64/v2,linux/amd64/v3,linux/386",
2026-03-01T10:41:55.3944115Z       "features": {
2026-03-01T10:41:55.3944407Z         "Automatically load images to the Docker Engine image store": true,
2026-03-01T10:41:55.3944793Z         "Cache export": true,
2026-03-01T10:41:55.3945011Z         "Direct push": true,
2026-03-01T10:41:55.3945229Z         "Docker exporter": true,
2026-03-01T10:41:55.3945462Z         "Multi-platform build": true,
2026-03-01T10:41:55.3945702Z         "OCI exporter": true
2026-03-01T10:41:55.3945915Z       },
2026-03-01T10:41:55.3946077Z       "labels": {
2026-03-01T10:41:55.3946326Z         "org.mobyproject.buildkit.worker.executor": "oci",
2026-03-01T10:41:55.3946720Z         "org.mobyproject.buildkit.worker.hostname": "bc9dc8ef7d5e",
2026-03-01T10:41:55.3947105Z         "org.mobyproject.buildkit.worker.network": "host",
2026-03-01T10:41:55.3947493Z         "org.mobyproject.buildkit.worker.oci.process-mode": "sandbox",
2026-03-01T10:41:55.3947946Z         "org.mobyproject.buildkit.worker.selinux.enabled": "false",
2026-03-01T10:41:55.3948366Z         "org.mobyproject.buildkit.worker.snapshotter": "overlayfs"
2026-03-01T10:41:55.3948682Z       },
2026-03-01T10:41:55.3948846Z       "gcPolicy": [
2026-03-01T10:41:55.3949025Z         {
2026-03-01T10:41:55.3949498Z           "all": false,
2026-03-01T10:41:55.3949705Z           "filter": [
2026-03-01T10:41:55.3949902Z             "type==source.local",
2026-03-01T10:41:55.3950822Z             "type==exec.cachemount",
2026-03-01T10:41:55.3951090Z             "type==source.git.checkout"
2026-03-01T10:41:55.3951326Z           ],
2026-03-01T10:41:55.3951501Z           "keepDuration": "48h0m0s"
2026-03-01T10:41:55.3951720Z         },
2026-03-01T10:41:55.3951887Z         {
2026-03-01T10:41:55.3952043Z           "all": false,
2026-03-01T10:41:55.3952255Z           "keepDuration": "1440h0m0s"
2026-03-01T10:41:55.3952477Z         },
2026-03-01T10:41:55.3952626Z         {
2026-03-01T10:41:55.3952781Z           "all": false
2026-03-01T10:41:55.3952965Z         },
2026-03-01T10:41:55.3953107Z         {
2026-03-01T10:41:55.3953264Z           "all": true
2026-03-01T10:41:55.3953446Z         }
2026-03-01T10:41:55.3953778Z       ]
2026-03-01T10:41:55.3953931Z     }
2026-03-01T10:41:55.3954079Z   ],
2026-03-01T10:41:55.3954301Z   "name": "builder-604903a2-91ec-45a6-b40c-aab43fc1c55b",
2026-03-01T10:41:55.3954610Z   "driver": "docker-container",
2026-03-01T10:41:55.3954863Z   "lastActivity": "2026-03-01T10:41:51.000Z"
2026-03-01T10:41:55.3955099Z }
2026-03-01T10:41:55.3955552Z ##[endgroup]
2026-03-01T10:41:55.5824016Z [command]/usr/bin/docker buildx build --cache-from type=gha --cache-to type=gha,mode=max --iidfile /home/runner/work/_temp/docker-actions-toolkit-01Ne5z/build-iidfile-6168ec3e49.txt --attest type=provenance,mode=max,builder-id=https://github.com/***/hpoll/actions/runs/22541681280/attempts/1 --tag ***/hpoll:4733c7b --tag ***/hpoll:latest-any --tag ***/hpoll:latest --metadata-file /home/runner/work/_temp/docker-actions-toolkit-01Ne5z/build-metadata-4d61b53ffd.json --push .
2026-03-01T10:41:55.8625942Z #0 building with "builder-604903a2-91ec-45a6-b40c-aab43fc1c55b" instance using docker-container driver
2026-03-01T10:41:55.8626751Z 
2026-03-01T10:41:55.8626977Z #1 [internal] load build definition from Dockerfile
2026-03-01T10:41:55.8627520Z #1 transferring dockerfile: 1.40kB done
2026-03-01T10:41:55.8627948Z #1 DONE 0.0s
2026-03-01T10:41:55.8628133Z 
2026-03-01T10:41:55.8628440Z #2 [internal] load metadata for mcr.microsoft.com/dotnet/runtime:8.0
2026-03-01T10:41:55.8771815Z #2 ...
2026-03-01T10:41:55.8772053Z 
2026-03-01T10:41:55.8772817Z #3 [internal] load metadata for mcr.microsoft.com/dotnet/sdk:8.0
2026-03-01T10:41:55.8773379Z #3 DONE 0.2s
2026-03-01T10:41:56.0053121Z 
2026-03-01T10:41:56.0057491Z #2 [internal] load metadata for mcr.microsoft.com/dotnet/runtime:8.0
2026-03-01T10:41:56.0062430Z #2 DONE 0.2s
2026-03-01T10:41:56.0062790Z 
2026-03-01T10:41:56.0063027Z #4 [internal] load .dockerignore
2026-03-01T10:41:56.0063602Z #4 transferring context: 192B done
2026-03-01T10:41:56.0063999Z #4 DONE 0.0s
2026-03-01T10:41:56.0064187Z 
2026-03-01T10:41:56.0064334Z #5 [internal] load build context
2026-03-01T10:41:56.0064752Z #5 DONE 0.0s
2026-03-01T10:41:56.0064919Z 
2026-03-01T10:41:56.0065583Z #6 [build  1/14] FROM mcr.microsoft.com/dotnet/sdk:8.0@sha256:bfb6ed602caa605141700aea7dc7d42574b74b704368e67d683c71a002123808
2026-03-01T10:41:56.0067167Z #6 resolve mcr.microsoft.com/dotnet/sdk:8.0@sha256:bfb6ed602caa605141700aea7dc7d42574b74b704368e67d683c71a002123808 done
2026-03-01T10:41:56.0068232Z #6 DONE 0.0s
2026-03-01T10:41:56.0068428Z 
2026-03-01T10:41:56.0069361Z #7 [runtime 1/4] FROM mcr.microsoft.com/dotnet/runtime:8.0@sha256:d304745fcb833f4dd78a0be39812f594722c598303cf0ed3feefd1cbb5d8cc48
2026-03-01T10:41:56.0071465Z #7 resolve mcr.microsoft.com/dotnet/runtime:8.0@sha256:d304745fcb833f4dd78a0be39812f594722c598303cf0ed3feefd1cbb5d8cc48 done
2026-03-01T10:41:56.0072641Z #7 DONE 0.0s
2026-03-01T10:41:56.0072830Z 
2026-03-01T10:41:56.0073073Z #8 importing cache manifest from gha:721426844907886474
2026-03-01T10:41:56.0073581Z #8 DONE 0.1s
2026-03-01T10:41:56.1983750Z 
2026-03-01T10:41:56.1985376Z #5 [internal] load build context
2026-03-01T10:41:56.1986060Z #5 transferring context: 450.96kB 0.0s done
2026-03-01T10:41:56.1986760Z #5 DONE 0.0s
2026-03-01T10:41:56.1986964Z 
2026-03-01T10:41:56.1988084Z #9 [build  3/14] COPY Hpoll.sln ./
2026-03-01T10:41:56.1988750Z #9 CACHED
2026-03-01T10:41:56.1988938Z 
2026-03-01T10:41:56.1989268Z #10 [build  6/14] COPY src/Hpoll.Email/Hpoll.Email.csproj src/Hpoll.Email/
2026-03-01T10:41:56.1989871Z #10 CACHED
2026-03-01T10:41:56.1990217Z 
2026-03-01T10:41:56.1990350Z #11 [build  2/14] WORKDIR /src
2026-03-01T10:41:56.1990858Z #11 CACHED
2026-03-01T10:41:56.1991022Z 
2026-03-01T10:41:56.1991363Z #12 [build  7/14] COPY src/Hpoll.Worker/Hpoll.Worker.csproj src/Hpoll.Worker/
2026-03-01T10:41:56.1992211Z #12 CACHED
2026-03-01T10:41:56.1992625Z 
2026-03-01T10:41:56.1993101Z #13 [build 11/14] COPY tests/Hpoll.Admin.Tests/Hpoll.Admin.Tests.csproj tests/Hpoll.Admin.Tests/
2026-03-01T10:41:56.1994064Z #13 CACHED
2026-03-01T10:41:56.1994229Z 
2026-03-01T10:41:56.1994525Z #14 [build  4/14] COPY src/Hpoll.Core/Hpoll.Core.csproj src/Hpoll.Core/
2026-03-01T10:41:56.1995520Z #14 CACHED
2026-03-01T10:41:56.1995736Z 
2026-03-01T10:41:56.1996210Z #15 [build 10/14] COPY tests/Hpoll.Worker.Tests/Hpoll.Worker.Tests.csproj tests/Hpoll.Worker.Tests/
2026-03-01T10:41:56.1996975Z #15 CACHED
2026-03-01T10:41:56.1997151Z 
2026-03-01T10:41:56.1997420Z #16 [build  5/14] COPY src/Hpoll.Data/Hpoll.Data.csproj src/Hpoll.Data/
2026-03-01T10:41:56.1997762Z #16 CACHED
2026-03-01T10:41:56.1997963Z 
2026-03-01T10:41:56.1998270Z #17 [build  8/14] COPY src/Hpoll.Admin/Hpoll.Admin.csproj src/Hpoll.Admin/
2026-03-01T10:41:56.1998744Z #17 CACHED
2026-03-01T10:41:56.1998924Z 
2026-03-01T10:41:56.1999332Z #18 [build  9/14] COPY tests/Hpoll.Core.Tests/Hpoll.Core.Tests.csproj tests/Hpoll.Core.Tests/
2026-03-01T10:41:56.2000062Z #18 CACHED
2026-03-01T10:41:56.2000223Z 
2026-03-01T10:41:56.2000410Z #19 [build 12/14] RUN dotnet restore
2026-03-01T10:41:56.2000720Z #19 CACHED
2026-03-01T10:41:56.3116574Z 
2026-03-01T10:41:56.3117067Z #19 [build 12/14] RUN dotnet restore
2026-03-01T10:41:56.3120343Z #19 sha256:661871e247a780d2fac9ee84668cc730ff50e62f24d541738c6c4092fc0bc68e 612B / 612B 0.0s done
2026-03-01T10:41:56.3121520Z #19 sha256:53b57a86df7b5cb3c499d2cc8040a53f9f5f8e4503a0d51f63d0bf7ad974ca2d 636B / 636B 0.0s done
2026-03-01T10:41:56.3122662Z #19 sha256:58505a14f4783daab3a14d1d100ba9c7b9569706b6b84fcadc3911eeec80aeb3 640B / 640B 0.0s done
2026-03-01T10:41:56.3123829Z #19 sha256:d6cd7593170e8df54eda9b6b2e983f17d1b2f19eb36b1d416cf24007c39363d5 432B / 432B 0.0s done
2026-03-01T10:41:56.3124998Z #19 sha256:0b05218a473144e6378b65e85ca25e7304575bcfc4b4fbd65eabf8e6a3f02c04 481B / 481B 0.0s done
2026-03-01T10:41:56.3126124Z #19 sha256:ae9845391a7b7e1e73b41182789c5546f58935cf4fa0fd7660d8bea060bf3115 594B / 594B 0.0s done
2026-03-01T10:41:56.3127271Z #19 sha256:0ff09e8ac5c8ef1065312e6465abab644c66223c1534c7eeeceb4828e028056f 400B / 400B 0.0s done
2026-03-01T10:41:56.3128500Z #19 sha256:41590cf6ca307ac823b295263a6168e5b268c7ed4cf2a488a1afbe7ba575c66d 390B / 390B 0.0s done
2026-03-01T10:41:56.4160720Z #19 sha256:7253e7304328f7c629d36a0e592e67a931d65c9cb8aee8f335a2567420e7b548 1.08kB / 1.08kB 0.0s done
2026-03-01T10:41:56.4165929Z #19 sha256:371913f3b27c5732c4bd964c1e7157b77e3d7b88fc66500bf68615454713bc93 92B / 92B 0.0s done
2026-03-01T10:41:56.4167143Z #19 sha256:286a5ecb2900ab7345c40400ae544fc53627b5b665b07946231f4b8bf89c72f1 4.19MB / 322.94MB 0.2s
2026-03-01T10:41:56.4168241Z #19 sha256:ffaade7316815c08ffa02c35dd54cac16554dd707b681cb5414615ae2b89cbe4 2.66kB / 2.66kB 0.1s done
2026-03-01T10:41:56.5676596Z #19 sha256:1ce3163978bfc6eebe1a4096128a10c15e3d549bfe4dbafecae7eaff5d880684 16.95MB / 16.95MB 0.2s done
2026-03-01T10:41:56.5677814Z #19 sha256:9eda903160eb5e12fea5b62a67b1bb5352c4c8b202fc57b903734be5a40b37e5 3.15MB / 178.33MB 0.2s
2026-03-01T10:41:56.5678914Z #19 sha256:45ab1d744fc2985dca4080064c8b46c5b8941b3283a00471a17589dfc7afbed7 10.49MB / 30.89MB 0.2s
2026-03-01T10:41:56.7159298Z #19 sha256:9eda903160eb5e12fea5b62a67b1bb5352c4c8b202fc57b903734be5a40b37e5 15.73MB / 178.33MB 0.3s
2026-03-01T10:41:56.7162807Z #19 sha256:45ab1d744fc2985dca4080064c8b46c5b8941b3283a00471a17589dfc7afbed7 24.12MB / 30.89MB 0.3s
2026-03-01T10:41:56.7164026Z #19 sha256:19f55511eb974d5ee74ad8626035b17e0a3611f057acbf4d6c9c613eb504f4fe 11.09MB / 11.09MB 0.1s done
2026-03-01T10:41:56.7165167Z #19 sha256:43a7330b8fe1a06cd7b7d2668fa5daf63b5867377b2abebd3d46ac0b27224d72 154B / 154B 0.0s done
2026-03-01T10:41:56.9158069Z #19 sha256:9eda903160eb5e12fea5b62a67b1bb5352c4c8b202fc57b903734be5a40b37e5 29.36MB / 178.33MB 0.5s
2026-03-01T10:41:56.9159738Z #19 sha256:45ab1d744fc2985dca4080064c8b46c5b8941b3283a00471a17589dfc7afbed7 30.89MB / 30.89MB 0.3s done
2026-03-01T10:41:56.9161047Z #19 sha256:f44ac69775562043a6e719dca01c62092c6d241d2a45bea7babbf93622d707f6 3.28kB / 3.28kB done
2026-03-01T10:41:56.9162012Z #19 sha256:b7bc0c57d439a6849239c7c833f51f7c00415322241dd47c619017035bf99b46 7.34MB / 32.25MB 0.2s
2026-03-01T10:41:56.9162966Z #19 sha256:84a2afebaf4de2e8eb885634a69abd0087b79c947c53fa4f0481235d6dfadc6c 8.39MB / 28.24MB 0.2s
2026-03-01T10:41:57.0653962Z #19 sha256:286a5ecb2900ab7345c40400ae544fc53627b5b665b07946231f4b8bf89c72f1 24.12MB / 322.94MB 0.8s
2026-03-01T10:41:57.0655991Z #19 sha256:9eda903160eb5e12fea5b62a67b1bb5352c4c8b202fc57b903734be5a40b37e5 40.89MB / 178.33MB 0.6s
2026-03-01T10:41:57.0657118Z #19 sha256:b7bc0c57d439a6849239c7c833f51f7c00415322241dd47c619017035bf99b46 32.25MB / 32.25MB 0.3s done
2026-03-01T10:41:57.0657816Z #19 sha256:84a2afebaf4de2e8eb885634a69abd0087b79c947c53fa4f0481235d6dfadc6c 24.12MB / 28.24MB 0.3s
2026-03-01T10:41:57.2262534Z #19 sha256:9eda903160eb5e12fea5b62a67b1bb5352c4c8b202fc57b903734be5a40b37e5 53.48MB / 178.33MB 0.9s
2026-03-01T10:41:57.2264277Z #19 sha256:84a2afebaf4de2e8eb885634a69abd0087b79c947c53fa4f0481235d6dfadc6c 28.24MB / 28.24MB 0.3s done
2026-03-01T10:41:57.2265347Z #19 sha256:5582c10cde677db7178e9112555100eeb65c2af51e3c59619e63098a6648f000 18.74MB / 18.74MB 0.2s done
2026-03-01T10:41:57.2266332Z #19 extracting sha256:84a2afebaf4de2e8eb885634a69abd0087b79c947c53fa4f0481235d6dfadc6c
2026-03-01T10:41:57.5264237Z #19 sha256:286a5ecb2900ab7345c40400ae544fc53627b5b665b07946231f4b8bf89c72f1 40.89MB / 322.94MB 1.2s
2026-03-01T10:41:57.5265510Z #19 sha256:9eda903160eb5e12fea5b62a67b1bb5352c4c8b202fc57b903734be5a40b37e5 63.96MB / 178.33MB 1.2s
2026-03-01T10:41:57.8259171Z #19 sha256:9eda903160eb5e12fea5b62a67b1bb5352c4c8b202fc57b903734be5a40b37e5 78.64MB / 178.33MB 1.5s
2026-03-01T10:41:57.9768859Z #19 sha256:286a5ecb2900ab7345c40400ae544fc53627b5b665b07946231f4b8bf89c72f1 58.72MB / 322.94MB 1.7s
2026-03-01T10:41:57.9770614Z #19 extracting sha256:84a2afebaf4de2e8eb885634a69abd0087b79c947c53fa4f0481235d6dfadc6c 0.8s done
2026-03-01T10:41:57.9771730Z #19 extracting sha256:5582c10cde677db7178e9112555100eeb65c2af51e3c59619e63098a6648f000
2026-03-01T10:41:58.1264315Z #19 sha256:9eda903160eb5e12fea5b62a67b1bb5352c4c8b202fc57b903734be5a40b37e5 91.23MB / 178.33MB 1.8s
2026-03-01T10:41:58.2761605Z #19 extracting sha256:5582c10cde677db7178e9112555100eeb65c2af51e3c59619e63098a6648f000 0.3s done
2026-03-01T10:41:58.2764799Z #19 extracting sha256:f44ac69775562043a6e719dca01c62092c6d241d2a45bea7babbf93622d707f6 done
2026-03-01T10:41:58.2768209Z #19 extracting sha256:b7bc0c57d439a6849239c7c833f51f7c00415322241dd47c619017035bf99b46
2026-03-01T10:41:58.4263260Z #19 sha256:9eda903160eb5e12fea5b62a67b1bb5352c4c8b202fc57b903734be5a40b37e5 103.81MB / 178.33MB 2.1s
2026-03-01T10:41:58.5763029Z #19 sha256:286a5ecb2900ab7345c40400ae544fc53627b5b665b07946231f4b8bf89c72f1 79.69MB / 322.94MB 2.3s
2026-03-01T10:41:58.7205309Z #19 extracting sha256:b7bc0c57d439a6849239c7c833f51f7c00415322241dd47c619017035bf99b46 0.4s done
2026-03-01T10:41:58.7206452Z #19 extracting sha256:43a7330b8fe1a06cd7b7d2668fa5daf63b5867377b2abebd3d46ac0b27224d72 done
2026-03-01T10:41:58.7207316Z #19 extracting sha256:19f55511eb974d5ee74ad8626035b17e0a3611f057acbf4d6c9c613eb504f4fe 0.1s done
2026-03-01T10:41:58.8760991Z #19 sha256:9eda903160eb5e12fea5b62a67b1bb5352c4c8b202fc57b903734be5a40b37e5 120.59MB / 178.33MB 2.6s
2026-03-01T10:41:58.8762477Z #19 extracting sha256:45ab1d744fc2985dca4080064c8b46c5b8941b3283a00471a17589dfc7afbed7
2026-03-01T10:41:59.1761927Z #19 sha256:286a5ecb2900ab7345c40400ae544fc53627b5b665b07946231f4b8bf89c72f1 99.61MB / 322.94MB 2.9s
2026-03-01T10:41:59.1763113Z #19 sha256:9eda903160eb5e12fea5b62a67b1bb5352c4c8b202fc57b903734be5a40b37e5 132.12MB / 178.33MB 2.9s
2026-03-01T10:41:59.4508517Z #19 extracting sha256:45ab1d744fc2985dca4080064c8b46c5b8941b3283a00471a17589dfc7afbed7 0.7s done
2026-03-01T10:41:59.6262536Z #19 sha256:286a5ecb2900ab7345c40400ae544fc53627b5b665b07946231f4b8bf89c72f1 118.49MB / 322.94MB 3.3s
2026-03-01T10:41:59.6263556Z #19 sha256:9eda903160eb5e12fea5b62a67b1bb5352c4c8b202fc57b903734be5a40b37e5 152.04MB / 178.33MB 3.3s
2026-03-01T10:41:59.9271542Z #19 sha256:9eda903160eb5e12fea5b62a67b1bb5352c4c8b202fc57b903734be5a40b37e5 166.72MB / 178.33MB 3.6s
2026-03-01T10:42:00.0762614Z #19 sha256:286a5ecb2900ab7345c40400ae544fc53627b5b665b07946231f4b8bf89c72f1 136.31MB / 322.94MB 3.8s
2026-03-01T10:42:00.2264032Z #19 sha256:9eda903160eb5e12fea5b62a67b1bb5352c4c8b202fc57b903734be5a40b37e5 178.33MB / 178.33MB 3.9s
2026-03-01T10:42:00.4030736Z #19 sha256:286a5ecb2900ab7345c40400ae544fc53627b5b665b07946231f4b8bf89c72f1 155.19MB / 322.94MB 4.2s
2026-03-01T10:42:00.4032524Z #19 sha256:9eda903160eb5e12fea5b62a67b1bb5352c4c8b202fc57b903734be5a40b37e5 178.33MB / 178.33MB 4.0s done
2026-03-01T10:42:00.4033652Z #19 extracting sha256:9eda903160eb5e12fea5b62a67b1bb5352c4c8b202fc57b903734be5a40b37e5
2026-03-01T10:42:00.8527907Z #19 sha256:286a5ecb2900ab7345c40400ae544fc53627b5b665b07946231f4b8bf89c72f1 171.97MB / 322.94MB 4.7s
2026-03-01T10:42:01.4531262Z #19 sha256:286a5ecb2900ab7345c40400ae544fc53627b5b665b07946231f4b8bf89c72f1 192.94MB / 322.94MB 5.3s
2026-03-01T10:42:01.9031258Z #19 sha256:286a5ecb2900ab7345c40400ae544fc53627b5b665b07946231f4b8bf89c72f1 210.76MB / 322.94MB 5.7s
2026-03-01T10:42:02.3527420Z #19 sha256:286a5ecb2900ab7345c40400ae544fc53627b5b665b07946231f4b8bf89c72f1 228.59MB / 322.94MB 6.2s
2026-03-01T10:42:02.8025282Z #19 sha256:286a5ecb2900ab7345c40400ae544fc53627b5b665b07946231f4b8bf89c72f1 247.46MB / 322.94MB 6.6s
2026-03-01T10:42:03.1026038Z #19 extracting sha256:9eda903160eb5e12fea5b62a67b1bb5352c4c8b202fc57b903734be5a40b37e5 2.7s done
2026-03-01T10:42:03.1027196Z #19 extracting sha256:ffaade7316815c08ffa02c35dd54cac16554dd707b681cb5414615ae2b89cbe4 done
2026-03-01T10:42:03.1028228Z #19 extracting sha256:1ce3163978bfc6eebe1a4096128a10c15e3d549bfe4dbafecae7eaff5d880684
2026-03-01T10:42:03.2524352Z #19 sha256:286a5ecb2900ab7345c40400ae544fc53627b5b665b07946231f4b8bf89c72f1 264.24MB / 322.94MB 7.1s
2026-03-01T10:42:03.3527036Z #19 extracting sha256:1ce3163978bfc6eebe1a4096128a10c15e3d549bfe4dbafecae7eaff5d880684 0.3s done
2026-03-01T10:42:03.3531133Z #19 extracting sha256:371913f3b27c5732c4bd964c1e7157b77e3d7b88fc66500bf68615454713bc93 done
2026-03-01T10:42:03.3532019Z #19 extracting sha256:7253e7304328f7c629d36a0e592e67a931d65c9cb8aee8f335a2567420e7b548 done
2026-03-01T10:42:03.3533143Z #19 extracting sha256:41590cf6ca307ac823b295263a6168e5b268c7ed4cf2a488a1afbe7ba575c66d done
2026-03-01T10:42:03.3534095Z #19 extracting sha256:0b05218a473144e6378b65e85ca25e7304575bcfc4b4fbd65eabf8e6a3f02c04 done
2026-03-01T10:42:03.3534987Z #19 extracting sha256:0ff09e8ac5c8ef1065312e6465abab644c66223c1534c7eeeceb4828e028056f done
2026-03-01T10:42:03.3535818Z #19 extracting sha256:ae9845391a7b7e1e73b41182789c5546f58935cf4fa0fd7660d8bea060bf3115 done
2026-03-01T10:42:03.3536836Z #19 extracting sha256:d6cd7593170e8df54eda9b6b2e983f17d1b2f19eb36b1d416cf24007c39363d5 done
2026-03-01T10:42:03.3537855Z #19 extracting sha256:661871e247a780d2fac9ee84668cc730ff50e62f24d541738c6c4092fc0bc68e done
2026-03-01T10:42:03.5526662Z #19 extracting sha256:58505a14f4783daab3a14d1d100ba9c7b9569706b6b84fcadc3911eeec80aeb3 done
2026-03-01T10:42:03.5527849Z #19 extracting sha256:53b57a86df7b5cb3c499d2cc8040a53f9f5f8e4503a0d51f63d0bf7ad974ca2d done
2026-03-01T10:42:03.7032119Z #19 sha256:286a5ecb2900ab7345c40400ae544fc53627b5b665b07946231f4b8bf89c72f1 281.02MB / 322.94MB 7.5s
2026-03-01T10:42:04.3025482Z #19 sha256:286a5ecb2900ab7345c40400ae544fc53627b5b665b07946231f4b8bf89c72f1 300.94MB / 322.94MB 8.1s
2026-03-01T10:42:04.9027133Z #19 sha256:286a5ecb2900ab7345c40400ae544fc53627b5b665b07946231f4b8bf89c72f1 320.86MB / 322.94MB 8.7s
2026-03-01T10:42:05.5702680Z #19 sha256:286a5ecb2900ab7345c40400ae544fc53627b5b665b07946231f4b8bf89c72f1 322.94MB / 322.94MB 9.2s done
2026-03-01T10:42:05.5703848Z #19 extracting sha256:286a5ecb2900ab7345c40400ae544fc53627b5b665b07946231f4b8bf89c72f1
2026-03-01T10:42:08.1713433Z #19 extracting sha256:286a5ecb2900ab7345c40400ae544fc53627b5b665b07946231f4b8bf89c72f1 2.8s done
2026-03-01T10:42:08.1714217Z #19 DONE 12.1s
2026-03-01T10:42:08.3218504Z 
2026-03-01T10:42:08.3218871Z #20 [build 13/14] COPY . .
2026-03-01T10:42:11.3257919Z #20 DONE 3.2s
2026-03-01T10:42:11.4772835Z 
2026-03-01T10:42:11.4773686Z #21 [build 14/14] RUN dotnet publish src/Hpoll.Worker/Hpoll.Worker.csproj -c Release -o /app/publish --no-restore
2026-03-01T10:42:14.8671892Z #21 3.541   Hpoll.Core -> /src/src/Hpoll.Core/bin/Release/net8.0/Hpoll.Core.dll
2026-03-01T10:42:15.9492089Z #21 4.622   Hpoll.Data -> /src/src/Hpoll.Data/bin/Release/net8.0/Hpoll.Data.dll
2026-03-01T10:42:16.8912217Z #21 5.564   Hpoll.Email -> /src/src/Hpoll.Email/bin/Release/net8.0/Hpoll.Email.dll
2026-03-01T10:42:18.2372060Z #21 6.911   Hpoll.Worker -> /src/src/Hpoll.Worker/bin/Release/net8.0/Hpoll.Worker.dll
2026-03-01T10:42:18.6334623Z #21 7.307   Hpoll.Worker -> /app/publish/
2026-03-01T10:42:18.7638464Z #21 DONE 7.4s
2026-03-01T10:42:18.7638647Z 
2026-03-01T10:42:18.7638759Z #22 [runtime 2/4] WORKDIR /app
2026-03-01T10:42:18.7639029Z #22 CACHED
2026-03-01T10:42:18.7639216Z 
2026-03-01T10:42:18.7639677Z #23 [runtime 3/4] RUN adduser --disabled-password --gecos "" appuser     && mkdir -p /app/data     && chown -R appuser:appuser /app
2026-03-01T10:42:18.8924738Z #23 sha256:ed46139303e33826cdca7115a6d97050bdec4dfbdfb9b9fae1d65b6401b7e1a1 93B / 93B 0.0s done
2026-03-01T10:42:18.8927225Z #23 extracting sha256:ed46139303e33826cdca7115a6d97050bdec4dfbdfb9b9fae1d65b6401b7e1a1 done
2026-03-01T10:42:18.8930949Z #23 sha256:d230724188601b8f1f345e64b5b93d49bfee4898c7e4bdf5ec76317b0c37cc8d 3.42kB / 3.42kB 0.0s done
2026-03-01T10:42:18.8932055Z #23 extracting sha256:d230724188601b8f1f345e64b5b93d49bfee4898c7e4bdf5ec76317b0c37cc8d done
2026-03-01T10:42:18.8932789Z #23 DONE 0.1s
2026-03-01T10:42:18.8935532Z 
2026-03-01T10:42:18.8936076Z #24 [runtime 4/4] COPY --from=build --chown=appuser:appuser /app/publish .
2026-03-01T10:42:18.8936669Z #24 DONE 0.1s
2026-03-01T10:42:19.0453028Z 
2026-03-01T10:42:19.0453851Z #25 exporting to image
2026-03-01T10:42:19.0454278Z #25 exporting layers
2026-03-01T10:42:20.1541756Z #25 exporting layers 1.3s done
2026-03-01T10:42:20.3526197Z #25 ...
2026-03-01T10:42:20.3526498Z 
2026-03-01T10:42:20.3527744Z #26 [auth] ***/hpoll:pull,push token for registry-1.docker.io
2026-03-01T10:42:20.3528443Z #26 DONE 0.0s
2026-03-01T10:42:20.3528629Z 
2026-03-01T10:42:20.3528723Z #25 exporting to image
2026-03-01T10:42:20.3529258Z #25 exporting manifest sha256:7a9fee92bad813a451945a9ce26d6cdf01a30fab7ab0cf841a957e89d24d5373 done
2026-03-01T10:42:20.3530371Z #25 exporting config sha256:725114dd426107a28bf4855764015a4aa7d49f8503956bfe4a23a3028aae0a36 done
2026-03-01T10:42:20.3531205Z #25 exporting attestation manifest sha256:fc444071225b26d5676b8c6db19889b5c1dd288fcf58db406f2a912859e923c0 done
2026-03-01T10:42:20.3532080Z #25 exporting manifest list sha256:3bc90edf9d97aec38eff5e944d05bfceea07bf06a73d83fcf8764c89067231ea done
2026-03-01T10:42:20.3532653Z #25 pushing layers
2026-03-01T10:42:21.6896251Z #25 pushing layers 1.5s done
2026-03-01T10:42:21.6897852Z #25 pushing manifest for docker.io/***/hpoll:4733c7b@sha256:3bc90edf9d97aec38eff5e944d05bfceea07bf06a73d83fcf8764c89067231ea
2026-03-01T10:42:23.7395062Z #25 pushing manifest for docker.io/***/hpoll:4733c7b@sha256:3bc90edf9d97aec38eff5e944d05bfceea07bf06a73d83fcf8764c89067231ea 2.0s done
2026-03-01T10:42:23.9350710Z #25 pushing layers 0.0s done
2026-03-01T10:42:23.9352392Z #25 pushing manifest for docker.io/***/hpoll:latest-any@sha256:3bc90edf9d97aec38eff5e944d05bfceea07bf06a73d83fcf8764c89067231ea
2026-03-01T10:42:25.3776687Z #25 pushing manifest for docker.io/***/hpoll:latest-any@sha256:3bc90edf9d97aec38eff5e944d05bfceea07bf06a73d83fcf8764c89067231ea 1.6s done
2026-03-01T10:42:25.5702478Z #25 pushing layers 0.0s done
2026-03-01T10:42:25.5703304Z #25 pushing manifest for docker.io/***/hpoll:latest@sha256:3bc90edf9d97aec38eff5e944d05bfceea07bf06a73d83fcf8764c89067231ea
2026-03-01T10:42:27.0018458Z #25 pushing manifest for docker.io/***/hpoll:latest@sha256:3bc90edf9d97aec38eff5e944d05bfceea07bf06a73d83fcf8764c89067231ea 1.6s done
2026-03-01T10:42:27.0019395Z #25 DONE 8.1s
2026-03-01T10:42:27.0019596Z 
2026-03-01T10:42:27.0019743Z #27 exporting to GitHub Actions Cache
2026-03-01T10:42:27.0020387Z #27 preparing build cache for export
2026-03-01T10:42:30.4391403Z #27 writing layer sha256:118014173078d2e2fe9ed5399dc0cafd830ef490397d45333af2e261857da11e
2026-03-01T10:42:30.5910524Z #27 writing layer sha256:118014173078d2e2fe9ed5399dc0cafd830ef490397d45333af2e261857da11e 0.2s done
2026-03-01T10:42:30.8172649Z #27 writing layer sha256:2ba5213dc8f0e0c559fd1c353a2da59dd38b9e1d7b5efe38b4f7407dabb8029f
2026-03-01T10:42:32.5421091Z #27 writing layer sha256:2ba5213dc8f0e0c559fd1c353a2da59dd38b9e1d7b5efe38b4f7407dabb8029f 1.9s done
2026-03-01T10:42:32.7320314Z #27 writing layer sha256:a5df68a1c26f44282c63d53d7e0138951bc648e302b005c7b5ac834b2bdf09c8
2026-03-01T10:42:33.4848350Z #27 writing layer sha256:a5df68a1c26f44282c63d53d7e0138951bc648e302b005c7b5ac834b2bdf09c8 0.8s done
2026-03-01T10:42:33.7424291Z #27 preparing build cache for export 6.7s done
2026-03-01T10:42:33.7424996Z #27 DONE 6.7s
2026-03-01T10:42:33.7740231Z 
2026-03-01T10:42:33.7740700Z #28 resolving provenance for metadata file
2026-03-01T10:42:33.7741031Z #28 DONE 0.0s
2026-03-01T10:42:33.7829733Z ##[group]ImageID
2026-03-01T10:42:33.7830626Z sha256:3bc90edf9d97aec38eff5e944d05bfceea07bf06a73d83fcf8764c89067231ea
2026-03-01T10:42:33.7831879Z ##[endgroup]
2026-03-01T10:42:33.7832460Z ##[group]Digest
2026-03-01T10:42:33.7833192Z sha256:3bc90edf9d97aec38eff5e944d05bfceea07bf06a73d83fcf8764c89067231ea
2026-03-01T10:42:33.7841213Z ##[endgroup]
2026-03-01T10:42:33.7841773Z ##[group]Metadata
2026-03-01T10:42:33.7842089Z {
2026-03-01T10:42:33.7842380Z   "buildx.build.provenance": {
2026-03-01T10:42:33.7842741Z     "builder": {
2026-03-01T10:42:33.7843389Z       "id": "https://github.com/***/hpoll/actions/runs/22541681280/attempts/1"
2026-03-01T10:42:33.7843997Z     },
2026-03-01T10:42:33.7844412Z     "buildType": "https://mobyproject.org/buildkit@v1",
2026-03-01T10:42:33.7844927Z     "materials": [
2026-03-01T10:42:33.7845234Z       {
2026-03-01T10:42:33.7845748Z         "uri": "pkg:docker/mcr.microsoft.com/dotnet/runtime@8.0?platform=linux%2Famd64",
2026-03-01T10:42:33.7846392Z         "digest": {
2026-03-01T10:42:33.7846945Z           "sha256": "d304745fcb833f4dd78a0be39812f594722c598303cf0ed3feefd1cbb5d8cc48"
2026-03-01T10:42:33.7847623Z         }
2026-03-01T10:42:33.7847907Z       },
2026-03-01T10:42:33.7848152Z       {
2026-03-01T10:42:33.7848623Z         "uri": "pkg:docker/mcr.microsoft.com/dotnet/sdk@8.0?platform=linux%2Famd64",
2026-03-01T10:42:33.7849228Z         "digest": {
2026-03-01T10:42:33.7849749Z           "sha256": "bfb6ed602caa605141700aea7dc7d42574b74b704368e67d683c71a002123808"
2026-03-01T10:42:33.7851184Z         }
2026-03-01T10:42:33.7851450Z       }
2026-03-01T10:42:33.7851696Z     ],
2026-03-01T10:42:33.7851956Z     "invocation": {
2026-03-01T10:42:33.7852266Z       "configSource": {
2026-03-01T10:42:33.7852606Z         "entryPoint": "Dockerfile"
2026-03-01T10:42:33.7852973Z       },
2026-03-01T10:42:33.7853240Z       "parameters": {
2026-03-01T10:42:33.7853573Z         "frontend": "dockerfile.v0",
2026-03-01T10:42:33.7853956Z         "locals": [
2026-03-01T10:42:33.7854241Z           {
2026-03-01T10:42:33.7854513Z             "name": "context"
2026-03-01T10:42:33.7855016Z           },
2026-03-01T10:42:33.7855285Z           {
2026-03-01T10:42:33.7855823Z             "name": "dockerfile"
2026-03-01T10:42:33.7856178Z           }
2026-03-01T10:42:33.7856431Z         ]
2026-03-01T10:42:33.7856675Z       },
2026-03-01T10:42:33.7856955Z       "environment": {
2026-03-01T10:42:33.7857333Z         "github_actor": "***",
2026-03-01T10:42:33.7857694Z         "github_actor_id": "169779439",
2026-03-01T10:42:33.7858138Z         "github_event_name": "push",
2026-03-01T10:42:33.7858577Z         "github_event_payload": {
2026-03-01T10:42:33.7859067Z           "after": "4733c7b90d1845db2d4934f1a8ed3ee4e7cc68fa",
2026-03-01T10:42:33.7859575Z           "base_ref": null,
2026-03-01T10:42:33.7860224Z           "before": "5ef2f7ecde3b3066981171ff873cf3560ff3ff76",
2026-03-01T10:42:33.7860737Z           "commits": [
2026-03-01T10:42:33.7861062Z             {
2026-03-01T10:42:33.7861359Z               "author": {
2026-03-01T10:42:33.7861724Z                 "email": "noreply@anthropic.com",
2026-03-01T10:42:33.7862470Z                 "name": "Claude",
2026-03-01T10:42:33.7862831Z                 "username": "claude"
2026-03-01T10:42:33.7863176Z               },
2026-03-01T10:42:33.7863472Z               "committer": {
2026-03-01T10:42:33.7863865Z                 "email": "noreply@anthropic.com",
2026-03-01T10:42:33.7864303Z                 "name": "Claude",
2026-03-01T10:42:33.7864684Z                 "username": "claude"
2026-03-01T10:42:33.7865056Z               },
2026-03-01T10:42:33.7865361Z               "distinct": false,
2026-03-01T10:42:33.7865798Z               "id": "1653105480431f822fb453bf577130d1f9b3c4eb",
2026-03-01T10:42:33.7869519Z               "message": "Increase DataRetentionHours default from 48 to 168 to preserve battery readings\n\nThe previous default (48h) was shorter than BatteryPollIntervalHours (84h),\ncausing battery readings to be purged before the next poll. This left a\n36-hour gap where no battery data existed, potentially causing daily emails\nto show missing battery status. The new default of 168h (7 days) ensures\nbattery readings survive between polls with comfortable margin.\n\nAlso adds a cross-validation test to guard against this mismatch recurring.\n\nhttps://claude.ai/code/session_01Vc24gJPWUQiDizj6zU7G5v",
2026-03-01T10:42:33.7873386Z               "timestamp": "2026-03-01T09:48:30Z",
2026-03-01T10:42:33.7873962Z               "tree_id": "37993497dba24c3993a3fbb86281f235ff903a1f",
2026-03-01T10:42:33.7874857Z               "url": "https://github.com/***/hpoll/commit/1653105480431f822fb453bf577130d1f9b3c4eb"
2026-03-01T10:42:33.7875542Z             },
2026-03-01T10:42:33.7875806Z             {
2026-03-01T10:42:33.7876108Z               "author": {
2026-03-01T10:42:33.7876490Z                 "email": "noreply@anthropic.com",
2026-03-01T10:42:33.7876937Z                 "name": "Claude",
2026-03-01T10:42:33.7877325Z                 "username": "claude"
2026-03-01T10:42:33.7877704Z               },
2026-03-01T10:42:33.7877994Z               "committer": {
2026-03-01T10:42:33.7878417Z                 "email": "noreply@anthropic.com",
2026-03-01T10:42:33.7878897Z                 "name": "Claude",
2026-03-01T10:42:33.7879289Z                 "username": "claude"
2026-03-01T10:42:33.7879682Z               },
2026-03-01T10:42:33.7880133Z               "distinct": false,
2026-03-01T10:42:33.7880588Z               "id": "445772622894c2c567d5b4054aac6ae33a080e36",
2026-03-01T10:42:33.7882751Z               "message": "Raise BatteryAlertThreshold default from 30% to 60%\n\nBattery status section in daily emails now appears when any device drops\nbelow 60% instead of 30%, giving earlier visibility into declining\nbatteries before they reach critical levels.\n\nhttps://claude.ai/code/session_01Vc24gJPWUQiDizj6zU7G5v",
2026-03-01T10:42:33.7884851Z               "timestamp": "2026-03-01T10:27:19Z",
2026-03-01T10:42:33.7885423Z               "tree_id": "fed14b8f8e252a3651acaed90eb5897447e2cde9",
2026-03-01T10:42:33.7888043Z               "url": "https://github.com/***/hpoll/commit/445772622894c2c567d5b4054aac6ae33a080e36"
2026-03-01T10:42:33.7888850Z             },
2026-03-01T10:42:33.7889420Z             {
2026-03-01T10:42:33.7889715Z               "author": {
2026-03-01T10:42:33.7890388Z                 "email": "noreply@anthropic.com",
2026-03-01T10:42:33.7890865Z                 "name": "Claude",
2026-03-01T10:42:33.7891262Z                 "username": "claude"
2026-03-01T10:42:33.7891662Z               },
2026-03-01T10:42:33.7891959Z               "committer": {
2026-03-01T10:42:33.7892369Z                 "email": "noreply@anthropic.com",
2026-03-01T10:42:33.7892861Z                 "name": "Claude",
2026-03-01T10:42:33.7893228Z                 "username": "claude"
2026-03-01T10:42:33.7893612Z               },
2026-03-01T10:42:33.7893929Z               "distinct": false,
2026-03-01T10:42:33.7894386Z               "id": "caf9aa157a743f2b69ea16fbb8d0477056d8979c",
2026-03-01T10:42:33.7895381Z               "message": "Merge remote-tracking branch 'origin/main' into claude/review-retention-poll-intervals-AoiB2",
2026-03-01T10:42:33.7896623Z               "timestamp": "2026-03-01T10:30:25Z",
2026-03-01T10:42:33.7897255Z               "tree_id": "ced539b143cc6a1cc88979399bb1c1cf5a04b425",
2026-03-01T10:42:33.7898211Z               "url": "https://github.com/***/hpoll/commit/caf9aa157a743f2b69ea16fbb8d0477056d8979c"
2026-03-01T10:42:33.7898868Z             },
2026-03-01T10:42:33.7899180Z             {
2026-03-01T10:42:33.7899458Z               "author": {
2026-03-01T10:42:33.7899838Z                 "email": "demerit_hamlet_0m@icloud.com",
2026-03-01T10:42:33.7900489Z                 "name": "***",
2026-03-01T10:42:33.7900856Z                 "username": "***"
2026-03-01T10:42:33.7901206Z               },
2026-03-01T10:42:33.7901488Z               "committer": {
2026-03-01T10:42:33.7902058Z                 "email": "noreply@github.com",
2026-03-01T10:42:33.7902588Z                 "name": "GitHub",
2026-03-01T10:42:33.7902967Z                 "username": "web-flow"
2026-03-01T10:42:33.7903342Z               },
2026-03-01T10:42:33.7903666Z               "distinct": true,
2026-03-01T10:42:33.7904093Z               "id": "4733c7b90d1845db2d4934f1a8ed3ee4e7cc68fa",
2026-03-01T10:42:33.7905560Z               "message": "Merge pull request #30 from ***/claude/review-retention-poll-intervals-AoiB2\n\nIncrease DataRetentionHours default to prevent battery reading loss",
2026-03-01T10:42:33.7906888Z               "timestamp": "2026-03-01T21:40:09+11:00",
2026-03-01T10:42:33.7907483Z               "tree_id": "ced539b143cc6a1cc88979399bb1c1cf5a04b425",
2026-03-01T10:42:33.7908078Z               "url": "https://github.com/***/hpoll/commit/4733c7b90d1845db2d4934f1a8ed3ee4e7cc68fa"
2026-03-01T10:42:33.7908466Z             }
2026-03-01T10:42:33.7908632Z           ],
2026-03-01T10:42:33.7908961Z           "compare": "https://github.com/***/hpoll/compare/5ef2f7ecde3b...4733c7b90d18",
2026-03-01T10:42:33.7909415Z           "created": false,
2026-03-01T10:42:33.7909653Z           "deleted": false,
2026-03-01T10:42:33.7909861Z           "forced": false,
2026-03-01T10:42:33.7910375Z           "head_commit": {
2026-03-01T10:42:33.7910575Z             "author": {
2026-03-01T10:42:33.7910794Z               "email": "demerit_hamlet_0m@icloud.com",
2026-03-01T10:42:33.7911082Z               "name": "***",
2026-03-01T10:42:33.7911304Z               "username": "***"
2026-03-01T10:42:33.7911507Z             },
2026-03-01T10:42:33.7911672Z             "committer": {
2026-03-01T10:42:33.7911889Z               "email": "noreply@github.com",
2026-03-01T10:42:33.7912134Z               "name": "GitHub",
2026-03-01T10:42:33.7912342Z               "username": "web-flow"
2026-03-01T10:42:33.7912562Z             },
2026-03-01T10:42:33.7912736Z             "distinct": true,
2026-03-01T10:42:33.7913284Z             "id": "4733c7b90d1845db2d4934f1a8ed3ee4e7cc68fa",
2026-03-01T10:42:33.7914568Z             "message": "Merge pull request #30 from ***/claude/review-retention-poll-intervals-AoiB2\n\nIncrease DataRetentionHours default to prevent battery reading loss",
2026-03-01T10:42:33.7916116Z             "timestamp": "2026-03-01T21:40:09+11:00",
2026-03-01T10:42:33.7916468Z             "tree_id": "ced539b143cc6a1cc88979399bb1c1cf5a04b425",
2026-03-01T10:42:33.7916977Z             "url": "https://github.com/***/hpoll/commit/4733c7b90d1845db2d4934f1a8ed3ee4e7cc68fa"
2026-03-01T10:42:33.7917359Z           },
2026-03-01T10:42:33.7917538Z           "pusher": {
2026-03-01T10:42:33.7917761Z             "email": "demerit_hamlet_0m@icloud.com",
2026-03-01T10:42:33.7918029Z             "name": "***"
2026-03-01T10:42:33.7918222Z           },
2026-03-01T10:42:33.7918393Z           "ref": "refs/heads/main",
2026-03-01T10:42:33.7918618Z           "repository": {
2026-03-01T10:42:33.7918822Z             "allow_forking": true,
2026-03-01T10:42:33.7919213Z             "archive_url": "https://api.github.com/repos/***/hpoll/{archive_format}{/ref}",
2026-03-01T10:42:33.7919602Z             "archived": false,
2026-03-01T10:42:33.7920254Z             "assignees_url": "https://api.github.com/repos/***/hpoll/assignees{/user}",
2026-03-01T10:42:33.7921053Z             "blobs_url": "https://api.github.com/repos/***/hpoll/git/blobs{/sha}",
2026-03-01T10:42:33.7921551Z             "branches_url": "https://api.github.com/repos/***/hpoll/branches{/branch}",
2026-03-01T10:42:33.7921980Z             "clone_url": "https://github.com/***/hpoll.git",
2026-03-01T10:42:33.7922476Z             "collaborators_url": "https://api.github.com/repos/***/hpoll/collaborators{/collaborator}",
2026-03-01T10:42:33.7923031Z             "comments_url": "https://api.github.com/repos/***/hpoll/comments{/number}",
2026-03-01T10:42:33.7923812Z             "commits_url": "https://api.github.com/repos/***/hpoll/commits{/sha}",
2026-03-01T10:42:33.7924779Z             "compare_url": "https://api.github.com/repos/***/hpoll/compare/{base}...{head}",
2026-03-01T10:42:33.7925727Z             "contents_url": "https://api.github.com/repos/***/hpoll/contents/{+path}",
2026-03-01T10:42:33.7926623Z             "contributors_url": "https://api.github.com/repos/***/hpoll/contributors",
2026-03-01T10:42:33.7927296Z             "created_at": 1772100118,
2026-03-01T10:42:33.7927761Z             "default_branch": "main",
2026-03-01T10:42:33.7928427Z             "deployments_url": "https://api.github.com/repos/***/hpoll/deployments",
2026-03-01T10:42:33.7929049Z             "description": null,
2026-03-01T10:42:33.7929412Z             "disabled": false,
2026-03-01T10:42:33.7930251Z             "downloads_url": "https://api.github.com/repos/***/hpoll/downloads",
2026-03-01T10:42:33.7931074Z             "events_url": "https://api.github.com/repos/***/hpoll/events",
2026-03-01T10:42:33.7931640Z             "fork": false,
2026-03-01T10:42:33.7932035Z             "forks": 0,
2026-03-01T10:42:33.7932385Z             "forks_count": 0,
2026-03-01T10:42:33.7932935Z             "forks_url": "https://api.github.com/repos/***/hpoll/forks",
2026-03-01T10:42:33.7933529Z             "full_name": "***/hpoll",
2026-03-01T10:42:33.7934222Z             "git_commits_url": "https://api.github.com/repos/***/hpoll/git/commits{/sha}",
2026-03-01T10:42:33.7936215Z             "git_refs_url": "https://api.github.com/repos/***/hpoll/git/refs{/sha}",
2026-03-01T10:42:33.7937075Z             "git_tags_url": "https://api.github.com/repos/***/hpoll/git/tags{/sha}",
2026-03-01T10:42:33.7937796Z             "git_url": "git://github.com/***/hpoll.git",
2026-03-01T10:42:33.7938302Z             "has_discussions": false,
2026-03-01T10:42:33.7938709Z             "has_downloads": true,
2026-03-01T10:42:33.7939093Z             "has_issues": true,
2026-03-01T10:42:33.7939465Z             "has_pages": false,
2026-03-01T10:42:33.7939822Z             "has_projects": true,
2026-03-01T10:42:33.7940428Z             "has_pull_requests": true,
2026-03-01T10:42:33.7940863Z             "has_wiki": true,
2026-03-01T10:42:33.7941233Z             "homepage": null,
2026-03-01T10:42:33.7941812Z             "hooks_url": "https://api.github.com/repos/***/hpoll/hooks",
2026-03-01T10:42:33.7942503Z             "html_url": "https://github.com/***/hpoll",
2026-03-01T10:42:33.7943225Z             "id": 1167451352,
2026-03-01T10:42:33.7943623Z             "is_template": false,
2026-03-01T10:42:33.7944374Z             "issue_comment_url": "https://api.github.com/repos/***/hpoll/issues/comments{/number}",
2026-03-01T10:42:33.7945393Z             "issue_events_url": "https://api.github.com/repos/***/hpoll/issues/events{/number}",
2026-03-01T10:42:33.7946312Z             "issues_url": "https://api.github.com/repos/***/hpoll/issues{/number}",
2026-03-01T10:42:33.7947139Z             "keys_url": "https://api.github.com/repos/***/hpoll/keys{/key_id}",
2026-03-01T10:42:33.7947967Z             "labels_url": "https://api.github.com/repos/***/hpoll/labels{/name}",
2026-03-01T10:42:33.7948604Z             "language": "C#",
2026-03-01T10:42:33.7949244Z             "languages_url": "https://api.github.com/repos/***/hpoll/languages",
2026-03-01T10:42:33.7949877Z             "license": null,
2026-03-01T10:42:33.7950771Z             "master_branch": "main",
2026-03-01T10:42:33.7951345Z             "merges_url": "https://api.github.com/repos/***/hpoll/merges",
2026-03-01T10:42:33.7952139Z             "milestones_url": "https://api.github.com/repos/***/hpoll/milestones{/number}",
2026-03-01T10:42:33.7952838Z             "mirror_url": null,
2026-03-01T10:42:33.7953217Z             "name": "hpoll",
2026-03-01T10:42:33.7953596Z             "node_id": "R_kgDORZXk2A",
2026-03-01T10:42:33.7954484Z             "notifications_url": "https://api.github.com/repos/***/hpoll/notifications{?since,all,participating}",
2026-03-01T10:42:33.7955451Z             "open_issues": 0,
2026-03-01T10:42:33.7955860Z             "open_issues_count": 0,
2026-03-01T10:42:33.7956251Z             "owner": {
2026-03-01T10:42:33.7956770Z               "avatar_url": "https://avatars.githubusercontent.com/u/169779439?v=4",
2026-03-01T10:42:33.7957464Z               "email": "demerit_hamlet_0m@icloud.com",
2026-03-01T10:42:33.7958150Z               "events_url": "https://api.github.com/users/***/events{/privacy}",
2026-03-01T10:42:33.7958946Z               "followers_url": "https://api.github.com/users/***/followers",
2026-03-01T10:42:33.7959814Z               "following_url": "https://api.github.com/users/***/following{/other_user}",
2026-03-01T10:42:33.7960978Z               "gists_url": "https://api.github.com/users/***/gists{/gist_id}",
2026-03-01T10:42:33.7961579Z               "gravatar_id": "",
2026-03-01T10:42:33.7962058Z               "html_url": "https://github.com/***",
2026-03-01T10:42:33.7962540Z               "id": 169779439,
2026-03-01T10:42:33.7962955Z               "login": "***",
2026-03-01T10:42:33.7963366Z               "name": "***",
2026-03-01T10:42:33.7963754Z               "node_id": "U_kgDOCh6g7w",
2026-03-01T10:42:33.7964384Z               "organizations_url": "https://api.github.com/users/***/orgs",
2026-03-01T10:42:33.7965253Z               "received_events_url": "https://api.github.com/users/***/received_events",
2026-03-01T10:42:33.7966099Z               "repos_url": "https://api.github.com/users/***/repos",
2026-03-01T10:42:33.7966589Z               "site_admin": false,
2026-03-01T10:42:33.7966965Z               "starred_url": "https://api.github.com/users/***/starred{/owner}{/repo}",
2026-03-01T10:42:33.7967463Z               "subscriptions_url": "https://api.github.com/users/***/subscriptions",
2026-03-01T10:42:33.7967821Z               "type": "User",
2026-03-01T10:42:33.7968083Z               "url": "https://api.github.com/users/***",
2026-03-01T10:42:33.7968364Z               "user_view_type": "public"
2026-03-01T10:42:33.7968597Z             },
2026-03-01T10:42:33.7968768Z             "private": false,
2026-03-01T10:42:33.7969014Z             "pull_request_creation_policy": "all",
2026-03-01T10:42:33.7969421Z             "pulls_url": "https://api.github.com/repos/***/hpoll/pulls{/number}",
2026-03-01T10:42:33.7969773Z             "pushed_at": 1772361609,
2026-03-01T10:42:33.7970407Z             "releases_url": "https://api.github.com/repos/***/hpoll/releases{/id}",
2026-03-01T10:42:33.7970953Z             "size": 1382,
2026-03-01T10:42:33.7971212Z             "ssh_url": "git@github.com:***/hpoll.git",
2026-03-01T10:42:33.7971481Z             "stargazers": 0,
2026-03-01T10:42:33.7971690Z             "stargazers_count": 0,
2026-03-01T10:42:33.7972036Z             "stargazers_url": "https://api.github.com/repos/***/hpoll/stargazers",
2026-03-01T10:42:33.7972509Z             "statuses_url": "https://api.github.com/repos/***/hpoll/statuses/{sha}",
2026-03-01T10:42:33.7972990Z             "subscribers_url": "https://api.github.com/repos/***/hpoll/subscribers",
2026-03-01T10:42:33.7973481Z             "subscription_url": "https://api.github.com/repos/***/hpoll/subscription",
2026-03-01T10:42:33.7973896Z             "svn_url": "https://github.com/***/hpoll",
2026-03-01T10:42:33.7974241Z             "tags_url": "https://api.github.com/repos/***/hpoll/tags",
2026-03-01T10:42:33.7974633Z             "teams_url": "https://api.github.com/repos/***/hpoll/teams",
2026-03-01T10:42:33.7975064Z             "topics": [],
2026-03-01T10:42:33.7975385Z             "trees_url": "https://api.github.com/repos/***/hpoll/git/trees{/sha}",
2026-03-01T10:42:33.7975739Z             "updated_at": "2026-03-01T10:17:41Z",
2026-03-01T10:42:33.7976047Z             "url": "https://api.github.com/repos/***/hpoll",
2026-03-01T10:42:33.7976339Z             "visibility": "public",
2026-03-01T10:42:33.7976562Z             "watchers": 0,
2026-03-01T10:42:33.7976759Z             "watchers_count": 0,
2026-03-01T10:42:33.7976993Z             "web_commit_signoff_required": false
2026-03-01T10:42:33.7977234Z           },
2026-03-01T10:42:33.7977392Z           "sender": {
2026-03-01T10:42:33.7977695Z             "avatar_url": "https://avatars.githubusercontent.com/u/169779439?v=4",
2026-03-01T10:42:33.7978156Z             "events_url": "https://api.github.com/users/***/events{/privacy}",
2026-03-01T10:42:33.7978599Z             "followers_url": "https://api.github.com/users/***/followers",
2026-03-01T10:42:33.7979075Z             "following_url": "https://api.github.com/users/***/following{/other_user}",
2026-03-01T10:42:33.7979546Z             "gists_url": "https://api.github.com/users/***/gists{/gist_id}",
2026-03-01T10:42:33.7979867Z             "gravatar_id": "",
2026-03-01T10:42:33.7980337Z             "html_url": "https://github.com/***",
2026-03-01T10:42:33.7980600Z             "id": 169779439,
2026-03-01T10:42:33.7980812Z             "login": "***",
2026-03-01T10:42:33.7981026Z             "node_id": "U_kgDOCh6g7w",
2026-03-01T10:42:33.7981368Z             "organizations_url": "https://api.github.com/users/***/orgs",
2026-03-01T10:42:33.7981831Z             "received_events_url": "https://api.github.com/users/***/received_events",
2026-03-01T10:42:33.7982269Z             "repos_url": "https://api.github.com/users/***/repos",
2026-03-01T10:42:33.7982565Z             "site_admin": false,
2026-03-01T10:42:33.7982914Z             "starred_url": "https://api.github.com/users/***/starred{/owner}{/repo}",
2026-03-01T10:42:33.7983400Z             "subscriptions_url": "https://api.github.com/users/***/subscriptions",
2026-03-01T10:42:33.7983748Z             "type": "User",
2026-03-01T10:42:33.7984006Z             "url": "https://api.github.com/users/***",
2026-03-01T10:42:33.7984277Z             "user_view_type": "public"
2026-03-01T10:42:33.7984499Z           }
2026-03-01T10:42:33.7984657Z         },
2026-03-01T10:42:33.7984822Z         "github_job": "docker",
2026-03-01T10:42:33.7985046Z         "github_ref": "refs/heads/main",
2026-03-01T10:42:33.7985296Z         "github_ref_name": "main",
2026-03-01T10:42:33.7985527Z         "github_ref_protected": "false",
2026-03-01T10:42:33.7985771Z         "github_ref_type": "branch",
2026-03-01T10:42:33.7986027Z         "github_repository": "***/hpoll",
2026-03-01T10:42:33.7986283Z         "github_repository_id": "1167451352",
2026-03-01T10:42:33.7986540Z         "github_repository_owner": "***",
2026-03-01T10:42:33.7986808Z         "github_repository_owner_id": "169779439",
2026-03-01T10:42:33.7987200Z         "github_run_attempt": "1",
2026-03-01T10:42:33.7987438Z         "github_run_id": "22541681280",
2026-03-01T10:42:33.7987674Z         "github_run_number": "150",
2026-03-01T10:42:33.7987903Z         "github_runner_arch": "X64",
2026-03-01T10:42:33.7988164Z         "github_runner_environment": "github-hosted",
2026-03-01T10:42:33.7988443Z         "github_runner_image_os": "ubuntu24",
2026-03-01T10:42:33.7988721Z         "github_runner_image_version": "20260224.36.1",
2026-03-01T10:42:33.7989017Z         "github_runner_name": "GitHub Actions 1000000871",
2026-03-01T10:42:33.7989302Z         "github_runner_os": "Linux",
2026-03-01T10:42:33.7989637Z         "github_runner_tracking_id": "github_92e5df2d-e21d-4d56-8555-19aaf7ee8bad",
2026-03-01T10:42:33.7990314Z         "github_server_url": "https://github.com",
2026-03-01T10:42:33.7990609Z         "github_triggering_actor": "***",
2026-03-01T10:42:33.7990863Z         "github_workflow": "Build & Test",
2026-03-01T10:42:33.7991445Z         "github_workflow_ref": "***/hpoll/.github/workflows/build-and-test.yml@refs/heads/main",
2026-03-01T10:42:33.7991927Z         "github_workflow_sha": "4733c7b90d1845db2d4934f1a8ed3ee4e7cc68fa",
2026-03-01T10:42:33.7992251Z         "platform": "linux/amd64"
2026-03-01T10:42:33.7992468Z       }
2026-03-01T10:42:33.7992616Z     }
2026-03-01T10:42:33.7992759Z   },
2026-03-01T10:42:33.7993279Z   "buildx.build.ref": "builder-604903a2-91ec-45a6-b40c-aab43fc1c55b/builder-604903a2-91ec-45a6-b40c-aab43fc1c55b0/4vqozvxho2n29ti45vuqnwj5i",
2026-03-01T10:42:33.7993891Z   "containerimage.descriptor": {
2026-03-01T10:42:33.7994196Z     "mediaType": "application/vnd.oci.image.index.v1+json",
2026-03-01T10:42:33.7994659Z     "digest": "sha256:3bc90edf9d97aec38eff5e944d05bfceea07bf06a73d83fcf8764c89067231ea",
2026-03-01T10:42:33.7995053Z     "size": 856
2026-03-01T10:42:33.7995212Z   },
2026-03-01T10:42:33.7995578Z   "containerimage.digest": "sha256:3bc90edf9d97aec38eff5e944d05bfceea07bf06a73d83fcf8764c89067231ea",
2026-03-01T10:42:33.7996225Z   "image.name": "***/hpoll:4733c7b,***/hpoll:latest-any,***/hpoll:latest"
2026-03-01T10:42:33.7996542Z }
2026-03-01T10:42:33.7997054Z ##[endgroup]
2026-03-01T10:42:33.7997637Z ##[group]Reference
2026-03-01T10:42:33.7998445Z builder-604903a2-91ec-45a6-b40c-aab43fc1c55b/builder-604903a2-91ec-45a6-b40c-aab43fc1c55b0/4vqozvxho2n29ti45vuqnwj5i
2026-03-01T10:42:33.7999374Z ##[endgroup]
2026-03-01T10:42:33.7999714Z ##[group]Check build summary support
2026-03-01T10:42:33.8000498Z Build summary supported!
2026-03-01T10:42:33.8000825Z ##[endgroup]
2026-03-01T10:42:33.8080539Z Post job cleanup.
2026-03-01T10:42:34.0426444Z ##[group]Generating build summary
2026-03-01T10:42:34.1419003Z exporting build record to /home/runner/work/_temp/docker-actions-toolkit-f9Hd27/export
2026-03-01T10:42:37.1475459Z [command]/usr/bin/mkfifo /home/runner/work/_temp/docker-actions-toolkit-f9Hd27/buildx-in-2X3Hbk.fifo
2026-03-01T10:42:37.1534239Z [command]/usr/bin/mkfifo /home/runner/work/_temp/docker-actions-toolkit-f9Hd27/buildx-out-02nL1T.fifo
2026-03-01T10:42:37.1580353Z [command]docker buildx --builder builder-604903a2-91ec-45a6-b40c-aab43fc1c55b dial-stdio
2026-03-01T10:42:37.1614257Z [command]docker run --rm -i -v /home/runner/.docker/buildx/refs:/buildx-refs -v /home/runner/work/_temp/docker-actions-toolkit-f9Hd27/export:/out docker.io/dockereng/export-build:latest --ref-state-dir=/buildx-refs --node=builder-604903a2-91ec-45a6-b40c-aab43fc1c55b/builder-604903a2-91ec-45a6-b40c-aab43fc1c55b0 --ref=4vqozvxho2n29ti45vuqnwj5i --uid=1001 --gid=1001
2026-03-01T10:42:37.1771841Z Unable to find image 'dockereng/export-build:latest' locally
2026-03-01T10:42:37.4183489Z latest: Pulling from dockereng/export-build
2026-03-01T10:42:37.4930624Z 5f398fcfd265: Pulling fs layer
2026-03-01T10:42:37.4931094Z 152e015ae384: Pulling fs layer
2026-03-01T10:42:37.5683974Z 152e015ae384: Verifying Checksum
2026-03-01T10:42:37.5685142Z 152e015ae384: Download complete
2026-03-01T10:42:37.6467443Z 5f398fcfd265: Verifying Checksum
2026-03-01T10:42:37.6467907Z 5f398fcfd265: Download complete
2026-03-01T10:42:37.7533012Z 5f398fcfd265: Pull complete
2026-03-01T10:42:37.7724000Z 152e015ae384: Pull complete
2026-03-01T10:42:37.7759235Z Digest: sha256:8a8d92fc2d7cc8a8855400970bb971436fc117bd39366595f55f7e1283a1e961
2026-03-01T10:42:37.7771415Z Status: Downloaded newer image for dockereng/export-build:latest
2026-03-01T10:42:38.4011435Z Process "docker run" exited with code 0
2026-03-01T10:42:38.4012774Z Parsing /home/runner/work/_temp/docker-actions-toolkit-f9Hd27/export/summary.json
2026-03-01T10:42:38.4014158Z Build record written to /home/runner/work/_temp/docker-actions-toolkit-f9Hd27/export/***~hpoll~4VQOZV.dockerbuild (60 KB)
2026-03-01T10:42:38.4021624Z Uploading ***~hpoll~4VQOZV.dockerbuild to blob storage
2026-03-01T10:42:38.4351390Z ERROR: read unix @->/run/docker.sock: use of closed network connection
2026-03-01T10:42:38.4386646Z Process "buildx dial-stdio" was killed with signal SIGKILL
2026-03-01T10:42:38.4817204Z Beginning upload of artifact content to blob storage
2026-03-01T10:42:38.4905817Z Uploaded bytes 61441
2026-03-01T10:42:38.5153406Z Finished uploading artifact content to blob storage!
2026-03-01T10:42:38.5159179Z SHA256 hash of uploaded artifact is e42ffc82e87123e2f29901d50e80561d170c0a786bb3ef2389a8a94b33e59f82
2026-03-01T10:42:38.5161384Z Finalizing artifact upload
2026-03-01T10:42:38.6086081Z Artifact successfully finalized (5709364407)
2026-03-01T10:42:38.6087782Z Artifact download URL: https://github.com/***/hpoll/actions/runs/22541681280/artifacts/5709364407
2026-03-01T10:42:38.6112160Z Writing summary
2026-03-01T10:42:38.6124559Z ##[endgroup]
2026-03-01T10:42:38.6125385Z ##[group]Removing temp folder /home/runner/work/_temp/docker-actions-toolkit-01Ne5z
2026-03-01T10:42:38.6134730Z ##[endgroup]
2026-03-01T10:42:38.6135292Z ##[group]Post cache
2026-03-01T10:42:38.6136410Z State not set
2026-03-01T10:42:38.6137222Z ##[endgroup]
2026-03-01T10:42:38.6275711Z Post job cleanup.
2026-03-01T10:42:38.9230233Z [command]/usr/bin/docker logout 
2026-03-01T10:42:38.9383117Z Removing login credentials for https://index.docker.io/v1/
2026-03-01T10:42:38.9428387Z ##[group]Post cache
2026-03-01T10:42:38.9430693Z State not set
2026-03-01T10:42:38.9432427Z ##[endgroup]
2026-03-01T10:42:38.9593707Z Post job cleanup.
2026-03-01T10:42:39.1979891Z ##[group]Removing builder
2026-03-01T10:42:39.3064595Z [command]/usr/bin/docker buildx rm builder-604903a2-91ec-45a6-b40c-aab43fc1c55b
2026-03-01T10:42:40.3618734Z builder-604903a2-91ec-45a6-b40c-aab43fc1c55b removed
2026-03-01T10:42:40.3667581Z ##[endgroup]
2026-03-01T10:42:40.3669206Z ##[group]Cleaning up certificates
2026-03-01T10:42:40.3675979Z ##[endgroup]
2026-03-01T10:42:40.3676777Z ##[group]Post cache
2026-03-01T10:42:40.3679102Z State not set
2026-03-01T10:42:40.3681754Z ##[endgroup]
2026-03-01T10:42:40.3814204Z Post job cleanup.
2026-03-01T10:42:40.4792111Z [command]/usr/bin/git version
2026-03-01T10:42:40.4829082Z git version 2.53.0
2026-03-01T10:42:40.4874234Z Temporarily overriding HOME='/home/runner/work/_temp/a3cfd397-8e76-4a1d-97a2-31695c99a324' before making global git config changes
2026-03-01T10:42:40.4875538Z Adding repository directory to the temporary git global config as a safe directory
2026-03-01T10:42:40.4881595Z [command]/usr/bin/git config --global --add safe.directory /home/runner/work/hpoll/hpoll
2026-03-01T10:42:40.4922760Z [command]/usr/bin/git config --local --name-only --get-regexp core\.sshCommand
2026-03-01T10:42:40.4957302Z [command]/usr/bin/git submodule foreach --recursive sh -c "git config --local --name-only --get-regexp 'core\.sshCommand' && git config --local --unset-all 'core.sshCommand' || :"
2026-03-01T10:42:40.5200645Z [command]/usr/bin/git config --local --name-only --get-regexp http\.https\:\/\/github\.com\/\.extraheader
2026-03-01T10:42:40.5223076Z http.https://github.com/.extraheader
2026-03-01T10:42:40.5236836Z [command]/usr/bin/git config --local --unset-all http.https://github.com/.extraheader
2026-03-01T10:42:40.5268704Z [command]/usr/bin/git submodule foreach --recursive sh -c "git config --local --name-only --get-regexp 'http\.https\:\/\/github\.com\/\.extraheader' && git config --local --unset-all 'http.https://github.com/.extraheader' || :"
2026-03-01T10:42:40.5605009Z Cleaning up orphan processes
